******************************************************************************
                  TI ARM Linker Unix v18.1.0                   
******************************************************************************
>> Linked Sat Mar  3 13:28:50 2018

OUTPUT FILE NAME:   <RAP_Robot.out>
ENTRY POINT SYMBOL: "_c_int00"  address: 00006141


MEMORY CONFIGURATION

         name            origin    length      used     unused   attr    fill
----------------------  --------  ---------  --------  --------  ----  --------
  FLASH                 00000000   00040000  0000acf7  00035309  R  X
  SRAM                  20000000   00008000  00001b26  000064da  RW X


SEGMENT ALLOCATION MAP

run origin  load origin   length   init length attrs members
----------  ----------- ---------- ----------- ----- -------
00000000    00000000    0000ad00   0000ad00    r-x
  00000000    00000000    0000003c   0000003c    r-- .resetVecs
  00000040    00000040    000089ea   000089ea    r-x .text
  00008a2c    00008a2c    000020d9   000020d9    r-- .const
  0000ab08    0000ab08    000001f8   000001f8    r-- .cinit
20000000    20000000    00001b28   00000000    rw-
  20000000    20000000    00000360   00000000    rw- .vecs
  20000360    20000360    000010b4   00000000    rw- .bss
  20001414    20001414    00000412   00000000    rw- .data
  20001828    20001828    00000300   00000000    rw- .stack


SECTION ALLOCATION MAP

 output                                  attributes/
section   page    origin      length       input sections
--------  ----  ----------  ----------   ----------------
.text      0    00000040    000089ea     
                  00000040    00000580     rtsv7M4_T_le_v4SPD16_eabi.lib : e_powf.c.obj (.text:powf)
                  000005c0    00000430     sysbios.aem4f : BIOS.obj (.text:ti_sysbios_family_arm_m3_Hwi_excDumpRegs__I)
                  000009f0    0000034c     ti.targets.arm.rtsarm.aem4f : System.oem4f (.text:xdc_runtime_System_doPrint__I)
                  00000d3c    0000020c     drivers_tivaware.aem4f : UARTTiva.oem4f (.text:UARTTiva_open)
                  00000f48    000001fc     sysbios.aem4f : BIOS.obj (.text:ti_sysbios_family_arm_m3_Hwi_excHandlerMax__I)
                  00001144    000001d4     MotorDriver.obj (.text:MotorDriver_open)
                  00001318    000001b6     rtsv7M4_T_le_v4SPD16_eabi.lib : fd_add_t2.asm.obj (.text)
                  000014ce    00000002                                   : _lock.c.obj (.text:_nop)
                  000014d0    0000019c     IMU.obj (.text:IMU_Sensor_Init_Magnetometer)
                  0000166c    00000194     IMUSensor.obj (.text:IMUTask)
                  00001800    00000194     rtsv7M4_T_le_v4SPD16_eabi.lib : e_acosf.c.obj (.text:acosf)
                  00001994    00000190     RAP_Robot.obj (.text:Task0)
                  00001b24    00000004     driverlib.lib : i2c.obj (.text:I2CMasterControl)
                  00001b28    00000174     sysbios.aem4f : BIOS.obj (.text:ti_sysbios_family_arm_m3_Hwi_excBusFault__I)
                  00001c9c    00000170     drivers_tivaware.aem4f : PWMTiva.oem4f (.text:PWMTiva_open)
                  00001e0c    00000004     driverlib.lib : i2c.obj (.text:I2CMasterDataGet)
                  00001e10    00000164     sysbios.aem4f : BIOS.obj (.text:ti_sysbios_family_arm_m3_Hwi_excUsageFault__I)
                  00001f74    00000158     rtsv7M4_T_le_v4SPD16_eabi.lib : e_atan2f.c.obj (.text:atan2f)
                  000020cc    00000004     driverlib.lib : i2c.obj (.text:I2CMasterDataPut)
                  000020d0    00000154     sysbios.aem4f : BIOS.obj (.text:ti_sysbios_knl_Semaphore_pend__E)
                  00002224    00000150     drivers_tivaware.aem4f : GPIOTiva.oem4f (.text:GPIO_setConfig)
                  00002374    00000150     rtsv7M4_T_le_v4SPD16_eabi.lib : s_atanf.c.obj (.text:atanf)
                  000024c4    00000148     IMUSensor.obj (.text:Filter)
                  0000260c    00000004     driverlib.lib : qei.obj (.text:QEIPositionSet)
                  00002610    00000148     sysbios.aem4f : BIOS.obj (.text:ti_sysbios_family_arm_m3_Hwi_excMemFault__I)
                  00002758    00000136     rtsv7M4_T_le_v4SPD16_eabi.lib : fd_div_t2.asm.obj (.text)
                  0000288e    00000130     driverlib.lib : gpio.obj (.text:GPIOPadConfigSet)
                  000029be    00000002     rtsv7M4_T_le_v4SPD16_eabi.lib : div0.asm.obj (.text)
                  000029c0    0000012c     Robot_Hw_Ctl.obj (.text:Robot_init)
                  00002aec    00000118     ti.targets.arm.rtsarm.aem4f : Error.oem4f (.text:xdc_runtime_Error_policyDefault__E)
                  00002c04    00000108     Balance.obj (.text:Balance_Init)
                  00002d0c    00000108     Robot_Hw_Ctl.obj (.text:Robot_EnableIMU)
                  00002e14    00000004     driverlib.lib : qei.obj (.text:QEIVelocityGet)
                  00002e18    00000108     sysbios.aem4f : BIOS.obj (.text:ti_sysbios_family_arm_lm4_Timer_start__E)
                  00002f20    00000100     Boot.aem4f : Boot_sysctl.oem4f (.text:ti_catalog_arm_cortexm4_tiva_ce_Boot_sysCtlClockSetI__I)
                  00003020    00000100     ti.targets.arm.rtsarm.aem4f : Core-mem.oem4f (.text:xdc_runtime_Core_createObject__I)
                  00003120    000000fc     rtsv7M4_T_le_v4SPD16_eabi.lib : fd_mul_t2.asm.obj (.text)
                  0000321c    000000f8     ti.targets.arm.rtsarm.aem4f : Startup.oem4f (.text:xdc_runtime_Startup_startMods__I)
                  00003314    000000f8     empty_min_pem4f.oem4f (.text:xdc_runtime_System_printfExtend__I)
                  0000340c    000000f4     sysbios.aem4f : m3_Hwi_asm.obj (.text:ti_sysbios_family_arm_m3_Hwi_dispatch__I)
                  00003500    000000f0     drivers_tivaware.aem4f : PWMTiva.oem4f (.text:PWMTiva_setDuty)
                  000035f0    000000ec     Wheels.obj (.text:Wheels_init)
                  000036dc    000000e8     IMUSensor.obj (.text:IMUSensor_init)
                  000037c4    000000e8     IMU.obj (.text:IMU_ReadAccelerometer)
                  000038ac    000000e8     IMU.obj (.text:IMU_ReadGyroscope)
                  00003994    000000e0     drivers_tivaware.aem4f : I2CTiva.oem4f (.text:I2CTiva_open)
                  00003a74    000000e0     UART_tools.obj (.text:UART_readFloat)
                  00003b54    000000de     PID.obj (.text:PID_Compute)
                  00003c32    00000006     driverlib.lib : gpio.obj (.text:GPIOIntClear)
                  00003c38    000000dc     sysbios.aem4f : BIOS.obj (.text:ti_sysbios_knl_Task_sleep__E)
                  00003d14    000000d6     drivers_tivaware.aem4f : I2CTiva.oem4f (.text:I2CTiva_hwiFxn)
                  00003dea    00000002     empty_min_pem4f.oem4f (.text:ti_sysbios_BIOS_nullFunc__I)
                  00003dec    000000d4     Encoder.obj (.text:Encoder_open)
                  00003ec0    000000d4     sysbios.aem4f : BIOS.obj (.text:ti_sysbios_heaps_HeapMem_alloc__E)
                  00003f94    000000d0     rtsv7M4_T_le_v4SPD16_eabi.lib : s_scalbnf.c.obj (.text:scalbnf)
                  00004064    00000004     driverlib.lib : uart.obj (.text:UARTIntClear)
                  00004068    000000cc     sysbios.aem4f : BIOS.obj (.text:ti_sysbios_knl_Task_Instance_init__E)
                  00004134    000000cc     ti.targets.arm.rtsarm.aem4f : Core-smem.oem4f (.text:xdc_runtime_Core_constructObject__I)
                  00004200    000000c4     MotorDriver.obj (.text:MotorDriver_Left)
                  000042c4    000000c4     MotorDriver.obj (.text:MotorDriver_Right)
                  00004388    000000bc     sysbios.aem4f : BIOS.obj (.text:ti_sysbios_family_arm_m3_Hwi_excDebugMon__I)
                  00004444    00000004     rtsv7M4_T_le_v4SPD16_eabi.lib : exit.c.obj (.text:abort:abort)
                  00004448    000000bc     sysbios.aem4f : BIOS.obj (.text:ti_sysbios_family_arm_m3_Hwi_excHardFault__I)
                  00004504    00000004     empty_min_pem4f.oem4f (.text:ti_sysbios_BIOS_RtsGateProxy_enter__E)
                  00004508    000000bc     sysbios.aem4f : BIOS.obj (.text:ti_sysbios_knl_Task_Instance_finalize__E)
                  000045c4    000000b0     IMU.obj (.text:IMU_open)
                  00004674    000000ac     drivers_tivaware.aem4f : UARTTiva.oem4f (.text:readTaskBlocking)
                  00004720    000000ac     sysbios.aem4f : BIOS.obj (.text:ti_sysbios_family_arm_lm4_Timer_enableTiva__I)
                  000047cc    000000a0     auto_init.aem4f : auto_init.oem4f (.text)
                  0000486c    000000a0     ti.targets.arm.rtsarm.aem4f : Text.oem4f (.text:xdc_runtime_Text_putMod__E)
                  0000490c    0000009c     rtsv7M4_T_le_v4SPD16_eabi.lib : memcpy_t2.asm.obj (.text)
                  000049a8    0000009a     ti.targets.arm.rtsarm.aem4f : Text.oem4f (.text:xdc_runtime_Text_putSite__E)
                  00004a42    00000098     drivers_tivaware.aem4f : UARTTiva.oem4f (.text:UARTTiva_readPolling)
                  00004ada    00000002     empty_min_pem4f.oem4f (.text:xdc_runtime_Startup_reset__I)
                  00004adc    00000098     Boot.aem4f : Boot.oem4f (.text:ti_catalog_arm_cortexm4_tiva_ce_Boot_sysCtlClockSet__E)
                  00004b74    00000094     drivers_tivaware.aem4f : UARTTiva.oem4f (.text:UARTTiva_write)
                  00004c08    00000094     sysbios.aem4f : BIOS.obj (.text:ti_sysbios_family_arm_m3_Hwi_Instance_init__E)
                  00004c9c    00000004     empty_min_pem4f.oem4f (.text:ti_sysbios_BIOS_RtsGateProxy_leave__E)
                  00004ca0    00000094     sysbios.aem4f : BIOS.obj (.text:ti_sysbios_family_arm_m3_Hwi_initNVIC__E)
                  00004d34    00000004                   : BIOS.obj (.text:ti_sysbios_family_arm_lm4_Timer_masterEnable__I)
                  00004d38    00000094                   : BIOS.obj (.text:ti_sysbios_knl_Task_postInit__I)
                  00004dcc    0000008c     drivers_tivaware.aem4f : GPIOTiva.oem4f (.text:GPIO_init)
                  00004e58    0000008c                            : UARTTiva.oem4f (.text:UARTTiva_control)
                  00004ee4    0000008c     sysbios.aem4f : m3_TaskSupport_asm.obj (.text:ti_sysbios_family_arm_m3_TaskSupport_buildTaskStack)
                  00004f70    0000008a     drivers_tivaware.aem4f : UARTTiva.oem4f (.text:readIsrTextBlocking)
                  00004ffa    00000002     --HOLE-- [fill = 0]
                  00004ffc    00000088                            : PWMTiva.oem4f (.text:PWMTiva_control)
                  00005084    00000086     rtsv7M4_T_le_v4SPD16_eabi.lib : fd_cmp_t2.asm.obj (.text:__aeabi_cdcmple)
                  0000510a    00000002     --HOLE-- [fill = 0]
                  0000510c    00000084     Encoder.obj (.text:Encoder_ReadVelocity)
                  00005190    00000084     sysbios.aem4f : BIOS.obj (.text:ti_sysbios_family_arm_m3_Hwi_postInit__I)
                  00005214    00000082     drivers_tivaware.aem4f : UARTTiva.oem4f (.text:readIsrTextCallback)
                  00005296    00000002     --HOLE-- [fill = 0]
                  00005298    00000080     Balance.obj (.text:Balance_calibrate)
                  00005318    0000007e     drivers_tivaware.aem4f : I2CTiva.oem4f (.text:I2CTiva_transfer)
                  00005396    00000002     --HOLE-- [fill = 0]
                  00005398    0000007c     sysbios.aem4f : BIOS.obj (.text:ti_sysbios_heaps_HeapMem_free__E)
                  00005414    0000007a     driverlib.lib : adc.obj (.text:ADCSequenceStepConfigure)
                  0000548e    0000007a     drivers_tivaware.aem4f : UARTTiva.oem4f (.text:readTaskCallback)
                  00005508    0000007a     rtsv7M4_T_le_v4SPD16_eabi.lib : memset_t2.asm.obj (.text)
                  00005582    00000002     --HOLE-- [fill = 0]
                  00005584    00000078     Encoder.obj (.text:Encoder_init)
                  000055fc    00000078     Balance.obj (.text:__Balance_Control__)
                  00005674    00000074     Wheels.obj (.text:__WheelsControl__)
                  000056e8    00000070     sysbios.aem4f : BIOS.obj (.text:ti_sysbios_knl_Clock_workFunc__E)
                  00005758    00000070                   : BIOS.obj (.text:ti_sysbios_knl_Task_exit__E)
                  000057c8    0000006e     rtsv7M4_T_le_v4SPD16_eabi.lib : fd_tos_t2.asm.obj (.text)
                  00005836    00000002     --HOLE-- [fill = 0]
                  00005838    0000006d     ti.targets.arm.rtsarm.aem4f : System.oem4f (.text:xdc_runtime_System_formatNum__I)
                  000058a5    00000003     --HOLE-- [fill = 0]
                  000058a8    0000006c     sysbios.aem4f : BIOS.obj (.text:ti_sysbios_knl_Swi_restoreHwi__E)
                  00005914    0000006c     drivers_tivaware.aem4f : UARTTiva.oem4f (.text:writeData)
                  00005980    0000006c     ti.targets.arm.rtsarm.aem4f : Error.oem4f (.text:xdc_runtime_Error_print__E)
                  000059ec    0000006c                                 : Memory.oem4f (.text:xdc_runtime_Memory_alloc__E)
                  00005a58    0000006a     drivers_tivaware.aem4f : PWMTiva.oem4f (.text:PWMTiva_close)
                  00005ac2    00000068     rtsv7M4_T_le_v4SPD16_eabi.lib : copy_decompress_lzss.c.obj (.text:decompress:lzss:__TI_decompress_lzss)
                  00005b2a    00000066     ti.targets.arm.rtsarm.aem4f : Core-mem.oem4f (.text:xdc_runtime_Core_deleteObject__I)
                  00005b90    00000064     drivers_tivaware.aem4f : GPIOTiva.oem4f (.text:GPIO_hwiIntFxn)
                  00005bf4    00000004     empty_min_pem4f.oem4f (.text:ti_sysbios_family_arm_m3_Hwi_destruct)
                  00005bf8    00000064     sysbios.aem4f : BIOS.obj (.text:ti_sysbios_family_arm_lm4_Timer_Module_startup__E)
                  00005c5c    00000064     empty_min_pem4f.oem4f (.text:ti_sysbios_family_arm_m3_Hwi_create)
                  00005cc0    00000064     sysbios.aem4f : BIOS.obj (.text:ti_sysbios_family_arm_m3_Hwi_dispatchC__I)
                  00005d24    00000004     empty_min_pem4f.oem4f (.text:ti_sysbios_family_arm_m3_TaskSupport_Module__startupDone__S)
                  00005d28    00000064     sysbios.aem4f : BIOS.obj (.text:ti_sysbios_knl_Semaphore_post__E)
                  00005d8c    00000062     drivers_tivaware.aem4f : I2CTiva.oem4f (.text:I2CTiva_primeTransfer)
                  00005dee    00000062     IMU.obj (.text:IMU_ReadRegister)
                  00005e50    00000060     PID.obj (.text:newPIDComputer)
                  00005eb0    0000005e     drivers_tivaware.aem4f : UARTTiva.oem4f (.text:readIsrBinaryBlocking)
                  00005f0e    00000002     --HOLE-- [fill = 0]
                  00005f10    0000005c     sysbios.aem4f : BIOS.obj (.text:ti_sysbios_knl_Swi_run__I)
                  00005f6c    00000004     empty_min_pem4f.oem4f (.text:ti_sysbios_heaps_HeapMem_Module_GateProxy_enter__E)
                  00005f70    0000005c     sysbios.aem4f : BIOS.obj (.text:ti_sysbios_knl_Swi_schedule__I)
                  00005fcc    00000004     empty_min_pem4f.oem4f (.text:ti_sysbios_heaps_HeapMem_Module_GateProxy_leave__E)
                  00005fd0    0000005c     sysbios.aem4f : BIOS.obj (.text:ti_sysbios_knl_Task_Module_startup__E)
                  0000602c    00000004     empty_min_pem4f.oem4f (.text:ti_sysbios_knl_Clock_TimerProxy_getMaxTicks__E)
                  00006030    0000005c     sysbios.aem4f : BIOS.obj (.text:ti_sysbios_knl_Task_startCore__E)
                  0000608c    0000005b     ti.targets.arm.rtsarm.aem4f : Text.oem4f (.text:xdc_runtime_Text_putLab__E)
                  000060e7    00000001     --HOLE-- [fill = 0]
                  000060e8    00000058     rtsv7M4_T_le_v4SPD16_eabi.lib : hostwrite.c.obj (.text:HOSTwrite)
                  00006140    00000058     boot.aem4f : boot.oem4f (.text)
                  00006198    00000058     empty_min_pem4f.oem4f (.text:ti_sysbios_family_arm_m3_Hwi_construct)
                  000061f0    00000058     sysbios.aem4f : m3_Hwi_asm_switch.obj (.text:ti_sysbios_family_arm_m3_Hwi_initStacks__E)
                  00006248    00000056     driverlib.lib : gpio.obj (.text:GPIOIntTypeSet)
                  0000629e    00000002     --HOLE-- [fill = 0]
                  000062a0    00000054     RAP_Robot_TM4C123G.obj (.text:EK_TM4C123GXL_initPWM)
                  000062f4    00000054     drivers_tivaware.aem4f : UARTTiva.oem4f (.text:readIsrBinaryCallback)
                  00006348    00000054     sysbios.aem4f : BIOS.obj (.text:ti_sysbios_family_arm_lm4_Timer_initDevice__I)
                  0000639c    00000054     empty_min_pem4f.oem4f (.text:ti_sysbios_knl_Task_construct)
                  000063f0    00000054     ti.targets.arm.rtsarm.aem4f : Assert.oem4f (.text:xdc_runtime_Assert_raise__I)
                  00006444    00000050     drivers_tivaware.aem4f : GPIOTiva.oem4f (.text:GPIO_setCallback)
                  00006494    00000050                            : GPIOTiva.oem4f (.text:GPIO_write)
                  000064e4    00000050                            : UARTTiva.oem4f (.text:UARTTiva_writeCancel)
                  00006534    00000004     empty_min_pem4f.oem4f (.text:ti_sysbios_knl_Clock_destruct)
                  00006538    00000050     sysbios.aem4f : BIOS.obj (.text:ti_sysbios_family_arm_m3_Hwi_Module_startup__E)
                  00006588    00000050                   : BIOS.obj (.text:ti_sysbios_knl_Clock_Instance_init__E)
                  000065d8    00000050     ti.targets.arm.rtsarm.aem4f : Startup.oem4f (.text:xdc_runtime_Startup_exec__E)
                  00006628    00000050                                 : Text.oem4f (.text:xdc_runtime_Text_visitRope2__I)
                  00006678    0000004e     IMU.obj (.text:IMU_Sensor_Configure)
                  000066c6    0000004c     drivers_tivaware.aem4f : UARTTiva.oem4f (.text:UARTTiva_close)
                  00006712    00000002     --HOLE-- [fill = 0]
                  00006714    0000004c     rtsv7M4_T_le_v4SPD16_eabi.lib : cpy_tbl.c.obj (.text:copy_in)
                  00006760    0000004c     sysbios.aem4f : BIOS.obj (.text:ti_sysbios_heaps_HeapMem_getStats__E)
                  000067ac    00000004     empty_min_pem4f.oem4f (.text:ti_sysbios_knl_Queue_destruct)
                  000067b0    0000004c     sysbios.aem4f : BIOS.obj (.text:ti_sysbios_knl_Swi_runLoop__I)
                  000067fc    00000004     empty_min_pem4f.oem4f (.text:ti_sysbios_knl_Semaphore_destruct)
                  00006800    0000004c     sysbios.aem4f : BIOS.obj (.text:ti_sysbios_knl_Task_allBlockedFunction__I)
                  0000684c    00000004     ti.targets.arm.rtsarm.aem4f : Error.oem4f (.text:xdc_runtime_Error_getSite__E)
                  00006850    0000004c     sysbios.aem4f : BIOS.obj (.text:ti_sysbios_knl_Task_schedule__I)
                  0000689c    00000048     driverlib.lib : gpio.obj (.text:GPIOPinConfigure)
                  000068e4    00000048                   : i2c.obj (.text:I2CMasterInitExpClk)
                  0000692c    00000048     MotorDriver.obj (.text:MotorDriver_Params_init)
                  00006974    00000004     empty_min_pem4f.oem4f (.text:xdc_runtime_System_Module_GateProxy_enter__E)
                  00006978    00000048     sysbios.aem4f : BIOS.obj (.text:ti_sysbios_family_arm_lm4_Timer_enableTimers__I)
                  000069c0    00000048                   : BIOS.obj (.text:ti_sysbios_family_arm_m3_Hwi_disableInterrupt__E)
                  00006a08    00000048                   : BIOS.obj (.text:ti_sysbios_family_arm_m3_Hwi_enableInterrupt__E)
                  00006a50    00000048                   : BIOS.obj (.text:ti_sysbios_family_arm_m3_Hwi_excReserved__I)
                  00006a98    00000046     IMU.obj (.text:IMU_WriteRegister)
                  00006ade    00000046     drivers_tivaware.aem4f : RingBuf.oem4f (.text:RingBuf_put)
                  00006b24    00000046     ti.targets.arm.rtsarm.aem4f : Core-params.oem4f (.text:xdc_runtime_Core_assignParams__I)
                  00006b6a    00000006     driverlib.lib : gpio.obj (.text:GPIOPinWrite)
                  00006b70    00000044     sysbios.aem4f : BIOS.obj (.text:ti_sysbios_family_arm_lm4_Timer_isrStub__E)
                  00006bb4    00000004     empty_min_pem4f.oem4f (.text:xdc_runtime_System_Module_GateProxy_leave__E)
                  00006bb8    00000044     sysbios.aem4f : BIOS.obj (.text:ti_sysbios_family_arm_m3_Hwi_getStackInfo__E)
                  00006bfc    00000004     ti.targets.arm.rtsarm.aem4f : System.oem4f (.text:xdc_runtime_System_aprintf_va__F)
                  00006c00    00000044     sysbios.aem4f : BIOS.obj (.text:ti_sysbios_knl_Swi_post__E)
                  00006c44    00000044     ti.targets.arm.rtsarm.aem4f : Error.oem4f (.text:xdc_runtime_Error_setX__E)
                  00006c88    00000044                                 : SysMin.oem4f (.text:xdc_runtime_SysMin_flush__E)
                  00006ccc    00000044                                 : Text.oem4f (.text:xdc_runtime_Text_xprintf__I)
                  00006d10    00000042     driverlib.lib : uart.obj (.text:UARTConfigSetExpClk)
                  00006d52    00000042     drivers_tivaware.aem4f : UARTTiva.oem4f (.text:UARTTiva_hwiIntFxn)
                  00006d94    00000042                            : UARTTiva.oem4f (.text:UARTTiva_writePolling)
                  00006dd6    00000002     --HOLE-- [fill = 0]
                  00006dd8    00000040     RAP_Robot_TM4C123G.obj (.text:EK_TM4C123GXL_initGeneral)
                  00006e18    00000040     drivers_tivaware.aem4f : RingBuf.oem4f (.text:RingBuf_get)
                  00006e58    00000040                            : UARTTiva.oem4f (.text:UARTTiva_read)
                  00006e98    00000040     RAP_Robot.obj (.text:main)
                  00006ed8    00000040     rtsv7M4_T_le_v4SPD16_eabi.lib : u_divt2.asm.obj (.text)
                  00006f18    00000040     sysbios.aem4f : BIOS.obj (.text:ti_sysbios_family_arm_lm4_Timer_startup__E)
                  00006f58    00000040                   : BIOS.obj (.text:ti_sysbios_heaps_HeapMem_Instance_init__E)
                  00006f98    0000003e     driverlib.lib : adc.obj (.text:ADCSequenceConfigure)
                  00006fd6    00000002     --HOLE-- [fill = 0]
                  00006fd8    0000003c     sysbios.aem4f : BIOS.obj (.text:ti_sysbios_family_arm_m3_Hwi_excSvCall__I)
                  00007014    00000004     ti.targets.arm.rtsarm.aem4f : System.oem4f (.text:xdc_runtime_System_printf_va__F)
                  00007018    0000003c     sysbios.aem4f : BIOS.obj (.text:ti_sysbios_heaps_HeapMem_init__I)
                  00007054    00000004     --HOLE-- [fill = 0]
                  00007058    0000003c                   : BIOS.obj (.text:ti_sysbios_knl_Swi_restore__E)
                  00007094    0000003a     drivers_tivaware.aem4f : I2CTiva.oem4f (.text:I2CTiva_completeTransfer)
                  000070ce    00000002     --HOLE-- [fill = 0]
                  000070d0    00000038     RAP_Robot_TM4C123G.obj (.text:EK_TM4C123GXL_initI2C)
                  00007108    00000038     drivers_tivaware.aem4f : I2C.oem4f (.text:I2C_init)
                  00007140    00000038     IMU.obj (.text:IMU_Sensor_Configure_Magnetometer)
                  00007178    00000038     drivers_tivaware.aem4f : PWM.oem4f (.text:PWM_init)
                  000071b0    00000038     driverlib.lib : sysctl.obj (.text:SysCtlPeripheralReady)
                  000071e8    00000038     drivers_tivaware.aem4f : UART.oem4f (.text:UART_init)
                  00007220    00000038     rtsv7M4_T_le_v4SPD16_eabi.lib : trgmsg.c.obj (.text:__TI_writemsg)
                  00007258    00000038                                   : fs_tod_t2.asm.obj (.text)
                  00007290    00000038     sysbios.aem4f : BIOS.obj (.text:ti_sysbios_family_arm_m3_Hwi_excNoIsr__I)
                  000072c8    00000038                   : BIOS.obj (.text:ti_sysbios_knl_Task_processVitalTaskFlag__I)
                  00007300    00000038     ti.targets.arm.rtsarm.aem4f : SysMin.oem4f (.text:xdc_runtime_SysMin_putch__E)
                  00007338    00000038                                 : System.oem4f (.text:xdc_runtime_System_atexit__E)
                  00007370    00000036     drivers_tivaware.aem4f : I2CTiva.oem4f (.text:I2CTiva_close)
                  000073a6    00000036                            : UARTTiva.oem4f (.text:UARTTiva_readCancel)
                  000073dc    00000034     driverlib.lib : sysctl.obj (.text:SysCtlPeripheralEnable)
                  00007410    00000034     rtsv7M4_T_le_v4SPD16_eabi.lib : trgmsg.c.obj (.text:__TI_readmsg)
                  00007444    00000004     --HOLE-- [fill = 0]
                  00007448    00000034     sysbios.aem4f : BIOS.obj (.text:ti_sysbios_family_arm_m3_Hwi_Instance_finalize__E)
                  0000747c    00000004     --HOLE-- [fill = 0]
                  00007480    00000034                   : BIOS.obj (.text:ti_sysbios_family_arm_m3_Hwi_excNmi__I)
                  000074b4    00000034     empty_min_pem4f.oem4f (.text:ti_sysbios_knl_Clock_construct)
                  000074e8    00000034     ti.targets.arm.rtsarm.aem4f : Core-label.oem4f (.text:xdc_runtime_Core_assignLabel__I)
                  0000751c    00000033                                 : Text.oem4f (.text:xdc_runtime_Text_printVisFxn__I)
                  0000754f    00000001     --HOLE-- [fill = 0]
                  00007550    00000032     sysbios.aem4f : BIOS.obj (.text:ti_sysbios_hal_Hwi_initStack)
                  00007582    00000002     --HOLE-- [fill = 0]
                  00007584    00000030     RAP_Robot_TM4C123G.obj (.text:EK_TM4C123GXL_initGPIO)
                  000075b4    00000030     drivers_tivaware.aem4f : GPIOTiva.oem4f (.text:GPIO_enableInt)
                  000075e4    00000030                            : I2C.oem4f (.text:I2C_open)
                  00007614    00000030                            : PWMTiva.oem4f (.text:PWMTiva_init)
                  00007644    00000030                            : PWM.oem4f (.text:PWM_open)
                  00007674    00000030                            : UART.oem4f (.text:UART_open)
                  000076a4    00000030     empty_min_pem4f.oem4f (.text:ti_sysbios_BIOS_atExitFunc__I)
                  000076d4    00000004     --HOLE-- [fill = 0]
                  000076d8    00000030     sysbios.aem4f : BIOS.obj (.text:ti_sysbios_family_arm_lm4_Timer_stop__E)
                  00007708    00000030                   : BIOS.obj (.text:ti_sysbios_family_arm_m3_TaskSupport_start__E)
                  00007738    00000030     empty_min_pem4f.oem4f (.text:ti_sysbios_gates_GateHwi_Object__create__S)
                  00007768    00000030     empty_min_pem4f.oem4f (.text:ti_sysbios_gates_GateMutex_Object__create__S)
                  00007798    00000030     sysbios.aem4f : BIOS.obj (.text:ti_sysbios_gates_GateMutex_enter__E)
                  000077c8    00000030     empty_min_pem4f.oem4f (.text:ti_sysbios_heaps_HeapMem_Object__create__S)
                  000077f8    00000030     empty_min_pem4f.oem4f (.text:ti_sysbios_knl_Semaphore_construct)
                  00007828    00000030     sysbios.aem4f : BIOS.obj (.text:ti_sysbios_knl_Semaphore_pendTimeout__I)
                  00007858    00000030                   : BIOS.obj (.text:ti_sysbios_knl_Task_unblockI__E)
                  00007888    00000030     ti.targets.arm.rtsarm.aem4f : SysMin.oem4f (.text:xdc_runtime_SysMin_abort__E)
                  000078b8    00000030                                 : System.oem4f (.text:xdc_runtime_System_processAtExit__E)
                  000078e8    0000002c     RAP_Robot_TM4C123G.obj (.text:EK_TM4C123GXL_initUART)
                  00007914    0000002c     empty_min_pem4f.oem4f (.text:ti_sysbios_knl_Clock_doTick__I)
                  00007940    0000002c     empty_min_pem4f.oem4f (.text:ti_sysbios_knl_Queue_construct)
                  0000796c    00000004     --HOLE-- [fill = 0]
                  00007970    0000002c     sysbios.aem4f : BIOS.obj (.text:ti_sysbios_knl_Task_restore__E)
                  0000799c    0000002c     ti.targets.arm.rtsarm.aem4f : Text.oem4f (.text:xdc_runtime_Text_cordText__E)
                  000079c8    0000002a     driverlib.lib : gpio.obj (.text:GPIODirModeSet)
                  000079f2    0000002a     ti.targets.arm.rtsarm.aem4f : System.oem4f (.text:xdc_runtime_System_putchar__I)
                  00007a1c    00000028     IMU.obj (.text:IMU_setCallback)
                  00007a44    00000028     UART_tools.obj (.text:UART_CharToInt)
                  00007a6c    00000028     rtsv7M4_T_le_v4SPD16_eabi.lib : e_sqrtf.c.obj (.text:sqrtf)
                  00007a94    00000004     --HOLE-- [fill = 0]
                  00007a98    00000028     sysbios.aem4f : BIOS.obj (.text:ti_sysbios_knl_Swi_Module_startup__E)
                  00007ac0    00000026                   : m3_Hwi_asm.obj (.text:ti_sysbios_family_arm_m3_Hwi_pendSV__I)
                  00007ae6    00000026     ti.targets.arm.rtsarm.aem4f : System.oem4f (.text:xdc_runtime_System_avprintf__E)
                  00007b0c    00000024     MotorDriver.obj (.text:MotorDriver_Start)
                  00007b30    00000024     MotorDriver.obj (.text:MotorDriver_Stop)
                  00007b54    00000024     empty_min_pem4f.oem4f (.text:ti_sysbios_BIOS_errorRaiseHook__I)
                  00007b78    00000024     empty_min_pem4f.oem4f (.text:ti_sysbios_BIOS_registerRTSLock__I)
                  00007b9c    00000024     empty_min_pem4f.oem4f (.text:ti_sysbios_BIOS_removeRTSLock__I)
                  00007bc0    00000024     empty_min_pem4f.oem4f (.text:ti_sysbios_BIOS_startFunc__I)
                  00007be4    00000024     empty_min_pem4f.oem4f (.text:ti_sysbios_gates_GateMutex_Object__delete__S)
                  00007c08    00000024     sysbios.aem4f : BIOS.obj (.text:ti_sysbios_knl_Clock_Module_startup__E)
                  00007c2c    00000004     --HOLE-- [fill = 0]
                  00007c30    00000024                   : BIOS.obj (.text:ti_sysbios_knl_Clock_start__E)
                  00007c54    00000004     --HOLE-- [fill = 0]
                  00007c58    00000024                   : BIOS.obj (.text:ti_sysbios_knl_Semaphore_Instance_init__E)
                  00007c7c    00000004     --HOLE-- [fill = 0]
                  00007c80    00000024                   : BIOS.obj (.text:ti_sysbios_knl_Task_restoreHwi__E)
                  00007ca4    00000024     ti.targets.arm.rtsarm.aem4f : System.oem4f (.text:xdc_runtime_System_vprintf__E)
                  00007cc8    00000022     driverlib.lib : pwm.obj (.text:PWMGenConfigure)
                  00007cea    00000022     drivers_tivaware.aem4f : PWMTiva.oem4f (.text:PWMTiva_getPeriodCounts)
                  00007d0c    00000022     UART_tools.obj (.text:UART_puts)
                  00007d2e    00000002     --HOLE-- [fill = 0]
                  00007d30    00000022     sysbios.aem4f : BIOS.obj (.text:ti_sysbios_family_arm_lm4_Timer_write__I)
                  00007d52    00000022     empty_min_pem4f.oem4f (.text:xdc_runtime_SysMin_output__I)
                  00007d74    00000020     empty_min_pem4f.oem4f (.text:ti_sysbios_BIOS_rtsLock__I)
                  00007d94    00000020     sysbios.aem4f : m3_Hwi_asm.obj (.text:ti_sysbios_family_arm_m3_Hwi_excHandlerAsm__I)
                  00007db4    00000004     --HOLE-- [fill = 0]
                  00007db8    00000020                   : BIOS.obj (.text:ti_sysbios_family_arm_m3_Hwi_excHandler__I)
                  00007dd8    00000020     empty_min_pem4f.oem4f (.text:ti_sysbios_gates_GateHwi_Object__delete__S)
                  00007df8    00000020     empty_min_pem4f.oem4f (.text:ti_sysbios_heaps_HeapMem_Object__delete__S)
                  00007e18    00000020     empty_min_pem4f.oem4f (.text:ti_sysbios_knl_Clock_Object__destruct__S)
                  00007e38    00000020     sysbios.aem4f : BIOS.obj (.text:ti_sysbios_knl_Idle_run__E)
                  00007e58    00000020     empty_min_pem4f.oem4f (.text:ti_sysbios_knl_Semaphore_Object__destruct__S)
                  00007e78    00000020     ti.targets.arm.rtsarm.aem4f : Registry.oem4f (.text:xdc_runtime_Registry_findById__E)
                  00007e98    00000020                                 : SysMin.oem4f (.text:xdc_runtime_SysMin_Module_startup__E)
                  00007eb8    0000001e     driverlib.lib : pwm.obj (.text:PWMPulseWidthSet)
                  00007ed6    0000001e     drivers_tivaware.aem4f : PWMTiva.oem4f (.text:PWMTiva_getPeriodMicroSecs)
                  00007ef4    0000001e     sysbios.aem4f : m3_Hwi_asm_switch.obj (.text:ti_sysbios_family_xxx_Hwi_switchAndRunFunc)
                  00007f12    00000002     --HOLE-- [fill = 0]
                  00007f14    0000001c     Balance.obj (.text:Balance_start)
                  00007f30    0000001c     Balance.obj (.text:Balance_stop)
                  00007f4c    0000001c     IMU.obj (.text:IMU_Params_init)
                  00007f68    0000001c     IMU.obj (.text:IMU_Sensor_Configuration_init)
                  00007f84    0000001c     driverlib.lib : uart.obj (.text:UARTDisable)
                  00007fa0    0000001c     drivers_tivaware.aem4f : GPIOTiva.oem4f (.text:getGpioIntIndex)
                  00007fbc    0000001c     empty_min_pem4f.oem4f (.text:ti_sysbios_family_arm_m3_Hwi_Object__destruct__S)
                  00007fd8    0000001c     sysbios.aem4f : BIOS.obj (.text:ti_sysbios_gates_GateMutex_Instance_init__E)
                  00007ff4    00000004     --HOLE-- [fill = 0]
                  00007ff8    0000001c                   : BIOS.obj (.text:ti_sysbios_knl_Clock_Instance_finalize__E)
                  00008014    0000001c     empty_min_pem4f.oem4f (.text:ti_sysbios_knl_Queue_Object__destruct__S)
                  00008030    0000001c     sysbios.aem4f : BIOS.obj (.text:ti_sysbios_knl_Queue_put__E)
                  0000804c    00000004     --HOLE-- [fill = 0]
                  00008050    0000001c                   : BIOS.obj (.text:ti_sysbios_knl_Task_enter__I)
                  0000806c    0000001c     ti.targets.arm.rtsarm.aem4f : Error.oem4f (.text:xdc_runtime_Error_raiseX__E)
                  00008088    0000001c                                 : Memory.oem4f (.text:xdc_runtime_Memory_valloc__E)
                  000080a4    0000001c                                 : SysMin.oem4f (.text:xdc_runtime_SysMin_exit__E)
                  000080c0    0000001c                                 : System.oem4f (.text:xdc_runtime_System_abort__E)
                  000080dc    0000001a     UART_tools.obj (.text:UART_readChar)
                  000080f6    0000001a     empty_min_pem4f.oem4f (.text:ti_sysbios_family_arm_m3_Hwi_Handle__label__S)
                  00008110    0000001a     empty_min_pem4f.oem4f (.text:ti_sysbios_gates_GateHwi_Handle__label__S)
                  0000812a    0000001a     empty_min_pem4f.oem4f (.text:ti_sysbios_gates_GateMutex_Handle__label__S)
                  00008144    0000001a     empty_min_pem4f.oem4f (.text:ti_sysbios_heaps_HeapMem_Handle__label__S)
                  0000815e    0000001a     empty_min_pem4f.oem4f (.text:ti_sysbios_knl_Swi_Handle__label__S)
                  00008178    0000001a     empty_min_pem4f.oem4f (.text:ti_sysbios_knl_Task_Handle__label__S)
                  00008192    0000001a     empty_min_pem4f.oem4f (.text:xdc_runtime_System_aprintf__E)
                  000081ac    0000001a     empty_min_pem4f.oem4f (.text:xdc_runtime_System_printf__E)
                  000081c6    00000002     --HOLE-- [fill = 0]
                  000081c8    00000018     Balance.obj (.text:Balance_setAccKp)
                  000081e0    00000018     Balance.obj (.text:Balance_setGyrKp)
                  000081f8    00000018     Wheels.obj (.text:Left_Wheel_Speed)
                  00008210    00000018     Wheels.obj (.text:Right_Wheel_Speed)
                  00008228    00000018     drivers_tivaware.aem4f : UART.oem4f (.text:UART_Params_init)
                  00008240    00000018     rtsv7M4_T_le_v4SPD16_eabi.lib : args_main.c.obj (.text:_args_main)
                  00008258    00000018     empty_min_pem4f.oem4f (.text:ti_sysbios_BIOS_rtsUnlock__I)
                  00008270    00000018     empty_min_pem4f.oem4f (.text:ti_sysbios_family_arm_lm4_Timer_Module__startupDone__F)
                  00008288    00000018     empty_min_pem4f.oem4f (.text:ti_sysbios_family_arm_m3_Hwi_Module__startupDone__F)
                  000082a0    00000018     sysbios.aem4f : m3_TaskSupport_asm.obj (.text:ti_sysbios_family_arm_m3_TaskSupport_swap__E)
                  000082b8    00000018                   : BIOS.obj (.text:ti_sysbios_gates_GateMutex_leave__E)
                  000082d0    00000018                   : BIOS.obj (.text:ti_sysbios_knl_Task_sleepTimeout__I)
                  000082e8    00000018     ti.targets.arm.rtsarm.aem4f : Error.oem4f (.text:xdc_runtime_Error_check__E)
                  00008300    00000018                                 : System.oem4f (.text:xdc_runtime_System_exit__E)
                  00008318    00000018                                 : Text.oem4f (.text:xdc_runtime_Text_ropeText__E)
                  00008330    00000016     driverlib.lib : i2c.obj (.text:I2CMasterErr)
                  00008346    00000016     empty_min_pem4f.oem4f (.text:ti_sysbios_BIOS_exitFunc__I)
                  0000835c    00000016     Balance.obj (.text:ti_sysbios_knl_Clock_Params_init)
                  00008372    00000016     Wheels.obj (.text:ti_sysbios_knl_Clock_Params_init)
                  00008388    00000016     IMUSensor.obj (.text:ti_sysbios_knl_Semaphore_Params_init)
                  0000839e    00000016     IMUSensor.obj (.text:ti_sysbios_knl_Task_Params_init)
                  000083b4    00000016     RAP_Robot.obj (.text:ti_sysbios_knl_Task_Params_init)
                  000083ca    00000002     --HOLE-- [fill = 0]
                  000083cc    00000014     IMUSensor.obj (.text:IMUInterruptFx)
                  000083e0    00000014     driverlib.lib : pwm.obj (.text:PWMClockSet)
                  000083f4    00000014                   : sysctl.obj (.text:SysCtlPWMClockSet)
                  00008408    00000014                   : uart.obj (.text:UARTEnable)
                  0000841c    00000014     rtsv7M4_T_le_v4SPD16_eabi.lib : strlen.c.obj (.text:strlen)
                  00008430    00000014     empty_min_pem4f.oem4f (.text:ti_sysbios_family_arm_m3_Hwi_Object__get__S)
                  00008444    00000004     --HOLE-- [fill = 0]
                  00008448    00000014     sysbios.aem4f : BIOS.obj (.text:ti_sysbios_family_arm_m3_Hwi_switchFromBootStack__E)
                  0000845c    00000014     empty_min_pem4f.oem4f (.text:ti_sysbios_heaps_HeapMem_Object__get__S)
                  00008470    00000014     empty_min_pem4f.oem4f (.text:ti_sysbios_knl_Swi_Object__get__S)
                  00008484    00000012     driverlib.lib : gpio.obj (.text:GPIOPinTypeADC)
                  00008496    00000012                   : gpio.obj (.text:GPIOPinTypeGPIOInput)
                  000084a8    00000012                   : gpio.obj (.text:GPIOPinTypeI2C)
                  000084ba    00000012                   : gpio.obj (.text:GPIOPinTypeI2CSCL)
                  000084cc    00000012                   : gpio.obj (.text:GPIOPinTypePWM)
                  000084de    00000012                   : gpio.obj (.text:GPIOPinTypeQEI)
                  000084f0    00000012                   : gpio.obj (.text:GPIOPinTypeUART)
                  00008502    00000012                   : pwm.obj (.text:PWMGenPeriodGet)
                  00008514    00000012                   : pwm.obj (.text:PWMOutputInvert)
                  00008526    00000012                   : pwm.obj (.text:PWMOutputState)
                  00008538    00000012     drivers_tivaware.aem4f : RingBuf.oem4f (.text:RingBuf_construct)
                  0000854a    00000012     rtsv7M4_T_le_v4SPD16_eabi.lib : s_copysignf.c.obj (.text:copysignf)
                  0000855c    00000004     --HOLE-- [fill = 0]
                  00008560    00000012     sysbios.aem4f : BIOS.obj (.text:ti_sysbios_hal_Hwi_Module_startup__E)
                  00008572    00000012     empty_min_pem4f.oem4f (.text:xdc_runtime_Startup_exec__I)
                  00008584    00000010     drivers_tivaware.aem4f : I2C.oem4f (.text:I2C_Params_init)
                  00008594    00000010     IMUSensor.obj (.text:IMUSensor_Enable)
                  000085a4    00000010     IMU.obj (.text:IMU_EnableEvents)
                  000085b4    00000010     driverlib.lib : pwm.obj (.text:PWMGenPeriodSet)
                  000085c4    00000010     drivers_tivaware.aem4f : PWM.oem4f (.text:PWM_Params_init)
                  000085d4    00000010     driverlib.lib : qei.obj (.text:QEIVelocityConfigure)
                  000085e4    00000010     drivers_tivaware.aem4f : UARTTiva.oem4f (.text:readBlockingTimeout)
                  000085f4    00000004     --HOLE-- [fill = 0]
                  000085f8    00000010     sysbios.aem4f : BIOS.obj (.text:ti_sysbios_BIOS_getCpuFreq__E)
                  00008608    00000010                   : BIOS.obj (.text:ti_sysbios_BIOS_setThreadType__E)
                  00008618    00000010                   : BIOS.obj (.text:ti_sysbios_BIOS_start__E)
                  00008628    00000010                   : m3_TaskSupport_asm.obj (.text:ti_sysbios_family_arm_m3_TaskSupport_glue)
                  00008638    00000010                   : BIOS.obj (.text:ti_sysbios_gates_GateMutex_Instance_finalize__E)
                  00008648    00000010                   : BIOS.obj (.text:ti_sysbios_knl_Semaphore_Instance_finalize__E)
                  00008658    00000010                   : BIOS.obj (.text:ti_sysbios_knl_Swi_disable__E)
                  00008668    00000010                   : BIOS.obj (.text:ti_sysbios_knl_Task_disable__E)
                  00008678    00000010     ti.targets.arm.rtsarm.aem4f : Gate.oem4f (.text:xdc_runtime_Gate_leaveSystem__E)
                  00008688    00000010                                 : Memory.oem4f (.text:xdc_runtime_Memory_free__E)
                  00008698    00000010                                 : SysMin.oem4f (.text:xdc_runtime_SysMin_ready__E)
                  000086a8    00000010                                 : System.oem4f (.text:xdc_runtime_System_vsnprintf__E)
                  000086b8    00000010     empty_min_pem4f.oem4f (.text:xdc_runtime_Text_visitRope__I)
                  000086c8    0000000e     driverlib.lib : adc.obj (.text:ADCSequenceEnable)
                  000086d6    0000000e                   : gpio.obj (.text:GPIOIntStatus)
                  000086e4    0000000e                   : qei.obj (.text:QEIConfigure)
                  000086f2    0000000e                   : qei.obj (.text:QEIDirectionGet)
                  00008700    0000000e                   : uart.obj (.text:UARTCharGetNonBlocking)
                  0000870e    0000000e                   : uart.obj (.text:UARTCharPutNonBlocking)
                  0000871c    0000000e     rtsv7M4_T_le_v4SPD16_eabi.lib : copy_decompress_none.c.obj (.text:decompress:none:__TI_decompress_none)
                  0000872a    00000006     driverlib.lib : i2c.obj (.text:I2CMasterIntDisable)
                  00008730    0000000e     sysbios.aem4f : BIOS.obj (.text:ti_sysbios_knl_Queue_empty__E)
                  0000873e    0000000e     empty_min_pem4f.oem4f (.text:ti_sysbios_knl_Task_Object__get__S)
                  0000874c    0000000c     empty_min_pem4f.oem4f (.text:.bootCodeSection:ti_catalog_arm_cortexm4_tiva_ce_Boot_init__I)
                  00008758    0000000c     driverlib.lib : adc.obj (.text:ADCReferenceSet)
                  00008764    0000000c                   : gpio.obj (.text:GPIOIntEnable)
                  00008770    0000000c     IMUSensor.obj (.text:IMUSensor_getRoll)
                  0000877c    0000000c     IMUSensor.obj (.text:IMUSensor_getXRotation)
                  00008788    0000000c     driverlib.lib : pwm.obj (.text:PWMGenDisable)
                  00008794    0000000c                   : pwm.obj (.text:PWMGenEnable)
                  000087a0    0000000c     drivers_tivaware.aem4f : RingBuf.oem4f (.text:RingBuf_peek)
                  000087ac    0000000c     driverlib.lib : uart.obj (.text:UARTFlowControlSet)
                  000087b8    0000000c     drivers_tivaware.aem4f : UARTTiva.oem4f (.text:UARTTiva_init)
                  000087c4    0000000c     rtsv7M4_T_le_v4SPD16_eabi.lib : _lock.c.obj (.text:_register_lock)
                  000087d0    0000000c                                   : _lock.c.obj (.text:_register_unlock)
                  000087dc    0000000c                                   : copy_zero_init.c.obj (.text:decompress:ZI:__TI_zero_init)
                  000087e8    0000000c     sysbios.aem4f : BIOS.obj (.text:ti_sysbios_family_arm_lm4_Timer_getMaxTicks__E)
                  000087f4    0000000c     empty_min_pem4f.oem4f (.text:ti_sysbios_family_arm_m3_Hwi_Params__init__S)
                  00008800    0000000c     sysbios.aem4f : BIOS.obj (.text:ti_sysbios_family_arm_m3_Hwi_disableFxn__E)
                  0000880c    00000004     --HOLE-- [fill = 0]
                  00008810    0000000c                   : BIOS.obj (.text:ti_sysbios_family_arm_m3_TaskSupport_getStackAlignment__E)
                  0000881c    00000004     --HOLE-- [fill = 0]
                  00008820    0000000c                   : BIOS.obj (.text:ti_sysbios_gates_GateHwi_enter__E)
                  0000882c    0000000c     empty_min_pem4f.oem4f (.text:ti_sysbios_knl_Clock_Params__init__S)
                  00008838    0000000c     Balance.obj (.text:ti_sysbios_knl_Clock_handle)
                  00008844    0000000c     Wheels.obj (.text:ti_sysbios_knl_Clock_handle)
                  00008850    0000000c     empty_min_pem4f.oem4f (.text:ti_sysbios_knl_Queue_Object__get__S)
                  0000885c    0000000c     empty_min_pem4f.oem4f (.text:ti_sysbios_knl_Semaphore_Params__init__S)
                  00008868    0000000c     IMUSensor.obj (.text:ti_sysbios_knl_Semaphore_handle)
                  00008874    0000000c     empty_min_pem4f.oem4f (.text:ti_sysbios_knl_Task_Params__init__S)
                  00008880    0000000c     ti.targets.arm.rtsarm.aem4f : Error.oem4f (.text:xdc_runtime_Error_init__E)
                  0000888c    0000000c                                 : Gate.oem4f (.text:xdc_runtime_Gate_enterSystem__E)
                  00008898    0000000c                                 : Memory.oem4f (.text:xdc_runtime_Memory_calloc__E)
                  000088a4    0000000c                                 : Memory.oem4f (.text:xdc_runtime_Memory_getMaxDefaultTypeAlign__E)
                  000088b0    0000000a     driverlib.lib : i2c.obj (.text:I2CMasterDisable)
                  000088ba    0000000a                   : i2c.obj (.text:I2CMasterEnable)
                  000088c4    0000000a     drivers_tivaware.aem4f : I2CTiva.oem4f (.text:I2CTiva_init)
                  000088ce    0000000a                            : I2C.oem4f (.text:I2C_close)
                  000088d8    0000000a                            : I2C.oem4f (.text:I2C_transfer)
                  000088e2    0000000a                            : PWM.oem4f (.text:PWM_setDuty)
                  000088ec    0000000a     driverlib.lib : qei.obj (.text:QEIEnable)
                  000088f6    0000000a                   : qei.obj (.text:QEIVelocityEnable)
                  00008900    0000000a                   : uart.obj (.text:UARTCharGet)
                  0000890a    0000000a                   : uart.obj (.text:UARTCharPut)
                  00008914    0000000a                   : uart.obj (.text:UARTIntDisable)
                  0000891e    0000000a                   : uart.obj (.text:UARTIntStatus)
                  00008928    0000000a     drivers_tivaware.aem4f : UART.oem4f (.text:UART_read)
                  00008932    0000000a                            : UART.oem4f (.text:UART_write)
                  0000893c    0000000a     empty_min_pem4f.oem4f (.text:xdc_runtime_IHeap_alloc)
                  00008946    0000000a     empty_min_pem4f.oem4f (.text:xdc_runtime_IHeap_free)
                  00008950    00000008     driverlib.lib : i2c.obj (.text:I2CMasterIntClear)
                  00008958    00000008                   : i2c.obj (.text:I2CMasterSlaveAddrSet)
                  00008960    00000008     drivers_tivaware.aem4f : I2CTiva.oem4f (.text:I2CTiva_blockingCallback)
                  00008968    00000008     driverlib.lib : uart.obj (.text:UARTIntEnable)
                  00008970    00000008                   : uart.obj (.text:UARTRxErrorGet)
                  00008978    00000008     rtsv7M4_T_le_v4SPD16_eabi.lib : errno.c.obj (.text:__aeabi_errno_addr)
                  00008980    00000008     drivers_tivaware.aem4f : UARTTiva.oem4f (.text:readSemCallback)
                  00008988    00000008     sysbios.aem4f : BIOS.obj (.text:ti_sysbios_family_arm_lm4_Timer_masterDisable__I)
                  00008990    00000008                   : BIOS.obj (.text:ti_sysbios_family_arm_m3_Hwi_doSwiRestore__I)
                  00008998    00000008                   : BIOS.obj (.text:ti_sysbios_family_arm_m3_Hwi_startup__E)
                  000089a0    00000008     drivers_tivaware.aem4f : UARTTiva.oem4f (.text:writeSemCallback)
                  000089a8    00000006     driverlib.lib : i2c.obj (.text:I2CMasterIntEnable)
                  000089ae    00000006     drivers_tivaware.aem4f : I2CTiva.oem4f (.text:I2CTiva_control)
                  000089b4    00000006     driverlib.lib : uart.obj (.text:UARTFIFOLevelSet)
                  000089ba    00000006                   : uart.obj (.text:UARTRxErrorClear)
                  000089c0    00000006     Boot.aem4f : Boot_sysctl.oem4f (.text:ti_catalog_arm_cortexm4_tiva_ce_Boot_sysCtlDelayI__I)
                  000089c6    00000002     --HOLE-- [fill = 0]
                  000089c8    00000006     sysbios.aem4f : BIOS.obj (.text:ti_sysbios_family_arm_m3_Hwi_doTaskRestore__I)
                  000089ce    00000002     --HOLE-- [fill = 0]
                  000089d0    00000006                   : BIOS.obj (.text:ti_sysbios_family_arm_m3_Hwi_restoreFxn__E)
                  000089d6    00000002     --HOLE-- [fill = 0]
                  000089d8    00000006                   : BIOS.obj (.text:ti_sysbios_gates_GateHwi_leave__E)
                  000089de    00000002     --HOLE-- [fill = 0]
                  000089e0    00000006                   : BIOS.obj (.text:ti_sysbios_heaps_HeapMem_isBlocking__E)
                  000089e6    00000002     --HOLE-- [fill = 0]
                  000089e8    00000006                   : BIOS.obj (.text:ti_sysbios_knl_Clock_stop__E)
                  000089ee    00000002     --HOLE-- [fill = 0]
                  000089f0    00000006                   : BIOS.obj (.text:ti_sysbios_knl_Queue_Instance_init__E)
                  000089f6    00000002     --HOLE-- [fill = 0]
                  000089f8    00000006                   : BIOS.obj (.text:ti_sysbios_knl_Swi_startup__E)
                  000089fe    00000006     ti.targets.arm.rtsarm.aem4f : System.oem4f (.text:xdc_runtime_System_Module_startup__E)
                  00008a04    00000004     --HOLE-- [fill = 0]
                  00008a08    00000004     sysbios.aem4f : BIOS.obj (.text:ti_sysbios_gates_GateHwi_query__E)
                  00008a0c    00000004     --HOLE-- [fill = 0]
                  00008a10    00000004                   : BIOS.obj (.text:ti_sysbios_gates_GateMutex_query__E)
                  00008a14    00000004     --HOLE-- [fill = 0]
                  00008a18    00000004                   : BIOS.obj (.text:ti_sysbios_knl_Task_startup__E)
                  00008a1c    00000004     --HOLE-- [fill = 0]
                  00008a20    00000002                   : BIOS.obj (.text:ti_sysbios_gates_GateHwi_Instance_init__E)
                  00008a22    00000006     --HOLE-- [fill = 0]
                  00008a28    00000002                   : BIOS.obj (.text:ti_sysbios_knl_Clock_logTick__E)

.const     0    00008a2c    000020d9     
                  00008a2c    00001844     empty_min_pem4f.oem4f (.const:xdc_runtime_Text_charTab__A)
                  0000a270    000000bc     empty_min_pem4f.oem4f (.const:xdc_runtime_Text_nodeTab__A)
                  0000a32c    00000090     driverlib.lib : gpio.obj (.const:g_pui32GPIOBaseAddrs)
                  0000a3bc    00000054     drivers_tivaware.aem4f : GPIOTiva.oem4f (.const:.string)
                  0000a410    0000004c                            : UARTTiva.oem4f (.const)
                  0000a45c    00000048     empty_min_pem4f.oem4f (.const:.string)
                  0000a4a4    00000048     drivers_tivaware.aem4f : GPIOTiva.oem4f (.const:gpioBaseAddresses)
                  0000a4ec    0000003c     RAP_Robot_TM4C123G.obj (.const:PWM_config)
                  0000a528    0000003c     empty_min_pem4f.oem4f (.const:ti_sysbios_knl_Task_Object__PARAMS__C)
                  0000a564    00000034     rtsv7M4_T_le_v4SPD16_eabi.lib : s_atanf.c.obj (.const:$O1$$)
                  0000a598    00000030     RAP_Robot_TM4C123G.obj (.const:pwmTivaHWAttrs)
                  0000a5c8    00000030     empty_min_pem4f.oem4f (.const:ti_sysbios_family_arm_m3_Hwi_Object__PARAMS__C)
                  0000a5f8    00000028     drivers_tivaware.aem4f : UARTTiva.oem4f (.const:UARTTiva_fxnTable)
                  0000a620    00000028     empty_min_pem4f.oem4f (.const:ti_sysbios_heaps_HeapMem_Module__FXNS__C)
                  0000a648    00000024     drivers_tivaware.aem4f : UART.oem4f (.const:UART_defaultParams)
                  0000a66c    00000024     empty_min_pem4f.oem4f (.const:ti_sysbios_gates_GateHwi_Module__FXNS__C)
                  0000a690    00000024     empty_min_pem4f.oem4f (.const:ti_sysbios_gates_GateMutex_Module__FXNS__C)
                  0000a6b4    00000024     empty_min_pem4f.oem4f (.const:ti_sysbios_heaps_HeapMem_Object__PARAMS__C)
                  0000a6d8    00000024     empty_min_pem4f.oem4f (.const:ti_sysbios_knl_Clock_Object__PARAMS__C)
                  0000a6fc    00000024     empty_min_pem4f.oem4f (.const:ti_sysbios_knl_Semaphore_Object__PARAMS__C)
                  0000a720    00000020     drivers_tivaware.aem4f : PWMTiva.oem4f (.const)
                  0000a740    00000020     empty_min_pem4f.oem4f (.const:ti_sysbios_family_arm_m3_Hwi_Object__DESC__C)
                  0000a760    00000020     empty_min_pem4f.oem4f (.const:ti_sysbios_gates_GateHwi_Object__DESC__C)
                  0000a780    00000020     empty_min_pem4f.oem4f (.const:ti_sysbios_gates_GateMutex_Object__DESC__C)
                  0000a7a0    00000020     empty_min_pem4f.oem4f (.const:ti_sysbios_heaps_HeapMem_Object__DESC__C)
                  0000a7c0    00000020     empty_min_pem4f.oem4f (.const:ti_sysbios_knl_Clock_Object__DESC__C)
                  0000a7e0    00000020     empty_min_pem4f.oem4f (.const:ti_sysbios_knl_Queue_Object__DESC__C)
                  0000a800    00000020     empty_min_pem4f.oem4f (.const:ti_sysbios_knl_Semaphore_Object__DESC__C)
                  0000a820    00000020     empty_min_pem4f.oem4f (.const:ti_sysbios_knl_Task_Object__DESC__C)
                  0000a840    00000020     empty_min_pem4f.oem4f (.const:xdc_runtime_Startup_sfxnTab__A)
                  0000a860    0000001c     drivers_tivaware.aem4f : I2CTiva.oem4f (.const)
                  0000a87c    00000018     rtsv7M4_T_le_v4SPD16_eabi.lib : e_powf.c.obj (.const:$O1$$)
                  0000a894    00000018     RAP_Robot_TM4C123G.obj (.const:I2C_config)
                  0000a8ac    00000018     RAP_Robot_TM4C123G.obj (.const:UART_config)
                  0000a8c4    00000018     empty_min_pem4f.oem4f (.const:ti_sysbios_gates_GateHwi_Object__PARAMS__C)
                  0000a8dc    00000018     empty_min_pem4f.oem4f (.const:ti_sysbios_gates_GateMutex_Object__PARAMS__C)
                  0000a8f4    00000018     empty_min_pem4f.oem4f (.const:ti_sysbios_knl_Queue_Object__PARAMS__C)
                  0000a90c    00000018     RAP_Robot_TM4C123G.obj (.const:uartTivaHWAttrs)
                  0000a924    00000014     RAP_Robot_TM4C123G.obj (.const:GPIOTiva_config)
                  0000a938    00000014     empty_min_pem4f.oem4f (.const:xdc_runtime_Startup_firstFxns__A)
                  0000a94c    00000010     drivers_tivaware.aem4f : I2C.oem4f (.const)
                  0000a95c    00000010     IMU.obj (.const:g_fIMUAccelFactors)
                  0000a96c    00000010     IMU.obj (.const:g_fIMUGyroFactors)
                  0000a97c    00000010     empty_min_pem4f.oem4f (.const:xdc_runtime_Startup_sfxnRts__A)
                  0000a98c    0000000c     drivers_tivaware.aem4f : PWM.oem4f (.const)
                  0000a998    0000000c     RAP_Robot_TM4C123G.obj (.const:i2cTivaHWAttrs)
                  0000a9a4    00000008     empty_min_pem4f.oem4f (.const:ti_sysbios_family_arm_m3_Hwi_excHookFuncs__A)
                  0000a9ac    00000008     empty_min_pem4f.oem4f (.const:ti_sysbios_knl_Idle_funcList__C)
                  0000a9b4    00000008     empty_min_pem4f.oem4f (.const:xdc_runtime_Startup_firstFxns__C)
                  0000a9bc    00000008     empty_min_pem4f.oem4f (.const:xdc_runtime_Startup_lastFxns__C)
                  0000a9c4    00000004     empty_min_pem4f.oem4f (.const:ti_catalog_arm_cortexm4_tiva_ce_Boot_A_mustUseEnhancedClockMode__C)
                  0000a9c8    00000004     empty_min_pem4f.oem4f (.const:ti_catalog_arm_cortexm4_tiva_ce_Boot_Module__diagsEnabled__C)
                  0000a9cc    00000004     empty_min_pem4f.oem4f (.const:ti_catalog_arm_cortexm4_tiva_ce_Boot_Module__diagsIncluded__C)
                  0000a9d0    00000004     empty_min_pem4f.oem4f (.const:ti_catalog_arm_cortexm4_tiva_ce_Boot_Module__diagsMask__C)
                  0000a9d4    00000004     empty_min_pem4f.oem4f (.const:ti_sysbios_family_arm_lm4_Timer_enableFunc__C)
                  0000a9d8    00000004     empty_min_pem4f.oem4f (.const:ti_sysbios_family_arm_lm4_Timer_numTimerDevices__C)
                  0000a9dc    00000004     empty_min_pem4f.oem4f (.const:ti_sysbios_family_arm_lm4_Timer_startupNeeded__C)
                  0000a9e0    00000004     empty_min_pem4f.oem4f (.const:ti_sysbios_family_arm_m3_Hwi_E_NMI__C)
                  0000a9e4    00000004     empty_min_pem4f.oem4f (.const:ti_sysbios_family_arm_m3_Hwi_E_alreadyDefined__C)
                  0000a9e8    00000004     empty_min_pem4f.oem4f (.const:ti_sysbios_family_arm_m3_Hwi_E_busFault__C)
                  0000a9ec    00000004     empty_min_pem4f.oem4f (.const:ti_sysbios_family_arm_m3_Hwi_E_debugMon__C)
                  0000a9f0    00000004     empty_min_pem4f.oem4f (.const:ti_sysbios_family_arm_m3_Hwi_E_hardFault__C)
                  0000a9f4    00000004     empty_min_pem4f.oem4f (.const:ti_sysbios_family_arm_m3_Hwi_E_memFault__C)
                  0000a9f8    00000004     empty_min_pem4f.oem4f (.const:ti_sysbios_family_arm_m3_Hwi_E_noIsr__C)
                  0000a9fc    00000004     empty_min_pem4f.oem4f (.const:ti_sysbios_family_arm_m3_Hwi_E_reserved__C)
                  0000aa00    00000004     empty_min_pem4f.oem4f (.const:ti_sysbios_family_arm_m3_Hwi_E_svCall__C)
                  0000aa04    00000004     empty_min_pem4f.oem4f (.const:ti_sysbios_family_arm_m3_Hwi_E_usageFault__C)
                  0000aa08    00000004     empty_min_pem4f.oem4f (.const:ti_sysbios_family_arm_m3_Hwi_NUM_INTERRUPTS__C)
                  0000aa0c    00000004     empty_min_pem4f.oem4f (.const:ti_sysbios_family_arm_m3_Hwi_Object__count__C)
                  0000aa10    00000004     empty_min_pem4f.oem4f (.const:ti_sysbios_family_arm_m3_Hwi_ccr__C)
                  0000aa14    00000004     empty_min_pem4f.oem4f (.const:ti_sysbios_family_arm_m3_Hwi_excHandlerFunc__C)
                  0000aa18    00000004     empty_min_pem4f.oem4f (.const:ti_sysbios_family_arm_m3_Hwi_excHookFuncs__C)
                  0000aa1c    00000004     empty_min_pem4f.oem4f (.const:ti_sysbios_family_arm_m3_Hwi_nullIsrFunc__C)
                  0000aa20    00000004     empty_min_pem4f.oem4f (.const:ti_sysbios_family_arm_m3_Hwi_priGroup__C)
                  0000aa24    00000004     empty_min_pem4f.oem4f (.const:ti_sysbios_family_arm_m3_TaskSupport_stackAlignment__C)
                  0000aa28    00000004     empty_min_pem4f.oem4f (.const:ti_sysbios_gates_GateMutex_Instance_State_sem__O)
                  0000aa2c    00000004     empty_min_pem4f.oem4f (.const:ti_sysbios_heaps_HeapMem_E_memory__C)
                  0000aa30    00000004     empty_min_pem4f.oem4f (.const:ti_sysbios_heaps_HeapMem_Module__gateObj__C)
                  0000aa34    00000004     empty_min_pem4f.oem4f (.const:ti_sysbios_heaps_HeapMem_Object__count__C)
                  0000aa38    00000004     empty_min_pem4f.oem4f (.const:ti_sysbios_heaps_HeapMem_reqAlign__C)
                  0000aa3c    00000004     empty_min_pem4f.oem4f (.const:ti_sysbios_knl_Clock_Module_State_clockQ__O)
                  0000aa40    00000004     empty_min_pem4f.oem4f (.const:ti_sysbios_knl_Semaphore_Instance_State_pendQ__O)
                  0000aa44    00000004     empty_min_pem4f.oem4f (.const:ti_sysbios_knl_Swi_Object__count__C)
                  0000aa48    00000004     empty_min_pem4f.oem4f (.const:ti_sysbios_knl_Task_Module_State_inactiveQ__O)
                  0000aa4c    00000004     empty_min_pem4f.oem4f (.const:ti_sysbios_knl_Task_Object__count__C)
                  0000aa50    00000004     empty_min_pem4f.oem4f (.const:ti_sysbios_knl_Task_allBlockedFunc__C)
                  0000aa54    00000004     empty_min_pem4f.oem4f (.const:ti_sysbios_knl_Task_defaultStackHeap__C)
                  0000aa58    00000004     empty_min_pem4f.oem4f (.const:ti_sysbios_knl_Task_defaultStackSize__C)
                  0000aa5c    00000004     empty_min_pem4f.oem4f (.const:ti_sysbios_knl_Task_numConstructedTasks__C)
                  0000aa60    00000004     empty_min_pem4f.oem4f (.const:xdc_runtime_Assert_E_assertFailed__C)
                  0000aa64    00000004     empty_min_pem4f.oem4f (.const:xdc_runtime_Core_A_initializedParams__C)
                  0000aa68    00000004     empty_min_pem4f.oem4f (.const:xdc_runtime_Core_Module__diagsEnabled__C)
                  0000aa6c    00000004     empty_min_pem4f.oem4f (.const:xdc_runtime_Core_Module__diagsIncluded__C)
                  0000aa70    00000004     empty_min_pem4f.oem4f (.const:xdc_runtime_Core_Module__diagsMask__C)
                  0000aa74    00000004     empty_min_pem4f.oem4f (.const:xdc_runtime_Error_E_memory__C)
                  0000aa78    00000004     empty_min_pem4f.oem4f (.const:xdc_runtime_Error_Module__diagsEnabled__C)
                  0000aa7c    00000004     empty_min_pem4f.oem4f (.const:xdc_runtime_Error_Module__diagsIncluded__C)
                  0000aa80    00000004     empty_min_pem4f.oem4f (.const:xdc_runtime_Error_Module__diagsMask__C)
                  0000aa84    00000004     empty_min_pem4f.oem4f (.const:xdc_runtime_Error_Module__loggerFxn8__C)
                  0000aa88    00000004     empty_min_pem4f.oem4f (.const:xdc_runtime_Error_Module__loggerObj__C)
                  0000aa8c    00000004     empty_min_pem4f.oem4f (.const:xdc_runtime_Error_policyFxn__C)
                  0000aa90    00000004     empty_min_pem4f.oem4f (.const:xdc_runtime_Error_raiseHook__C)
                  0000aa94    00000004     empty_min_pem4f.oem4f (.const:xdc_runtime_IGateProvider_Interface__BASE__C)
                  0000aa98    00000004     empty_min_pem4f.oem4f (.const:xdc_runtime_IHeap_Interface__BASE__C)
                  0000aa9c    00000004     empty_min_pem4f.oem4f (.const:xdc_runtime_IModule_Interface__BASE__C)
                  0000aaa0    00000004     empty_min_pem4f.oem4f (.const:xdc_runtime_Log_L_error__C)
                  0000aaa4    00000004     empty_min_pem4f.oem4f (.const:xdc_runtime_Memory_defaultHeapInstance__C)
                  0000aaa8    00000004     empty_min_pem4f.oem4f (.const:xdc_runtime_Startup_execImpl__C)
                  0000aaac    00000004     empty_min_pem4f.oem4f (.const:xdc_runtime_Startup_maxPasses__C)
                  0000aab0    00000004     empty_min_pem4f.oem4f (.const:xdc_runtime_Startup_sfxnRts__C)
                  0000aab4    00000004     empty_min_pem4f.oem4f (.const:xdc_runtime_Startup_sfxnTab__C)
                  0000aab8    00000004     empty_min_pem4f.oem4f (.const:xdc_runtime_SysMin_bufSize__C)
                  0000aabc    00000004     empty_min_pem4f.oem4f (.const:xdc_runtime_SysMin_outputFunc__C)
                  0000aac0    00000004     empty_min_pem4f.oem4f (.const:xdc_runtime_System_Module__gateObj__C)
                  0000aac4    00000004     empty_min_pem4f.oem4f (.const:xdc_runtime_System_abortFxn__C)
                  0000aac8    00000004     empty_min_pem4f.oem4f (.const:xdc_runtime_System_exitFxn__C)
                  0000aacc    00000004     empty_min_pem4f.oem4f (.const:xdc_runtime_System_extendFxn__C)
                  0000aad0    00000004     empty_min_pem4f.oem4f (.const:xdc_runtime_System_maxAtexitHandlers__C)
                  0000aad4    00000004     empty_min_pem4f.oem4f (.const:xdc_runtime_Text_charTab__C)
                  0000aad8    00000004     empty_min_pem4f.oem4f (.const:xdc_runtime_Text_nameEmpty__C)
                  0000aadc    00000004     empty_min_pem4f.oem4f (.const:xdc_runtime_Text_nameStatic__C)
                  0000aae0    00000004     empty_min_pem4f.oem4f (.const:xdc_runtime_Text_nameUnknown__C)
                  0000aae4    00000004     empty_min_pem4f.oem4f (.const:xdc_runtime_Text_nodeTab__C)
                  0000aae8    00000004     empty_min_pem4f.oem4f (.const:xdc_runtime_Text_visitRopeFxn__C)
                  0000aaec    00000002     empty_min_pem4f.oem4f (.const:ti_catalog_arm_cortexm4_tiva_ce_Boot_Module__id__C)
                  0000aaee    00000002     empty_min_pem4f.oem4f (.const:ti_sysbios_family_arm_m3_Hwi_Module__id__C)
                  0000aaf0    00000002     empty_min_pem4f.oem4f (.const:ti_sysbios_heaps_HeapMem_Module__id__C)
                  0000aaf2    00000002     empty_min_pem4f.oem4f (.const:xdc_runtime_Core_Module__id__C)
                  0000aaf4    00000002     empty_min_pem4f.oem4f (.const:xdc_runtime_Error_Module__loggerDefined__C)
                  0000aaf6    00000002     empty_min_pem4f.oem4f (.const:xdc_runtime_Error_maxDepth__C)
                  0000aaf8    00000002     empty_min_pem4f.oem4f (.const:xdc_runtime_Memory_Module__id__C)
                  0000aafa    00000002     empty_min_pem4f.oem4f (.const:xdc_runtime_SysMin_flushAtExit__C)
                  0000aafc    00000002     empty_min_pem4f.oem4f (.const:xdc_runtime_Text_charCnt__C)
                  0000aafe    00000002     empty_min_pem4f.oem4f (.const:xdc_runtime_Text_isLoaded__C)
                  0000ab00    00000002     empty_min_pem4f.oem4f (.const:xdc_runtime_Text_registryModsLastId__C)
                  0000ab02    00000002     empty_min_pem4f.oem4f (.const:xdc_runtime_Text_unnamedModsLastId__C)
                  0000ab04    00000001     empty_min_pem4f.oem4f (.const:xdc_runtime_Error_policy__C)

.cinit     0    0000ab08    000001f8     
                  0000ab08    000001be     (.cinit..data.load) [load image, compression = lzss]
                  0000acc6    00000002     --HOLE-- [fill = 0]
                  0000acc8    0000000c     (__TI_handler_table)
                  0000acd4    00000004     --HOLE-- [fill = 0]
                  0000acd8    00000008     (.cinit..bss.load) [load image, compression = zero_init]
                  0000ace0    00000008     (.cinit..vecs.load) [load image, compression = zero_init]
                  0000ace8    00000018     (__TI_cinit_table)

.init_array 
*          0    00000000    00000000     UNINITIALIZED

.resetVecs 
*          0    00000000    0000003c     
                  00000000    0000003c     empty_min_pem4f.oem4f (.resetVecs)

.bss       0    20000360    000010b4     UNINITIALIZED
                  20000360    00000400     (.common:ti_sysbios_heaps_HeapMem_Instance_State_0_buf__A)
                  20000760    00000360     (.common:ti_sysbios_family_arm_m3_Hwi_dispatchTable)
                  20000ac0    00000200     (.common:task0Stack)
                  20000cc0    00000120     rtsv7M4_T_le_v4SPD16_eabi.lib : trgmsg.c.obj (.bss:_CIOBUF_)
                  20000de0    00000100     (.common:IMUTask_Stack)
                  20000ee0    000000cc     (.common:uartTivaObjects)
                  20000fac    00000090     drivers_tivaware.aem4f : GPIOTiva.oem4f (.bss:gpioCallbackInfo)
                  2000103c    00000080     (.common:i2cTivaObjects)
                  200010bc    00000080     (.common:xdc_runtime_SysMin_Module_State_0_outbuf__A)
                  2000113c    00000050     (.common:IMUTaskStruct)
                  2000118c    00000050     (.common:task0Struct)
                  200011dc    00000030     (.common:balance_buffer_acc)
                  2000120c    00000030     (.common:balance_buffer_gyr)
                  2000123c    00000030     (.common:buffer_left)
                  2000126c    00000030     (.common:buffer_right)
                  2000129c    00000024     (.common:BalanceControlStruct)
                  200012c0    00000024     (.common:Robot_IMUstate)
                  200012e4    00000024     (.common:WheelsControlStruct)
                  20001308    00000020     (.common:pwmTivaObjects)
                  20001328    00000020     (.common:uartTivaRingBuffer)
                  20001348    0000001c     (.common:IMUsemStruct)
                  20001364    0000001c     (.common:Robot_MotorState)
                  20001380    00000010     (.common:IMU_Accel)
                  20001390    00000010     (.common:IMU_Gyr)
                  200013a0    00000010     (.common:IMU_LastAccel)
                  200013b0    0000000c     (.common:Robot_EncoderL)
                  200013bc    0000000c     (.common:Robot_EncoderR)
                  200013c8    00000008     (.common:parmbuf)
                  200013d0    00000004     (.common:BalanceControl_Handle)
                  200013d4    00000004     (.common:IMUsemHandle)
                  200013d8    00000004     (.common:Pitch)
                  200013dc    00000004     (.common:Racc)
                  200013e0    00000004     (.common:Robot_ENCL)
                  200013e4    00000004     (.common:Robot_ENCR)
                  200013e8    00000004     (.common:Robot_IMU)
                  200013ec    00000004     (.common:Robot_Motor)
                  200013f0    00000004     (.common:Robot_uart)
                  200013f4    00000004     (.common:Roll)
                  200013f8    00000004     (.common:WheelsControl_Handle)
                  200013fc    00000004     (.common:Yaw)
                  20001400    00000004     (.common:balance_pid_acc)
                  20001404    00000004     (.common:balance_pid_gyr)
                  20001408    00000004     (.common:gpioInterruptVectors)
                  2000140c    00000004     (.common:pid_left)
                  20001410    00000004     (.common:pid_right)

.data      0    20001414    00000412     UNINITIALIZED
                  20001414    00000080     empty_min_pem4f.oem4f (.data:ti_sysbios_knl_Swi_Module_State_0_readyQ__A)
                  20001494    00000080     empty_min_pem4f.oem4f (.data:ti_sysbios_knl_Task_Module_State_0_readyQ__A)
                  20001514    00000044     empty_min_pem4f.oem4f (.data:ti_sysbios_knl_Task_Module__state__V)
                  20001558    00000040     empty_min_pem4f.oem4f (.data:ti_sysbios_family_arm_lm4_Timer_Object__table__V)
                  20001598    00000038     empty_min_pem4f.oem4f (.data:ti_sysbios_gates_GateMutex_Object__table__V)
                  200015d0    00000034     empty_min_pem4f.oem4f (.data:ti_sysbios_family_arm_m3_Hwi_Module__state__V)
                  20001604    00000030     empty_min_pem4f.oem4f (.data:ti_sysbios_family_arm_lm4_Timer_Module_State_0_device__A)
                  20001634    00000030     empty_min_pem4f.oem4f (.data:ti_sysbios_knl_Swi_Object__table__V)
                  20001664    0000002c     empty_min_pem4f.oem4f (.data:ti_sysbios_knl_Clock_Module__state__V)
                  20001690    00000024     empty_min_pem4f.oem4f (.data:ti_sysbios_BIOS_Module__state__V)
                  200016b4    0000001c     empty_min_pem4f.oem4f (.data:ti_sysbios_knl_Swi_Module__state__V)
                  200016d0    00000018     drivers_tivaware.aem4f : PWMTiva.oem4f (.data)
                  200016e8    00000018     RAP_Robot_TM4C123G.obj (.data:gpioPinConfigs)
                  20001700    00000018     empty_min_pem4f.oem4f (.data:ti_sysbios_family_arm_lm4_Timer_Module_State_0_handles__A)
                  20001718    00000018     empty_min_pem4f.oem4f (.data:ti_sysbios_family_arm_m3_Hwi_Object__table__V)
                  20001730    00000018     empty_min_pem4f.oem4f (.data:ti_sysbios_heaps_HeapMem_Object__table__V)
                  20001748    00000010     Balance.obj (.data)
                  20001758    00000010     Wheels.obj (.data)
                  20001768    0000000c     RAP_Robot_TM4C123G.obj (.data:gpioCallbackFunctions)
                  20001774    0000000c     empty_min_pem4f.oem4f (.data:ti_sysbios_family_arm_lm4_Timer_Module__state__V)
                  20001780    0000000c     empty_min_pem4f.oem4f (.data:xdc_runtime_SysMin_Module__state__V)
                  2000178c    00000008     rtsv7M4_T_le_v4SPD16_eabi.lib : _lock.c.obj (.data:$O1$$)
                  20001794    00000008     empty_min_pem4f.oem4f (.data:ti_sysbios_family_arm_m3_Hwi_Module__root__V)
                  2000179c    00000008     empty_min_pem4f.oem4f (.data:ti_sysbios_gates_GateHwi_Module__root__V)
                  200017a4    00000008     empty_min_pem4f.oem4f (.data:ti_sysbios_gates_GateMutex_Module__root__V)
                  200017ac    00000008     empty_min_pem4f.oem4f (.data:ti_sysbios_heaps_HeapMem_Module__root__V)
                  200017b4    00000008     empty_min_pem4f.oem4f (.data:ti_sysbios_knl_Clock_Module__root__V)
                  200017bc    00000008     empty_min_pem4f.oem4f (.data:ti_sysbios_knl_Queue_Module__root__V)
                  200017c4    00000008     empty_min_pem4f.oem4f (.data:ti_sysbios_knl_Semaphore_Module__root__V)
                  200017cc    00000008     empty_min_pem4f.oem4f (.data:ti_sysbios_knl_Task_Module__root__V)
                  200017d4    00000008     empty_min_pem4f.oem4f (.data:xdc_runtime_Registry_Module__state__V)
                  200017dc    00000008     empty_min_pem4f.oem4f (.data:xdc_runtime_Startup_Module__state__V)
                  200017e4    00000008     empty_min_pem4f.oem4f (.data:xdc_runtime_System_Module_State_0_atexitHandlers__A)
                  200017ec    00000008     empty_min_pem4f.oem4f (.data:xdc_runtime_System_Module__state__V)
                  200017f4    00000005     drivers_tivaware.aem4f : GPIOTiva.oem4f (.data)
                  200017f9    00000001     --HOLE--
                  200017fa    00000002     empty_min_pem4f.oem4f (.data:ti_sysbios_family_arm_m3_Hwi_Module_State_0_excActive__A)
                  200017fc    00000004     drivers_tivaware.aem4f : I2C.oem4f (.data)
                  20001800    00000004                            : PWM.oem4f (.data)
                  20001804    00000004                            : UART.oem4f (.data)
                  20001808    00000004     rtsv7M4_T_le_v4SPD16_eabi.lib : errno.c.obj (.data)
                  2000180c    00000004                                   : stkdepth_vars.c.obj (.data)
                  20001810    00000004     empty_min_pem4f.oem4f (.data:ti_sysbios_family_arm_m3_Hwi_Module_State_0_excContext__A)
                  20001814    00000004     empty_min_pem4f.oem4f (.data:ti_sysbios_family_arm_m3_Hwi_Module_State_0_excStack__A)
                  20001818    00000004     empty_min_pem4f.oem4f (.data:ti_sysbios_gates_GateHwi_Object__table__V)
                  2000181c    00000004     empty_min_pem4f.oem4f (.data:ti_sysbios_knl_Task_Module_State_0_idleTask__A)
                  20001820    00000004     empty_min_pem4f.oem4f (.data:xdc_runtime_Memory_Module__state__V)
                  20001824    00000002     empty_min_pem4f.oem4f (.data:xdc_runtime_Error_Module__state__V)

.stack     0    20001828    00000300     UNINITIALIZED
                  20001828    00000300     --HOLE--

.bootVecs 
*          0    00000000    00000008     DSECT
                  00000000    00000008     boot.aem4f : boot.oem4f (.bootVecs)

.vecs      0    20000000    00000360     UNINITIALIZED
                  20000000    00000360     empty_min_pem4f.oem4f (.vecs)

xdc.meta   0    00000000    000000f6     COPY SECTION
                  00000000    000000f6     empty_min_pem4f.oem4f (xdc.meta)

MODULE SUMMARY

       Module                       code    ro data   rw data
       ------                       ----    -------   -------
    ./
       RAP_Robot.obj                486     0         700    
    +--+----------------------------+-------+---------+---------+
       Total:                       486     0         700    
                                                             
    ./Robot/
       IMUSensor.obj                1080    0         432    
       Wheels.obj                   434     0         160    
    +--+----------------------------+-------+---------+---------+
       Total:                       1514    0         592    
                                                             
    ./Robot/Control/
       Balance.obj                  650     0         160    
       PID.obj                      318     0         0      
    +--+----------------------------+-------+---------+---------+
       Total:                       968     0         160    
                                                             
    ./Robot/Drivers/RAP_Drivers/
       IMU.obj                      1466    32        0      
       MotorDriver.obj              1004    0         0      
       Encoder.obj                  464     0         0      
    +--+----------------------------+-------+---------+---------+
       Total:                       2934    32        0      
                                                             
    ./Robot/Drivers/Tools/
       UART_tools.obj               324     0         0      
    +--+----------------------------+-------+---------+---------+
       Total:                       324     0         0      
                                                             
    ./Robot/RAP_Robot_Board_Hw/
       RAP_Robot_TM4C123G.obj       296     212       432    
       Robot_Hw_Ctl.obj             564     0         0      
    +--+----------------------------+-------+---------+---------+
       Total:                       860     212       432    
                                                             
    /home/josepablocb/Workspace/VoltaRobotics/Tests/RAP_Robot/Debug/configPkg/package/cfg/
       empty_min_pem4f.oem4f        1884    7609      3796   
    +--+----------------------------+-------+---------+---------+
       Total:                       1884    7609      3796   
                                                             
    /home/josepablocb/Workspace/VoltaRobotics/Tests/RAP_Robot/src/sysbios/sysbios.aem4f
       BIOS.obj                     8950    0         0      
[...]
000089bb  UARTRxErrorClear                                                  
000089c1  ti_catalog_arm_cortexm4_tiva_ce_Boot_sysCtlDelayI__I              
000089c9  ti_sysbios_family_arm_m3_Hwi_doTaskRestore__I                     
000089d1  ti_sysbios_family_arm_m3_Hwi_restoreFxn__E                        
000089d1  ti_sysbios_hal_Hwi_HwiProxy_restore__E                            
000089d9  ti_sysbios_gates_GateHwi_leave__E                                 
000089e1  ti_sysbios_heaps_HeapMem_isBlocking__E                            
000089e9  ti_sysbios_knl_Clock_stop__E                                      
000089f1  ti_sysbios_knl_Queue_Instance_init__E                             
000089f9  ti_sysbios_knl_Swi_startup__E                                     
000089ff  xdc_runtime_System_Module_startup__E                              
00008a09  ti_sysbios_gates_GateHwi_query__E                                 
00008a09  xdc_runtime_Main_Module_GateProxy_query__E                        
00008a09  xdc_runtime_System_Module_GateProxy_query__E                      
00008a11  ti_sysbios_BIOS_RtsGateProxy_query__E                             
00008a11  ti_sysbios_gates_GateMutex_query__E                               
00008a11  ti_sysbios_heaps_HeapMem_Module_GateProxy_query__E                
00008a19  ti_sysbios_knl_Task_startup__E                                    
00008a21  ti_sysbios_gates_GateHwi_Instance_init__E                         
00008a29  ti_sysbios_knl_Clock_logTick__E                                   
00008a2c  xdc_runtime_Text_charTab__A                                       
0000a270  xdc_runtime_Text_nodeTab__A                                       
0000a4ec  PWM_config                                                        
0000a528  ti_sysbios_knl_Task_Object__PARAMS__C                             
0000a598  pwmTivaHWAttrs                                                    
0000a5c8  ti_sysbios_family_arm_m3_Hwi_Object__PARAMS__C                    
0000a5f8  UARTTiva_fxnTable                                                 
0000a620  ti_sysbios_heaps_HeapMem_Module__FXNS__C                          
0000a648  UART_defaultParams                                                
0000a66c  ti_sysbios_gates_GateHwi_Module__FXNS__C                          
0000a690  ti_sysbios_gates_GateMutex_Module__FXNS__C                        
0000a6b4  ti_sysbios_heaps_HeapMem_Object__PARAMS__C                        
0000a6d8  ti_sysbios_knl_Clock_Object__PARAMS__C                            
0000a6fc  ti_sysbios_knl_Semaphore_Object__PARAMS__C                        
0000a720  PWMTiva_fxnTable                                                  
0000a73c  PWMTiva_MAX_PRESCALAR                                             
0000a73e  PWMTiva_MAX_MATCH_VALUE                                           
0000a740  ti_sysbios_family_arm_m3_Hwi_Object__DESC__C                      
0000a760  ti_sysbios_gates_GateHwi_Object__DESC__C                          
0000a780  ti_sysbios_gates_GateMutex_Object__DESC__C                        
0000a7a0  ti_sysbios_heaps_HeapMem_Object__DESC__C                          
0000a7c0  ti_sysbios_knl_Clock_Object__DESC__C                              
0000a7e0  ti_sysbios_knl_Queue_Object__DESC__C                              
0000a800  ti_sysbios_knl_Semaphore_Object__DESC__C                          
0000a820  ti_sysbios_knl_Task_Object__DESC__C                               
0000a840  xdc_runtime_Startup_sfxnTab__A                                    
0000a860  I2CTiva_fxnTable                                                  
0000a894  I2C_config                                                        
0000a8ac  UART_config                                                       
0000a8c4  ti_sysbios_gates_GateHwi_Object__PARAMS__C                        
0000a8dc  ti_sysbios_gates_GateMutex_Object__PARAMS__C                      
0000a8f4  ti_sysbios_knl_Queue_Object__PARAMS__C                            
0000a90c  uartTivaHWAttrs                                                   
0000a924  GPIOTiva_config                                                   
0000a938  xdc_runtime_Startup_firstFxns__A                                  
0000a94c  I2C_defaultParams                                                 
0000a97c  xdc_runtime_Startup_sfxnRts__A                                    
0000a98c  PWM_defaultParams                                                 
0000a998  i2cTivaHWAttrs                                                    
0000a9a4  ti_sysbios_family_arm_m3_Hwi_excHookFuncs__A                      
0000a9ac  ti_sysbios_knl_Idle_funcList__C                                   
0000a9b4  xdc_runtime_Startup_firstFxns__C                                  
0000a9bc  xdc_runtime_Startup_lastFxns__C                                   
0000a9c4  ti_catalog_arm_cortexm4_tiva_ce_Boot_A_mustUseEnhancedClockMode__C
0000a9c8  ti_catalog_arm_cortexm4_tiva_ce_Boot_Module__diagsEnabled__C      
0000a9cc  ti_catalog_arm_cortexm4_tiva_ce_Boot_Module__diagsIncluded__C     
0000a9d0  ti_catalog_arm_cortexm4_tiva_ce_Boot_Module__diagsMask__C         
0000a9d4  ti_sysbios_family_arm_lm4_Timer_enableFunc__C                     
0000a9d8  ti_sysbios_family_arm_lm4_Timer_numTimerDevices__C                
0000a9dc  ti_sysbios_family_arm_lm4_Timer_startupNeeded__C                  
0000a9e0  ti_sysbios_family_arm_m3_Hwi_E_NMI__C                             
0000a9e4  ti_sysbios_family_arm_m3_Hwi_E_alreadyDefined__C                  
0000a9e8  ti_sysbios_family_arm_m3_Hwi_E_busFault__C                        
0000a9ec  ti_sysbios_family_arm_m3_Hwi_E_debugMon__C                        
0000a9f0  ti_sysbios_family_arm_m3_Hwi_E_hardFault__C                       
0000a9f4  ti_sysbios_family_arm_m3_Hwi_E_memFault__C                        
0000a9f8  ti_sysbios_family_arm_m3_Hwi_E_noIsr__C                           
0000a9fc  ti_sysbios_family_arm_m3_Hwi_E_reserved__C                        
0000aa00  ti_sysbios_family_arm_m3_Hwi_E_svCall__C                          
0000aa04  ti_sysbios_family_arm_m3_Hwi_E_usageFault__C                      
0000aa08  ti_sysbios_family_arm_m3_Hwi_NUM_INTERRUPTS__C                    
0000aa0c  ti_sysbios_family_arm_m3_Hwi_Object__count__C                     
0000aa10  ti_sysbios_family_arm_m3_Hwi_ccr__C                               
0000aa14  ti_sysbios_family_arm_m3_Hwi_excHandlerFunc__C                    
0000aa18  ti_sysbios_family_arm_m3_Hwi_excHookFuncs__C                      
0000aa1c  ti_sysbios_family_arm_m3_Hwi_nullIsrFunc__C                       
0000aa20  ti_sysbios_family_arm_m3_Hwi_priGroup__C                          
0000aa24  ti_sysbios_family_arm_m3_TaskSupport_stackAlignment__C            
0000aa28  ti_sysbios_gates_GateMutex_Instance_State_sem__O                  
0000aa2c  ti_sysbios_heaps_HeapMem_E_memory__C                              
0000aa30  ti_sysbios_heaps_HeapMem_Module__gateObj__C                       
0000aa34  ti_sysbios_heaps_HeapMem_Object__count__C                         
0000aa38  ti_sysbios_heaps_HeapMem_reqAlign__C                              
0000aa3c  ti_sysbios_knl_Clock_Module_State_clockQ__O                       
0000aa40  ti_sysbios_knl_Semaphore_Instance_State_pendQ__O                  
0000aa44  ti_sysbios_knl_Swi_Object__count__C                               
0000aa48  ti_sysbios_knl_Task_Module_State_inactiveQ__O                     
0000aa4c  ti_sysbios_knl_Task_Object__count__C                              
0000aa50  ti_sysbios_knl_Task_allBlockedFunc__C                             
0000aa54  ti_sysbios_knl_Task_defaultStackHeap__C                           
0000aa58  ti_sysbios_knl_Task_defaultStackSize__C                           
0000aa5c  ti_sysbios_knl_Task_numConstructedTasks__C                        
0000aa60  xdc_runtime_Assert_E_assertFailed__C                              
0000aa64  xdc_runtime_Core_A_initializedParams__C                           
0000aa68  xdc_runtime_Core_Module__diagsEnabled__C                          
0000aa6c  xdc_runtime_Core_Module__diagsIncluded__C                         
0000aa70  xdc_runtime_Core_Module__diagsMask__C                             
0000aa74  xdc_runtime_Error_E_memory__C                                     
0000aa78  xdc_runtime_Error_Module__diagsEnabled__C                         
0000aa7c  xdc_runtime_Error_Module__diagsIncluded__C                        
0000aa80  xdc_runtime_Error_Module__diagsMask__C                            
0000aa84  xdc_runtime_Error_Module__loggerFxn8__C                           
0000aa88  xdc_runtime_Error_Module__loggerObj__C                            
0000aa8c  xdc_runtime_Error_policyFxn__C                                    
0000aa90  xdc_runtime_Error_raiseHook__C                                    
0000aa94  xdc_runtime_IGateProvider_Interface__BASE__C                      
0000aa98  xdc_runtime_IHeap_Interface__BASE__C                              
0000aa9c  xdc_runtime_IModule_Interface__BASE__C                            
0000aaa0  xdc_runtime_Log_L_error__C                                        
0000aaa4  xdc_runtime_Memory_defaultHeapInstance__C                         
0000aaa8  xdc_runtime_Startup_execImpl__C                                   
0000aaac  xdc_runtime_Startup_maxPasses__C                                  
0000aab0  xdc_runtime_Startup_sfxnRts__C                                    
0000aab4  xdc_runtime_Startup_sfxnTab__C                                    
0000aab8  xdc_runtime_SysMin_bufSize__C                                     
0000aabc  xdc_runtime_SysMin_outputFunc__C                                  
0000aac0  xdc_runtime_System_Module__gateObj__C                             
0000aac4  xdc_runtime_System_abortFxn__C                                    
0000aac8  xdc_runtime_System_exitFxn__C                                     
0000aacc  xdc_runtime_System_extendFxn__C                                   
0000aad0  xdc_runtime_System_maxAtexitHandlers__C                           
0000aad4  xdc_runtime_Text_charTab__C                                       
0000aad8  xdc_runtime_Text_nameEmpty__C                                     
0000aadc  xdc_runtime_Text_nameStatic__C                                    
0000aae0  xdc_runtime_Text_nameUnknown__C                                   
0000aae4  xdc_runtime_Text_nodeTab__C                                       
0000aae8  xdc_runtime_Text_visitRopeFxn__C                                  
0000aaec  ti_catalog_arm_cortexm4_tiva_ce_Boot_Module__id__C                
0000aaee  ti_sysbios_family_arm_m3_Hwi_Module__id__C                        
0000aaf0  ti_sysbios_heaps_HeapMem_Module__id__C                            
0000aaf2  xdc_runtime_Core_Module__id__C                                    
0000aaf4  xdc_runtime_Error_Module__loggerDefined__C                        
0000aaf6  xdc_runtime_Error_maxDepth__C                                     
0000aaf8  xdc_runtime_Memory_Module__id__C                                  
0000aafa  xdc_runtime_SysMin_flushAtExit__C                                 
0000aafc  xdc_runtime_Text_charCnt__C                                       
0000aafe  xdc_runtime_Text_isLoaded__C                                      
0000ab00  xdc_runtime_Text_registryModsLastId__C                            
0000ab02  xdc_runtime_Text_unnamedModsLastId__C                             
0000ab04  xdc_runtime_Error_policy__C                                       
0000ab08  __TI_static_base__                                                
0000acc8  __TI_Handler_Table_Base                                           
0000acd4  __TI_Handler_Table_Limit                                          
0000ace8  __TI_CINIT_Base                                                   
0000ad00  __TI_CINIT_Limit                                                  
20000000  ti_sysbios_family_arm_m3_Hwi_ramVectors                           
20000360  ti_sysbios_heaps_HeapMem_Instance_State_0_buf__A                  
20000760  ti_sysbios_family_arm_m3_Hwi_dispatchTable                        
20000ac0  task0Stack                                                        
20000cc0  __CIOBUF_                                                         
20000de0  IMUTask_Stack                                                     
20000ee0  uartTivaObjects                                                   
2000103c  i2cTivaObjects                                                    
200010bc  xdc_runtime_SysMin_Module_State_0_outbuf__A                       
2000113c  IMUTaskStruct                                                     
2000118c  task0Struct                                                       
200011dc  balance_buffer_acc                                                
2000120c  balance_buffer_gyr                                                
2000123c  buffer_left                                                       
2000126c  buffer_right                                                      
2000129c  BalanceControlStruct                                              
200012c0  Robot_IMUstate                                                    
200012e4  WheelsControlStruct                                               
20001308  pwmTivaObjects                                                    
20001328  uartTivaRingBuffer                                                
20001348  IMUsemStruct                                                      
20001364  Robot_MotorState                                                  
20001380  IMU_Accel                                                         
20001390  IMU_Gyr                                                           
200013a0  IMU_LastAccel                                                     
200013b0  Robot_EncoderL                                                    
200013bc  Robot_EncoderR                                                    
200013c8  parmbuf                                                           
200013d0  BalanceControl_Handle                                             
200013d4  IMUsemHandle                                                      
200013d8  Pitch                                                             
200013dc  Racc                                                              
200013e0  Robot_ENCL                                                        
200013e4  Robot_ENCR                                                        
200013e8  Robot_IMU                                                         
200013ec  Robot_Motor                                                       
200013f0  Robot_uart                                                        
200013f4  Roll                                                              
200013f8  WheelsControl_Handle                                              
200013fc  Yaw                                                               
20001400  balance_pid_acc                                                   
20001404  balance_pid_gyr                                                   
2000140c  pid_left                                                          
20001410  pid_right                                                         
20001414  ti_sysbios_knl_Swi_Module_State_0_readyQ__A                       
20001494  ti_sysbios_knl_Task_Module_State_0_readyQ__A                      
20001514  ti_sysbios_knl_Task_Module__state__V                              
20001558  ti_sysbios_family_arm_lm4_Timer_Object__table__V                  
20001598  ti_sysbios_gates_GateMutex_Object__table__V                       
200015d0  ti_sysbios_family_arm_m3_Hwi_Module__state__V                     
20001604  ti_sysbios_family_arm_lm4_Timer_Module_State_0_device__A          
20001634  ti_sysbios_knl_Swi_Object__table__V                               
20001664  ti_sysbios_knl_Clock_Module__state__V                             
20001690  ti_sysbios_BIOS_Module__state__V                                  
200016b4  ti_sysbios_knl_Swi_Module__state__V                               
200016e8  gpioPinConfigs                                                    
20001700  ti_sysbios_family_arm_lm4_Timer_Module_State_0_handles__A         
20001718  ti_sysbios_family_arm_m3_Hwi_Object__table__V                     
20001730  ti_sysbios_heaps_HeapMem_Object__table__V                         
20001748  input_acc                                                         
2000174c  output_acc                                                        
20001750  input_gyr                                                         
20001754  output_gyr                                                        
20001758  input_L                                                           
2000175c  input_R                                                           
20001760  output_L                                                          
20001764  output_R                                                          
20001768  gpioCallbackFunctions                                             
20001774  ti_sysbios_family_arm_lm4_Timer_Module__state__V                  
20001780  xdc_runtime_SysMin_Module__state__V                               
2000178c  _lock                                                             
20001790  _unlock                                                           
20001794  ti_sysbios_family_arm_m3_Hwi_Module__root__V                      
2000179c  ti_sysbios_gates_GateHwi_Module__root__V                          
200017a4  ti_sysbios_gates_GateMutex_Module__root__V                        
200017ac  ti_sysbios_heaps_HeapMem_Module__root__V                          
200017b4  ti_sysbios_knl_Clock_Module__root__V                              
200017bc  ti_sysbios_knl_Queue_Module__root__V                              
200017c4  ti_sysbios_knl_Semaphore_Module__root__V                          
200017cc  ti_sysbios_knl_Task_Module__root__V                               
200017d4  xdc_runtime_Registry_Module__state__V                             
200017dc  xdc_runtime_Startup_Module__state__V                              
200017e4  xdc_runtime_System_Module_State_0_atexitHandlers__A               
200017ec  xdc_runtime_System_Module__state__V                               
200017fa  ti_sysbios_family_arm_m3_Hwi_Module_State_0_excActive__A          
20001808  errno                                                             
2000180c  main_func_sp                                                      
20001810  ti_sysbios_family_arm_m3_Hwi_Module_State_0_excContext__A         
20001814  ti_sysbios_family_arm_m3_Hwi_Module_State_0_excStack__A           
20001818  ti_sysbios_gates_GateHwi_Object__table__V                         
2000181c  ti_sysbios_knl_Task_Module_State_0_idleTask__A                    
20001820  xdc_runtime_Memory_Module__state__V                               
20001824  xdc_runtime_Error_Module__state__V                                
20001828  __stack                                                           
20001b28  __STACK_END                                                       
e000e000  ti_sysbios_family_arm_m3_Hwi_nvic                                 
ffffffff  __TI_pprof_out_hndl                                               
ffffffff  __TI_prof_data_size                                               
ffffffff  __TI_prof_data_start                                              
ffffffff  __binit__                                                         
ffffffff  __c_args__                                                        
ffffffff  binit                                                             
UNDEFED   SHT$$INIT_ARRAY$$Base                                             
UNDEFED   SHT$$INIT_ARRAY$$Limit                                            

[737 symbols]
