******************************************************************************
                  TI ARM Linker Unix v18.1.0                   
******************************************************************************
>> Linked Fri Mar  2 13:50:27 2018

OUTPUT FILE NAME:   <RAP_Robot.out>
ENTRY POINT SYMBOL: "_c_int00"  address: 000042e9


MEMORY CONFIGURATION

         name            origin    length      used     unused   attr    fill
----------------------  --------  ---------  --------  --------  ----  --------
  FLASH                 00000000   00040000  00008a7b  00037585  R  X
  SRAM                  20000000   00008000  0000180a  000067f6  RW X


SEGMENT ALLOCATION MAP

run origin  load origin   length   init length attrs members
----------  ----------- ---------- ----------- ----- -------
00000000    00000000    00008a88   00008a88    r-x
  00000000    00000000    0000003c   0000003c    r-- .resetVecs
  00000040    00000040    000067f2   000067f2    r-x .text
  00006834    00006834    0000205d   0000205d    r-- .const
  00008898    00008898    000001f0   000001f0    r-- .cinit
20000000    20000000    00001810   00000000    rw-
  20000000    20000000    00000360   00000000    rw- .vecs
  20000360    20000360    00000dbc   00000000    rw- .bss
  2000111c    2000111c    000003ee   00000000    rw- .data
  20001510    20001510    00000300   00000000    rw- .stack


SECTION ALLOCATION MAP

 output                                  attributes/
section   page    origin      length       input sections
--------  ----  ----------  ----------   ----------------
.text      0    00000040    000067f2     
                  00000040    00000430     sysbios.aem4f : BIOS.obj (.text:ti_sysbios_family_arm_m3_Hwi_excDumpRegs__I)
                  00000470    0000034c     ti.targets.arm.rtsarm.aem4f : System.oem4f (.text:xdc_runtime_System_doPrint__I)
                  000007bc    0000020c     drivers_tivaware.aem4f : UARTTiva.oem4f (.text:UARTTiva_open)
                  000009c8    000001fc     sysbios.aem4f : BIOS.obj (.text:ti_sysbios_family_arm_m3_Hwi_excHandlerMax__I)
                  00000bc4    000001d4     MotorDriver.obj (.text:MotorDriver_open)
                  00000d98    00000174     sysbios.aem4f : BIOS.obj (.text:ti_sysbios_family_arm_m3_Hwi_excBusFault__I)
                  00000f0c    00000170     drivers_tivaware.aem4f : PWMTiva.oem4f (.text:PWMTiva_open)
                  0000107c    00000004     driverlib.lib : i2c.obj (.text:I2CMasterControl)
                  00001080    00000164     sysbios.aem4f : BIOS.obj (.text:ti_sysbios_family_arm_m3_Hwi_excUsageFault__I)
                  000011e4    00000004     driverlib.lib : i2c.obj (.text:I2CMasterDataGet)
                  000011e8    00000154     sysbios.aem4f : BIOS.obj (.text:ti_sysbios_knl_Semaphore_pend__E)
                  0000133c    00000150     drivers_tivaware.aem4f : GPIOTiva.oem4f (.text:GPIO_setConfig)
                  0000148c    00000004     driverlib.lib : i2c.obj (.text:I2CMasterDataPut)
                  00001490    00000148     sysbios.aem4f : BIOS.obj (.text:ti_sysbios_family_arm_m3_Hwi_excMemFault__I)
                  000015d8    00000130     driverlib.lib : gpio.obj (.text:GPIOPadConfigSet)
                  00001708    0000012c     Robot_Hw_Ctl.obj (.text:Robot_init)
                  00001834    00000118     ti.targets.arm.rtsarm.aem4f : Error.oem4f (.text:xdc_runtime_Error_policyDefault__E)
                  0000194c    00000110     RAP_Robot.obj (.text:Task0)
                  00001a5c    00000004     driverlib.lib : qei.obj (.text:QEIPositionSet)
                  00001a60    00000108     sysbios.aem4f : BIOS.obj (.text:ti_sysbios_family_arm_lm4_Timer_start__E)
                  00001b68    00000100     Boot.aem4f : Boot_sysctl.oem4f (.text:ti_catalog_arm_cortexm4_tiva_ce_Boot_sysCtlClockSetI__I)
                  00001c68    00000100     ti.targets.arm.rtsarm.aem4f : Core-mem.oem4f (.text:xdc_runtime_Core_createObject__I)
                  00001d68    000000f8                                 : Startup.oem4f (.text:xdc_runtime_Startup_startMods__I)
                  00001e60    000000f8     empty_min_pem4f.oem4f (.text:xdc_runtime_System_printfExtend__I)
                  00001f58    000000f4     sysbios.aem4f : m3_Hwi_asm.obj (.text:ti_sysbios_family_arm_m3_Hwi_dispatch__I)
                  0000204c    000000f0     drivers_tivaware.aem4f : PWMTiva.oem4f (.text:PWMTiva_setDuty)
                  0000213c    000000e0                            : I2CTiva.oem4f (.text:I2CTiva_open)
                  0000221c    000000e0     UART_tools.obj (.text:UART_readFloat)
                  000022fc    00000004     driverlib.lib : uart.obj (.text:UARTIntClear)
                  00002300    000000dc     sysbios.aem4f : BIOS.obj (.text:ti_sysbios_knl_Task_sleep__E)
                  000023dc    000000d6     drivers_tivaware.aem4f : I2CTiva.oem4f (.text:I2CTiva_hwiFxn)
                  000024b2    00000002     rtsv7M4_T_le_v4SPD16_eabi.lib : _lock.c.obj (.text:_nop)
                  000024b4    000000d4     Encoder.obj (.text:Encoder_open)
                  00002588    000000d4     sysbios.aem4f : BIOS.obj (.text:ti_sysbios_heaps_HeapMem_alloc__E)
                  0000265c    00000004     rtsv7M4_T_le_v4SPD16_eabi.lib : exit.c.obj (.text:abort:abort)
                  00002660    000000cc     sysbios.aem4f : BIOS.obj (.text:ti_sysbios_knl_Task_Instance_init__E)
                  0000272c    000000cc     ti.targets.arm.rtsarm.aem4f : Core-smem.oem4f (.text:xdc_runtime_Core_constructObject__I)
                  000027f8    000000c4     MotorDriver.obj (.text:MotorDriver_Left)
                  000028bc    000000c4     MotorDriver.obj (.text:MotorDriver_Right)
                  00002980    000000bc     sysbios.aem4f : BIOS.obj (.text:ti_sysbios_family_arm_m3_Hwi_excDebugMon__I)
                  00002a3c    00000004     empty_min_pem4f.oem4f (.text:ti_sysbios_BIOS_RtsGateProxy_enter__E)
                  00002a40    000000bc     sysbios.aem4f : BIOS.obj (.text:ti_sysbios_family_arm_m3_Hwi_excHardFault__I)
                  00002afc    00000004     empty_min_pem4f.oem4f (.text:ti_sysbios_BIOS_RtsGateProxy_leave__E)
                  00002b00    000000bc     sysbios.aem4f : BIOS.obj (.text:ti_sysbios_knl_Task_Instance_finalize__E)
                  00002bbc    000000ac     drivers_tivaware.aem4f : UARTTiva.oem4f (.text:readTaskBlocking)
                  00002c68    000000ac     sysbios.aem4f : BIOS.obj (.text:ti_sysbios_family_arm_lm4_Timer_enableTiva__I)
                  00002d14    000000a0     auto_init.aem4f : auto_init.oem4f (.text)
                  00002db4    000000a0     ti.targets.arm.rtsarm.aem4f : Text.oem4f (.text:xdc_runtime_Text_putMod__E)
                  00002e54    0000009c     rtsv7M4_T_le_v4SPD16_eabi.lib : memcpy_t2.asm.obj (.text)
                  00002ef0    0000009a     ti.targets.arm.rtsarm.aem4f : Text.oem4f (.text:xdc_runtime_Text_putSite__E)
                  00002f8a    00000098     drivers_tivaware.aem4f : UARTTiva.oem4f (.text:UARTTiva_readPolling)
                  00003022    00000002     rtsv7M4_T_le_v4SPD16_eabi.lib : div0.asm.obj (.text)
                  00003024    00000098     Boot.aem4f : Boot.oem4f (.text:ti_catalog_arm_cortexm4_tiva_ce_Boot_sysCtlClockSet__E)
                  000030bc    00000094     drivers_tivaware.aem4f : UARTTiva.oem4f (.text:UARTTiva_write)
                  00003150    00000094     sysbios.aem4f : BIOS.obj (.text:ti_sysbios_family_arm_m3_Hwi_Instance_init__E)
                  000031e4    00000004                   : BIOS.obj (.text:ti_sysbios_family_arm_lm4_Timer_masterEnable__I)
                  000031e8    00000094                   : BIOS.obj (.text:ti_sysbios_family_arm_m3_Hwi_initNVIC__E)
                  0000327c    00000004     empty_min_pem4f.oem4f (.text:ti_sysbios_family_arm_m3_Hwi_destruct)
                  00003280    00000094     sysbios.aem4f : BIOS.obj (.text:ti_sysbios_knl_Task_postInit__I)
                  00003314    0000008c     drivers_tivaware.aem4f : GPIOTiva.oem4f (.text:GPIO_init)
                  000033a0    0000008c                            : UARTTiva.oem4f (.text:UARTTiva_control)
                  0000342c    0000008c     sysbios.aem4f : m3_TaskSupport_asm.obj (.text:ti_sysbios_family_arm_m3_TaskSupport_buildTaskStack)
                  000034b8    0000008a     drivers_tivaware.aem4f : UARTTiva.oem4f (.text:readIsrTextBlocking)
                  00003542    00000002     empty_min_pem4f.oem4f (.text:ti_sysbios_BIOS_nullFunc__I)
                  00003544    00000088     drivers_tivaware.aem4f : PWMTiva.oem4f (.text:PWMTiva_control)
                  000035cc    00000004     empty_min_pem4f.oem4f (.text:ti_sysbios_family_arm_m3_TaskSupport_Module__startupDone__S)
                  000035d0    00000084     sysbios.aem4f : BIOS.obj (.text:ti_sysbios_family_arm_m3_Hwi_postInit__I)
                  00003654    00000082     drivers_tivaware.aem4f : UARTTiva.oem4f (.text:readIsrTextCallback)
                  000036d6    0000007e                            : I2CTiva.oem4f (.text:I2CTiva_transfer)
                  00003754    00000004     empty_min_pem4f.oem4f (.text:ti_sysbios_heaps_HeapMem_Module_GateProxy_enter__E)
                  00003758    0000007c     sysbios.aem4f : BIOS.obj (.text:ti_sysbios_heaps_HeapMem_free__E)
                  000037d4    0000007a     driverlib.lib : adc.obj (.text:ADCSequenceStepConfigure)
                  0000384e    0000007a     drivers_tivaware.aem4f : UARTTiva.oem4f (.text:readTaskCallback)
                  000038c8    0000007a     rtsv7M4_T_le_v4SPD16_eabi.lib : memset_t2.asm.obj (.text)
                  00003942    00000002     empty_min_pem4f.oem4f (.text:xdc_runtime_Startup_reset__I)
                  00003944    00000078     Encoder.obj (.text:Encoder_init)
                  000039bc    00000004     empty_min_pem4f.oem4f (.text:ti_sysbios_heaps_HeapMem_Module_GateProxy_leave__E)
                  000039c0    00000070     sysbios.aem4f : BIOS.obj (.text:ti_sysbios_knl_Clock_workFunc__E)
                  00003a30    00000070                   : BIOS.obj (.text:ti_sysbios_knl_Task_exit__E)
                  00003aa0    0000006d     ti.targets.arm.rtsarm.aem4f : System.oem4f (.text:xdc_runtime_System_formatNum__I)
                  00003b0d    00000003     --HOLE-- [fill = 0]
                  00003b10    0000006c     sysbios.aem4f : BIOS.obj (.text:ti_sysbios_knl_Swi_restoreHwi__E)
                  00003b7c    0000006c     drivers_tivaware.aem4f : UARTTiva.oem4f (.text:writeData)
                  00003be8    0000006c     ti.targets.arm.rtsarm.aem4f : Error.oem4f (.text:xdc_runtime_Error_print__E)
                  00003c54    0000006c                                 : Memory.oem4f (.text:xdc_runtime_Memory_alloc__E)
                  00003cc0    0000006a     drivers_tivaware.aem4f : PWMTiva.oem4f (.text:PWMTiva_close)
                  00003d2a    00000068     rtsv7M4_T_le_v4SPD16_eabi.lib : copy_decompress_lzss.c.obj (.text:decompress:lzss:__TI_decompress_lzss)
                  00003d92    00000066     ti.targets.arm.rtsarm.aem4f : Core-mem.oem4f (.text:xdc_runtime_Core_deleteObject__I)
                  00003df8    00000064     drivers_tivaware.aem4f : GPIOTiva.oem4f (.text:GPIO_hwiIntFxn)
                  00003e5c    00000004     empty_min_pem4f.oem4f (.text:ti_sysbios_knl_Clock_TimerProxy_getMaxTicks__E)
                  00003e60    00000064     sysbios.aem4f : BIOS.obj (.text:ti_sysbios_family_arm_lm4_Timer_Module_startup__E)
                  00003ec4    00000064     empty_min_pem4f.oem4f (.text:ti_sysbios_family_arm_m3_Hwi_create)
                  00003f28    00000064     sysbios.aem4f : BIOS.obj (.text:ti_sysbios_family_arm_m3_Hwi_dispatchC__I)
                  00003f8c    00000004     empty_min_pem4f.oem4f (.text:ti_sysbios_knl_Clock_destruct)
                  00003f90    00000064     sysbios.aem4f : BIOS.obj (.text:ti_sysbios_knl_Semaphore_post__E)
                  00003ff4    00000062     drivers_tivaware.aem4f : I2CTiva.oem4f (.text:I2CTiva_primeTransfer)
                  00004056    0000005e                            : UARTTiva.oem4f (.text:readIsrBinaryBlocking)
                  000040b4    00000004     empty_min_pem4f.oem4f (.text:ti_sysbios_knl_Queue_destruct)
                  000040b8    0000005c     sysbios.aem4f : BIOS.obj (.text:ti_sysbios_knl_Swi_run__I)
                  00004114    00000004     empty_min_pem4f.oem4f (.text:ti_sysbios_knl_Semaphore_destruct)
                  00004118    0000005c     sysbios.aem4f : BIOS.obj (.text:ti_sysbios_knl_Swi_schedule__I)
                  00004174    00000004     ti.targets.arm.rtsarm.aem4f : Error.oem4f (.text:xdc_runtime_Error_getSite__E)
                  00004178    0000005c     sysbios.aem4f : BIOS.obj (.text:ti_sysbios_knl_Task_Module_startup__E)
                  000041d4    00000004     empty_min_pem4f.oem4f (.text:xdc_runtime_System_Module_GateProxy_enter__E)
                  000041d8    0000005c     sysbios.aem4f : BIOS.obj (.text:ti_sysbios_knl_Task_startCore__E)
                  00004234    0000005b     ti.targets.arm.rtsarm.aem4f : Text.oem4f (.text:xdc_runtime_Text_putLab__E)
                  0000428f    00000001     --HOLE-- [fill = 0]
                  00004290    00000058     rtsv7M4_T_le_v4SPD16_eabi.lib : hostwrite.c.obj (.text:HOSTwrite)
                  000042e8    00000058     boot.aem4f : boot.oem4f (.text)
                  00004340    00000058     empty_min_pem4f.oem4f (.text:ti_sysbios_family_arm_m3_Hwi_construct)
                  00004398    00000058     sysbios.aem4f : m3_Hwi_asm_switch.obj (.text:ti_sysbios_family_arm_m3_Hwi_initStacks__E)
                  000043f0    00000056     driverlib.lib : gpio.obj (.text:GPIOIntTypeSet)
                  00004446    00000002     --HOLE-- [fill = 0]
                  00004448    00000054     RAP_Robot_TM4C123G.obj (.text:EK_TM4C123GXL_initPWM)
                  0000449c    00000054     drivers_tivaware.aem4f : UARTTiva.oem4f (.text:readIsrBinaryCallback)
                  000044f0    00000054     sysbios.aem4f : BIOS.obj (.text:ti_sysbios_family_arm_lm4_Timer_initDevice__I)
                  00004544    00000054     empty_min_pem4f.oem4f (.text:ti_sysbios_knl_Task_construct)
                  00004598    00000054     ti.targets.arm.rtsarm.aem4f : Assert.oem4f (.text:xdc_runtime_Assert_raise__I)
                  000045ec    00000050     drivers_tivaware.aem4f : GPIOTiva.oem4f (.text:GPIO_setCallback)
                  0000463c    00000050                            : GPIOTiva.oem4f (.text:GPIO_write)
                  0000468c    00000050                            : UARTTiva.oem4f (.text:UARTTiva_writeCancel)
                  000046dc    00000004     empty_min_pem4f.oem4f (.text:xdc_runtime_System_Module_GateProxy_leave__E)
                  000046e0    00000050     sysbios.aem4f : BIOS.obj (.text:ti_sysbios_family_arm_m3_Hwi_Module_startup__E)
                  00004730    00000050                   : BIOS.obj (.text:ti_sysbios_knl_Clock_Instance_init__E)
                  00004780    00000050     ti.targets.arm.rtsarm.aem4f : Startup.oem4f (.text:xdc_runtime_Startup_exec__E)
                  000047d0    00000050                                 : Text.oem4f (.text:xdc_runtime_Text_visitRope2__I)
                  00004820    0000004c     drivers_tivaware.aem4f : UARTTiva.oem4f (.text:UARTTiva_close)
                  0000486c    0000004c     rtsv7M4_T_le_v4SPD16_eabi.lib : cpy_tbl.c.obj (.text:copy_in)
                  000048b8    0000004c     sysbios.aem4f : BIOS.obj (.text:ti_sysbios_heaps_HeapMem_getStats__E)
                  00004904    00000004     ti.targets.arm.rtsarm.aem4f : System.oem4f (.text:xdc_runtime_System_aprintf_va__F)
                  00004908    0000004c     sysbios.aem4f : BIOS.obj (.text:ti_sysbios_knl_Swi_runLoop__I)
                  00004954    00000004     ti.targets.arm.rtsarm.aem4f : System.oem4f (.text:xdc_runtime_System_printf_va__F)
                  00004958    0000004c     sysbios.aem4f : BIOS.obj (.text:ti_sysbios_knl_Task_allBlockedFunction__I)
                  000049a4    00000004     --HOLE-- [fill = 0]
                  000049a8    0000004c                   : BIOS.obj (.text:ti_sysbios_knl_Task_schedule__I)
                  000049f4    00000048     driverlib.lib : gpio.obj (.text:GPIOPinConfigure)
                  00004a3c    00000048                   : i2c.obj (.text:I2CMasterInitExpClk)
                  00004a84    00000048     MotorDriver.obj (.text:MotorDriver_Params_init)
                  00004acc    00000004     --HOLE-- [fill = 0]
                  00004ad0    00000048     sysbios.aem4f : BIOS.obj (.text:ti_sysbios_family_arm_lm4_Timer_enableTimers__I)
                  00004b18    00000048                   : BIOS.obj (.text:ti_sysbios_family_arm_m3_Hwi_disableInterrupt__E)
                  00004b60    00000048                   : BIOS.obj (.text:ti_sysbios_family_arm_m3_Hwi_enableInterrupt__E)
                  00004ba8    00000048                   : BIOS.obj (.text:ti_sysbios_family_arm_m3_Hwi_excReserved__I)
                  00004bf0    00000046     drivers_tivaware.aem4f : RingBuf.oem4f (.text:RingBuf_put)
                  00004c36    00000046     ti.targets.arm.rtsarm.aem4f : Core-params.oem4f (.text:xdc_runtime_Core_assignParams__I)
                  00004c7c    00000004     --HOLE-- [fill = 0]
                  00004c80    00000044     sysbios.aem4f : BIOS.obj (.text:ti_sysbios_family_arm_lm4_Timer_isrStub__E)
                  00004cc4    00000004     --HOLE-- [fill = 0]
                  00004cc8    00000044                   : BIOS.obj (.text:ti_sysbios_family_arm_m3_Hwi_getStackInfo__E)
                  00004d0c    00000004     --HOLE-- [fill = 0]
                  00004d10    00000044                   : BIOS.obj (.text:ti_sysbios_knl_Swi_post__E)
                  00004d54    00000044     ti.targets.arm.rtsarm.aem4f : Error.oem4f (.text:xdc_runtime_Error_setX__E)
                  00004d98    00000044                                 : SysMin.oem4f (.text:xdc_runtime_SysMin_flush__E)
                  00004ddc    00000044                                 : Text.oem4f (.text:xdc_runtime_Text_xprintf__I)
                  00004e20    00000042     driverlib.lib : uart.obj (.text:UARTConfigSetExpClk)
                  00004e62    00000042     drivers_tivaware.aem4f : UARTTiva.oem4f (.text:UARTTiva_hwiIntFxn)
                  00004ea4    00000042                            : UARTTiva.oem4f (.text:UARTTiva_writePolling)
                  00004ee6    00000002     --HOLE-- [fill = 0]
                  00004ee8    00000040     RAP_Robot_TM4C123G.obj (.text:EK_TM4C123GXL_initGeneral)
                  00004f28    00000040     drivers_tivaware.aem4f : RingBuf.oem4f (.text:RingBuf_get)
                  00004f68    00000040                            : UARTTiva.oem4f (.text:UARTTiva_read)
                  00004fa8    00000040     RAP_Robot.obj (.text:main)
                  00004fe8    00000040     rtsv7M4_T_le_v4SPD16_eabi.lib : u_divt2.asm.obj (.text)
                  00005028    00000040     sysbios.aem4f : BIOS.obj (.text:ti_sysbios_family_arm_lm4_Timer_startup__E)
                  00005068    00000040                   : BIOS.obj (.text:ti_sysbios_heaps_HeapMem_Instance_init__E)
                  000050a8    0000003e     driverlib.lib : adc.obj (.text:ADCSequenceConfigure)
                  000050e6    00000002     --HOLE-- [fill = 0]
                  000050e8    0000003c     sysbios.aem4f : BIOS.obj (.text:ti_sysbios_family_arm_m3_Hwi_excSvCall__I)
                  00005124    00000004     --HOLE-- [fill = 0]
                  00005128    0000003c                   : BIOS.obj (.text:ti_sysbios_heaps_HeapMem_init__I)
                  00005164    00000004     --HOLE-- [fill = 0]
                  00005168    0000003c                   : BIOS.obj (.text:ti_sysbios_knl_Swi_restore__E)
                  000051a4    0000003a     drivers_tivaware.aem4f : I2CTiva.oem4f (.text:I2CTiva_completeTransfer)
                  000051de    00000002     --HOLE-- [fill = 0]
                  000051e0    00000038     RAP_Robot_TM4C123G.obj (.text:EK_TM4C123GXL_initI2C)
                  00005218    00000038     drivers_tivaware.aem4f : I2C.oem4f (.text:I2C_init)
                  00005250    00000038                            : PWM.oem4f (.text:PWM_init)
                  00005288    00000038     driverlib.lib : sysctl.obj (.text:SysCtlPeripheralReady)
                  000052c0    00000038     drivers_tivaware.aem4f : UART.oem4f (.text:UART_init)
                  000052f8    00000038     rtsv7M4_T_le_v4SPD16_eabi.lib : trgmsg.c.obj (.text:__TI_writemsg)
                  00005330    00000038     sysbios.aem4f : BIOS.obj (.text:ti_sysbios_family_arm_m3_Hwi_excNoIsr__I)
                  00005368    00000038                   : BIOS.obj (.text:ti_sysbios_knl_Task_processVitalTaskFlag__I)
                  000053a0    00000038     ti.targets.arm.rtsarm.aem4f : SysMin.oem4f (.text:xdc_runtime_SysMin_putch__E)
                  000053d8    00000038                                 : System.oem4f (.text:xdc_runtime_System_atexit__E)
                  00005410    00000036     drivers_tivaware.aem4f : I2CTiva.oem4f (.text:I2CTiva_close)
                  00005446    00000036                            : UARTTiva.oem4f (.text:UARTTiva_readCancel)
                  0000547c    00000034     driverlib.lib : sysctl.obj (.text:SysCtlPeripheralEnable)
                  000054b0    00000034     rtsv7M4_T_le_v4SPD16_eabi.lib : trgmsg.c.obj (.text:__TI_readmsg)
                  000054e4    00000004     --HOLE-- [fill = 0]
                  000054e8    00000034     sysbios.aem4f : BIOS.obj (.text:ti_sysbios_family_arm_m3_Hwi_Instance_finalize__E)
                  0000551c    00000004     --HOLE-- [fill = 0]
                  00005520    00000034                   : BIOS.obj (.text:ti_sysbios_family_arm_m3_Hwi_excNmi__I)
                  00005554    00000034     empty_min_pem4f.oem4f (.text:ti_sysbios_knl_Clock_construct)
                  00005588    00000034     ti.targets.arm.rtsarm.aem4f : Core-label.oem4f (.text:xdc_runtime_Core_assignLabel__I)
                  000055bc    00000033                                 : Text.oem4f (.text:xdc_runtime_Text_printVisFxn__I)
                  000055ef    00000001     --HOLE-- [fill = 0]
                  000055f0    00000032     sysbios.aem4f : BIOS.obj (.text:ti_sysbios_hal_Hwi_initStack)
                  00005622    00000002     --HOLE-- [fill = 0]
                  00005624    00000030     RAP_Robot_TM4C123G.obj (.text:EK_TM4C123GXL_initGPIO)
                  00005654    00000030     drivers_tivaware.aem4f : PWMTiva.oem4f (.text:PWMTiva_init)
                  00005684    00000030                            : PWM.oem4f (.text:PWM_open)
                  000056b4    00000030                            : UART.oem4f (.text:UART_open)
                  000056e4    00000030     empty_min_pem4f.oem4f (.text:ti_sysbios_BIOS_atExitFunc__I)
                  00005714    00000004     --HOLE-- [fill = 0]
                  00005718    00000030     sysbios.aem4f : BIOS.obj (.text:ti_sysbios_family_arm_lm4_Timer_stop__E)
                  00005748    00000030                   : BIOS.obj (.text:ti_sysbios_family_arm_m3_TaskSupport_start__E)
                  00005778    00000030     empty_min_pem4f.oem4f (.text:ti_sysbios_gates_GateHwi_Object__create__S)
                  000057a8    00000030     empty_min_pem4f.oem4f (.text:ti_sysbios_gates_GateMutex_Object__create__S)
                  000057d8    00000030     sysbios.aem4f : BIOS.obj (.text:ti_sysbios_gates_GateMutex_enter__E)
                  00005808    00000030     empty_min_pem4f.oem4f (.text:ti_sysbios_heaps_HeapMem_Object__create__S)
                  00005838    00000030     empty_min_pem4f.oem4f (.text:ti_sysbios_knl_Semaphore_construct)
                  00005868    00000030     sysbios.aem4f : BIOS.obj (.text:ti_sysbios_knl_Semaphore_pendTimeout__I)
                  00005898    00000030                   : BIOS.obj (.text:ti_sysbios_knl_Task_unblockI__E)
                  000058c8    00000030     ti.targets.arm.rtsarm.aem4f : SysMin.oem4f (.text:xdc_runtime_SysMin_abort__E)
                  000058f8    00000030                                 : System.oem4f (.text:xdc_runtime_System_processAtExit__E)
                  00005928    0000002c     RAP_Robot_TM4C123G.obj (.text:EK_TM4C123GXL_initUART)
                  00005954    0000002c     empty_min_pem4f.oem4f (.text:ti_sysbios_knl_Clock_doTick__I)
                  00005980    0000002c     empty_min_pem4f.oem4f (.text:ti_sysbios_knl_Queue_construct)
                  000059ac    00000004     --HOLE-- [fill = 0]
                  000059b0    0000002c     sysbios.aem4f : BIOS.obj (.text:ti_sysbios_knl_Task_restore__E)
                  000059dc    0000002c     ti.targets.arm.rtsarm.aem4f : Text.oem4f (.text:xdc_runtime_Text_cordText__E)
                  00005a08    0000002a     driverlib.lib : gpio.obj (.text:GPIODirModeSet)
                  00005a32    0000002a     ti.targets.arm.rtsarm.aem4f : System.oem4f (.text:xdc_runtime_System_putchar__I)
                  00005a5c    00000028     UART_tools.obj (.text:UART_CharToInt)
                  00005a84    00000004     --HOLE-- [fill = 0]
                  00005a88    00000028     sysbios.aem4f : BIOS.obj (.text:ti_sysbios_knl_Swi_Module_startup__E)
                  00005ab0    00000026                   : m3_Hwi_asm.obj (.text:ti_sysbios_family_arm_m3_Hwi_pendSV__I)
                  00005ad6    00000026     ti.targets.arm.rtsarm.aem4f : System.oem4f (.text:xdc_runtime_System_avprintf__E)
                  00005afc    00000024     MotorDriver.obj (.text:MotorDriver_Start)
                  00005b20    00000024     MotorDriver.obj (.text:MotorDriver_Stop)
                  00005b44    00000024     empty_min_pem4f.oem4f (.text:ti_sysbios_BIOS_errorRaiseHook__I)
                  00005b68    00000024     empty_min_pem4f.oem4f (.text:ti_sysbios_BIOS_registerRTSLock__I)
                  00005b8c    00000024     empty_min_pem4f.oem4f (.text:ti_sysbios_BIOS_removeRTSLock__I)
                  00005bb0    00000024     empty_min_pem4f.oem4f (.text:ti_sysbios_BIOS_startFunc__I)
                  00005bd4    00000024     empty_min_pem4f.oem4f (.text:ti_sysbios_gates_GateMutex_Object__delete__S)
                  00005bf8    00000024     sysbios.aem4f : BIOS.obj (.text:ti_sysbios_knl_Clock_Module_startup__E)
                  00005c1c    00000004     --HOLE-- [fill = 0]
                  00005c20    00000024                   : BIOS.obj (.text:ti_sysbios_knl_Clock_start__E)
                  00005c44    00000004     --HOLE-- [fill = 0]
                  00005c48    00000024                   : BIOS.obj (.text:ti_sysbios_knl_Semaphore_Instance_init__E)
                  00005c6c    00000004     --HOLE-- [fill = 0]
                  00005c70    00000024                   : BIOS.obj (.text:ti_sysbios_knl_Task_restoreHwi__E)
                  00005c94    00000024     ti.targets.arm.rtsarm.aem4f : System.oem4f (.text:xdc_runtime_System_vprintf__E)
                  00005cb8    00000022     driverlib.lib : pwm.obj (.text:PWMGenConfigure)
                  00005cda    00000022     drivers_tivaware.aem4f : PWMTiva.oem4f (.text:PWMTiva_getPeriodCounts)
                  00005cfc    00000022     UART_tools.obj (.text:UART_puts)
                  00005d1e    00000002     --HOLE-- [fill = 0]
                  00005d20    00000022     sysbios.aem4f : BIOS.obj (.text:ti_sysbios_family_arm_lm4_Timer_write__I)
                  00005d42    00000022     empty_min_pem4f.oem4f (.text:xdc_runtime_SysMin_output__I)
                  00005d64    00000020     empty_min_pem4f.oem4f (.text:ti_sysbios_BIOS_rtsLock__I)
                  00005d84    00000020     sysbios.aem4f : m3_Hwi_asm.obj (.text:ti_sysbios_family_arm_m3_Hwi_excHandlerAsm__I)
                  00005da4    00000004     --HOLE-- [fill = 0]
                  00005da8    00000020                   : BIOS.obj (.text:ti_sysbios_family_arm_m3_Hwi_excHandler__I)
                  00005dc8    00000020     empty_min_pem4f.oem4f (.text:ti_sysbios_gates_GateHwi_Object__delete__S)
                  00005de8    00000020     empty_min_pem4f.oem4f (.text:ti_sysbios_heaps_HeapMem_Object__delete__S)
                  00005e08    00000020     empty_min_pem4f.oem4f (.text:ti_sysbios_knl_Clock_Object__destruct__S)
                  00005e28    00000020     sysbios.aem4f : BIOS.obj (.text:ti_sysbios_knl_Idle_run__E)
                  00005e48    00000020     empty_min_pem4f.oem4f (.text:ti_sysbios_knl_Semaphore_Object__destruct__S)
                  00005e68    00000020     ti.targets.arm.rtsarm.aem4f : Registry.oem4f (.text:xdc_runtime_Registry_findById__E)
                  00005e88    00000020                                 : SysMin.oem4f (.text:xdc_runtime_SysMin_Module_startup__E)
                  00005ea8    0000001e     driverlib.lib : pwm.obj (.text:PWMPulseWidthSet)
                  00005ec6    0000001e     drivers_tivaware.aem4f : PWMTiva.oem4f (.text:PWMTiva_getPeriodMicroSecs)
                  00005ee4    0000001e     sysbios.aem4f : m3_Hwi_asm_switch.obj (.text:ti_sysbios_family_xxx_Hwi_switchAndRunFunc)
                  00005f02    00000002     --HOLE-- [fill = 0]
                  00005f04    0000001c     driverlib.lib : uart.obj (.text:UARTDisable)
                  00005f20    0000001c     drivers_tivaware.aem4f : GPIOTiva.oem4f (.text:getGpioIntIndex)
                  00005f3c    0000001c     empty_min_pem4f.oem4f (.text:ti_sysbios_family_arm_m3_Hwi_Object__destruct__S)
                  00005f58    0000001c     sysbios.aem4f : BIOS.obj (.text:ti_sysbios_gates_GateMutex_Instance_init__E)
                  00005f74    00000004     --HOLE-- [fill = 0]
                  00005f78    0000001c                   : BIOS.obj (.text:ti_sysbios_knl_Clock_Instance_finalize__E)
                  00005f94    0000001c     empty_min_pem4f.oem4f (.text:ti_sysbios_knl_Queue_Object__destruct__S)
                  00005fb0    0000001c     sysbios.aem4f : BIOS.obj (.text:ti_sysbios_knl_Queue_put__E)
                  00005fcc    00000004     --HOLE-- [fill = 0]
                  00005fd0    0000001c                   : BIOS.obj (.text:ti_sysbios_knl_Task_enter__I)
                  00005fec    0000001c     ti.targets.arm.rtsarm.aem4f : Error.oem4f (.text:xdc_runtime_Error_raiseX__E)
                  00006008    0000001c                                 : Memory.oem4f (.text:xdc_runtime_Memory_valloc__E)
                  00006024    0000001c                                 : SysMin.oem4f (.text:xdc_runtime_SysMin_exit__E)
                  00006040    0000001c                                 : System.oem4f (.text:xdc_runtime_System_abort__E)
                  0000605c    0000001a     UART_tools.obj (.text:UART_readChar)
                  00006076    0000001a     empty_min_pem4f.oem4f (.text:ti_sysbios_family_arm_m3_Hwi_Handle__label__S)
                  00006090    0000001a     empty_min_pem4f.oem4f (.text:ti_sysbios_gates_GateHwi_Handle__label__S)
                  000060aa    0000001a     empty_min_pem4f.oem4f (.text:ti_sysbios_gates_GateMutex_Handle__label__S)
                  000060c4    0000001a     empty_min_pem4f.oem4f (.text:ti_sysbios_heaps_HeapMem_Handle__label__S)
                  000060de    0000001a     empty_min_pem4f.oem4f (.text:ti_sysbios_knl_Swi_Handle__label__S)
                  000060f8    0000001a     empty_min_pem4f.oem4f (.text:ti_sysbios_knl_Task_Handle__label__S)
                  00006112    0000001a     empty_min_pem4f.oem4f (.text:xdc_runtime_System_aprintf__E)
                  0000612c    0000001a     empty_min_pem4f.oem4f (.text:xdc_runtime_System_printf__E)
                  00006146    00000002     --HOLE-- [fill = 0]
                  00006148    00000018     drivers_tivaware.aem4f : UART.oem4f (.text:UART_Params_init)
                  00006160    00000018     rtsv7M4_T_le_v4SPD16_eabi.lib : args_main.c.obj (.text:_args_main)
                  00006178    00000018     empty_min_pem4f.oem4f (.text:ti_sysbios_BIOS_rtsUnlock__I)
                  00006190    00000018     empty_min_pem4f.oem4f (.text:ti_sysbios_family_arm_lm4_Timer_Module__startupDone__F)
                  000061a8    00000018     empty_min_pem4f.oem4f (.text:ti_sysbios_family_arm_m3_Hwi_Module__startupDone__F)
                  000061c0    00000018     sysbios.aem4f : m3_TaskSupport_asm.obj (.text:ti_sysbios_family_arm_m3_TaskSupport_swap__E)
                  000061d8    00000018                   : BIOS.obj (.text:ti_sysbios_gates_GateMutex_leave__E)
                  000061f0    00000018                   : BIOS.obj (.text:ti_sysbios_knl_Task_sleepTimeout__I)
                  00006208    00000018     ti.targets.arm.rtsarm.aem4f : Error.oem4f (.text:xdc_runtime_Error_check__E)
                  00006220    00000018                                 : System.oem4f (.text:xdc_runtime_System_exit__E)
                  00006238    00000018                                 : Text.oem4f (.text:xdc_runtime_Text_ropeText__E)
                  00006250    00000016     driverlib.lib : i2c.obj (.text:I2CMasterErr)
                  00006266    00000016     empty_min_pem4f.oem4f (.text:ti_sysbios_BIOS_exitFunc__I)
                  0000627c    00000016     RAP_Robot.obj (.text:ti_sysbios_knl_Task_Params_init)
                  00006292    00000002     --HOLE-- [fill = 0]
                  00006294    00000014     driverlib.lib : pwm.obj (.text:PWMClockSet)
                  000062a8    00000014                   : sysctl.obj (.text:SysCtlPWMClockSet)
                  000062bc    00000014                   : uart.obj (.text:UARTEnable)
                  000062d0    00000014     rtsv7M4_T_le_v4SPD16_eabi.lib : strlen.c.obj (.text:strlen)
                  000062e4    00000014     empty_min_pem4f.oem4f (.text:ti_sysbios_family_arm_m3_Hwi_Object__get__S)
                  000062f8    00000014     sysbios.aem4f : BIOS.obj (.text:ti_sysbios_family_arm_m3_Hwi_switchFromBootStack__E)
                  0000630c    00000014     empty_min_pem4f.oem4f (.text:ti_sysbios_heaps_HeapMem_Object__get__S)
                  00006320    00000014     empty_min_pem4f.oem4f (.text:ti_sysbios_knl_Swi_Object__get__S)
                  00006334    00000012     driverlib.lib : gpio.obj (.text:GPIOPinTypeADC)
                  00006346    00000012                   : gpio.obj (.text:GPIOPinTypeGPIOInput)
                  00006358    00000012                   : gpio.obj (.text:GPIOPinTypeI2C)
                  0000636a    00000012                   : gpio.obj (.text:GPIOPinTypeI2CSCL)
                  0000637c    00000012                   : gpio.obj (.text:GPIOPinTypePWM)
                  0000638e    00000012                   : gpio.obj (.text:GPIOPinTypeQEI)
                  000063a0    00000012                   : gpio.obj (.text:GPIOPinTypeUART)
                  000063b2    00000012                   : pwm.obj (.text:PWMGenPeriodGet)
                  000063c4    00000012                   : pwm.obj (.text:PWMOutputInvert)
                  000063d6    00000012                   : pwm.obj (.text:PWMOutputState)
                  000063e8    00000012     drivers_tivaware.aem4f : RingBuf.oem4f (.text:RingBuf_construct)
                  000063fa    00000006     driverlib.lib : gpio.obj (.text:GPIOIntClear)
                  00006400    00000012     sysbios.aem4f : BIOS.obj (.text:ti_sysbios_hal_Hwi_Module_startup__E)
                  00006412    00000012     empty_min_pem4f.oem4f (.text:xdc_runtime_Startup_exec__I)
                  00006424    00000010     driverlib.lib : pwm.obj (.text:PWMGenPeriodSet)
                  00006434    00000010     drivers_tivaware.aem4f : PWM.oem4f (.text:PWM_Params_init)
                  00006444    00000010     driverlib.lib : qei.obj (.text:QEIVelocityConfigure)
                  00006454    00000010     drivers_tivaware.aem4f : UARTTiva.oem4f (.text:readBlockingTimeout)
                  00006464    00000004     --HOLE-- [fill = 0]
                  00006468    00000010     sysbios.aem4f : BIOS.obj (.text:ti_sysbios_BIOS_getCpuFreq__E)
                  00006478    00000010                   : BIOS.obj (.text:ti_sysbios_BIOS_setThreadType__E)
                  00006488    00000010                   : BIOS.obj (.text:ti_sysbios_BIOS_start__E)
                  00006498    00000010                   : m3_TaskSupport_asm.obj (.text:ti_sysbios_family_arm_m3_TaskSupport_glue)
                  000064a8    00000010                   : BIOS.obj (.text:ti_sysbios_gates_GateMutex_Instance_finalize__E)
                  000064b8    00000010                   : BIOS.obj (.text:ti_sysbios_knl_Semaphore_Instance_finalize__E)
                  000064c8    00000010                   : BIOS.obj (.text:ti_sysbios_knl_Swi_disable__E)
                  000064d8    00000010                   : BIOS.obj (.text:ti_sysbios_knl_Task_disable__E)
                  000064e8    00000010     ti.targets.arm.rtsarm.aem4f : Gate.oem4f (.text:xdc_runtime_Gate_leaveSystem__E)
                  000064f8    00000010                                 : Memory.oem4f (.text:xdc_runtime_Memory_free__E)
                  00006508    00000010                                 : SysMin.oem4f (.text:xdc_runtime_SysMin_ready__E)
                  00006518    00000010                                 : System.oem4f (.text:xdc_runtime_System_vsnprintf__E)
                  00006528    00000010     empty_min_pem4f.oem4f (.text:xdc_runtime_Text_visitRope__I)
                  00006538    0000000e     driverlib.lib : adc.obj (.text:ADCSequenceEnable)
                  00006546    0000000e                   : gpio.obj (.text:GPIOIntStatus)
                  00006554    0000000e                   : qei.obj (.text:QEIConfigure)
                  00006562    0000000e                   : uart.obj (.text:UARTCharGetNonBlocking)
                  00006570    0000000e                   : uart.obj (.text:UARTCharPutNonBlocking)
                  0000657e    0000000e     rtsv7M4_T_le_v4SPD16_eabi.lib : copy_decompress_none.c.obj (.text:decompress:none:__TI_decompress_none)
                  0000658c    00000004     --HOLE-- [fill = 0]
                  00006590    0000000e     sysbios.aem4f : BIOS.obj (.text:ti_sysbios_knl_Queue_empty__E)
                  0000659e    0000000e     empty_min_pem4f.oem4f (.text:ti_sysbios_knl_Task_Object__get__S)
                  000065ac    0000000c     empty_min_pem4f.oem4f (.text:.bootCodeSection:ti_catalog_arm_cortexm4_tiva_ce_Boot_init__I)
                  000065b8    0000000c     driverlib.lib : adc.obj (.text:ADCReferenceSet)
                  000065c4    0000000c                   : pwm.obj (.text:PWMGenDisable)
                  000065d0    0000000c                   : pwm.obj (.text:PWMGenEnable)
                  000065dc    0000000c     drivers_tivaware.aem4f : RingBuf.oem4f (.text:RingBuf_peek)
                  000065e8    0000000c     driverlib.lib : uart.obj (.text:UARTFlowControlSet)
                  000065f4    0000000c     drivers_tivaware.aem4f : UARTTiva.oem4f (.text:UARTTiva_init)
                  00006600    0000000c     rtsv7M4_T_le_v4SPD16_eabi.lib : _lock.c.obj (.text:_register_lock)
                  0000660c    0000000c                                   : _lock.c.obj (.text:_register_unlock)
                  00006618    0000000c                                   : copy_zero_init.c.obj (.text:decompress:ZI:__TI_zero_init)
                  00006624    00000004     --HOLE-- [fill = 0]
                  00006628    0000000c     sysbios.aem4f : BIOS.obj (.text:ti_sysbios_family_arm_lm4_Timer_getMaxTicks__E)
                  00006634    0000000c     empty_min_pem4f.oem4f (.text:ti_sysbios_family_arm_m3_Hwi_Params__init__S)
                  00006640    0000000c     sysbios.aem4f : BIOS.obj (.text:ti_sysbios_family_arm_m3_Hwi_disableFxn__E)
                  0000664c    00000004     --HOLE-- [fill = 0]
                  00006650    0000000c                   : BIOS.obj (.text:ti_sysbios_family_arm_m3_TaskSupport_getStackAlignment__E)
                  0000665c    00000004     --HOLE-- [fill = 0]
                  00006660    0000000c                   : BIOS.obj (.text:ti_sysbios_gates_GateHwi_enter__E)
                  0000666c    0000000c     empty_min_pem4f.oem4f (.text:ti_sysbios_knl_Clock_Params__init__S)
                  00006678    0000000c     empty_min_pem4f.oem4f (.text:ti_sysbios_knl_Queue_Object__get__S)
                  00006684    0000000c     empty_min_pem4f.oem4f (.text:ti_sysbios_knl_Semaphore_Params__init__S)
                  00006690    0000000c     empty_min_pem4f.oem4f (.text:ti_sysbios_knl_Task_Params__init__S)
                  0000669c    0000000c     ti.targets.arm.rtsarm.aem4f : Error.oem4f (.text:xdc_runtime_Error_init__E)
                  000066a8    0000000c                                 : Gate.oem4f (.text:xdc_runtime_Gate_enterSystem__E)
                  000066b4    0000000c                                 : Memory.oem4f (.text:xdc_runtime_Memory_calloc__E)
                  000066c0    0000000c                                 : Memory.oem4f (.text:xdc_runtime_Memory_getMaxDefaultTypeAlign__E)
                  000066cc    0000000a     driverlib.lib : i2c.obj (.text:I2CMasterDisable)
                  000066d6    0000000a                   : i2c.obj (.text:I2CMasterEnable)
                  000066e0    0000000a     drivers_tivaware.aem4f : I2CTiva.oem4f (.text:I2CTiva_init)
                  000066ea    0000000a                            : PWM.oem4f (.text:PWM_setDuty)
                  000066f4    0000000a     driverlib.lib : qei.obj (.text:QEIEnable)
                  000066fe    0000000a                   : qei.obj (.text:QEIVelocityEnable)
                  00006708    0000000a                   : uart.obj (.text:UARTCharGet)
                  00006712    0000000a                   : uart.obj (.text:UARTCharPut)
                  0000671c    0000000a                   : uart.obj (.text:UARTIntDisable)
                  00006726    0000000a                   : uart.obj (.text:UARTIntStatus)
                  00006730    0000000a     drivers_tivaware.aem4f : UART.oem4f (.text:UART_read)
                  0000673a    0000000a                            : UART.oem4f (.text:UART_write)
                  00006744    0000000a     empty_min_pem4f.oem4f (.text:xdc_runtime_IHeap_alloc)
                  0000674e    0000000a     empty_min_pem4f.oem4f (.text:xdc_runtime_IHeap_free)
                  00006758    00000008     driverlib.lib : i2c.obj (.text:I2CMasterIntClear)
                  00006760    00000008                   : i2c.obj (.text:I2CMasterSlaveAddrSet)
                  00006768    00000008     drivers_tivaware.aem4f : I2CTiva.oem4f (.text:I2CTiva_blockingCallback)
                  00006770    00000008     driverlib.lib : uart.obj (.text:UARTIntEnable)
                  00006778    00000008                   : uart.obj (.text:UARTRxErrorGet)
                  00006780    00000008     drivers_tivaware.aem4f : UARTTiva.oem4f (.text:readSemCallback)
                  00006788    00000008     sysbios.aem4f : BIOS.obj (.text:ti_sysbios_family_arm_lm4_Timer_masterDisable__I)
                  00006790    00000008                   : BIOS.obj (.text:ti_sysbios_family_arm_m3_Hwi_doSwiRestore__I)
                  00006798    00000008                   : BIOS.obj (.text:ti_sysbios_family_arm_m3_Hwi_startup__E)
                  000067a0    00000008     drivers_tivaware.aem4f : UARTTiva.oem4f (.text:writeSemCallback)
                  000067a8    00000006     driverlib.lib : gpio.obj (.text:GPIOPinWrite)
                  000067ae    00000006                   : i2c.obj (.text:I2CMasterIntDisable)
                  000067b4    00000006                   : i2c.obj (.text:I2CMasterIntEnable)
                  000067ba    00000006     drivers_tivaware.aem4f : I2CTiva.oem4f (.text:I2CTiva_control)
                  000067c0    00000006     driverlib.lib : uart.obj (.text:UARTFIFOLevelSet)
                  000067c6    00000006                   : uart.obj (.text:UARTRxErrorClear)
                  000067cc    00000006     Boot.aem4f : Boot_sysctl.oem4f (.text:ti_catalog_arm_cortexm4_tiva_ce_Boot_sysCtlDelayI__I)
                  000067d2    00000006     ti.targets.arm.rtsarm.aem4f : System.oem4f (.text:xdc_runtime_System_Module_startup__E)
                  000067d8    00000006     sysbios.aem4f : BIOS.obj (.text:ti_sysbios_family_arm_m3_Hwi_doTaskRestore__I)
                  000067de    00000002     --HOLE-- [fill = 0]
                  000067e0    00000006                   : BIOS.obj (.text:ti_sysbios_family_arm_m3_Hwi_restoreFxn__E)
                  000067e6    00000002     --HOLE-- [fill = 0]
                  000067e8    00000006                   : BIOS.obj (.text:ti_sysbios_gates_GateHwi_leave__E)
                  000067ee    00000002     --HOLE-- [fill = 0]
                  000067f0    00000006                   : BIOS.obj (.text:ti_sysbios_heaps_HeapMem_isBlocking__E)
                  000067f6    00000002     --HOLE-- [fill = 0]
                  000067f8    00000006                   : BIOS.obj (.text:ti_sysbios_knl_Clock_stop__E)
                  000067fe    00000002     --HOLE-- [fill = 0]
                  00006800    00000006                   : BIOS.obj (.text:ti_sysbios_knl_Queue_Instance_init__E)
                  00006806    00000002     --HOLE-- [fill = 0]
                  00006808    00000006                   : BIOS.obj (.text:ti_sysbios_knl_Swi_startup__E)
                  0000680e    00000002     --HOLE-- [fill = 0]
                  00006810    00000004                   : BIOS.obj (.text:ti_sysbios_gates_GateHwi_query__E)
                  00006814    00000004     --HOLE-- [fill = 0]
                  00006818    00000004                   : BIOS.obj (.text:ti_sysbios_gates_GateMutex_query__E)
                  0000681c    00000004     --HOLE-- [fill = 0]
                  00006820    00000004                   : BIOS.obj (.text:ti_sysbios_knl_Task_startup__E)
                  00006824    00000004     --HOLE-- [fill = 0]
                  00006828    00000002                   : BIOS.obj (.text:ti_sysbios_gates_GateHwi_Instance_init__E)
                  0000682a    00000006     --HOLE-- [fill = 0]
                  00006830    00000002                   : BIOS.obj (.text:ti_sysbios_knl_Clock_logTick__E)

.const     0    00006834    0000205d     
                  00006834    00001844     empty_min_pem4f.oem4f (.const:xdc_runtime_Text_charTab__A)
                  00008078    000000bc     empty_min_pem4f.oem4f (.const:xdc_runtime_Text_nodeTab__A)
                  00008134    00000090     driverlib.lib : gpio.obj (.const:g_pui32GPIOBaseAddrs)
                  000081c4    00000054     drivers_tivaware.aem4f : GPIOTiva.oem4f (.const:.string)
                  00008218    0000004c                            : UARTTiva.oem4f (.const)
                  00008264    00000048     empty_min_pem4f.oem4f (.const:.string)
                  000082ac    00000048     drivers_tivaware.aem4f : GPIOTiva.oem4f (.const:gpioBaseAddresses)
                  000082f4    0000003c     RAP_Robot_TM4C123G.obj (.const:PWM_config)
                  00008330    0000003c     empty_min_pem4f.oem4f (.const:ti_sysbios_knl_Task_Object__PARAMS__C)
                  0000836c    00000030     RAP_Robot_TM4C123G.obj (.const:pwmTivaHWAttrs)
                  0000839c    00000030     empty_min_pem4f.oem4f (.const:ti_sysbios_family_arm_m3_Hwi_Object__PARAMS__C)
                  000083cc    00000028     drivers_tivaware.aem4f : UARTTiva.oem4f (.const:UARTTiva_fxnTable)
                  000083f4    00000028     empty_min_pem4f.oem4f (.const:ti_sysbios_heaps_HeapMem_Module__FXNS__C)
                  0000841c    00000024     drivers_tivaware.aem4f : UART.oem4f (.const:UART_defaultParams)
                  00008440    00000024     empty_min_pem4f.oem4f (.const:ti_sysbios_gates_GateHwi_Module__FXNS__C)
                  00008464    00000024     empty_min_pem4f.oem4f (.const:ti_sysbios_gates_GateMutex_Module__FXNS__C)
                  00008488    00000024     empty_min_pem4f.oem4f (.const:ti_sysbios_heaps_HeapMem_Object__PARAMS__C)
                  000084ac    00000024     empty_min_pem4f.oem4f (.const:ti_sysbios_knl_Clock_Object__PARAMS__C)
                  000084d0    00000024     empty_min_pem4f.oem4f (.const:ti_sysbios_knl_Semaphore_Object__PARAMS__C)
                  000084f4    00000020     drivers_tivaware.aem4f : PWMTiva.oem4f (.const)
                  00008514    00000020     empty_min_pem4f.oem4f (.const:ti_sysbios_family_arm_m3_Hwi_Object__DESC__C)
                  00008534    00000020     empty_min_pem4f.oem4f (.const:ti_sysbios_gates_GateHwi_Object__DESC__C)
                  00008554    00000020     empty_min_pem4f.oem4f (.const:ti_sysbios_gates_GateMutex_Object__DESC__C)
                  00008574    00000020     empty_min_pem4f.oem4f (.const:ti_sysbios_heaps_HeapMem_Object__DESC__C)
                  00008594    00000020     empty_min_pem4f.oem4f (.const:ti_sysbios_knl_Clock_Object__DESC__C)
                  000085b4    00000020     empty_min_pem4f.oem4f (.const:ti_sysbios_knl_Queue_Object__DESC__C)
                  000085d4    00000020     empty_min_pem4f.oem4f (.const:ti_sysbios_knl_Semaphore_Object__DESC__C)
                  000085f4    00000020     empty_min_pem4f.oem4f (.const:ti_sysbios_knl_Task_Object__DESC__C)
                  00008614    00000020     empty_min_pem4f.oem4f (.const:xdc_runtime_Startup_sfxnTab__A)
                  00008634    0000001c     drivers_tivaware.aem4f : I2CTiva.oem4f (.const)
                  00008650    00000018     RAP_Robot_TM4C123G.obj (.const:I2C_config)
                  00008668    00000018     RAP_Robot_TM4C123G.obj (.const:UART_config)
                  00008680    00000018     empty_min_pem4f.oem4f (.const:ti_sysbios_gates_GateHwi_Object__PARAMS__C)
                  00008698    00000018     empty_min_pem4f.oem4f (.const:ti_sysbios_gates_GateMutex_Object__PARAMS__C)
                  000086b0    00000018     empty_min_pem4f.oem4f (.const:ti_sysbios_knl_Queue_Object__PARAMS__C)
                  000086c8    00000018     RAP_Robot_TM4C123G.obj (.const:uartTivaHWAttrs)
                  000086e0    00000014     RAP_Robot_TM4C123G.obj (.const:GPIOTiva_config)
                  000086f4    00000014     empty_min_pem4f.oem4f (.const:xdc_runtime_Startup_firstFxns__A)
                  00008708    00000010     empty_min_pem4f.oem4f (.const:xdc_runtime_Startup_sfxnRts__A)
                  00008718    0000000c     drivers_tivaware.aem4f : PWM.oem4f (.const)
                  00008724    0000000c     RAP_Robot_TM4C123G.obj (.const:i2cTivaHWAttrs)
                  00008730    00000008     empty_min_pem4f.oem4f (.const:ti_sysbios_family_arm_m3_Hwi_excHookFuncs__A)
                  00008738    00000008     empty_min_pem4f.oem4f (.const:ti_sysbios_knl_Idle_funcList__C)
                  00008740    00000008     empty_min_pem4f.oem4f (.const:xdc_runtime_Startup_firstFxns__C)
                  00008748    00000008     empty_min_pem4f.oem4f (.const:xdc_runtime_Startup_lastFxns__C)
                  00008750    00000004     empty_min_pem4f.oem4f (.const:ti_catalog_arm_cortexm4_tiva_ce_Boot_A_mustUseEnhancedClockMode__C)
                  00008754    00000004     empty_min_pem4f.oem4f (.const:ti_catalog_arm_cortexm4_tiva_ce_Boot_Module__diagsEnabled__C)
                  00008758    00000004     empty_min_pem4f.oem4f (.const:ti_catalog_arm_cortexm4_tiva_ce_Boot_Module__diagsIncluded__C)
                  0000875c    00000004     empty_min_pem4f.oem4f (.const:ti_catalog_arm_cortexm4_tiva_ce_Boot_Module__diagsMask__C)
                  00008760    00000004     empty_min_pem4f.oem4f (.const:ti_sysbios_family_arm_lm4_Timer_enableFunc__C)
                  00008764    00000004     empty_min_pem4f.oem4f (.const:ti_sysbios_family_arm_lm4_Timer_numTimerDevices__C)
                  00008768    00000004     empty_min_pem4f.oem4f (.const:ti_sysbios_family_arm_lm4_Timer_startupNeeded__C)
                  0000876c    00000004     empty_min_pem4f.oem4f (.const:ti_sysbios_family_arm_m3_Hwi_E_NMI__C)
                  00008770    00000004     empty_min_pem4f.oem4f (.const:ti_sysbios_family_arm_m3_Hwi_E_alreadyDefined__C)
                  00008774    00000004     empty_min_pem4f.oem4f (.const:ti_sysbios_family_arm_m3_Hwi_E_busFault__C)
                  00008778    00000004     empty_min_pem4f.oem4f (.const:ti_sysbios_family_arm_m3_Hwi_E_debugMon__C)
                  0000877c    00000004     empty_min_pem4f.oem4f (.const:ti_sysbios_family_arm_m3_Hwi_E_hardFault__C)
                  00008780    00000004     empty_min_pem4f.oem4f (.const:ti_sysbios_family_arm_m3_Hwi_E_memFault__C)
                  00008784    00000004     empty_min_pem4f.oem4f (.const:ti_sysbios_family_arm_m3_Hwi_E_noIsr__C)
                  00008788    00000004     empty_min_pem4f.oem4f (.const:ti_sysbios_family_arm_m3_Hwi_E_reserved__C)
                  0000878c    00000004     empty_min_pem4f.oem4f (.const:ti_sysbios_family_arm_m3_Hwi_E_svCall__C)
                  00008790    00000004     empty_min_pem4f.oem4f (.const:ti_sysbios_family_arm_m3_Hwi_E_usageFault__C)
                  00008794    00000004     empty_min_pem4f.oem4f (.const:ti_sysbios_family_arm_m3_Hwi_NUM_INTERRUPTS__C)
                  00008798    00000004     empty_min_pem4f.oem4f (.const:ti_sysbios_family_arm_m3_Hwi_Object__count__C)
                  0000879c    00000004     empty_min_pem4f.oem4f (.const:ti_sysbios_family_arm_m3_Hwi_ccr__C)
                  000087a0    00000004     empty_min_pem4f.oem4f (.const:ti_sysbios_family_arm_m3_Hwi_excHandlerFunc__C)
                  000087a4    00000004     empty_min_pem4f.oem4f (.const:ti_sysbios_family_arm_m3_Hwi_excHookFuncs__C)
                  000087a8    00000004     empty_min_pem4f.oem4f (.const:ti_sysbios_family_arm_m3_Hwi_nullIsrFunc__C)
                  000087ac    00000004     empty_min_pem4f.oem4f (.const:ti_sysbios_family_arm_m3_Hwi_priGroup__C)
                  000087b0    00000004     empty_min_pem4f.oem4f (.const:ti_sysbios_family_arm_m3_TaskSupport_stackAlignment__C)
                  000087b4    00000004     empty_min_pem4f.oem4f (.const:ti_sysbios_gates_GateMutex_Instance_State_sem__O)
                  000087b8    00000004     empty_min_pem4f.oem4f (.const:ti_sysbios_heaps_HeapMem_E_memory__C)
                  000087bc    00000004     empty_min_pem4f.oem4f (.const:ti_sysbios_heaps_HeapMem_Module__gateObj__C)
                  000087c0    00000004     empty_min_pem4f.oem4f (.const:ti_sysbios_heaps_HeapMem_Object__count__C)
                  000087c4    00000004     empty_min_pem4f.oem4f (.const:ti_sysbios_heaps_HeapMem_reqAlign__C)
                  000087c8    00000004     empty_min_pem4f.oem4f (.const:ti_sysbios_knl_Clock_Module_State_clockQ__O)
                  000087cc    00000004     empty_min_pem4f.oem4f (.const:ti_sysbios_knl_Semaphore_Instance_State_pendQ__O)
                  000087d0    00000004     empty_min_pem4f.oem4f (.const:ti_sysbios_knl_Swi_Object__count__C)
                  000087d4    00000004     empty_min_pem4f.oem4f (.const:ti_sysbios_knl_Task_Module_State_inactiveQ__O)
                  000087d8    00000004     empty_min_pem4f.oem4f (.const:ti_sysbios_knl_Task_Object__count__C)
                  000087dc    00000004     empty_min_pem4f.oem4f (.const:ti_sysbios_knl_Task_allBlockedFunc__C)
                  000087e0    00000004     empty_min_pem4f.oem4f (.const:ti_sysbios_knl_Task_defaultStackHeap__C)
                  000087e4    00000004     empty_min_pem4f.oem4f (.const:ti_sysbios_knl_Task_defaultStackSize__C)
                  000087e8    00000004     empty_min_pem4f.oem4f (.const:ti_sysbios_knl_Task_numConstructedTasks__C)
                  000087ec    00000004     empty_min_pem4f.oem4f (.const:xdc_runtime_Assert_E_assertFailed__C)
                  000087f0    00000004     empty_min_pem4f.oem4f (.const:xdc_runtime_Core_A_initializedParams__C)
                  000087f4    00000004     empty_min_pem4f.oem4f (.const:xdc_runtime_Core_Module__diagsEnabled__C)
                  000087f8    00000004     empty_min_pem4f.oem4f (.const:xdc_runtime_Core_Module__diagsIncluded__C)
                  000087fc    00000004     empty_min_pem4f.oem4f (.const:xdc_runtime_Core_Module__diagsMask__C)
                  00008800    00000004     empty_min_pem4f.oem4f (.const:xdc_runtime_Error_E_memory__C)
                  00008804    00000004     empty_min_pem4f.oem4f (.const:xdc_runtime_Error_Module__diagsEnabled__C)
                  00008808    00000004     empty_min_pem4f.oem4f (.const:xdc_runtime_Error_Module__diagsIncluded__C)
                  0000880c    00000004     empty_min_pem4f.oem4f (.const:xdc_runtime_Error_Module__diagsMask__C)
                  00008810    00000004     empty_min_pem4f.oem4f (.const:xdc_runtime_Error_Module__loggerFxn8__C)
                  00008814    00000004     empty_min_pem4f.oem4f (.const:xdc_runtime_Error_Module__loggerObj__C)
                  00008818    00000004     empty_min_pem4f.oem4f (.const:xdc_runtime_Error_policyFxn__C)
                  0000881c    00000004     empty_min_pem4f.oem4f (.const:xdc_runtime_Error_raiseHook__C)
                  00008820    00000004     empty_min_pem4f.oem4f (.const:xdc_runtime_IGateProvider_Interface__BASE__C)
                  00008824    00000004     empty_min_pem4f.oem4f (.const:xdc_runtime_IHeap_Interface__BASE__C)
                  00008828    00000004     empty_min_pem4f.oem4f (.const:xdc_runtime_IModule_Interface__BASE__C)
                  0000882c    00000004     empty_min_pem4f.oem4f (.const:xdc_runtime_Log_L_error__C)
                  00008830    00000004     empty_min_pem4f.oem4f (.const:xdc_runtime_Memory_defaultHeapInstance__C)
                  00008834    00000004     empty_min_pem4f.oem4f (.const:xdc_runtime_Startup_execImpl__C)
                  00008838    00000004     empty_min_pem4f.oem4f (.const:xdc_runtime_Startup_maxPasses__C)
                  0000883c    00000004     empty_min_pem4f.oem4f (.const:xdc_runtime_Startup_sfxnRts__C)
                  00008840    00000004     empty_min_pem4f.oem4f (.const:xdc_runtime_Startup_sfxnTab__C)
                  00008844    00000004     empty_min_pem4f.oem4f (.const:xdc_runtime_SysMin_bufSize__C)
                  00008848    00000004     empty_min_pem4f.oem4f (.const:xdc_runtime_SysMin_outputFunc__C)
                  0000884c    00000004     empty_min_pem4f.oem4f (.const:xdc_runtime_System_Module__gateObj__C)
                  00008850    00000004     empty_min_pem4f.oem4f (.const:xdc_runtime_System_abortFxn__C)
                  00008854    00000004     empty_min_pem4f.oem4f (.const:xdc_runtime_System_exitFxn__C)
                  00008858    00000004     empty_min_pem4f.oem4f (.const:xdc_runtime_System_extendFxn__C)
                  0000885c    00000004     empty_min_pem4f.oem4f (.const:xdc_runtime_System_maxAtexitHandlers__C)
                  00008860    00000004     empty_min_pem4f.oem4f (.const:xdc_runtime_Text_charTab__C)
                  00008864    00000004     empty_min_pem4f.oem4f (.const:xdc_runtime_Text_nameEmpty__C)
                  00008868    00000004     empty_min_pem4f.oem4f (.const:xdc_runtime_Text_nameStatic__C)
                  0000886c    00000004     empty_min_pem4f.oem4f (.const:xdc_runtime_Text_nameUnknown__C)
                  00008870    00000004     empty_min_pem4f.oem4f (.const:xdc_runtime_Text_nodeTab__C)
                  00008874    00000004     empty_min_pem4f.oem4f (.const:xdc_runtime_Text_visitRopeFxn__C)
                  00008878    00000002     empty_min_pem4f.oem4f (.const:ti_catalog_arm_cortexm4_tiva_ce_Boot_Module__id__C)
                  0000887a    00000002     empty_min_pem4f.oem4f (.const:ti_sysbios_family_arm_m3_Hwi_Module__id__C)
                  0000887c    00000002     empty_min_pem4f.oem4f (.const:ti_sysbios_heaps_HeapMem_Module__id__C)
                  0000887e    00000002     empty_min_pem4f.oem4f (.const:xdc_runtime_Core_Module__id__C)
                  00008880    00000002     empty_min_pem4f.oem4f (.const:xdc_runtime_Error_Module__loggerDefined__C)
                  00008882    00000002     empty_min_pem4f.oem4f (.const:xdc_runtime_Error_maxDepth__C)
                  00008884    00000002     empty_min_pem4f.oem4f (.const:xdc_runtime_Memory_Module__id__C)
                  00008886    00000002     empty_min_pem4f.oem4f (.const:xdc_runtime_SysMin_flushAtExit__C)
                  00008888    00000002     empty_min_pem4f.oem4f (.const:xdc_runtime_Text_charCnt__C)
                  0000888a    00000002     empty_min_pem4f.oem4f (.const:xdc_runtime_Text_isLoaded__C)
                  0000888c    00000002     empty_min_pem4f.oem4f (.const:xdc_runtime_Text_registryModsLastId__C)
                  0000888e    00000002     empty_min_pem4f.oem4f (.const:xdc_runtime_Text_unnamedModsLastId__C)
                  00008890    00000001     empty_min_pem4f.oem4f (.const:xdc_runtime_Error_policy__C)

.cinit     0    00008898    000001f0     
                  00008898    000001bc     (.cinit..data.load) [load image, compression = lzss]
                  00008a54    0000000c     (__TI_handler_table)
                  00008a60    00000008     (.cinit..bss.load) [load image, compression = zero_init]
                  00008a68    00000008     (.cinit..vecs.load) [load image, compression = zero_init]
                  00008a70    00000018     (__TI_cinit_table)

.init_array 
*          0    00000000    00000000     UNINITIALIZED

.resetVecs 
*          0    00000000    0000003c     
                  00000000    0000003c     empty_min_pem4f.oem4f (.resetVecs)

.bss       0    20000360    00000dbc     UNINITIALIZED
                  20000360    00000400     (.common:ti_sysbios_heaps_HeapMem_Instance_State_0_buf__A)
                  20000760    00000360     (.common:ti_sysbios_family_arm_m3_Hwi_dispatchTable)
                  20000ac0    00000200     (.common:task0Stack)
                  20000cc0    00000120     rtsv7M4_T_le_v4SPD16_eabi.lib : trgmsg.c.obj (.bss:_CIOBUF_)
                  20000de0    000000cc     (.common:uartTivaObjects)
                  20000eac    00000090     drivers_tivaware.aem4f : GPIOTiva.oem4f (.bss:gpioCallbackInfo)
                  20000f3c    00000080     (.common:i2cTivaObjects)
                  20000fbc    00000080     (.common:xdc_runtime_SysMin_Module_State_0_outbuf__A)
                  2000103c    00000050     (.common:task0Struct)
                  2000108c    00000020     (.common:pwmTivaObjects)
                  200010ac    00000020     (.common:uartTivaRingBuffer)
                  200010cc    0000001c     (.common:Robot_MotorState)
                  200010e8    0000000c     (.common:Robot_EncoderL)
                  200010f4    0000000c     (.common:Robot_EncoderR)
                  20001100    00000008     (.common:parmbuf)
                  20001108    00000004     (.common:Robot_ENCL)
                  2000110c    00000004     (.common:Robot_ENCR)
                  20001110    00000004     (.common:Robot_Motor)
                  20001114    00000004     (.common:Robot_uart)
                  20001118    00000004     (.common:gpioInterruptVectors)

.data      0    2000111c    000003ee     UNINITIALIZED
                  2000111c    00000080     empty_min_pem4f.oem4f (.data:ti_sysbios_knl_Swi_Module_State_0_readyQ__A)
                  2000119c    00000080     empty_min_pem4f.oem4f (.data:ti_sysbios_knl_Task_Module_State_0_readyQ__A)
                  2000121c    00000044     empty_min_pem4f.oem4f (.data:ti_sysbios_knl_Task_Module__state__V)
                  20001260    00000040     empty_min_pem4f.oem4f (.data:ti_sysbios_family_arm_lm4_Timer_Object__table__V)
                  200012a0    00000038     empty_min_pem4f.oem4f (.data:ti_sysbios_gates_GateMutex_Object__table__V)
                  200012d8    00000034     empty_min_pem4f.oem4f (.data:ti_sysbios_family_arm_m3_Hwi_Module__state__V)
                  2000130c    00000030     empty_min_pem4f.oem4f (.data:ti_sysbios_family_arm_lm4_Timer_Module_State_0_device__A)
                  2000133c    00000030     empty_min_pem4f.oem4f (.data:ti_sysbios_knl_Swi_Object__table__V)
                  2000136c    0000002c     empty_min_pem4f.oem4f (.data:ti_sysbios_knl_Clock_Module__state__V)
                  20001398    00000024     empty_min_pem4f.oem4f (.data:ti_sysbios_BIOS_Module__state__V)
                  200013bc    0000001c     empty_min_pem4f.oem4f (.data:ti_sysbios_knl_Swi_Module__state__V)
                  200013d8    00000018     drivers_tivaware.aem4f : PWMTiva.oem4f (.data)
                  200013f0    00000018     RAP_Robot_TM4C123G.obj (.data:gpioPinConfigs)
                  20001408    00000018     empty_min_pem4f.oem4f (.data:ti_sysbios_family_arm_lm4_Timer_Module_State_0_handles__A)
                  20001420    00000018     empty_min_pem4f.oem4f (.data:ti_sysbios_family_arm_m3_Hwi_Object__table__V)
                  20001438    00000018     empty_min_pem4f.oem4f (.data:ti_sysbios_heaps_HeapMem_Object__table__V)
                  20001450    0000000c     RAP_Robot_TM4C123G.obj (.data:gpioCallbackFunctions)
                  2000145c    0000000c     empty_min_pem4f.oem4f (.data:ti_sysbios_family_arm_lm4_Timer_Module__state__V)
                  20001468    0000000c     empty_min_pem4f.oem4f (.data:xdc_runtime_SysMin_Module__state__V)
                  20001474    00000008     rtsv7M4_T_le_v4SPD16_eabi.lib : _lock.c.obj (.data:$O1$$)
                  2000147c    00000008     empty_min_pem4f.oem4f (.data:ti_sysbios_family_arm_m3_Hwi_Module__root__V)
                  20001484    00000008     empty_min_pem4f.oem4f (.data:ti_sysbios_gates_GateHwi_Module__root__V)
                  2000148c    00000008     empty_min_pem4f.oem4f (.data:ti_sysbios_gates_GateMutex_Module__root__V)
                  20001494    00000008     empty_min_pem4f.oem4f (.data:ti_sysbios_heaps_HeapMem_Module__root__V)
                  2000149c    00000008     empty_min_pem4f.oem4f (.data:ti_sysbios_knl_Clock_Module__root__V)
                  200014a4    00000008     empty_min_pem4f.oem4f (.data:ti_sysbios_knl_Queue_Module__root__V)
                  200014ac    00000008     empty_min_pem4f.oem4f (.data:ti_sysbios_knl_Semaphore_Module__root__V)
                  200014b4    00000008     empty_min_pem4f.oem4f (.data:ti_sysbios_knl_Task_Module__root__V)
                  200014bc    00000008     empty_min_pem4f.oem4f (.data:xdc_runtime_Registry_Module__state__V)
                  200014c4    00000008     empty_min_pem4f.oem4f (.data:xdc_runtime_Startup_Module__state__V)
                  200014cc    00000008     empty_min_pem4f.oem4f (.data:xdc_runtime_System_Module_State_0_atexitHandlers__A)
                  200014d4    00000008     empty_min_pem4f.oem4f (.data:xdc_runtime_System_Module__state__V)
                  200014dc    00000005     drivers_tivaware.aem4f : GPIOTiva.oem4f (.data)
                  200014e1    00000001     --HOLE--
                  200014e2    00000002     empty_min_pem4f.oem4f (.data:ti_sysbios_family_arm_m3_Hwi_Module_State_0_excActive__A)
                  200014e4    00000004     drivers_tivaware.aem4f : I2C.oem4f (.data)
                  200014e8    00000004                            : PWM.oem4f (.data)
                  200014ec    00000004                            : UART.oem4f (.data)
                  200014f0    00000004     rtsv7M4_T_le_v4SPD16_eabi.lib : stkdepth_vars.c.obj (.data)
                  200014f4    00000004     empty_min_pem4f.oem4f (.data:ti_sysbios_family_arm_m3_Hwi_Module_State_0_excContext__A)
                  200014f8    00000004     empty_min_pem4f.oem4f (.data:ti_sysbios_family_arm_m3_Hwi_Module_State_0_excStack__A)
                  200014fc    00000004     empty_min_pem4f.oem4f (.data:ti_sysbios_gates_GateHwi_Object__table__V)
                  20001500    00000004     empty_min_pem4f.oem4f (.data:ti_sysbios_knl_Task_Module_State_0_idleTask__A)
                  20001504    00000004     empty_min_pem4f.oem4f (.data:xdc_runtime_Memory_Module__state__V)
                  20001508    00000002     empty_min_pem4f.oem4f (.data:xdc_runtime_Error_Module__state__V)

.stack     0    20001510    00000300     UNINITIALIZED
                  20001510    00000300     --HOLE--

.bootVecs 
*          0    00000000    00000008     DSECT
                  00000000    00000008     boot.aem4f : boot.oem4f (.bootVecs)

.vecs      0    20000000    00000360     UNINITIALIZED
                  20000000    00000360     empty_min_pem4f.oem4f (.vecs)

xdc.meta   0    00000000    00000103     COPY SECTION
                  00000000    00000103     empty_min_pem4f.oem4f (xdc.meta)

MODULE SUMMARY

       Module                       code    ro data   rw data
       ------                       ----    -------   -------
    ./
       RAP_Robot.obj                358     0         660    
    +--+----------------------------+-------+---------+---------+
       Total:                       358     0         660    
                                                             
    ./Robot/Drivers/RAP_Drivers/
       MotorDriver.obj              1004    0         0      
       Encoder.obj                  332     0         0      
    +--+----------------------------+-------+---------+---------+
       Total:                       1336    0         0      
                                                             
    ./Robot/Drivers/Tools/
       UART_tools.obj               324     0         0      
    +--+----------------------------+-------+---------+---------+
       Total:                       324     0         0      
                                                             
    ./Robot/RAP_Robot_Board_Hw/
       RAP_Robot_TM4C123G.obj       296     212       432    
       Robot_Hw_Ctl.obj             300     0         0      
    +--+----------------------------+-------+---------+---------+
       Total:                       596     212       432    
                                                             
    /home/josepablocb/Documentos/VoltaRobotics/Proyectos/RAP/Git/RAP_Robot/Debug/configPkg/package/cfg/
       empty_min_pem4f.oem4f        1884    7609      3796   
    +--+----------------------------+-------+---------+---------+
       Total:                       1884    7609      3796   
                                                             
    /home/josepablocb/Documentos/VoltaRobotics/Proyectos/RAP/Git/RAP_Robot/src/sysbios/sysbios.aem4f
       BIOS.obj                     8950    0         0      
       m3_Hwi_asm.obj               314     0         0      
       m3_TaskSupport_asm.obj       180     0         0      
       m3_Hwi_asm_switch.obj        118     0         0      
    +--+----------------------------+-------+---------+---------+
       Total:                       9562    0         0      
                                                             
    /home/josepablocb/ti/ccsv7/tools/compiler/ti-cgt-arm_18.1.0.LTS/lib/rtsv7M4_T_le_v4SPD16_eabi.lib
       trgmsg.c.obj                 108     0         288    
       memcpy_t2.asm.obj            156     0         0      
       memset_t2.asm.obj            122     0         0      
       copy_decompress_lzss.c.obj   104     0         0      
       hostwrite.c.obj              88      0         0      
       cpy_tbl.c.obj                76      0         0      
       u_divt2.asm.obj              64      0         0      
       _lock.c.obj                  26      0         8      
       args_main.c.obj              24      0         0      
       strlen.c.obj                 20      0         0      
       copy_decompress_none.c.obj   14      0         0      
       copy_zero_init.c.obj         12      0         0      
       hostopen.c.obj               0       0         8      
       exit.c.obj                   4       0         0      
       stkdepth_vars.c.obj          0       0         4      
       div0.asm.obj                 2       0         0      
    +--+----------------------------+-------+---------+---------+
       Total:                       820     0         308    
                                                             
    /home/josepablocb/ti/tirtos_tivac_2_16_00_08/products/TivaWare_C_Series-2.1.1.71b/driverlib/ccs/Debug/driverlib.lib
       gpio.obj                     656     144       0      
       uart.obj                     226     0         0      
       adc.obj                      210     0         0      
       pwm.obj                      178     0         0      
       i2c.obj                      154     0         0      
       sysctl.obj                   128     0         0      
       qei.obj                      54      0         0      
    +--+----------------------------+-------+---------+---------+
       Total:                       1606    144       0      
                                                             
    /home/josepablocb/ti/tirtos_tivac_2_16_00_08/products/bios_6_45_01_29/packages/ti/catalog/arm/cortexm4/tiva/ce/lib/Boot.aem4f
       Boot_sysctl.oem4f            262     0         0      
       Boot.oem4f                   152     0         0      
    +--+----------------------------+-------+---------+---------+
       Total:                       414     0         0      
                                                             
    /home/josepablocb/ti/tirtos_tivac_2_16_00_08/products/bios_6_45_01_29/packages/ti/targets/arm/rtsarm/lib/auto_init.aem4f
       auto_init.oem4f              160     0         0      
    +--+----------------------------+-------+---------+---------+
       Total:                       160     0         0      
                                                             
    /home/josepablocb/ti/tirtos_tivac_2_16_00_08/products/bios_6_45_01_29/packages/ti/targets/arm/rtsarm/lib/boot.aem4f
       boot.oem4f                   88      0         0      
    +--+----------------------------+-------+---------+---------+
       Total:                       88      0         0      
                                                             
    /home/josepablocb/ti/tirtos_tivac_2_16_00_08/products/bios_6_45_01_29/packages/ti/targets/arm/rtsarm/lib/ti.targets.arm.rtsarm.aem4f
       System.oem4f                 1255    0         0      
       Text.oem4f                   672     0         0      
       Error.oem4f                  524     0         0      
       Core-mem.oem4f               358     0         0      
       Startup.oem4f                328     0         0      
       SysMin.oem4f                 248     0         0      
       Core-smem.oem4f              204     0         0      
       Memory.oem4f                 176     0         0      
       Assert.oem4f                 84      0         0      
       Core-params.oem4f            70      0         0      
       Core-label.oem4f             52      0         0      
       Registry.oem4f               32      0         0      
       Gate.oem4f                   28      0         0      
    +--+----------------------------+-------+---------+---------+
       Total:                       4031    0         0      
                                                             
    /home/josepablocb/ti/tirtos_tivac_2_16_00_08/products/tidrivers_tivac_2_16_00_08/packages/ti/drivers/lib/drivers_tivaware.aem4f
       UARTTiva.oem4f               2262    116       0      
       GPIOTiva.oem4f               764     156       153    
       PWMTiva.oem4f                962     32        24     
       I2CTiva.oem4f                798     28        0      
       UART.oem4f                   148     36        4      
       RingBuf.oem4f                164     0         0      
       PWM.oem4f                    130     12        4      
       I2C.oem4f                    56      0         4      
    +--+----------------------------+-------+---------+---------+
       Total:                       5284    380       189    
                                                             
       Stack:                       0       0         768    
       Linker Generated:            0       496       0      
    +--+----------------------------+-------+---------+---------+
       Grand Total:                 26463   8841      6153   


LINKER GENERATED COPY TABLES

__TI_cinit_table @ 00008a70 records: 3, size/record: 8, table size: 24
	.data: load addr=00008898, load size=000001bc bytes, run addr=2000111c, run size=000003ee bytes, compression=lzss
	.bss: load addr=00008a60, load size=00000008 bytes, run addr=20000360, run size=00000dbc bytes, compression=zero_init
	.vecs: load addr=00008a68, load size=00000008 bytes, run addr=20000000, run size=00000360 bytes, compression=zero_init


LINKER GENERATED HANDLER TABLE

__TI_handler_table @ 00008a54 records: 3, size/record: 4, table size: 12
	index: 0, handler: __TI_decompress_lzss
	index: 1, handler: __TI_decompress_none
	index: 2, handler: __TI_zero_init


GLOBAL SYMBOLS: SORTED ALPHABETICALLY BY Name 

address   name                                                              
-------   ----                                                              
000065b9  ADCReferenceSet                                                   
000050a9  ADCSequenceConfigure                                              
00006539  ADCSequenceEnable                                                 
000037d5  ADCSequenceStepConfigure                                          
0000265d  C$$EXIT                                                           
00005327  C$$IO$$                                                           
00005625  EK_TM4C123GXL_initGPIO                                            
00004ee9  EK_TM4C123GXL_initGeneral                                         
000051e1  EK_TM4C123GXL_initI2C                                             
00004449  EK_TM4C123GXL_initPWM                                             
00005929  EK_TM4C123GXL_initUART                                            
00003945  Encoder_init                                                      
000024b5  Encoder_open                                                      
00005a09  GPIODirModeSet                                                    
000063fb  GPIOIntClear                                                      
00006547  GPIOIntStatus                                                     
000043f1  GPIOIntTypeSet                                                    
000015d9  GPIOPadConfigSet                                                  
000049f5  GPIOPinConfigure                                                  
00006335  GPIOPinTypeADC                                                    
00006347  GPIOPinTypeGPIOInput                                              
00006359  GPIOPinTypeI2C                                                    
0000636b  GPIOPinTypeI2CSCL                                                 
0000637d  GPIOPinTypePWM                                                    
0000638f  GPIOPinTypeQEI                                                    
000063a1  GPIOPinTypeUART                                                   
000067a9  GPIOPinWrite                                                      
000086e0  GPIOTiva_config                                                   
00003df9  GPIO_hwiIntFxn                                                    
[...]
00006679  ti_sysbios_knl_Queue_Object__get__S                               
00006685  ti_sysbios_knl_Semaphore_Params__init__S                          
00006691  ti_sysbios_knl_Task_Params__init__S                               
0000669d  xdc_runtime_Error_init__E                                         
000066a9  xdc_runtime_Gate_enterSystem__E                                   
000066b5  xdc_runtime_Memory_calloc__E                                      
000066c1  xdc_runtime_Memory_getMaxDefaultTypeAlign__E                      
000066cd  I2CMasterDisable                                                  
000066d7  I2CMasterEnable                                                   
000066e1  I2CTiva_init                                                      
000066eb  PWM_setDuty                                                       
000066f5  QEIEnable                                                         
000066ff  QEIVelocityEnable                                                 
00006709  UARTCharGet                                                       
00006713  UARTCharPut                                                       
0000671d  UARTIntDisable                                                    
00006727  UARTIntStatus                                                     
00006731  UART_read                                                         
0000673b  UART_write                                                        
00006745  xdc_runtime_Memory_HeapProxy_alloc__E                             
0000674f  xdc_runtime_Memory_HeapProxy_free__E                              
00006759  I2CMasterIntClear                                                 
00006761  I2CMasterSlaveAddrSet                                             
00006771  UARTIntEnable                                                     
00006779  UARTRxErrorGet                                                    
00006789  ti_sysbios_family_arm_lm4_Timer_masterDisable__I                  
00006791  ti_sysbios_family_arm_m3_Hwi_doSwiRestore__I                      
00006799  ti_sysbios_family_arm_m3_Hwi_startup__E                           
00006799  ti_sysbios_hal_Hwi_HwiProxy_startup__E                            
00006799  ti_sysbios_hal_Hwi_startup__E                                     
000067a9  GPIOPinWrite                                                      
000067af  I2CMasterIntDisable                                               
000067b5  I2CMasterIntEnable                                                
000067bb  I2CTiva_control                                                   
000067c1  UARTFIFOLevelSet                                                  
000067c7  UARTRxErrorClear                                                  
000067cd  ti_catalog_arm_cortexm4_tiva_ce_Boot_sysCtlDelayI__I              
000067d3  xdc_runtime_System_Module_startup__E                              
000067d9  ti_sysbios_family_arm_m3_Hwi_doTaskRestore__I                     
000067e1  ti_sysbios_family_arm_m3_Hwi_restoreFxn__E                        
000067e1  ti_sysbios_hal_Hwi_HwiProxy_restore__E                            
000067e9  ti_sysbios_gates_GateHwi_leave__E                                 
000067f1  ti_sysbios_heaps_HeapMem_isBlocking__E                            
000067f9  ti_sysbios_knl_Clock_stop__E                                      
00006801  ti_sysbios_knl_Queue_Instance_init__E                             
00006809  ti_sysbios_knl_Swi_startup__E                                     
00006811  ti_sysbios_gates_GateHwi_query__E                                 
00006811  xdc_runtime_Main_Module_GateProxy_query__E                        
00006811  xdc_runtime_System_Module_GateProxy_query__E                      
00006819  ti_sysbios_BIOS_RtsGateProxy_query__E                             
00006819  ti_sysbios_gates_GateMutex_query__E                               
00006819  ti_sysbios_heaps_HeapMem_Module_GateProxy_query__E                
00006821  ti_sysbios_knl_Task_startup__E                                    
00006829  ti_sysbios_gates_GateHwi_Instance_init__E                         
00006831  ti_sysbios_knl_Clock_logTick__E                                   
00006834  xdc_runtime_Text_charTab__A                                       
00008078  xdc_runtime_Text_nodeTab__A                                       
000082f4  PWM_config                                                        
00008330  ti_sysbios_knl_Task_Object__PARAMS__C                             
0000836c  pwmTivaHWAttrs                                                    
0000839c  ti_sysbios_family_arm_m3_Hwi_Object__PARAMS__C                    
000083cc  UARTTiva_fxnTable                                                 
000083f4  ti_sysbios_heaps_HeapMem_Module__FXNS__C                          
0000841c  UART_defaultParams                                                
00008440  ti_sysbios_gates_GateHwi_Module__FXNS__C                          
00008464  ti_sysbios_gates_GateMutex_Module__FXNS__C                        
00008488  ti_sysbios_heaps_HeapMem_Object__PARAMS__C                        
000084ac  ti_sysbios_knl_Clock_Object__PARAMS__C                            
000084d0  ti_sysbios_knl_Semaphore_Object__PARAMS__C                        
000084f4  PWMTiva_fxnTable                                                  
00008510  PWMTiva_MAX_PRESCALAR                                             
00008512  PWMTiva_MAX_MATCH_VALUE                                           
00008514  ti_sysbios_family_arm_m3_Hwi_Object__DESC__C                      
00008534  ti_sysbios_gates_GateHwi_Object__DESC__C                          
00008554  ti_sysbios_gates_GateMutex_Object__DESC__C                        
00008574  ti_sysbios_heaps_HeapMem_Object__DESC__C                          
00008594  ti_sysbios_knl_Clock_Object__DESC__C                              
000085b4  ti_sysbios_knl_Queue_Object__DESC__C                              
000085d4  ti_sysbios_knl_Semaphore_Object__DESC__C                          
000085f4  ti_sysbios_knl_Task_Object__DESC__C                               
00008614  xdc_runtime_Startup_sfxnTab__A                                    
00008634  I2CTiva_fxnTable                                                  
00008650  I2C_config                                                        
00008668  UART_config                                                       
00008680  ti_sysbios_gates_GateHwi_Object__PARAMS__C                        
00008698  ti_sysbios_gates_GateMutex_Object__PARAMS__C                      
000086b0  ti_sysbios_knl_Queue_Object__PARAMS__C                            
000086c8  uartTivaHWAttrs                                                   
000086e0  GPIOTiva_config                                                   
000086f4  xdc_runtime_Startup_firstFxns__A                                  
00008708  xdc_runtime_Startup_sfxnRts__A                                    
00008718  PWM_defaultParams                                                 
00008724  i2cTivaHWAttrs                                                    
00008730  ti_sysbios_family_arm_m3_Hwi_excHookFuncs__A                      
00008738  ti_sysbios_knl_Idle_funcList__C                                   
00008740  xdc_runtime_Startup_firstFxns__C                                  
00008748  xdc_runtime_Startup_lastFxns__C                                   
00008750  ti_catalog_arm_cortexm4_tiva_ce_Boot_A_mustUseEnhancedClockMode__C
00008754  ti_catalog_arm_cortexm4_tiva_ce_Boot_Module__diagsEnabled__C      
00008758  ti_catalog_arm_cortexm4_tiva_ce_Boot_Module__diagsIncluded__C     
0000875c  ti_catalog_arm_cortexm4_tiva_ce_Boot_Module__diagsMask__C         
00008760  ti_sysbios_family_arm_lm4_Timer_enableFunc__C                     
00008764  ti_sysbios_family_arm_lm4_Timer_numTimerDevices__C                
00008768  ti_sysbios_family_arm_lm4_Timer_startupNeeded__C                  
0000876c  ti_sysbios_family_arm_m3_Hwi_E_NMI__C                             
00008770  ti_sysbios_family_arm_m3_Hwi_E_alreadyDefined__C                  
00008774  ti_sysbios_family_arm_m3_Hwi_E_busFault__C                        
00008778  ti_sysbios_family_arm_m3_Hwi_E_debugMon__C                        
0000877c  ti_sysbios_family_arm_m3_Hwi_E_hardFault__C                       
00008780  ti_sysbios_family_arm_m3_Hwi_E_memFault__C                        
00008784  ti_sysbios_family_arm_m3_Hwi_E_noIsr__C                           
00008788  ti_sysbios_family_arm_m3_Hwi_E_reserved__C                        
0000878c  ti_sysbios_family_arm_m3_Hwi_E_svCall__C                          
00008790  ti_sysbios_family_arm_m3_Hwi_E_usageFault__C                      
00008794  ti_sysbios_family_arm_m3_Hwi_NUM_INTERRUPTS__C                    
00008798  ti_sysbios_family_arm_m3_Hwi_Object__count__C                     
0000879c  ti_sysbios_family_arm_m3_Hwi_ccr__C                               
000087a0  ti_sysbios_family_arm_m3_Hwi_excHandlerFunc__C                    
000087a4  ti_sysbios_family_arm_m3_Hwi_excHookFuncs__C                      
000087a8  ti_sysbios_family_arm_m3_Hwi_nullIsrFunc__C                       
000087ac  ti_sysbios_family_arm_m3_Hwi_priGroup__C                          
000087b0  ti_sysbios_family_arm_m3_TaskSupport_stackAlignment__C            
000087b4  ti_sysbios_gates_GateMutex_Instance_State_sem__O                  
000087b8  ti_sysbios_heaps_HeapMem_E_memory__C                              
000087bc  ti_sysbios_heaps_HeapMem_Module__gateObj__C                       
000087c0  ti_sysbios_heaps_HeapMem_Object__count__C                         
000087c4  ti_sysbios_heaps_HeapMem_reqAlign__C                              
000087c8  ti_sysbios_knl_Clock_Module_State_clockQ__O                       
000087cc  ti_sysbios_knl_Semaphore_Instance_State_pendQ__O                  
000087d0  ti_sysbios_knl_Swi_Object__count__C                               
000087d4  ti_sysbios_knl_Task_Module_State_inactiveQ__O                     
000087d8  ti_sysbios_knl_Task_Object__count__C                              
000087dc  ti_sysbios_knl_Task_allBlockedFunc__C                             
000087e0  ti_sysbios_knl_Task_defaultStackHeap__C                           
000087e4  ti_sysbios_knl_Task_defaultStackSize__C                           
000087e8  ti_sysbios_knl_Task_numConstructedTasks__C                        
000087ec  xdc_runtime_Assert_E_assertFailed__C                              
000087f0  xdc_runtime_Core_A_initializedParams__C                           
000087f4  xdc_runtime_Core_Module__diagsEnabled__C                          
000087f8  xdc_runtime_Core_Module__diagsIncluded__C                         
000087fc  xdc_runtime_Core_Module__diagsMask__C                             
00008800  xdc_runtime_Error_E_memory__C                                     
00008804  xdc_runtime_Error_Module__diagsEnabled__C                         
00008808  xdc_runtime_Error_Module__diagsIncluded__C                        
0000880c  xdc_runtime_Error_Module__diagsMask__C                            
00008810  xdc_runtime_Error_Module__loggerFxn8__C                           
00008814  xdc_runtime_Error_Module__loggerObj__C                            
00008818  xdc_runtime_Error_policyFxn__C                                    
0000881c  xdc_runtime_Error_raiseHook__C                                    
00008820  xdc_runtime_IGateProvider_Interface__BASE__C                      
00008824  xdc_runtime_IHeap_Interface__BASE__C                              
00008828  xdc_runtime_IModule_Interface__BASE__C                            
0000882c  xdc_runtime_Log_L_error__C                                        
00008830  xdc_runtime_Memory_defaultHeapInstance__C                         
00008834  xdc_runtime_Startup_execImpl__C                                   
00008838  xdc_runtime_Startup_maxPasses__C                                  
0000883c  xdc_runtime_Startup_sfxnRts__C                                    
00008840  xdc_runtime_Startup_sfxnTab__C                                    
00008844  xdc_runtime_SysMin_bufSize__C                                     
00008848  xdc_runtime_SysMin_outputFunc__C                                  
0000884c  xdc_runtime_System_Module__gateObj__C                             
00008850  xdc_runtime_System_abortFxn__C                                    
00008854  xdc_runtime_System_exitFxn__C                                     
00008858  xdc_runtime_System_extendFxn__C                                   
0000885c  xdc_runtime_System_maxAtexitHandlers__C                           
00008860  xdc_runtime_Text_charTab__C                                       
00008864  xdc_runtime_Text_nameEmpty__C                                     
00008868  xdc_runtime_Text_nameStatic__C                                    
0000886c  xdc_runtime_Text_nameUnknown__C                                   
00008870  xdc_runtime_Text_nodeTab__C                                       
00008874  xdc_runtime_Text_visitRopeFxn__C                                  
00008878  ti_catalog_arm_cortexm4_tiva_ce_Boot_Module__id__C                
0000887a  ti_sysbios_family_arm_m3_Hwi_Module__id__C                        
0000887c  ti_sysbios_heaps_HeapMem_Module__id__C                            
0000887e  xdc_runtime_Core_Module__id__C                                    
00008880  xdc_runtime_Error_Module__loggerDefined__C                        
00008882  xdc_runtime_Error_maxDepth__C                                     
00008884  xdc_runtime_Memory_Module__id__C                                  
00008886  xdc_runtime_SysMin_flushAtExit__C                                 
00008888  xdc_runtime_Text_charCnt__C                                       
0000888a  xdc_runtime_Text_isLoaded__C                                      
0000888c  xdc_runtime_Text_registryModsLastId__C                            
0000888e  xdc_runtime_Text_unnamedModsLastId__C                             
00008890  xdc_runtime_Error_policy__C                                       
00008898  __TI_static_base__                                                
00008a54  __TI_Handler_Table_Base                                           
00008a60  __TI_Handler_Table_Limit                                          
00008a70  __TI_CINIT_Base                                                   
00008a88  __TI_CINIT_Limit                                                  
20000000  ti_sysbios_family_arm_m3_Hwi_ramVectors                           
20000360  ti_sysbios_heaps_HeapMem_Instance_State_0_buf__A                  
20000760  ti_sysbios_family_arm_m3_Hwi_dispatchTable                        
20000ac0  task0Stack                                                        
20000cc0  __CIOBUF_                                                         
20000de0  uartTivaObjects                                                   
20000f3c  i2cTivaObjects                                                    
20000fbc  xdc_runtime_SysMin_Module_State_0_outbuf__A                       
2000103c  task0Struct                                                       
2000108c  pwmTivaObjects                                                    
200010ac  uartTivaRingBuffer                                                
200010cc  Robot_MotorState                                                  
200010e8  Robot_EncoderL                                                    
200010f4  Robot_EncoderR                                                    
20001100  parmbuf                                                           
20001108  Robot_ENCL                                                        
2000110c  Robot_ENCR                                                        
20001110  Robot_Motor                                                       
20001114  Robot_uart                                                        
2000111c  ti_sysbios_knl_Swi_Module_State_0_readyQ__A                       
2000119c  ti_sysbios_knl_Task_Module_State_0_readyQ__A                      
2000121c  ti_sysbios_knl_Task_Module__state__V                              
20001260  ti_sysbios_family_arm_lm4_Timer_Object__table__V                  
200012a0  ti_sysbios_gates_GateMutex_Object__table__V                       
200012d8  ti_sysbios_family_arm_m3_Hwi_Module__state__V                     
2000130c  ti_sysbios_family_arm_lm4_Timer_Module_State_0_device__A          
2000133c  ti_sysbios_knl_Swi_Object__table__V                               
2000136c  ti_sysbios_knl_Clock_Module__state__V                             
20001398  ti_sysbios_BIOS_Module__state__V                                  
200013bc  ti_sysbios_knl_Swi_Module__state__V                               
200013f0  gpioPinConfigs                                                    
20001408  ti_sysbios_family_arm_lm4_Timer_Module_State_0_handles__A         
20001420  ti_sysbios_family_arm_m3_Hwi_Object__table__V                     
20001438  ti_sysbios_heaps_HeapMem_Object__table__V                         
20001450  gpioCallbackFunctions                                             
2000145c  ti_sysbios_family_arm_lm4_Timer_Module__state__V                  
20001468  xdc_runtime_SysMin_Module__state__V                               
20001474  _lock                                                             
20001478  _unlock                                                           
2000147c  ti_sysbios_family_arm_m3_Hwi_Module__root__V                      
20001484  ti_sysbios_gates_GateHwi_Module__root__V                          
2000148c  ti_sysbios_gates_GateMutex_Module__root__V                        
20001494  ti_sysbios_heaps_HeapMem_Module__root__V                          
2000149c  ti_sysbios_knl_Clock_Module__root__V                              
200014a4  ti_sysbios_knl_Queue_Module__root__V                              
200014ac  ti_sysbios_knl_Semaphore_Module__root__V                          
200014b4  ti_sysbios_knl_Task_Module__root__V                               
200014bc  xdc_runtime_Registry_Module__state__V                             
200014c4  xdc_runtime_Startup_Module__state__V                              
200014cc  xdc_runtime_System_Module_State_0_atexitHandlers__A               
200014d4  xdc_runtime_System_Module__state__V                               
200014e2  ti_sysbios_family_arm_m3_Hwi_Module_State_0_excActive__A          
200014f0  main_func_sp                                                      
200014f4  ti_sysbios_family_arm_m3_Hwi_Module_State_0_excContext__A         
200014f8  ti_sysbios_family_arm_m3_Hwi_Module_State_0_excStack__A           
200014fc  ti_sysbios_gates_GateHwi_Object__table__V                         
20001500  ti_sysbios_knl_Task_Module_State_0_idleTask__A                    
20001504  xdc_runtime_Memory_Module__state__V                               
20001508  xdc_runtime_Error_Module__state__V                                
20001510  __stack                                                           
20001810  __STACK_END                                                       
e000e000  ti_sysbios_family_arm_m3_Hwi_nvic                                 
ffffffff  __TI_pprof_out_hndl                                               
ffffffff  __TI_prof_data_size                                               
ffffffff  __TI_prof_data_start                                              
ffffffff  __binit__                                                         
ffffffff  __c_args__                                                        
ffffffff  binit                                                             
UNDEFED   SHT$$INIT_ARRAY$$Base                                             
UNDEFED   SHT$$INIT_ARRAY$$Limit                                            

[643 symbols]
