******************************************************************************
                  TI ARM Linker Unix v18.1.0                   
******************************************************************************
>> Linked Mon Feb 19 11:52:29 2018

OUTPUT FILE NAME:   <RAP_Robot.out>
ENTRY POINT SYMBOL: "_c_int00"  address: 00005909


MEMORY CONFIGURATION

         name            origin    length      used     unused   attr    fill
----------------------  --------  ---------  --------  --------  ----  --------
  FLASH                 00000000   00040000  0000a45b  00035ba5  R  X
  SRAM                  20000000   00008000  00001a76  0000658a  RW X


SEGMENT ALLOCATION MAP

run origin  load origin   length   init length attrs members
----------  ----------- ---------- ----------- ----- -------
00000000    00000000    0000a468   0000a468    r-x
  00000000    00000000    0000003c   0000003c    r-- .resetVecs
  00000040    00000040    00008182   00008182    r-x .text
  000081c4    000081c4    000020a5   000020a5    r-- .const
  0000a270    0000a270    000001f8   000001f8    r-- .cinit
20000000    20000000    00001a78   00000000    rw-
  20000000    20000000    00000360   00000000    rw- .vecs
  20000360    20000360    00001014   00000000    rw- .bss
  20001374    20001374    00000402   00000000    rw- .data
  20001778    20001778    00000300   00000000    rw- .stack


SECTION ALLOCATION MAP

 output                                  attributes/
section   page    origin      length       input sections
--------  ----  ----------  ----------   ----------------
.text      0    00000040    00008182     
                  00000040    00000580     rtsv7M4_T_le_v4SPD16_eabi.lib : e_powf.c.obj (.text:powf)
                  000005c0    00000430     sysbios.aem4f : BIOS.obj (.text:ti_sysbios_family_arm_m3_Hwi_excDumpRegs__I)
                  000009f0    0000034c     ti.targets.arm.rtsarm.aem4f : System.oem4f (.text:xdc_runtime_System_doPrint__I)
                  00000d3c    0000020c     drivers_tivaware.aem4f : UARTTiva.oem4f (.text:UARTTiva_open)
                  00000f48    000001fc     sysbios.aem4f : BIOS.obj (.text:ti_sysbios_family_arm_m3_Hwi_excHandlerMax__I)
                  00001144    000001e4     MotorDriver.obj (.text:MotorDriver_open)
                  00001328    000001b6     rtsv7M4_T_le_v4SPD16_eabi.lib : fd_add_t2.asm.obj (.text)
                  000014de    00000002                                   : _lock.c.obj (.text:_nop)
                  000014e0    0000019c     IMU.obj (.text:IMU_Sensor_Init_Magnetometer)
                  0000167c    00000194     rtsv7M4_T_le_v4SPD16_eabi.lib : e_acosf.c.obj (.text:acosf)
                  00001810    00000174     sysbios.aem4f : BIOS.obj (.text:ti_sysbios_family_arm_m3_Hwi_excBusFault__I)
                  00001984    00000170     drivers_tivaware.aem4f : PWMTiva.oem4f (.text:PWMTiva_open)
                  00001af4    00000004     driverlib.lib : i2c.obj (.text:I2CMasterControl)
                  00001af8    00000164     sysbios.aem4f : BIOS.obj (.text:ti_sysbios_family_arm_m3_Hwi_excUsageFault__I)
                  00001c5c    00000004     driverlib.lib : i2c.obj (.text:I2CMasterDataGet)
                  00001c60    00000154     sysbios.aem4f : BIOS.obj (.text:ti_sysbios_knl_Semaphore_pend__E)
                  00001db4    00000150     drivers_tivaware.aem4f : GPIOTiva.oem4f (.text:GPIO_setConfig)
                  00001f04    00000004     driverlib.lib : i2c.obj (.text:I2CMasterDataPut)
                  00001f08    00000148     sysbios.aem4f : BIOS.obj (.text:ti_sysbios_family_arm_m3_Hwi_excMemFault__I)
                  00002050    00000136     rtsv7M4_T_le_v4SPD16_eabi.lib : fd_div_t2.asm.obj (.text)
                  00002186    00000130     driverlib.lib : gpio.obj (.text:GPIOPadConfigSet)
                  000022b6    00000002     rtsv7M4_T_le_v4SPD16_eabi.lib : div0.asm.obj (.text)
                  000022b8    0000012c     Robot_Hw_Ctl.obj (.text:Robot_init)
                  000023e4    00000118     ti.targets.arm.rtsarm.aem4f : Error.oem4f (.text:xdc_runtime_Error_policyDefault__E)
                  000024fc    00000110     IMUSensor.obj (.text:IMUTask)
                  0000260c    00000004     driverlib.lib : qei.obj (.text:QEIPositionSet)
                  00002610    00000108     sysbios.aem4f : BIOS.obj (.text:ti_sysbios_family_arm_lm4_Timer_start__E)
                  00002718    00000100     Boot.aem4f : Boot_sysctl.oem4f (.text:ti_catalog_arm_cortexm4_tiva_ce_Boot_sysCtlClockSetI__I)
                  00002818    00000100     ti.targets.arm.rtsarm.aem4f : Core-mem.oem4f (.text:xdc_runtime_Core_createObject__I)
                  00002918    000000fc     rtsv7M4_T_le_v4SPD16_eabi.lib : fd_mul_t2.asm.obj (.text)
                  00002a14    000000f8     ti.targets.arm.rtsarm.aem4f : Startup.oem4f (.text:xdc_runtime_Startup_startMods__I)
                  00002b0c    000000f8     empty_min_pem4f.oem4f (.text:xdc_runtime_System_printfExtend__I)
                  00002c04    000000f4     Wheels.obj (.text:Wheels_init)
                  00002cf8    000000f4     sysbios.aem4f : m3_Hwi_asm.obj (.text:ti_sysbios_family_arm_m3_Hwi_dispatch__I)
                  00002dec    000000f0     drivers_tivaware.aem4f : PWMTiva.oem4f (.text:PWMTiva_setDuty)
                  00002edc    000000e8     IMU.obj (.text:IMU_ReadAccelerometer)
                  00002fc4    000000e8     IMU.obj (.text:IMU_ReadGyroscope)
                  000030ac    000000e0     drivers_tivaware.aem4f : I2CTiva.oem4f (.text:I2CTiva_open)
                  0000318c    000000de     PID.obj (.text:PID_Compute)
                  0000326a    00000006     driverlib.lib : gpio.obj (.text:GPIOIntClear)
                  00003270    000000dc     sysbios.aem4f : BIOS.obj (.text:ti_sysbios_knl_Task_sleep__E)
                  0000334c    000000d8     UART_tools.obj (.text:UART_putFloat)
                  00003424    000000d6     drivers_tivaware.aem4f : I2CTiva.oem4f (.text:I2CTiva_hwiFxn)
                  000034fa    00000002     empty_min_pem4f.oem4f (.text:ti_sysbios_BIOS_nullFunc__I)
                  000034fc    000000d4     Encoder.obj (.text:Encoder_open)
                  000035d0    000000d4     sysbios.aem4f : BIOS.obj (.text:ti_sysbios_heaps_HeapMem_alloc__E)
                  000036a4    000000d0     Robot_Hw_Ctl.obj (.text:Robot_EnableIMU)
                  00003774    000000d0     rtsv7M4_T_le_v4SPD16_eabi.lib : s_scalbnf.c.obj (.text:scalbnf)
                  00003844    00000004     driverlib.lib : qei.obj (.text:QEIVelocityGet)
                  00003848    000000cc     sysbios.aem4f : BIOS.obj (.text:ti_sysbios_knl_Task_Instance_init__E)
                  00003914    000000cc     ti.targets.arm.rtsarm.aem4f : Core-smem.oem4f (.text:xdc_runtime_Core_constructObject__I)
                  000039e0    000000c0     IMUSensor.obj (.text:IMUSensor_init)
                  00003aa0    000000bc     sysbios.aem4f : BIOS.obj (.text:ti_sysbios_family_arm_m3_Hwi_excDebugMon__I)
                  00003b5c    00000004     driverlib.lib : uart.obj (.text:UARTIntClear)
                  00003b60    000000bc     sysbios.aem4f : BIOS.obj (.text:ti_sysbios_family_arm_m3_Hwi_excHardFault__I)
                  00003c1c    00000004     rtsv7M4_T_le_v4SPD16_eabi.lib : exit.c.obj (.text:abort:abort)
                  00003c20    000000bc     sysbios.aem4f : BIOS.obj (.text:ti_sysbios_knl_Task_Instance_finalize__E)
                  00003cdc    000000b0     IMU.obj (.text:IMU_open)
                  00003d8c    000000ac     drivers_tivaware.aem4f : UARTTiva.oem4f (.text:readTaskBlocking)
                  00003e38    000000ac     sysbios.aem4f : BIOS.obj (.text:ti_sysbios_family_arm_lm4_Timer_enableTiva__I)
                  00003ee4    000000a8     RAP_Robot.obj (.text:Task0)
                  00003f8c    000000a0     auto_init.aem4f : auto_init.oem4f (.text)
                  0000402c    000000a0     ti.targets.arm.rtsarm.aem4f : Text.oem4f (.text:xdc_runtime_Text_putMod__E)
                  000040cc    0000009c     rtsv7M4_T_le_v4SPD16_eabi.lib : memcpy_t2.asm.obj (.text)
                  00004168    0000009a     ti.targets.arm.rtsarm.aem4f : Text.oem4f (.text:xdc_runtime_Text_putSite__E)
                  00004202    00000098     drivers_tivaware.aem4f : UARTTiva.oem4f (.text:UARTTiva_readPolling)
                  0000429a    00000002     empty_min_pem4f.oem4f (.text:xdc_runtime_Startup_reset__I)
                  0000429c    00000098     Boot.aem4f : Boot.oem4f (.text:ti_catalog_arm_cortexm4_tiva_ce_Boot_sysCtlClockSet__E)
                  00004334    00000094     drivers_tivaware.aem4f : UARTTiva.oem4f (.text:UARTTiva_write)
                  000043c8    00000094     sysbios.aem4f : BIOS.obj (.text:ti_sysbios_family_arm_m3_Hwi_Instance_init__E)
                  0000445c    00000004     empty_min_pem4f.oem4f (.text:ti_sysbios_BIOS_RtsGateProxy_enter__E)
                  00004460    00000094     sysbios.aem4f : BIOS.obj (.text:ti_sysbios_family_arm_m3_Hwi_initNVIC__E)
                  000044f4    00000004     empty_min_pem4f.oem4f (.text:ti_sysbios_BIOS_RtsGateProxy_leave__E)
                  000044f8    00000094     sysbios.aem4f : BIOS.obj (.text:ti_sysbios_knl_Task_postInit__I)
                  0000458c    0000008c     drivers_tivaware.aem4f : GPIOTiva.oem4f (.text:GPIO_init)
                  00004618    0000008c                            : UARTTiva.oem4f (.text:UARTTiva_control)
                  000046a4    0000008c     sysbios.aem4f : m3_TaskSupport_asm.obj (.text:ti_sysbios_family_arm_m3_TaskSupport_buildTaskStack)
                  00004730    0000008a     UART_tools.obj (.text:UART_putInt)
                  000047ba    0000008a     drivers_tivaware.aem4f : UARTTiva.oem4f (.text:readIsrTextBlocking)
                  00004844    00000088                            : PWMTiva.oem4f (.text:PWMTiva_control)
                  000048cc    00000084     Encoder.obj (.text:Encoder_ReadVelocity)
                  00004950    00000084     sysbios.aem4f : BIOS.obj (.text:ti_sysbios_family_arm_m3_Hwi_postInit__I)
                  000049d4    00000082     drivers_tivaware.aem4f : UARTTiva.oem4f (.text:readIsrTextCallback)
                  00004a56    0000007e                            : I2CTiva.oem4f (.text:I2CTiva_transfer)
                  00004ad4    00000004     sysbios.aem4f : BIOS.obj (.text:ti_sysbios_family_arm_lm4_Timer_masterEnable__I)
                  00004ad8    0000007c                   : BIOS.obj (.text:ti_sysbios_heaps_HeapMem_free__E)
                  00004b54    0000007a     driverlib.lib : adc.obj (.text:ADCSequenceStepConfigure)
                  00004bce    0000007a     MotorDriver.obj (.text:MotorDriver_Left)
                  00004c48    0000007a     MotorDriver.obj (.text:MotorDriver_Right)
                  00004cc2    0000007a     drivers_tivaware.aem4f : UARTTiva.oem4f (.text:readTaskCallback)
                  00004d3c    0000007a     rtsv7M4_T_le_v4SPD16_eabi.lib : memset_t2.asm.obj (.text)
                  00004db6    00000002     --HOLE-- [fill = 0]
                  00004db8    00000078     Encoder.obj (.text:Encoder_init)
                  00004e30    00000074     Wheels.obj (.text:__WheelsControl__)
                  00004ea4    00000004     empty_min_pem4f.oem4f (.text:ti_sysbios_family_arm_m3_Hwi_destruct)
                  00004ea8    00000070     sysbios.aem4f : BIOS.obj (.text:ti_sysbios_knl_Clock_workFunc__E)
                  00004f18    00000070                   : BIOS.obj (.text:ti_sysbios_knl_Task_exit__E)
                  00004f88    0000006e     rtsv7M4_T_le_v4SPD16_eabi.lib : fd_tos_t2.asm.obj (.text)
                  00004ff6    00000002     --HOLE-- [fill = 0]
                  00004ff8    0000006d     ti.targets.arm.rtsarm.aem4f : System.oem4f (.text:xdc_runtime_System_formatNum__I)
                  00005065    00000003     --HOLE-- [fill = 0]
                  00005068    0000006c     sysbios.aem4f : BIOS.obj (.text:ti_sysbios_knl_Swi_restoreHwi__E)
                  000050d4    0000006c     drivers_tivaware.aem4f : UARTTiva.oem4f (.text:writeData)
                  00005140    0000006c     ti.targets.arm.rtsarm.aem4f : Error.oem4f (.text:xdc_runtime_Error_print__E)
                  000051ac    0000006c                                 : Memory.oem4f (.text:xdc_runtime_Memory_alloc__E)
                  00005218    0000006a     drivers_tivaware.aem4f : PWMTiva.oem4f (.text:PWMTiva_close)
                  00005282    00000068     rtsv7M4_T_le_v4SPD16_eabi.lib : copy_decompress_lzss.c.obj (.text:decompress:lzss:__TI_decompress_lzss)
                  000052ea    00000002     --HOLE-- [fill = 0]
                  000052ec    00000068     PID.obj (.text:newPIDComputer)
                  00005354    00000066     ti.targets.arm.rtsarm.aem4f : Core-mem.oem4f (.text:xdc_runtime_Core_deleteObject__I)
                  000053ba    00000002     --HOLE-- [fill = 0]
                  000053bc    00000064     drivers_tivaware.aem4f : GPIOTiva.oem4f (.text:GPIO_hwiIntFxn)
                  00005420    00000064     sysbios.aem4f : BIOS.obj (.text:ti_sysbios_family_arm_lm4_Timer_Module_startup__E)
                  00005484    00000064     empty_min_pem4f.oem4f (.text:ti_sysbios_family_arm_m3_Hwi_create)
                  000054e8    00000064     sysbios.aem4f : BIOS.obj (.text:ti_sysbios_family_arm_m3_Hwi_dispatchC__I)
                  0000554c    00000004     empty_min_pem4f.oem4f (.text:ti_sysbios_family_arm_m3_TaskSupport_Module__startupDone__S)
                  00005550    00000064     sysbios.aem4f : BIOS.obj (.text:ti_sysbios_knl_Semaphore_post__E)
                  000055b4    00000062     drivers_tivaware.aem4f : I2CTiva.oem4f (.text:I2CTiva_primeTransfer)
                  00005616    00000062     IMU.obj (.text:IMU_ReadRegister)
                  00005678    0000005e     drivers_tivaware.aem4f : UARTTiva.oem4f (.text:readIsrBinaryBlocking)
                  000056d6    00000002     --HOLE-- [fill = 0]
                  000056d8    0000005c     sysbios.aem4f : BIOS.obj (.text:ti_sysbios_knl_Swi_run__I)
                  00005734    00000004     empty_min_pem4f.oem4f (.text:ti_sysbios_heaps_HeapMem_Module_GateProxy_enter__E)
                  00005738    0000005c     sysbios.aem4f : BIOS.obj (.text:ti_sysbios_knl_Swi_schedule__I)
                  00005794    00000004     empty_min_pem4f.oem4f (.text:ti_sysbios_heaps_HeapMem_Module_GateProxy_leave__E)
                  00005798    0000005c     sysbios.aem4f : BIOS.obj (.text:ti_sysbios_knl_Task_Module_startup__E)
                  000057f4    00000004     empty_min_pem4f.oem4f (.text:ti_sysbios_knl_Clock_TimerProxy_getMaxTicks__E)
                  000057f8    0000005c     sysbios.aem4f : BIOS.obj (.text:ti_sysbios_knl_Task_startCore__E)
                  00005854    0000005b     ti.targets.arm.rtsarm.aem4f : Text.oem4f (.text:xdc_runtime_Text_putLab__E)
                  000058af    00000001     --HOLE-- [fill = 0]
                  000058b0    00000058     rtsv7M4_T_le_v4SPD16_eabi.lib : hostwrite.c.obj (.text:HOSTwrite)
                  00005908    00000058     boot.aem4f : boot.oem4f (.text)
                  00005960    00000058     empty_min_pem4f.oem4f (.text:ti_sysbios_family_arm_m3_Hwi_construct)
                  000059b8    00000058     sysbios.aem4f : m3_Hwi_asm_switch.obj (.text:ti_sysbios_family_arm_m3_Hwi_initStacks__E)
                  00005a10    00000056     driverlib.lib : gpio.obj (.text:GPIOIntTypeSet)
                  00005a66    00000002     --HOLE-- [fill = 0]
                  00005a68    00000054     RAP_Robot_TM4C123G.obj (.text:EK_TM4C123GXL_initPWM)
                  00005abc    00000054     drivers_tivaware.aem4f : UARTTiva.oem4f (.text:readIsrBinaryCallback)
                  00005b10    00000054     sysbios.aem4f : BIOS.obj (.text:ti_sysbios_family_arm_lm4_Timer_initDevice__I)
                  00005b64    00000054     empty_min_pem4f.oem4f (.text:ti_sysbios_knl_Task_construct)
                  00005bb8    00000054     ti.targets.arm.rtsarm.aem4f : Assert.oem4f (.text:xdc_runtime_Assert_raise__I)
                  00005c0c    00000050     drivers_tivaware.aem4f : GPIOTiva.oem4f (.text:GPIO_setCallback)
                  00005c5c    00000050                            : GPIOTiva.oem4f (.text:GPIO_write)
                  00005cac    00000050                            : UARTTiva.oem4f (.text:UARTTiva_writeCancel)
                  00005cfc    00000004     empty_min_pem4f.oem4f (.text:ti_sysbios_knl_Clock_destruct)
                  00005d00    00000050     sysbios.aem4f : BIOS.obj (.text:ti_sysbios_family_arm_m3_Hwi_Module_startup__E)
                  00005d50    00000050                   : BIOS.obj (.text:ti_sysbios_knl_Clock_Instance_init__E)
                  00005da0    00000050     ti.targets.arm.rtsarm.aem4f : Startup.oem4f (.text:xdc_runtime_Startup_exec__E)
                  00005df0    00000050                                 : Text.oem4f (.text:xdc_runtime_Text_visitRope2__I)
                  00005e40    0000004e     IMU.obj (.text:IMU_Sensor_Configure)
                  00005e8e    0000004c     drivers_tivaware.aem4f : UARTTiva.oem4f (.text:UARTTiva_close)
                  00005eda    00000002     --HOLE-- [fill = 0]
                  00005edc    0000004c     rtsv7M4_T_le_v4SPD16_eabi.lib : cpy_tbl.c.obj (.text:copy_in)
                  00005f28    0000004c     sysbios.aem4f : BIOS.obj (.text:ti_sysbios_heaps_HeapMem_getStats__E)
                  00005f74    00000004     empty_min_pem4f.oem4f (.text:ti_sysbios_knl_Queue_destruct)
                  00005f78    0000004c     sysbios.aem4f : BIOS.obj (.text:ti_sysbios_knl_Swi_runLoop__I)
                  00005fc4    00000004     empty_min_pem4f.oem4f (.text:ti_sysbios_knl_Semaphore_destruct)
                  00005fc8    0000004c     sysbios.aem4f : BIOS.obj (.text:ti_sysbios_knl_Task_allBlockedFunction__I)
                  00006014    00000004     ti.targets.arm.rtsarm.aem4f : Error.oem4f (.text:xdc_runtime_Error_getSite__E)
                  00006018    0000004c     sysbios.aem4f : BIOS.obj (.text:ti_sysbios_knl_Task_schedule__I)
                  00006064    00000048     driverlib.lib : gpio.obj (.text:GPIOPinConfigure)
                  000060ac    00000048                   : i2c.obj (.text:I2CMasterInitExpClk)
                  000060f4    00000004     empty_min_pem4f.oem4f (.text:xdc_runtime_System_Module_GateProxy_enter__E)
                  000060f8    00000048     sysbios.aem4f : BIOS.obj (.text:ti_sysbios_family_arm_lm4_Timer_enableTimers__I)
                  00006140    00000048                   : BIOS.obj (.text:ti_sysbios_family_arm_m3_Hwi_disableInterrupt__E)
                  00006188    00000048                   : BIOS.obj (.text:ti_sysbios_family_arm_m3_Hwi_enableInterrupt__E)
                  000061d0    00000048                   : BIOS.obj (.text:ti_sysbios_family_arm_m3_Hwi_excReserved__I)
                  00006218    00000046     IMU.obj (.text:IMU_WriteRegister)
                  0000625e    00000046     MotorDriver.obj (.text:MotorDriver_Params_init)
                  000062a4    00000046     drivers_tivaware.aem4f : RingBuf.oem4f (.text:RingBuf_put)
                  000062ea    00000046     ti.targets.arm.rtsarm.aem4f : Core-params.oem4f (.text:xdc_runtime_Core_assignParams__I)
                  00006330    00000044     RAP_Robot.obj (.text:main)
                  00006374    00000004     empty_min_pem4f.oem4f (.text:xdc_runtime_System_Module_GateProxy_leave__E)
                  00006378    00000044     sysbios.aem4f : BIOS.obj (.text:ti_sysbios_family_arm_lm4_Timer_isrStub__E)
                  000063bc    00000004     ti.targets.arm.rtsarm.aem4f : System.oem4f (.text:xdc_runtime_System_aprintf_va__F)
                  000063c0    00000044     sysbios.aem4f : BIOS.obj (.text:ti_sysbios_family_arm_m3_Hwi_getStackInfo__E)
                  00006404    00000004     ti.targets.arm.rtsarm.aem4f : System.oem4f (.text:xdc_runtime_System_printf_va__F)
                  00006408    00000044     sysbios.aem4f : BIOS.obj (.text:ti_sysbios_knl_Swi_post__E)
                  0000644c    00000044     ti.targets.arm.rtsarm.aem4f : Error.oem4f (.text:xdc_runtime_Error_setX__E)
                  00006490    00000044                                 : SysMin.oem4f (.text:xdc_runtime_SysMin_flush__E)
                  000064d4    00000044                                 : Text.oem4f (.text:xdc_runtime_Text_xprintf__I)
                  00006518    00000042     driverlib.lib : uart.obj (.text:UARTConfigSetExpClk)
                  0000655a    00000042     drivers_tivaware.aem4f : UARTTiva.oem4f (.text:UARTTiva_hwiIntFxn)
                  0000659c    00000042                            : UARTTiva.oem4f (.text:UARTTiva_writePolling)
                  000065de    00000002     --HOLE-- [fill = 0]
                  000065e0    00000040     RAP_Robot_TM4C123G.obj (.text:EK_TM4C123GXL_initGeneral)
                  00006620    00000040     drivers_tivaware.aem4f : RingBuf.oem4f (.text:RingBuf_get)
                  00006660    00000040                            : UARTTiva.oem4f (.text:UARTTiva_read)
                  000066a0    00000040     rtsv7M4_T_le_v4SPD16_eabi.lib : u_divt2.asm.obj (.text)
                  000066e0    00000040     sysbios.aem4f : BIOS.obj (.text:ti_sysbios_family_arm_lm4_Timer_startup__E)
                  00006720    00000040                   : BIOS.obj (.text:ti_sysbios_heaps_HeapMem_Instance_init__E)
                  00006760    0000003e     driverlib.lib : adc.obj (.text:ADCSequenceConfigure)
                  0000679e    00000002     --HOLE-- [fill = 0]
                  000067a0    0000003c     sysbios.aem4f : BIOS.obj (.text:ti_sysbios_family_arm_m3_Hwi_excSvCall__I)
                  000067dc    00000004     --HOLE-- [fill = 0]
                  000067e0    0000003c                   : BIOS.obj (.text:ti_sysbios_heaps_HeapMem_init__I)
                  0000681c    00000004     --HOLE-- [fill = 0]
                  00006820    0000003c                   : BIOS.obj (.text:ti_sysbios_knl_Swi_restore__E)
                  0000685c    0000003a     drivers_tivaware.aem4f : I2CTiva.oem4f (.text:I2CTiva_completeTransfer)
                  00006896    0000003a     UART_tools.obj (.text:UART_intToHexChar)
                  000068d0    00000038     RAP_Robot_TM4C123G.obj (.text:EK_TM4C123GXL_initI2C)
                  00006908    00000038     drivers_tivaware.aem4f : I2C.oem4f (.text:I2C_init)
                  00006940    00000038     IMU.obj (.text:IMU_Sensor_Configure_Magnetometer)
                  00006978    00000038     drivers_tivaware.aem4f : PWM.oem4f (.text:PWM_init)
                  000069b0    00000038     driverlib.lib : sysctl.obj (.text:SysCtlPeripheralReady)
                  000069e8    00000038     drivers_tivaware.aem4f : UART.oem4f (.text:UART_init)
                  00006a20    00000038     rtsv7M4_T_le_v4SPD16_eabi.lib : trgmsg.c.obj (.text:__TI_writemsg)
                  00006a58    00000038                                   : fs_tod_t2.asm.obj (.text)
                  00006a90    00000038     sysbios.aem4f : BIOS.obj (.text:ti_sysbios_family_arm_m3_Hwi_excNoIsr__I)
                  00006ac8    00000038                   : BIOS.obj (.text:ti_sysbios_knl_Task_processVitalTaskFlag__I)
                  00006b00    00000038     ti.targets.arm.rtsarm.aem4f : SysMin.oem4f (.text:xdc_runtime_SysMin_putch__E)
                  00006b38    00000038                                 : System.oem4f (.text:xdc_runtime_System_atexit__E)
                  00006b70    00000036     drivers_tivaware.aem4f : I2CTiva.oem4f (.text:I2CTiva_close)
                  00006ba6    00000036                            : UARTTiva.oem4f (.text:UARTTiva_readCancel)
                  00006bdc    00000034     driverlib.lib : sysctl.obj (.text:SysCtlPeripheralEnable)
                  00006c10    00000034     rtsv7M4_T_le_v4SPD16_eabi.lib : trgmsg.c.obj (.text:__TI_readmsg)
                  00006c44    00000004     --HOLE-- [fill = 0]
                  00006c48    00000034     sysbios.aem4f : BIOS.obj (.text:ti_sysbios_family_arm_m3_Hwi_Instance_finalize__E)
                  00006c7c    00000004     --HOLE-- [fill = 0]
                  00006c80    00000034                   : BIOS.obj (.text:ti_sysbios_family_arm_m3_Hwi_excNmi__I)
                  00006cb4    00000034     empty_min_pem4f.oem4f (.text:ti_sysbios_knl_Clock_construct)
                  00006ce8    00000034     ti.targets.arm.rtsarm.aem4f : Core-label.oem4f (.text:xdc_runtime_Core_assignLabel__I)
                  00006d1c    00000033                                 : Text.oem4f (.text:xdc_runtime_Text_printVisFxn__I)
                  00006d4f    00000001     --HOLE-- [fill = 0]
                  00006d50    00000032     sysbios.aem4f : BIOS.obj (.text:ti_sysbios_hal_Hwi_initStack)
                  00006d82    00000002     --HOLE-- [fill = 0]
                  00006d84    00000030     RAP_Robot_TM4C123G.obj (.text:EK_TM4C123GXL_initGPIO)
                  00006db4    00000030     drivers_tivaware.aem4f : GPIOTiva.oem4f (.text:GPIO_enableInt)
                  00006de4    00000030                            : I2C.oem4f (.text:I2C_open)
                  00006e14    00000030                            : PWMTiva.oem4f (.text:PWMTiva_init)
                  00006e44    00000030                            : PWM.oem4f (.text:PWM_open)
                  00006e74    00000030                            : UART.oem4f (.text:UART_open)
                  00006ea4    00000030     empty_min_pem4f.oem4f (.text:ti_sysbios_BIOS_atExitFunc__I)
                  00006ed4    00000004     --HOLE-- [fill = 0]
                  00006ed8    00000030     sysbios.aem4f : BIOS.obj (.text:ti_sysbios_family_arm_lm4_Timer_stop__E)
                  00006f08    00000030                   : BIOS.obj (.text:ti_sysbios_family_arm_m3_TaskSupport_start__E)
                  00006f38    00000030     empty_min_pem4f.oem4f (.text:ti_sysbios_gates_GateHwi_Object__create__S)
                  00006f68    00000030     empty_min_pem4f.oem4f (.text:ti_sysbios_gates_GateMutex_Object__create__S)
                  00006f98    00000030     sysbios.aem4f : BIOS.obj (.text:ti_sysbios_gates_GateMutex_enter__E)
                  00006fc8    00000030     empty_min_pem4f.oem4f (.text:ti_sysbios_heaps_HeapMem_Object__create__S)
                  00006ff8    00000030     empty_min_pem4f.oem4f (.text:ti_sysbios_knl_Semaphore_construct)
                  00007028    00000030     sysbios.aem4f : BIOS.obj (.text:ti_sysbios_knl_Semaphore_pendTimeout__I)
                  00007058    00000030                   : BIOS.obj (.text:ti_sysbios_knl_Task_unblockI__E)
                  00007088    00000030     ti.targets.arm.rtsarm.aem4f : SysMin.oem4f (.text:xdc_runtime_SysMin_abort__E)
                  000070b8    00000030                                 : System.oem4f (.text:xdc_runtime_System_processAtExit__E)
                  000070e8    0000002c     RAP_Robot_TM4C123G.obj (.text:EK_TM4C123GXL_initUART)
                  00007114    0000002c     UART_tools.obj (.text:UART_puts)
                  00007140    0000002c     empty_min_pem4f.oem4f (.text:ti_sysbios_knl_Clock_doTick__I)
                  0000716c    0000002c     empty_min_pem4f.oem4f (.text:ti_sysbios_knl_Queue_construct)
                  00007198    0000002c     sysbios.aem4f : BIOS.obj (.text:ti_sysbios_knl_Task_restore__E)
                  000071c4    0000002c     ti.targets.arm.rtsarm.aem4f : Text.oem4f (.text:xdc_runtime_Text_cordText__E)
                  000071f0    0000002a     driverlib.lib : gpio.obj (.text:GPIODirModeSet)
                  0000721a    0000002a     ti.targets.arm.rtsarm.aem4f : System.oem4f (.text:xdc_runtime_System_putchar__I)
                  00007244    00000028     IMU.obj (.text:IMU_setCallback)
                  0000726c    00000028     rtsv7M4_T_le_v4SPD16_eabi.lib : e_sqrtf.c.obj (.text:sqrtf)
                  00007294    00000004     --HOLE-- [fill = 0]
                  00007298    00000028     sysbios.aem4f : BIOS.obj (.text:ti_sysbios_knl_Swi_Module_startup__E)
                  000072c0    00000026                   : m3_Hwi_asm.obj (.text:ti_sysbios_family_arm_m3_Hwi_pendSV__I)
                  000072e6    00000026     ti.targets.arm.rtsarm.aem4f : System.oem4f (.text:xdc_runtime_System_avprintf__E)
                  0000730c    00000024     MotorDriver.obj (.text:MotorDriver_Start)
                  00007330    00000024     empty_min_pem4f.oem4f (.text:ti_sysbios_BIOS_errorRaiseHook__I)
                  00007354    00000024     empty_min_pem4f.oem4f (.text:ti_sysbios_BIOS_registerRTSLock__I)
                  00007378    00000024     empty_min_pem4f.oem4f (.text:ti_sysbios_BIOS_removeRTSLock__I)
                  0000739c    00000024     empty_min_pem4f.oem4f (.text:ti_sysbios_BIOS_startFunc__I)
                  000073c0    00000024     empty_min_pem4f.oem4f (.text:ti_sysbios_gates_GateMutex_Object__delete__S)
                  000073e4    00000004     --HOLE-- [fill = 0]
                  000073e8    00000024     sysbios.aem4f : BIOS.obj (.text:ti_sysbios_knl_Clock_Module_startup__E)
                  0000740c    00000004     --HOLE-- [fill = 0]
                  00007410    00000024                   : BIOS.obj (.text:ti_sysbios_knl_Clock_start__E)
                  00007434    00000004     --HOLE-- [fill = 0]
                  00007438    00000024                   : BIOS.obj (.text:ti_sysbios_knl_Semaphore_Instance_init__E)
                  0000745c    00000004     --HOLE-- [fill = 0]
                  00007460    00000024                   : BIOS.obj (.text:ti_sysbios_knl_Task_restoreHwi__E)
                  00007484    00000024     ti.targets.arm.rtsarm.aem4f : System.oem4f (.text:xdc_runtime_System_vprintf__E)
                  000074a8    00000022     driverlib.lib : pwm.obj (.text:PWMGenConfigure)
                  000074ca    00000022     drivers_tivaware.aem4f : PWMTiva.oem4f (.text:PWMTiva_getPeriodCounts)
                  000074ec    00000004     --HOLE-- [fill = 0]
                  000074f0    00000022     sysbios.aem4f : BIOS.obj (.text:ti_sysbios_family_arm_lm4_Timer_write__I)
                  00007512    00000022     empty_min_pem4f.oem4f (.text:xdc_runtime_SysMin_output__I)
                  00007534    00000020     IMUSensor.obj (.text:IMUSensor_getPitch)
                  00007554    00000020     IMUSensor.obj (.text:IMUSensor_getRoll)
                  00007574    00000020     IMUSensor.obj (.text:IMUSensor_getYaw)
                  00007594    00000020     empty_min_pem4f.oem4f (.text:ti_sysbios_BIOS_rtsLock__I)
                  000075b4    00000020     sysbios.aem4f : m3_Hwi_asm.obj (.text:ti_sysbios_family_arm_m3_Hwi_excHandlerAsm__I)
                  000075d4    00000004     --HOLE-- [fill = 0]
                  000075d8    00000020                   : BIOS.obj (.text:ti_sysbios_family_arm_m3_Hwi_excHandler__I)
                  000075f8    00000020     empty_min_pem4f.oem4f (.text:ti_sysbios_gates_GateHwi_Object__delete__S)
                  00007618    00000020     empty_min_pem4f.oem4f (.text:ti_sysbios_heaps_HeapMem_Object__delete__S)
                  00007638    00000020     empty_min_pem4f.oem4f (.text:ti_sysbios_knl_Clock_Object__destruct__S)
                  00007658    00000020     sysbios.aem4f : BIOS.obj (.text:ti_sysbios_knl_Idle_run__E)
                  00007678    00000020     empty_min_pem4f.oem4f (.text:ti_sysbios_knl_Semaphore_Object__destruct__S)
                  00007698    00000020     ti.targets.arm.rtsarm.aem4f : Registry.oem4f (.text:xdc_runtime_Registry_findById__E)
                  000076b8    00000020                                 : SysMin.oem4f (.text:xdc_runtime_SysMin_Module_startup__E)
                  000076d8    0000001e     driverlib.lib : pwm.obj (.text:PWMPulseWidthSet)
                  000076f6    0000001e     drivers_tivaware.aem4f : PWMTiva.oem4f (.text:PWMTiva_getPeriodMicroSecs)
                  00007714    0000001e     sysbios.aem4f : m3_Hwi_asm_switch.obj (.text:ti_sysbios_family_xxx_Hwi_switchAndRunFunc)
                  00007732    0000001c     IMU.obj (.text:IMU_Params_init)
                  0000774e    0000001c     IMU.obj (.text:IMU_Sensor_Configuration_init)
                  0000776a    00000002     --HOLE-- [fill = 0]
                  0000776c    0000001c     driverlib.lib : uart.obj (.text:UARTDisable)
                  00007788    0000001c     Wheels.obj (.text:Wheels_start)
                  000077a4    0000001c     drivers_tivaware.aem4f : GPIOTiva.oem4f (.text:getGpioIntIndex)
                  000077c0    0000001c     empty_min_pem4f.oem4f (.text:ti_sysbios_family_arm_m3_Hwi_Object__destruct__S)
                  000077dc    00000004     --HOLE-- [fill = 0]
                  000077e0    0000001c     sysbios.aem4f : BIOS.obj (.text:ti_sysbios_gates_GateMutex_Instance_init__E)
                  000077fc    00000004     --HOLE-- [fill = 0]
                  00007800    0000001c                   : BIOS.obj (.text:ti_sysbios_knl_Clock_Instance_finalize__E)
                  0000781c    0000001c     empty_min_pem4f.oem4f (.text:ti_sysbios_knl_Queue_Object__destruct__S)
                  00007838    0000001c     sysbios.aem4f : BIOS.obj (.text:ti_sysbios_knl_Queue_put__E)
                  00007854    00000004     --HOLE-- [fill = 0]
                  00007858    0000001c                   : BIOS.obj (.text:ti_sysbios_knl_Task_enter__I)
                  00007874    0000001c     ti.targets.arm.rtsarm.aem4f : Error.oem4f (.text:xdc_runtime_Error_raiseX__E)
                  00007890    0000001c                                 : Memory.oem4f (.text:xdc_runtime_Memory_valloc__E)
                  000078ac    0000001c                                 : SysMin.oem4f (.text:xdc_runtime_SysMin_exit__E)
                  000078c8    0000001c                                 : System.oem4f (.text:xdc_runtime_System_abort__E)
                  000078e4    0000001a     empty_min_pem4f.oem4f (.text:ti_sysbios_family_arm_m3_Hwi_Handle__label__S)
                  000078fe    0000001a     empty_min_pem4f.oem4f (.text:ti_sysbios_gates_GateHwi_Handle__label__S)
                  00007918    0000001a     empty_min_pem4f.oem4f (.text:ti_sysbios_gates_GateMutex_Handle__label__S)
                  00007932    0000001a     empty_min_pem4f.oem4f (.text:ti_sysbios_heaps_HeapMem_Handle__label__S)
                  0000794c    0000001a     empty_min_pem4f.oem4f (.text:ti_sysbios_knl_Swi_Handle__label__S)
                  00007966    0000001a     empty_min_pem4f.oem4f (.text:ti_sysbios_knl_Task_Handle__label__S)
                  00007980    0000001a     empty_min_pem4f.oem4f (.text:xdc_runtime_System_aprintf__E)
                  0000799a    0000001a     empty_min_pem4f.oem4f (.text:xdc_runtime_System_printf__E)
                  000079b4    00000018     Wheels.obj (.text:Left_Wheel_Speed)
                  000079cc    00000018     Wheels.obj (.text:Right_Wheel_Speed)
                  000079e4    00000018     drivers_tivaware.aem4f : UART.oem4f (.text:UART_Params_init)
                  000079fc    00000018     rtsv7M4_T_le_v4SPD16_eabi.lib : args_main.c.obj (.text:_args_main)
                  00007a14    00000018     empty_min_pem4f.oem4f (.text:ti_sysbios_BIOS_rtsUnlock__I)
                  00007a2c    00000018     empty_min_pem4f.oem4f (.text:ti_sysbios_family_arm_lm4_Timer_Module__startupDone__F)
                  00007a44    00000018     empty_min_pem4f.oem4f (.text:ti_sysbios_family_arm_m3_Hwi_Module__startupDone__F)
                  00007a5c    00000018     sysbios.aem4f : m3_TaskSupport_asm.obj (.text:ti_sysbios_family_arm_m3_TaskSupport_swap__E)
                  00007a74    00000004     --HOLE-- [fill = 0]
                  00007a78    00000018                   : BIOS.obj (.text:ti_sysbios_gates_GateMutex_leave__E)
                  00007a90    00000018                   : BIOS.obj (.text:ti_sysbios_knl_Task_sleepTimeout__I)
                  00007aa8    00000018     ti.targets.arm.rtsarm.aem4f : Error.oem4f (.text:xdc_runtime_Error_check__E)
                  00007ac0    00000018                                 : System.oem4f (.text:xdc_runtime_System_exit__E)
                  00007ad8    00000018                                 : Text.oem4f (.text:xdc_runtime_Text_ropeText__E)
                  00007af0    00000016     driverlib.lib : i2c.obj (.text:I2CMasterErr)
                  00007b06    00000016     empty_min_pem4f.oem4f (.text:ti_sysbios_BIOS_exitFunc__I)
                  00007b1c    00000016     Wheels.obj (.text:ti_sysbios_knl_Clock_Params_init)
                  00007b32    00000016     IMUSensor.obj (.text:ti_sysbios_knl_Semaphore_Params_init)
                  00007b48    00000016     IMUSensor.obj (.text:ti_sysbios_knl_Task_Params_init)
                  00007b5e    00000016     RAP_Robot.obj (.text:ti_sysbios_knl_Task_Params_init)
                  00007b74    00000014     IMUSensor.obj (.text:IMUInterruptFx)
                  00007b88    00000014     driverlib.lib : pwm.obj (.text:PWMClockSet)
                  00007b9c    00000014                   : sysctl.obj (.text:SysCtlPWMClockSet)
                  00007bb0    00000014                   : uart.obj (.text:UARTEnable)
                  00007bc4    00000014     UART_tools.obj (.text:UART_putch)
                  00007bd8    00000014     rtsv7M4_T_le_v4SPD16_eabi.lib : strlen.c.obj (.text:strlen)
                  00007bec    00000014     empty_min_pem4f.oem4f (.text:ti_sysbios_family_arm_m3_Hwi_Object__get__S)
                  00007c00    00000014     sysbios.aem4f : BIOS.obj (.text:ti_sysbios_family_arm_m3_Hwi_switchFromBootStack__E)
                  00007c14    00000014     empty_min_pem4f.oem4f (.text:ti_sysbios_heaps_HeapMem_Object__get__S)
                  00007c28    00000014     empty_min_pem4f.oem4f (.text:ti_sysbios_knl_Swi_Object__get__S)
                  00007c3c    00000012     driverlib.lib : gpio.obj (.text:GPIOPinTypeADC)
                  00007c4e    00000012                   : gpio.obj (.text:GPIOPinTypeGPIOInput)
                  00007c60    00000012                   : gpio.obj (.text:GPIOPinTypeI2C)
                  00007c72    00000012                   : gpio.obj (.text:GPIOPinTypeI2CSCL)
                  00007c84    00000012                   : gpio.obj (.text:GPIOPinTypePWM)
                  00007c96    00000012                   : gpio.obj (.text:GPIOPinTypeQEI)
                  00007ca8    00000012                   : gpio.obj (.text:GPIOPinTypeUART)
                  00007cba    00000012                   : pwm.obj (.text:PWMGenPeriodGet)
                  00007ccc    00000012                   : pwm.obj (.text:PWMOutputInvert)
                  00007cde    00000012                   : pwm.obj (.text:PWMOutputState)
                  00007cf0    00000012     drivers_tivaware.aem4f : RingBuf.oem4f (.text:RingBuf_construct)
                  00007d02    00000012     rtsv7M4_T_le_v4SPD16_eabi.lib : s_copysignf.c.obj (.text:copysignf)
                  00007d14    00000004     --HOLE-- [fill = 0]
                  00007d18    00000012     sysbios.aem4f : BIOS.obj (.text:ti_sysbios_hal_Hwi_Module_startup__E)
                  00007d2a    00000012     empty_min_pem4f.oem4f (.text:xdc_runtime_Startup_exec__I)
                  00007d3c    00000010     drivers_tivaware.aem4f : I2C.oem4f (.text:I2C_Params_init)
                  00007d4c    00000010     IMUSensor.obj (.text:IMUSensor_Enable)
                  00007d5c    00000010     IMU.obj (.text:IMU_EnableEvents)
                  00007d6c    00000010     driverlib.lib : pwm.obj (.text:PWMGenPeriodSet)
                  00007d7c    00000010     drivers_tivaware.aem4f : PWM.oem4f (.text:PWM_Params_init)
                  00007d8c    00000010     driverlib.lib : qei.obj (.text:QEIVelocityConfigure)
                  00007d9c    00000010     drivers_tivaware.aem4f : UARTTiva.oem4f (.text:readBlockingTimeout)
                  00007dac    00000004     --HOLE-- [fill = 0]
                  00007db0    00000010     sysbios.aem4f : BIOS.obj (.text:ti_sysbios_BIOS_getCpuFreq__E)
                  00007dc0    00000010                   : BIOS.obj (.text:ti_sysbios_BIOS_setThreadType__E)
                  00007dd0    00000010                   : BIOS.obj (.text:ti_sysbios_BIOS_start__E)
                  00007de0    00000010                   : m3_TaskSupport_asm.obj (.text:ti_sysbios_family_arm_m3_TaskSupport_glue)
                  00007df0    00000010                   : BIOS.obj (.text:ti_sysbios_gates_GateMutex_Instance_finalize__E)
                  00007e00    00000010                   : BIOS.obj (.text:ti_sysbios_knl_Semaphore_Instance_finalize__E)
                  00007e10    00000010                   : BIOS.obj (.text:ti_sysbios_knl_Swi_disable__E)
                  00007e20    00000010                   : BIOS.obj (.text:ti_sysbios_knl_Task_disable__E)
                  00007e30    00000010     ti.targets.arm.rtsarm.aem4f : Gate.oem4f (.text:xdc_runtime_Gate_leaveSystem__E)
                  00007e40    00000010                                 : Memory.oem4f (.text:xdc_runtime_Memory_free__E)
                  00007e50    00000010                                 : SysMin.oem4f (.text:xdc_runtime_SysMin_ready__E)
                  00007e60    00000010                                 : System.oem4f (.text:xdc_runtime_System_vsnprintf__E)
                  00007e70    00000010     empty_min_pem4f.oem4f (.text:xdc_runtime_Text_visitRope__I)
                  00007e80    0000000e     driverlib.lib : adc.obj (.text:ADCSequenceEnable)
                  00007e8e    0000000e                   : gpio.obj (.text:GPIOIntStatus)
                  00007e9c    0000000e                   : qei.obj (.text:QEIConfigure)
                  00007eaa    0000000e                   : qei.obj (.text:QEIDirectionGet)
                  00007eb8    0000000e                   : uart.obj (.text:UARTCharGetNonBlocking)
                  00007ec6    0000000e                   : uart.obj (.text:UARTCharPutNonBlocking)
                  00007ed4    0000000e     rtsv7M4_T_le_v4SPD16_eabi.lib : copy_decompress_none.c.obj (.text:decompress:none:__TI_decompress_none)
                  00007ee2    00000006     driverlib.lib : gpio.obj (.text:GPIOPinWrite)
                  00007ee8    0000000e     sysbios.aem4f : BIOS.obj (.text:ti_sysbios_knl_Queue_empty__E)
                  00007ef6    0000000e     empty_min_pem4f.oem4f (.text:ti_sysbios_knl_Task_Object__get__S)
                  00007f04    0000000c     empty_min_pem4f.oem4f (.text:.bootCodeSection:ti_catalog_arm_cortexm4_tiva_ce_Boot_init__I)
                  00007f10    0000000c     driverlib.lib : adc.obj (.text:ADCReferenceSet)
                  00007f1c    0000000c                   : gpio.obj (.text:GPIOIntEnable)
                  00007f28    0000000c                   : pwm.obj (.text:PWMGenDisable)
                  00007f34    0000000c                   : pwm.obj (.text:PWMGenEnable)
                  00007f40    0000000c     drivers_tivaware.aem4f : RingBuf.oem4f (.text:RingBuf_peek)
                  00007f4c    0000000c     driverlib.lib : uart.obj (.text:UARTFlowControlSet)
                  00007f58    0000000c     drivers_tivaware.aem4f : UARTTiva.oem4f (.text:UARTTiva_init)
                  00007f64    0000000c     rtsv7M4_T_le_v4SPD16_eabi.lib : _lock.c.obj (.text:_register_lock)
                  00007f70    0000000c                                   : _lock.c.obj (.text:_register_unlock)
                  00007f7c    0000000c                                   : copy_zero_init.c.obj (.text:decompress:ZI:__TI_zero_init)
                  00007f88    0000000c     sysbios.aem4f : BIOS.obj (.text:ti_sysbios_family_arm_lm4_Timer_getMaxTicks__E)
                  00007f94    0000000c     empty_min_pem4f.oem4f (.text:ti_sysbios_family_arm_m3_Hwi_Params__init__S)
                  00007fa0    0000000c     sysbios.aem4f : BIOS.obj (.text:ti_sysbios_family_arm_m3_Hwi_disableFxn__E)
                  00007fac    00000004     --HOLE-- [fill = 0]
                  00007fb0    0000000c                   : BIOS.obj (.text:ti_sysbios_family_arm_m3_TaskSupport_getStackAlignment__E)
                  00007fbc    00000004     --HOLE-- [fill = 0]
                  00007fc0    0000000c                   : BIOS.obj (.text:ti_sysbios_gates_GateHwi_enter__E)
                  00007fcc    0000000c     empty_min_pem4f.oem4f (.text:ti_sysbios_knl_Clock_Params__init__S)
                  00007fd8    0000000c     Wheels.obj (.text:ti_sysbios_knl_Clock_handle)
                  00007fe4    0000000c     empty_min_pem4f.oem4f (.text:ti_sysbios_knl_Queue_Object__get__S)
                  00007ff0    0000000c     empty_min_pem4f.oem4f (.text:ti_sysbios_knl_Semaphore_Params__init__S)
                  00007ffc    0000000c     IMUSensor.obj (.text:ti_sysbios_knl_Semaphore_handle)
                  00008008    0000000c     empty_min_pem4f.oem4f (.text:ti_sysbios_knl_Task_Params__init__S)
                  00008014    0000000c     ti.targets.arm.rtsarm.aem4f : Error.oem4f (.text:xdc_runtime_Error_init__E)
                  00008020    0000000c                                 : Gate.oem4f (.text:xdc_runtime_Gate_enterSystem__E)
                  0000802c    0000000c                                 : Memory.oem4f (.text:xdc_runtime_Memory_calloc__E)
                  00008038    0000000c                                 : Memory.oem4f (.text:xdc_runtime_Memory_getMaxDefaultTypeAlign__E)
                  00008044    0000000a     driverlib.lib : i2c.obj (.text:I2CMasterDisable)
                  0000804e    0000000a                   : i2c.obj (.text:I2CMasterEnable)
                  00008058    0000000a     drivers_tivaware.aem4f : I2CTiva.oem4f (.text:I2CTiva_init)
                  00008062    0000000a                            : I2C.oem4f (.text:I2C_close)
                  0000806c    0000000a                            : I2C.oem4f (.text:I2C_transfer)
                  00008076    0000000a                            : PWM.oem4f (.text:PWM_setDuty)
                  00008080    0000000a     driverlib.lib : qei.obj (.text:QEIEnable)
                  0000808a    0000000a                   : qei.obj (.text:QEIVelocityEnable)
                  00008094    0000000a                   : uart.obj (.text:UARTCharGet)
                  0000809e    0000000a                   : uart.obj (.text:UARTCharPut)
                  000080a8    0000000a                   : uart.obj (.text:UARTIntDisable)
                  000080b2    0000000a                   : uart.obj (.text:UARTIntStatus)
                  000080bc    0000000a     drivers_tivaware.aem4f : UART.oem4f (.text:UART_write)
                  000080c6    0000000a     empty_min_pem4f.oem4f (.text:xdc_runtime_IHeap_alloc)
                  000080d0    0000000a     empty_min_pem4f.oem4f (.text:xdc_runtime_IHeap_free)
                  000080da    00000008     driverlib.lib : i2c.obj (.text:I2CMasterIntClear)
                  000080e2    00000008                   : i2c.obj (.text:I2CMasterSlaveAddrSet)
                  000080ea    00000008     drivers_tivaware.aem4f : I2CTiva.oem4f (.text:I2CTiva_blockingCallback)
                  000080f2    00000008     driverlib.lib : uart.obj (.text:UARTIntEnable)
                  000080fa    00000008                   : uart.obj (.text:UARTRxErrorGet)
                  00008102    00000002     --HOLE-- [fill = 0]
                  00008104    00000008     rtsv7M4_T_le_v4SPD16_eabi.lib : errno.c.obj (.text:__aeabi_errno_addr)
                  0000810c    00000008     drivers_tivaware.aem4f : UARTTiva.oem4f (.text:readSemCallback)
                  00008114    00000008     sysbios.aem4f : BIOS.obj (.text:ti_sysbios_family_arm_lm4_Timer_masterDisable__I)
                  0000811c    00000004     --HOLE-- [fill = 0]
                  00008120    00000008                   : BIOS.obj (.text:ti_sysbios_family_arm_m3_Hwi_doSwiRestore__I)
                  00008128    00000008                   : BIOS.obj (.text:ti_sysbios_family_arm_m3_Hwi_startup__E)
                  00008130    00000008     drivers_tivaware.aem4f : UARTTiva.oem4f (.text:writeSemCallback)
                  00008138    00000006     driverlib.lib : i2c.obj (.text:I2CMasterIntDisable)
                  0000813e    00000006                   : i2c.obj (.text:I2CMasterIntEnable)
                  00008144    00000006     drivers_tivaware.aem4f : I2CTiva.oem4f (.text:I2CTiva_control)
                  0000814a    00000006     driverlib.lib : uart.obj (.text:UARTFIFOLevelSet)
                  00008150    00000006                   : uart.obj (.text:UARTRxErrorClear)
                  00008156    00000006     Boot.aem4f : Boot_sysctl.oem4f (.text:ti_catalog_arm_cortexm4_tiva_ce_Boot_sysCtlDelayI__I)
                  0000815c    00000004     --HOLE-- [fill = 0]
                  00008160    00000006     sysbios.aem4f : BIOS.obj (.text:ti_sysbios_family_arm_m3_Hwi_doTaskRestore__I)
                  00008166    00000002     --HOLE-- [fill = 0]
                  00008168    00000006                   : BIOS.obj (.text:ti_sysbios_family_arm_m3_Hwi_restoreFxn__E)
                  0000816e    00000002     --HOLE-- [fill = 0]
                  00008170    00000006                   : BIOS.obj (.text:ti_sysbios_gates_GateHwi_leave__E)
                  00008176    00000002     --HOLE-- [fill = 0]
                  00008178    00000006                   : BIOS.obj (.text:ti_sysbios_heaps_HeapMem_isBlocking__E)
                  0000817e    00000002     --HOLE-- [fill = 0]
                  00008180    00000006                   : BIOS.obj (.text:ti_sysbios_knl_Clock_stop__E)
                  00008186    00000002     --HOLE-- [fill = 0]
                  00008188    00000006                   : BIOS.obj (.text:ti_sysbios_knl_Queue_Instance_init__E)
                  0000818e    00000002     --HOLE-- [fill = 0]
                  00008190    00000006                   : BIOS.obj (.text:ti_sysbios_knl_Swi_startup__E)
                  00008196    00000006     ti.targets.arm.rtsarm.aem4f : System.oem4f (.text:xdc_runtime_System_Module_startup__E)
                  0000819c    00000004     --HOLE-- [fill = 0]
                  000081a0    00000004     sysbios.aem4f : BIOS.obj (.text:ti_sysbios_gates_GateHwi_query__E)
                  000081a4    00000004     --HOLE-- [fill = 0]
                  000081a8    00000004                   : BIOS.obj (.text:ti_sysbios_gates_GateMutex_query__E)
                  000081ac    00000004     --HOLE-- [fill = 0]
                  000081b0    00000004                   : BIOS.obj (.text:ti_sysbios_knl_Task_startup__E)
                  000081b4    00000004     --HOLE-- [fill = 0]
                  000081b8    00000002                   : BIOS.obj (.text:ti_sysbios_gates_GateHwi_Instance_init__E)
                  000081ba    00000006     --HOLE-- [fill = 0]
                  000081c0    00000002                   : BIOS.obj (.text:ti_sysbios_knl_Clock_logTick__E)

.const     0    000081c4    000020a5     
                  000081c4    00001844     empty_min_pem4f.oem4f (.const:xdc_runtime_Text_charTab__A)
                  00009a08    000000bc     empty_min_pem4f.oem4f (.const:xdc_runtime_Text_nodeTab__A)
                  00009ac4    00000090     driverlib.lib : gpio.obj (.const:g_pui32GPIOBaseAddrs)
                  00009b54    00000054     drivers_tivaware.aem4f : GPIOTiva.oem4f (.const:.string)
                  00009ba8    0000004c                            : UARTTiva.oem4f (.const)
                  00009bf4    00000048     empty_min_pem4f.oem4f (.const:.string)
                  00009c3c    00000048     drivers_tivaware.aem4f : GPIOTiva.oem4f (.const:gpioBaseAddresses)
                  00009c84    0000003c     RAP_Robot_TM4C123G.obj (.const:PWM_config)
                  00009cc0    0000003c     empty_min_pem4f.oem4f (.const:ti_sysbios_knl_Task_Object__PARAMS__C)
                  00009cfc    00000030     RAP_Robot_TM4C123G.obj (.const:pwmTivaHWAttrs)
                  00009d2c    00000030     empty_min_pem4f.oem4f (.const:ti_sysbios_family_arm_m3_Hwi_Object__PARAMS__C)
                  00009d5c    00000028     drivers_tivaware.aem4f : UARTTiva.oem4f (.const:UARTTiva_fxnTable)
                  00009d84    00000028     empty_min_pem4f.oem4f (.const:ti_sysbios_heaps_HeapMem_Module__FXNS__C)
                  00009dac    00000024     drivers_tivaware.aem4f : UART.oem4f (.const:UART_defaultParams)
                  00009dd0    00000024     empty_min_pem4f.oem4f (.const:ti_sysbios_gates_GateHwi_Module__FXNS__C)
                  00009df4    00000024     empty_min_pem4f.oem4f (.const:ti_sysbios_gates_GateMutex_Module__FXNS__C)
                  00009e18    00000024     empty_min_pem4f.oem4f (.const:ti_sysbios_heaps_HeapMem_Object__PARAMS__C)
                  00009e3c    00000024     empty_min_pem4f.oem4f (.const:ti_sysbios_knl_Clock_Object__PARAMS__C)
                  00009e60    00000024     empty_min_pem4f.oem4f (.const:ti_sysbios_knl_Semaphore_Object__PARAMS__C)
                  00009e84    00000020     drivers_tivaware.aem4f : PWMTiva.oem4f (.const)
                  00009ea4    00000020     empty_min_pem4f.oem4f (.const:ti_sysbios_family_arm_m3_Hwi_Object__DESC__C)
                  00009ec4    00000020     empty_min_pem4f.oem4f (.const:ti_sysbios_gates_GateHwi_Object__DESC__C)
                  00009ee4    00000020     empty_min_pem4f.oem4f (.const:ti_sysbios_gates_GateMutex_Object__DESC__C)
                  00009f04    00000020     empty_min_pem4f.oem4f (.const:ti_sysbios_heaps_HeapMem_Object__DESC__C)
                  00009f24    00000020     empty_min_pem4f.oem4f (.const:ti_sysbios_knl_Clock_Object__DESC__C)
                  00009f44    00000020     empty_min_pem4f.oem4f (.const:ti_sysbios_knl_Queue_Object__DESC__C)
                  00009f64    00000020     empty_min_pem4f.oem4f (.const:ti_sysbios_knl_Semaphore_Object__DESC__C)
                  00009f84    00000020     empty_min_pem4f.oem4f (.const:ti_sysbios_knl_Task_Object__DESC__C)
                  00009fa4    00000020     empty_min_pem4f.oem4f (.const:xdc_runtime_Startup_sfxnTab__A)
                  00009fc4    0000001c     drivers_tivaware.aem4f : I2CTiva.oem4f (.const)
                  00009fe0    00000018     rtsv7M4_T_le_v4SPD16_eabi.lib : e_powf.c.obj (.const:$O1$$)
                  00009ff8    00000018     RAP_Robot_TM4C123G.obj (.const:I2C_config)
                  0000a010    00000018     RAP_Robot_TM4C123G.obj (.const:UART_config)
                  0000a028    00000018     empty_min_pem4f.oem4f (.const:ti_sysbios_gates_GateHwi_Object__PARAMS__C)
                  0000a040    00000018     empty_min_pem4f.oem4f (.const:ti_sysbios_gates_GateMutex_Object__PARAMS__C)
                  0000a058    00000018     empty_min_pem4f.oem4f (.const:ti_sysbios_knl_Queue_Object__PARAMS__C)
                  0000a070    00000018     RAP_Robot_TM4C123G.obj (.const:uartTivaHWAttrs)
                  0000a088    00000014     RAP_Robot_TM4C123G.obj (.const:GPIOTiva_config)
                  0000a09c    00000014     empty_min_pem4f.oem4f (.const:xdc_runtime_Startup_firstFxns__A)
                  0000a0b0    00000010     drivers_tivaware.aem4f : I2C.oem4f (.const)
                  0000a0c0    00000010     IMU.obj (.const:g_fIMUAccelFactors)
                  0000a0d0    00000010     IMU.obj (.const:g_fIMUGyroFactors)
                  0000a0e0    00000010     empty_min_pem4f.oem4f (.const:xdc_runtime_Startup_sfxnRts__A)
                  0000a0f0    0000000c     drivers_tivaware.aem4f : PWM.oem4f (.const)
                  0000a0fc    0000000c     RAP_Robot_TM4C123G.obj (.const:i2cTivaHWAttrs)
                  0000a108    00000008     empty_min_pem4f.oem4f (.const:ti_sysbios_family_arm_m3_Hwi_excHookFuncs__A)
                  0000a110    00000008     empty_min_pem4f.oem4f (.const:ti_sysbios_knl_Idle_funcList__C)
                  0000a118    00000008     empty_min_pem4f.oem4f (.const:xdc_runtime_Startup_firstFxns__C)
                  0000a120    00000008     empty_min_pem4f.oem4f (.const:xdc_runtime_Startup_lastFxns__C)
                  0000a128    00000004     empty_min_pem4f.oem4f (.const:ti_catalog_arm_cortexm4_tiva_ce_Boot_A_mustUseEnhancedClockMode__C)
                  0000a12c    00000004     empty_min_pem4f.oem4f (.const:ti_catalog_arm_cortexm4_tiva_ce_Boot_Module__diagsEnabled__C)
                  0000a130    00000004     empty_min_pem4f.oem4f (.const:ti_catalog_arm_cortexm4_tiva_ce_Boot_Module__diagsIncluded__C)
                  0000a134    00000004     empty_min_pem4f.oem4f (.const:ti_catalog_arm_cortexm4_tiva_ce_Boot_Module__diagsMask__C)
                  0000a138    00000004     empty_min_pem4f.oem4f (.const:ti_sysbios_family_arm_lm4_Timer_enableFunc__C)
                  0000a13c    00000004     empty_min_pem4f.oem4f (.const:ti_sysbios_family_arm_lm4_Timer_numTimerDevices__C)
                  0000a140    00000004     empty_min_pem4f.oem4f (.const:ti_sysbios_family_arm_lm4_Timer_startupNeeded__C)
                  0000a144    00000004     empty_min_pem4f.oem4f (.const:ti_sysbios_family_arm_m3_Hwi_E_NMI__C)
                  0000a148    00000004     empty_min_pem4f.oem4f (.const:ti_sysbios_family_arm_m3_Hwi_E_alreadyDefined__C)
                  0000a14c    00000004     empty_min_pem4f.oem4f (.const:ti_sysbios_family_arm_m3_Hwi_E_busFault__C)
                  0000a150    00000004     empty_min_pem4f.oem4f (.const:ti_sysbios_family_arm_m3_Hwi_E_debugMon__C)
                  0000a154    00000004     empty_min_pem4f.oem4f (.const:ti_sysbios_family_arm_m3_Hwi_E_hardFault__C)
                  0000a158    00000004     empty_min_pem4f.oem4f (.const:ti_sysbios_family_arm_m3_Hwi_E_memFault__C)
                  0000a15c    00000004     empty_min_pem4f.oem4f (.const:ti_sysbios_family_arm_m3_Hwi_E_noIsr__C)
                  0000a160    00000004     empty_min_pem4f.oem4f (.const:ti_sysbios_family_arm_m3_Hwi_E_reserved__C)
                  0000a164    00000004     empty_min_pem4f.oem4f (.const:ti_sysbios_family_arm_m3_Hwi_E_svCall__C)
                  0000a168    00000004     empty_min_pem4f.oem4f (.const:ti_sysbios_family_arm_m3_Hwi_E_usageFault__C)
                  0000a16c    00000004     empty_min_pem4f.oem4f (.const:ti_sysbios_family_arm_m3_Hwi_NUM_INTERRUPTS__C)
                  0000a170    00000004     empty_min_pem4f.oem4f (.const:ti_sysbios_family_arm_m3_Hwi_Object__count__C)
                  0000a174    00000004     empty_min_pem4f.oem4f (.const:ti_sysbios_family_arm_m3_Hwi_ccr__C)
                  0000a178    00000004     empty_min_pem4f.oem4f (.const:ti_sysbios_family_arm_m3_Hwi_excHandlerFunc__C)
                  0000a17c    00000004     empty_min_pem4f.oem4f (.const:ti_sysbios_family_arm_m3_Hwi_excHookFuncs__C)
                  0000a180    00000004     empty_min_pem4f.oem4f (.const:ti_sysbios_family_arm_m3_Hwi_nullIsrFunc__C)
                  0000a184    00000004     empty_min_pem4f.oem4f (.const:ti_sysbios_family_arm_m3_Hwi_priGroup__C)
                  0000a188    00000004     empty_min_pem4f.oem4f (.const:ti_sysbios_family_arm_m3_TaskSupport_stackAlignment__C)
                  0000a18c    00000004     empty_min_pem4f.oem4f (.const:ti_sysbios_gates_GateMutex_Instance_State_sem__O)
                  0000a190    00000004     empty_min_pem4f.oem4f (.const:ti_sysbios_heaps_HeapMem_E_memory__C)
                  0000a194    00000004     empty_min_pem4f.oem4f (.const:ti_sysbios_heaps_HeapMem_Module__gateObj__C)
                  0000a198    00000004     empty_min_pem4f.oem4f (.const:ti_sysbios_heaps_HeapMem_Object__count__C)
                  0000a19c    00000004     empty_min_pem4f.oem4f (.const:ti_sysbios_heaps_HeapMem_reqAlign__C)
                  0000a1a0    00000004     empty_min_pem4f.oem4f (.const:ti_sysbios_knl_Clock_Module_State_clockQ__O)
                  0000a1a4    00000004     empty_min_pem4f.oem4f (.const:ti_sysbios_knl_Semaphore_Instance_State_pendQ__O)
                  0000a1a8    00000004     empty_min_pem4f.oem4f (.const:ti_sysbios_knl_Swi_Object__count__C)
                  0000a1ac    00000004     empty_min_pem4f.oem4f (.const:ti_sysbios_knl_Task_Module_State_inactiveQ__O)
                  0000a1b0    00000004     empty_min_pem4f.oem4f (.const:ti_sysbios_knl_Task_Object__count__C)
                  0000a1b4    00000004     empty_min_pem4f.oem4f (.const:ti_sysbios_knl_Task_allBlockedFunc__C)
                  0000a1b8    00000004     empty_min_pem4f.oem4f (.const:ti_sysbios_knl_Task_defaultStackHeap__C)
                  0000a1bc    00000004     empty_min_pem4f.oem4f (.const:ti_sysbios_knl_Task_defaultStackSize__C)
                  0000a1c0    00000004     empty_min_pem4f.oem4f (.const:ti_sysbios_knl_Task_numConstructedTasks__C)
                  0000a1c4    00000004     empty_min_pem4f.oem4f (.const:xdc_runtime_Assert_E_assertFailed__C)
                  0000a1c8    00000004     empty_min_pem4f.oem4f (.const:xdc_runtime_Core_A_initializedParams__C)
                  0000a1cc    00000004     empty_min_pem4f.oem4f (.const:xdc_runtime_Core_Module__diagsEnabled__C)
                  0000a1d0    00000004     empty_min_pem4f.oem4f (.const:xdc_runtime_Core_Module__diagsIncluded__C)
                  0000a1d4    00000004     empty_min_pem4f.oem4f (.const:xdc_runtime_Core_Module__diagsMask__C)
                  0000a1d8    00000004     empty_min_pem4f.oem4f (.const:xdc_runtime_Error_E_memory__C)
                  0000a1dc    00000004     empty_min_pem4f.oem4f (.const:xdc_runtime_Error_Module__diagsEnabled__C)
                  0000a1e0    00000004     empty_min_pem4f.oem4f (.const:xdc_runtime_Error_Module__diagsIncluded__C)
                  0000a1e4    00000004     empty_min_pem4f.oem4f (.const:xdc_runtime_Error_Module__diagsMask__C)
                  0000a1e8    00000004     empty_min_pem4f.oem4f (.const:xdc_runtime_Error_Module__loggerFxn8__C)
                  0000a1ec    00000004     empty_min_pem4f.oem4f (.const:xdc_runtime_Error_Module__loggerObj__C)
                  0000a1f0    00000004     empty_min_pem4f.oem4f (.const:xdc_runtime_Error_policyFxn__C)
                  0000a1f4    00000004     empty_min_pem4f.oem4f (.const:xdc_runtime_Error_raiseHook__C)
                  0000a1f8    00000004     empty_min_pem4f.oem4f (.const:xdc_runtime_IGateProvider_Interface__BASE__C)
                  0000a1fc    00000004     empty_min_pem4f.oem4f (.const:xdc_runtime_IHeap_Interface__BASE__C)
                  0000a200    00000004     empty_min_pem4f.oem4f (.const:xdc_runtime_IModule_Interface__BASE__C)
                  0000a204    00000004     empty_min_pem4f.oem4f (.const:xdc_runtime_Log_L_error__C)
                  0000a208    00000004     empty_min_pem4f.oem4f (.const:xdc_runtime_Memory_defaultHeapInstance__C)
                  0000a20c    00000004     empty_min_pem4f.oem4f (.const:xdc_runtime_Startup_execImpl__C)
                  0000a210    00000004     empty_min_pem4f.oem4f (.const:xdc_runtime_Startup_maxPasses__C)
                  0000a214    00000004     empty_min_pem4f.oem4f (.const:xdc_runtime_Startup_sfxnRts__C)
                  0000a218    00000004     empty_min_pem4f.oem4f (.const:xdc_runtime_Startup_sfxnTab__C)
                  0000a21c    00000004     empty_min_pem4f.oem4f (.const:xdc_runtime_SysMin_bufSize__C)
                  0000a220    00000004     empty_min_pem4f.oem4f (.const:xdc_runtime_SysMin_outputFunc__C)
                  0000a224    00000004     empty_min_pem4f.oem4f (.const:xdc_runtime_System_Module__gateObj__C)
                  0000a228    00000004     empty_min_pem4f.oem4f (.const:xdc_runtime_System_abortFxn__C)
                  0000a22c    00000004     empty_min_pem4f.oem4f (.const:xdc_runtime_System_exitFxn__C)
                  0000a230    00000004     empty_min_pem4f.oem4f (.const:xdc_runtime_System_extendFxn__C)
                  0000a234    00000004     empty_min_pem4f.oem4f (.const:xdc_runtime_System_maxAtexitHandlers__C)
                  0000a238    00000004     empty_min_pem4f.oem4f (.const:xdc_runtime_Text_charTab__C)
                  0000a23c    00000004     empty_min_pem4f.oem4f (.const:xdc_runtime_Text_nameEmpty__C)
                  0000a240    00000004     empty_min_pem4f.oem4f (.const:xdc_runtime_Text_nameStatic__C)
                  0000a244    00000004     empty_min_pem4f.oem4f (.const:xdc_runtime_Text_nameUnknown__C)
                  0000a248    00000004     empty_min_pem4f.oem4f (.const:xdc_runtime_Text_nodeTab__C)
                  0000a24c    00000004     empty_min_pem4f.oem4f (.const:xdc_runtime_Text_visitRopeFxn__C)
                  0000a250    00000002     empty_min_pem4f.oem4f (.const:ti_catalog_arm_cortexm4_tiva_ce_Boot_Module__id__C)
                  0000a252    00000002     empty_min_pem4f.oem4f (.const:ti_sysbios_family_arm_m3_Hwi_Module__id__C)
                  0000a254    00000002     empty_min_pem4f.oem4f (.const:ti_sysbios_heaps_HeapMem_Module__id__C)
                  0000a256    00000002     empty_min_pem4f.oem4f (.const:xdc_runtime_Core_Module__id__C)
                  0000a258    00000002     empty_min_pem4f.oem4f (.const:xdc_runtime_Error_Module__loggerDefined__C)
                  0000a25a    00000002     empty_min_pem4f.oem4f (.const:xdc_runtime_Error_maxDepth__C)
                  0000a25c    00000002     empty_min_pem4f.oem4f (.const:xdc_runtime_Memory_Module__id__C)
                  0000a25e    00000002     empty_min_pem4f.oem4f (.const:xdc_runtime_SysMin_flushAtExit__C)
                  0000a260    00000002     empty_min_pem4f.oem4f (.const:xdc_runtime_Text_charCnt__C)
                  0000a262    00000002     empty_min_pem4f.oem4f (.const:xdc_runtime_Text_isLoaded__C)
                  0000a264    00000002     empty_min_pem4f.oem4f (.const:xdc_runtime_Text_registryModsLastId__C)
                  0000a266    00000002     empty_min_pem4f.oem4f (.const:xdc_runtime_Text_unnamedModsLastId__C)
                  0000a268    00000001     empty_min_pem4f.oem4f (.const:xdc_runtime_Error_policy__C)

.cinit     0    0000a270    000001f8     
                  0000a270    000001c0     (.cinit..data.load) [load image, compression = lzss]
                  0000a430    0000000c     (__TI_handler_table)
                  0000a43c    00000004     --HOLE-- [fill = 0]
                  0000a440    00000008     (.cinit..bss.load) [load image, compression = zero_init]
                  0000a448    00000008     (.cinit..vecs.load) [load image, compression = zero_init]
                  0000a450    00000018     (__TI_cinit_table)

.init_array 
*          0    00000000    00000000     UNINITIALIZED

.resetVecs 
*          0    00000000    0000003c     
                  00000000    0000003c     empty_min_pem4f.oem4f (.resetVecs)

.bss       0    20000360    00001014     UNINITIALIZED
                  20000360    00000400     (.common:ti_sysbios_heaps_HeapMem_Instance_State_0_buf__A)
                  20000760    00000360     (.common:ti_sysbios_family_arm_m3_Hwi_dispatchTable)
                  20000ac0    00000200     (.common:task0Stack)
                  20000cc0    00000120     rtsv7M4_T_le_v4SPD16_eabi.lib : trgmsg.c.obj (.bss:_CIOBUF_)
                  20000de0    00000100     (.common:IMUTask_Stack)
                  20000ee0    000000cc     (.common:uartTivaObjects)
                  20000fac    00000090     drivers_tivaware.aem4f : GPIOTiva.oem4f (.bss:gpioCallbackInfo)
                  2000103c    00000080     (.common:i2cTivaObjects)
                  200010bc    00000080     (.common:xdc_runtime_SysMin_Module_State_0_outbuf__A)
                  2000113c    00000050     (.common:IMUTaskStruct)
                  2000118c    00000050     (.common:task0Struct)
                  200011dc    00000034     (.common:buffer_left)
                  20001210    00000034     (.common:buffer_right)
                  20001244    00000024     (.common:Robot_IMUstate)
                  20001268    00000024     (.common:WheelsControlStruct)
                  2000128c    00000020     (.common:pwmTivaObjects)
                  200012ac    00000020     (.common:uartTivaRingBuffer)
                  200012cc    0000001c     (.common:IMUsemStruct)
                  200012e8    0000001c     (.common:Robot_MotorState)
                  20001304    00000010     (.common:IMU_Accel)
                  20001314    00000010     (.common:IMU_Gyr)
                  20001324    0000000c     (.common:Robot_EncoderL)
                  20001330    0000000c     (.common:Robot_EncoderR)
                  2000133c    00000008     (.common:parmbuf)
                  20001344    00000004     (.common:IMUsemHandle)
                  20001348    00000004     (.common:Racc)
                  2000134c    00000004     (.common:Rgyr)
                  20001350    00000004     (.common:Robot_ENCL)
                  20001354    00000004     (.common:Robot_ENCR)
                  20001358    00000004     (.common:Robot_IMU)
                  2000135c    00000004     (.common:Robot_Motor)
                  20001360    00000004     (.common:Robot_uart)
                  20001364    00000004     (.common:WheelsControl_Handle)
                  20001368    00000004     (.common:gpioInterruptVectors)
                  2000136c    00000004     (.common:pid_left)
                  20001370    00000004     (.common:pid_right)

.data      0    20001374    00000402     UNINITIALIZED
                  20001374    00000080     empty_min_pem4f.oem4f (.data:ti_sysbios_knl_Swi_Module_State_0_readyQ__A)
                  200013f4    00000080     empty_min_pem4f.oem4f (.data:ti_sysbios_knl_Task_Module_State_0_readyQ__A)
                  20001474    00000044     empty_min_pem4f.oem4f (.data:ti_sysbios_knl_Task_Module__state__V)
                  200014b8    00000040     empty_min_pem4f.oem4f (.data:ti_sysbios_family_arm_lm4_Timer_Object__table__V)
                  200014f8    00000038     empty_min_pem4f.oem4f (.data:ti_sysbios_gates_GateMutex_Object__table__V)
                  20001530    00000034     empty_min_pem4f.oem4f (.data:ti_sysbios_family_arm_m3_Hwi_Module__state__V)
                  20001564    00000030     empty_min_pem4f.oem4f (.data:ti_sysbios_family_arm_lm4_Timer_Module_State_0_device__A)
                  20001594    00000030     empty_min_pem4f.oem4f (.data:ti_sysbios_knl_Swi_Object__table__V)
                  200015c4    0000002c     empty_min_pem4f.oem4f (.data:ti_sysbios_knl_Clock_Module__state__V)
                  200015f0    00000024     empty_min_pem4f.oem4f (.data:ti_sysbios_BIOS_Module__state__V)
                  20001614    0000001c     empty_min_pem4f.oem4f (.data:ti_sysbios_knl_Swi_Module__state__V)
                  20001630    00000018     drivers_tivaware.aem4f : PWMTiva.oem4f (.data)
                  20001648    00000018     RAP_Robot_TM4C123G.obj (.data:gpioPinConfigs)
                  20001660    00000018     empty_min_pem4f.oem4f (.data:ti_sysbios_family_arm_lm4_Timer_Module_State_0_handles__A)
                  20001678    00000018     empty_min_pem4f.oem4f (.data:ti_sysbios_family_arm_m3_Hwi_Object__table__V)
                  20001690    00000018     empty_min_pem4f.oem4f (.data:ti_sysbios_heaps_HeapMem_Object__table__V)
                  200016a8    00000010     Wheels.obj (.data)
                  200016b8    0000000c     RAP_Robot_TM4C123G.obj (.data:gpioCallbackFunctions)
                  200016c4    0000000c     empty_min_pem4f.oem4f (.data:ti_sysbios_family_arm_lm4_Timer_Module__state__V)
                  200016d0    0000000c     empty_min_pem4f.oem4f (.data:xdc_runtime_SysMin_Module__state__V)
                  200016dc    00000008     rtsv7M4_T_le_v4SPD16_eabi.lib : _lock.c.obj (.data:$O1$$)
                  200016e4    00000008     empty_min_pem4f.oem4f (.data:ti_sysbios_family_arm_m3_Hwi_Module__root__V)
                  200016ec    00000008     empty_min_pem4f.oem4f (.data:ti_sysbios_gates_GateHwi_Module__root__V)
                  200016f4    00000008     empty_min_pem4f.oem4f (.data:ti_sysbios_gates_GateMutex_Module__root__V)
                  200016fc    00000008     empty_min_pem4f.oem4f (.data:ti_sysbios_heaps_HeapMem_Module__root__V)
                  20001704    00000008     empty_min_pem4f.oem4f (.data:ti_sysbios_knl_Clock_Module__root__V)
                  2000170c    00000008     empty_min_pem4f.oem4f (.data:ti_sysbios_knl_Queue_Module__root__V)
                  20001714    00000008     empty_min_pem4f.oem4f (.data:ti_sysbios_knl_Semaphore_Module__root__V)
                  2000171c    00000008     empty_min_pem4f.oem4f (.data:ti_sysbios_knl_Task_Module__root__V)
                  20001724    00000008     empty_min_pem4f.oem4f (.data:xdc_runtime_Registry_Module__state__V)
                  2000172c    00000008     empty_min_pem4f.oem4f (.data:xdc_runtime_Startup_Module__state__V)
                  20001734    00000008     empty_min_pem4f.oem4f (.data:xdc_runtime_System_Module_State_0_atexitHandlers__A)
                  2000173c    00000008     empty_min_pem4f.oem4f (.data:xdc_runtime_System_Module__state__V)
                  20001744    00000005     drivers_tivaware.aem4f : GPIOTiva.oem4f (.data)
                  20001749    00000001     --HOLE--
                  2000174a    00000002     empty_min_pem4f.oem4f (.data:ti_sysbios_family_arm_m3_Hwi_Module_State_0_excActive__A)
                  2000174c    00000004     drivers_tivaware.aem4f : I2C.oem4f (.data)
                  20001750    00000004                            : PWM.oem4f (.data)
                  20001754    00000004                            : UART.oem4f (.data)
                  20001758    00000004     rtsv7M4_T_le_v4SPD16_eabi.lib : errno.c.obj (.data)
                  2000175c    00000004                                   : stkdepth_vars.c.obj (.data)
                  20001760    00000004     empty_min_pem4f.oem4f (.data:ti_sysbios_family_arm_m3_Hwi_Module_State_0_excContext__A)
                  20001764    00000004     empty_min_pem4f.oem4f (.data:ti_sysbios_family_arm_m3_Hwi_Module_State_0_excStack__A)
                  20001768    00000004     empty_min_pem4f.oem4f (.data:ti_sysbios_gates_GateHwi_Object__table__V)
                  2000176c    00000004     empty_min_pem4f.oem4f (.data:ti_sysbios_knl_Task_Module_State_0_idleTask__A)
                  20001770    00000004     empty_min_pem4f.oem4f (.data:xdc_runtime_Memory_Module__state__V)
                  20001774    00000002     empty_min_pem4f.oem4f (.data:xdc_runtime_Error_Module__state__V)

.stack     0    20001778    00000300     UNINITIALIZED
                  20001778    00000300     --HOLE--

.bootVecs 
*          0    00000000    00000008     DSECT
                  00000000    00000008     boot.aem4f : boot.oem4f (.bootVecs)

.vecs      0    20000000    00000360     UNINITIALIZED
                  20000000    00000360     empty_min_pem4f.oem4f (.vecs)

xdc.meta   0    00000000    000000f6     COPY SECTION
                  00000000    000000f6     empty_min_pem4f.oem4f (xdc.meta)

MODULE SUMMARY

       Module                       code    ro data   rw data
       ------                       ----    -------   -------
    ./
       RAP_Robot.obj                258     0         700    
    +--+----------------------------+-------+---------+---------+
       Total:                       258     0         700    
                                                             
    ./Robot/
       IMUSensor.obj                652     0         408    
       Wheels.obj                   470     0         168    
    +--+----------------------------+-------+---------+---------+
       Total:                       1122    0         576    
                                                             
    ./Robot/Control/
       PID.obj                      326     0         0      
    +--+----------------------------+-------+---------+---------+
       Total:                       326     0         0      
                                                             
    ./Robot/Drivers/RAP_Drivers/
       IMU.obj                      1466    32        0      
       MotorDriver.obj              834     0         0      
       Encoder.obj                  464     0         0      
    +--+----------------------------+-------+---------+---------+
       Total:                       2764    32        0      
                                                             
    ./Robot/Drivers/Tools/
       UART_tools.obj               476     0         0      
    +--+----------------------------+-------+---------+---------+
       Total:                       476     0         0      
                                                             
    ./Robot/RAP_Robot_Board_Hw/
       RAP_Robot_TM4C123G.obj       296     212       432    
       Robot_Hw_Ctl.obj             508     0         0      
    +--+----------------------------+-------+---------+---------+
       Total:                       804     212       432    
                                                             
    /home/josepablocb/Workspace/VoltaRobotics/Tests/RAP_Robot/Debug/configPkg/package/cfg/
       empty_min_pem4f.oem4f        1884    7609      3796   
    +--+----------------------------+-------+---------+---------+
       Total:                       1884    7609      3796   
                                                             
    /home/josepablocb/Workspace/VoltaRobotics/Tests/RAP_Robot/src/sysbios/sysbios.aem4f
       BIOS.obj                     8950    0         0      
       m3_Hwi_asm.obj               314     0         0      
       m3_TaskSupport_asm.obj       180     0         0      
       m3_Hwi_asm_switch.obj        118     0         0      
    +--+----------------------------+-------+---------+---------+
       Total:                       9562    0         0      
                                                             
    /home/josepablocb/ti/ccsv7/tools/compiler/ti-cgt-arm_18.1.0.LTS/lib/rtsv7M4_T_le_v4SPD16_eabi.lib
       e_powf.c.obj                 1408    24        0      
       fd_add_t2.asm.obj            438     0         0      
       e_acosf.c.obj                404     0         0      
       trgmsg.c.obj                 108     0         288    
       fd_div_t2.asm.obj            310     0         0      
       fd_mul_t2.asm.obj            252     0         0      
       s_scalbnf.c.obj              208     0         0      
       memcpy_t2.asm.obj            156     0         0      
       memset_t2.asm.obj            122     0         0      
       fd_tos_t2.asm.obj            110     0         0      
       copy_decompress_lzss.c.obj   104     0         0      
       hostwrite.c.obj              88      0         0      
       cpy_tbl.c.obj                76      0         0      
       u_divt2.asm.obj              64      0         0      
       fs_tod_t2.asm.obj            56      0         0      
       e_sqrtf.c.obj                40      0         0      
       _lock.c.obj                  26      0         8      
       args_main.c.obj              24      0         0      
       strlen.c.obj                 20      0         0      
       s_copysignf.c.obj            18      0         0      
       copy_decompress_none.c.obj   14      0         0      
       copy_zero_init.c.obj         12      0         0      
       errno.c.obj                  8       0         4      
       hostopen.c.obj               0       0         8      
       exit.c.obj                   4       0         0      
       stkdepth_vars.c.obj          0       0         4      
[...]
000080e3  I2CMasterSlaveAddrSet                                             
000080f3  UARTIntEnable                                                     
000080fb  UARTRxErrorGet                                                    
00008105  __aeabi_errno_addr                                                
00008115  ti_sysbios_family_arm_lm4_Timer_masterDisable__I                  
00008121  ti_sysbios_family_arm_m3_Hwi_doSwiRestore__I                      
00008129  ti_sysbios_family_arm_m3_Hwi_startup__E                           
00008129  ti_sysbios_hal_Hwi_HwiProxy_startup__E                            
00008129  ti_sysbios_hal_Hwi_startup__E                                     
00008139  I2CMasterIntDisable                                               
0000813f  I2CMasterIntEnable                                                
00008145  I2CTiva_control                                                   
0000814b  UARTFIFOLevelSet                                                  
00008151  UARTRxErrorClear                                                  
00008157  ti_catalog_arm_cortexm4_tiva_ce_Boot_sysCtlDelayI__I              
00008161  ti_sysbios_family_arm_m3_Hwi_doTaskRestore__I                     
00008169  ti_sysbios_family_arm_m3_Hwi_restoreFxn__E                        
00008169  ti_sysbios_hal_Hwi_HwiProxy_restore__E                            
00008171  ti_sysbios_gates_GateHwi_leave__E                                 
00008179  ti_sysbios_heaps_HeapMem_isBlocking__E                            
00008181  ti_sysbios_knl_Clock_stop__E                                      
00008189  ti_sysbios_knl_Queue_Instance_init__E                             
00008191  ti_sysbios_knl_Swi_startup__E                                     
00008197  xdc_runtime_System_Module_startup__E                              
000081a1  ti_sysbios_gates_GateHwi_query__E                                 
000081a1  xdc_runtime_Main_Module_GateProxy_query__E                        
000081a1  xdc_runtime_System_Module_GateProxy_query__E                      
000081a9  ti_sysbios_BIOS_RtsGateProxy_query__E                             
000081a9  ti_sysbios_gates_GateMutex_query__E                               
000081a9  ti_sysbios_heaps_HeapMem_Module_GateProxy_query__E                
000081b1  ti_sysbios_knl_Task_startup__E                                    
000081b9  ti_sysbios_gates_GateHwi_Instance_init__E                         
000081c1  ti_sysbios_knl_Clock_logTick__E                                   
000081c4  xdc_runtime_Text_charTab__A                                       
00009a08  xdc_runtime_Text_nodeTab__A                                       
00009c84  PWM_config                                                        
00009cc0  ti_sysbios_knl_Task_Object__PARAMS__C                             
00009cfc  pwmTivaHWAttrs                                                    
00009d2c  ti_sysbios_family_arm_m3_Hwi_Object__PARAMS__C                    
00009d5c  UARTTiva_fxnTable                                                 
00009d84  ti_sysbios_heaps_HeapMem_Module__FXNS__C                          
00009dac  UART_defaultParams                                                
00009dd0  ti_sysbios_gates_GateHwi_Module__FXNS__C                          
00009df4  ti_sysbios_gates_GateMutex_Module__FXNS__C                        
00009e18  ti_sysbios_heaps_HeapMem_Object__PARAMS__C                        
00009e3c  ti_sysbios_knl_Clock_Object__PARAMS__C                            
00009e60  ti_sysbios_knl_Semaphore_Object__PARAMS__C                        
00009e84  PWMTiva_fxnTable                                                  
00009ea0  PWMTiva_MAX_PRESCALAR                                             
00009ea2  PWMTiva_MAX_MATCH_VALUE                                           
00009ea4  ti_sysbios_family_arm_m3_Hwi_Object__DESC__C                      
00009ec4  ti_sysbios_gates_GateHwi_Object__DESC__C                          
00009ee4  ti_sysbios_gates_GateMutex_Object__DESC__C                        
00009f04  ti_sysbios_heaps_HeapMem_Object__DESC__C                          
00009f24  ti_sysbios_knl_Clock_Object__DESC__C                              
00009f44  ti_sysbios_knl_Queue_Object__DESC__C                              
00009f64  ti_sysbios_knl_Semaphore_Object__DESC__C                          
00009f84  ti_sysbios_knl_Task_Object__DESC__C                               
00009fa4  xdc_runtime_Startup_sfxnTab__A                                    
00009fc4  I2CTiva_fxnTable                                                  
00009ff8  I2C_config                                                        
0000a010  UART_config                                                       
0000a028  ti_sysbios_gates_GateHwi_Object__PARAMS__C                        
0000a040  ti_sysbios_gates_GateMutex_Object__PARAMS__C                      
0000a058  ti_sysbios_knl_Queue_Object__PARAMS__C                            
0000a070  uartTivaHWAttrs                                                   
0000a088  GPIOTiva_config                                                   
0000a09c  xdc_runtime_Startup_firstFxns__A                                  
0000a0b0  I2C_defaultParams                                                 
0000a0e0  xdc_runtime_Startup_sfxnRts__A                                    
0000a0f0  PWM_defaultParams                                                 
0000a0fc  i2cTivaHWAttrs                                                    
0000a108  ti_sysbios_family_arm_m3_Hwi_excHookFuncs__A                      
0000a110  ti_sysbios_knl_Idle_funcList__C                                   
0000a118  xdc_runtime_Startup_firstFxns__C                                  
0000a120  xdc_runtime_Startup_lastFxns__C                                   
0000a128  ti_catalog_arm_cortexm4_tiva_ce_Boot_A_mustUseEnhancedClockMode__C
0000a12c  ti_catalog_arm_cortexm4_tiva_ce_Boot_Module__diagsEnabled__C      
0000a130  ti_catalog_arm_cortexm4_tiva_ce_Boot_Module__diagsIncluded__C     
0000a134  ti_catalog_arm_cortexm4_tiva_ce_Boot_Module__diagsMask__C         
0000a138  ti_sysbios_family_arm_lm4_Timer_enableFunc__C                     
0000a13c  ti_sysbios_family_arm_lm4_Timer_numTimerDevices__C                
0000a140  ti_sysbios_family_arm_lm4_Timer_startupNeeded__C                  
0000a144  ti_sysbios_family_arm_m3_Hwi_E_NMI__C                             
0000a148  ti_sysbios_family_arm_m3_Hwi_E_alreadyDefined__C                  
0000a14c  ti_sysbios_family_arm_m3_Hwi_E_busFault__C                        
0000a150  ti_sysbios_family_arm_m3_Hwi_E_debugMon__C                        
0000a154  ti_sysbios_family_arm_m3_Hwi_E_hardFault__C                       
0000a158  ti_sysbios_family_arm_m3_Hwi_E_memFault__C                        
0000a15c  ti_sysbios_family_arm_m3_Hwi_E_noIsr__C                           
0000a160  ti_sysbios_family_arm_m3_Hwi_E_reserved__C                        
0000a164  ti_sysbios_family_arm_m3_Hwi_E_svCall__C                          
0000a168  ti_sysbios_family_arm_m3_Hwi_E_usageFault__C                      
0000a16c  ti_sysbios_family_arm_m3_Hwi_NUM_INTERRUPTS__C                    
0000a170  ti_sysbios_family_arm_m3_Hwi_Object__count__C                     
0000a174  ti_sysbios_family_arm_m3_Hwi_ccr__C                               
0000a178  ti_sysbios_family_arm_m3_Hwi_excHandlerFunc__C                    
0000a17c  ti_sysbios_family_arm_m3_Hwi_excHookFuncs__C                      
0000a180  ti_sysbios_family_arm_m3_Hwi_nullIsrFunc__C                       
0000a184  ti_sysbios_family_arm_m3_Hwi_priGroup__C                          
0000a188  ti_sysbios_family_arm_m3_TaskSupport_stackAlignment__C            
0000a18c  ti_sysbios_gates_GateMutex_Instance_State_sem__O                  
0000a190  ti_sysbios_heaps_HeapMem_E_memory__C                              
0000a194  ti_sysbios_heaps_HeapMem_Module__gateObj__C                       
0000a198  ti_sysbios_heaps_HeapMem_Object__count__C                         
0000a19c  ti_sysbios_heaps_HeapMem_reqAlign__C                              
0000a1a0  ti_sysbios_knl_Clock_Module_State_clockQ__O                       
0000a1a4  ti_sysbios_knl_Semaphore_Instance_State_pendQ__O                  
0000a1a8  ti_sysbios_knl_Swi_Object__count__C                               
0000a1ac  ti_sysbios_knl_Task_Module_State_inactiveQ__O                     
0000a1b0  ti_sysbios_knl_Task_Object__count__C                              
0000a1b4  ti_sysbios_knl_Task_allBlockedFunc__C                             
0000a1b8  ti_sysbios_knl_Task_defaultStackHeap__C                           
0000a1bc  ti_sysbios_knl_Task_defaultStackSize__C                           
0000a1c0  ti_sysbios_knl_Task_numConstructedTasks__C                        
0000a1c4  xdc_runtime_Assert_E_assertFailed__C                              
0000a1c8  xdc_runtime_Core_A_initializedParams__C                           
0000a1cc  xdc_runtime_Core_Module__diagsEnabled__C                          
0000a1d0  xdc_runtime_Core_Module__diagsIncluded__C                         
0000a1d4  xdc_runtime_Core_Module__diagsMask__C                             
0000a1d8  xdc_runtime_Error_E_memory__C                                     
0000a1dc  xdc_runtime_Error_Module__diagsEnabled__C                         
0000a1e0  xdc_runtime_Error_Module__diagsIncluded__C                        
0000a1e4  xdc_runtime_Error_Module__diagsMask__C                            
0000a1e8  xdc_runtime_Error_Module__loggerFxn8__C                           
0000a1ec  xdc_runtime_Error_Module__loggerObj__C                            
0000a1f0  xdc_runtime_Error_policyFxn__C                                    
0000a1f4  xdc_runtime_Error_raiseHook__C                                    
0000a1f8  xdc_runtime_IGateProvider_Interface__BASE__C                      
0000a1fc  xdc_runtime_IHeap_Interface__BASE__C                              
0000a200  xdc_runtime_IModule_Interface__BASE__C                            
0000a204  xdc_runtime_Log_L_error__C                                        
0000a208  xdc_runtime_Memory_defaultHeapInstance__C                         
0000a20c  xdc_runtime_Startup_execImpl__C                                   
0000a210  xdc_runtime_Startup_maxPasses__C                                  
0000a214  xdc_runtime_Startup_sfxnRts__C                                    
0000a218  xdc_runtime_Startup_sfxnTab__C                                    
0000a21c  xdc_runtime_SysMin_bufSize__C                                     
0000a220  xdc_runtime_SysMin_outputFunc__C                                  
0000a224  xdc_runtime_System_Module__gateObj__C                             
0000a228  xdc_runtime_System_abortFxn__C                                    
0000a22c  xdc_runtime_System_exitFxn__C                                     
0000a230  xdc_runtime_System_extendFxn__C                                   
0000a234  xdc_runtime_System_maxAtexitHandlers__C                           
0000a238  xdc_runtime_Text_charTab__C                                       
0000a23c  xdc_runtime_Text_nameEmpty__C                                     
0000a240  xdc_runtime_Text_nameStatic__C                                    
0000a244  xdc_runtime_Text_nameUnknown__C                                   
0000a248  xdc_runtime_Text_nodeTab__C                                       
0000a24c  xdc_runtime_Text_visitRopeFxn__C                                  
0000a250  ti_catalog_arm_cortexm4_tiva_ce_Boot_Module__id__C                
0000a252  ti_sysbios_family_arm_m3_Hwi_Module__id__C                        
0000a254  ti_sysbios_heaps_HeapMem_Module__id__C                            
0000a256  xdc_runtime_Core_Module__id__C                                    
0000a258  xdc_runtime_Error_Module__loggerDefined__C                        
0000a25a  xdc_runtime_Error_maxDepth__C                                     
0000a25c  xdc_runtime_Memory_Module__id__C                                  
0000a25e  xdc_runtime_SysMin_flushAtExit__C                                 
0000a260  xdc_runtime_Text_charCnt__C                                       
0000a262  xdc_runtime_Text_isLoaded__C                                      
0000a264  xdc_runtime_Text_registryModsLastId__C                            
0000a266  xdc_runtime_Text_unnamedModsLastId__C                             
0000a268  xdc_runtime_Error_policy__C                                       
0000a270  __TI_static_base__                                                
0000a430  __TI_Handler_Table_Base                                           
0000a43c  __TI_Handler_Table_Limit                                          
0000a450  __TI_CINIT_Base                                                   
0000a468  __TI_CINIT_Limit                                                  
20000000  ti_sysbios_family_arm_m3_Hwi_ramVectors                           
20000360  ti_sysbios_heaps_HeapMem_Instance_State_0_buf__A                  
20000760  ti_sysbios_family_arm_m3_Hwi_dispatchTable                        
20000ac0  task0Stack                                                        
20000cc0  __CIOBUF_                                                         
20000de0  IMUTask_Stack                                                     
20000ee0  uartTivaObjects                                                   
2000103c  i2cTivaObjects                                                    
200010bc  xdc_runtime_SysMin_Module_State_0_outbuf__A                       
2000113c  IMUTaskStruct                                                     
2000118c  task0Struct                                                       
200011dc  buffer_left                                                       
20001210  buffer_right                                                      
20001244  Robot_IMUstate                                                    
20001268  WheelsControlStruct                                               
2000128c  pwmTivaObjects                                                    
200012ac  uartTivaRingBuffer                                                
200012cc  IMUsemStruct                                                      
200012e8  Robot_MotorState                                                  
20001304  IMU_Accel                                                         
20001314  IMU_Gyr                                                           
20001324  Robot_EncoderL                                                    
20001330  Robot_EncoderR                                                    
2000133c  parmbuf                                                           
20001344  IMUsemHandle                                                      
20001348  Racc                                                              
2000134c  Rgyr                                                              
20001350  Robot_ENCL                                                        
20001354  Robot_ENCR                                                        
20001358  Robot_IMU                                                         
2000135c  Robot_Motor                                                       
20001360  Robot_uart                                                        
20001364  WheelsControl_Handle                                              
2000136c  pid_left                                                          
20001370  pid_right                                                         
20001374  ti_sysbios_knl_Swi_Module_State_0_readyQ__A                       
200013f4  ti_sysbios_knl_Task_Module_State_0_readyQ__A                      
20001474  ti_sysbios_knl_Task_Module__state__V                              
200014b8  ti_sysbios_family_arm_lm4_Timer_Object__table__V                  
200014f8  ti_sysbios_gates_GateMutex_Object__table__V                       
20001530  ti_sysbios_family_arm_m3_Hwi_Module__state__V                     
20001564  ti_sysbios_family_arm_lm4_Timer_Module_State_0_device__A          
20001594  ti_sysbios_knl_Swi_Object__table__V                               
200015c4  ti_sysbios_knl_Clock_Module__state__V                             
200015f0  ti_sysbios_BIOS_Module__state__V                                  
20001614  ti_sysbios_knl_Swi_Module__state__V                               
20001648  gpioPinConfigs                                                    
20001660  ti_sysbios_family_arm_lm4_Timer_Module_State_0_handles__A         
20001678  ti_sysbios_family_arm_m3_Hwi_Object__table__V                     
20001690  ti_sysbios_heaps_HeapMem_Object__table__V                         
200016a8  input_L                                                           
200016ac  input_R                                                           
200016b0  output_L                                                          
200016b4  output_R                                                          
200016b8  gpioCallbackFunctions                                             
200016c4  ti_sysbios_family_arm_lm4_Timer_Module__state__V                  
200016d0  xdc_runtime_SysMin_Module__state__V                               
200016dc  _lock                                                             
200016e0  _unlock                                                           
200016e4  ti_sysbios_family_arm_m3_Hwi_Module__root__V                      
200016ec  ti_sysbios_gates_GateHwi_Module__root__V                          
200016f4  ti_sysbios_gates_GateMutex_Module__root__V                        
200016fc  ti_sysbios_heaps_HeapMem_Module__root__V                          
20001704  ti_sysbios_knl_Clock_Module__root__V                              
2000170c  ti_sysbios_knl_Queue_Module__root__V                              
20001714  ti_sysbios_knl_Semaphore_Module__root__V                          
2000171c  ti_sysbios_knl_Task_Module__root__V                               
20001724  xdc_runtime_Registry_Module__state__V                             
2000172c  xdc_runtime_Startup_Module__state__V                              
20001734  xdc_runtime_System_Module_State_0_atexitHandlers__A               
2000173c  xdc_runtime_System_Module__state__V                               
2000174a  ti_sysbios_family_arm_m3_Hwi_Module_State_0_excActive__A          
20001758  errno                                                             
2000175c  main_func_sp                                                      
20001760  ti_sysbios_family_arm_m3_Hwi_Module_State_0_excContext__A         
20001764  ti_sysbios_family_arm_m3_Hwi_Module_State_0_excStack__A           
20001768  ti_sysbios_gates_GateHwi_Object__table__V                         
2000176c  ti_sysbios_knl_Task_Module_State_0_idleTask__A                    
20001770  xdc_runtime_Memory_Module__state__V                               
20001774  xdc_runtime_Error_Module__state__V                                
20001778  __stack                                                           
20001a78  __STACK_END                                                       
e000e000  ti_sysbios_family_arm_m3_Hwi_nvic                                 
ffffffff  __TI_pprof_out_hndl                                               
ffffffff  __TI_prof_data_size                                               
ffffffff  __TI_prof_data_start                                              
ffffffff  __binit__                                                         
ffffffff  __c_args__                                                        
ffffffff  binit                                                             
UNDEFED   SHT$$INIT_ARRAY$$Base                                             
UNDEFED   SHT$$INIT_ARRAY$$Limit                                            

[713 symbols]
