******************************************************************************
                  TI ARM Linker Unix v18.1.0                   
******************************************************************************
>> Linked Sat Feb 24 17:34:50 2018

OUTPUT FILE NAME:   <RAP_Robot.out>
ENTRY POINT SYMBOL: "_c_int00"  address: 00005a89


MEMORY CONFIGURATION

         name            origin    length      used     unused   attr    fill
----------------------  --------  ---------  --------  --------  ----  --------
  FLASH                 00000000   00040000  0000a673  0003598d  R  X
  SRAM                  20000000   00008000  00001ada  00006526  RW X


SEGMENT ALLOCATION MAP

run origin  load origin   length   init length attrs members
----------  ----------- ---------- ----------- ----- -------
00000000    00000000    0000a680   0000a680    r-x
  00000000    00000000    0000003c   0000003c    r-- .resetVecs
  00000040    00000040    000083b2   000083b2    r-x .text
  000083f4    000083f4    00002095   00002095    r-- .const
  0000a490    0000a490    000001f0   000001f0    r-- .cinit
20000000    20000000    00001ae0   00000000    rw-
  20000000    20000000    00000360   00000000    rw- .vecs
  20000360    20000360    00001070   00000000    rw- .bss
  200013d0    200013d0    0000040a   00000000    rw- .data
  200017e0    200017e0    00000300   00000000    rw- .stack


SECTION ALLOCATION MAP

 output                                  attributes/
section   page    origin      length       input sections
--------  ----  ----------  ----------   ----------------
.text      0    00000040    000083b2     
                  00000040    00000580     rtsv7M4_T_le_v4SPD16_eabi.lib : e_powf.c.obj (.text:powf)
                  000005c0    00000430     sysbios.aem4f : BIOS.obj (.text:ti_sysbios_family_arm_m3_Hwi_excDumpRegs__I)
                  000009f0    0000034c     ti.targets.arm.rtsarm.aem4f : System.oem4f (.text:xdc_runtime_System_doPrint__I)
                  00000d3c    0000020c     drivers_tivaware.aem4f : UARTTiva.oem4f (.text:UARTTiva_open)
                  00000f48    000001fc     sysbios.aem4f : BIOS.obj (.text:ti_sysbios_family_arm_m3_Hwi_excHandlerMax__I)
                  00001144    000001e4     MotorDriver.obj (.text:MotorDriver_open)
                  00001328    000001b8     RAP_Robot.obj (.text:Task0)
                  000014e0    000001b6     rtsv7M4_T_le_v4SPD16_eabi.lib : fd_add_t2.asm.obj (.text)
                  00001696    00000002                                   : _lock.c.obj (.text:_nop)
                  00001698    0000019c     IMU.obj (.text:IMU_Sensor_Init_Magnetometer)
                  00001834    00000194     rtsv7M4_T_le_v4SPD16_eabi.lib : e_acosf.c.obj (.text:acosf)
                  000019c8    00000174     sysbios.aem4f : BIOS.obj (.text:ti_sysbios_family_arm_m3_Hwi_excBusFault__I)
                  00001b3c    00000170     drivers_tivaware.aem4f : PWMTiva.oem4f (.text:PWMTiva_open)
                  00001cac    00000004     driverlib.lib : i2c.obj (.text:I2CMasterControl)
                  00001cb0    00000164     sysbios.aem4f : BIOS.obj (.text:ti_sysbios_family_arm_m3_Hwi_excUsageFault__I)
                  00001e14    00000004     driverlib.lib : i2c.obj (.text:I2CMasterDataGet)
                  00001e18    00000154     sysbios.aem4f : BIOS.obj (.text:ti_sysbios_knl_Semaphore_pend__E)
                  00001f6c    00000150     drivers_tivaware.aem4f : GPIOTiva.oem4f (.text:GPIO_setConfig)
                  000020bc    00000004     driverlib.lib : i2c.obj (.text:I2CMasterDataPut)
                  000020c0    00000148     sysbios.aem4f : BIOS.obj (.text:ti_sysbios_family_arm_m3_Hwi_excMemFault__I)
                  00002208    00000136     rtsv7M4_T_le_v4SPD16_eabi.lib : fd_div_t2.asm.obj (.text)
                  0000233e    00000130     driverlib.lib : gpio.obj (.text:GPIOPadConfigSet)
                  0000246e    00000002     rtsv7M4_T_le_v4SPD16_eabi.lib : div0.asm.obj (.text)
                  00002470    0000012c     Robot_Hw_Ctl.obj (.text:Robot_init)
                  0000259c    00000118     ti.targets.arm.rtsarm.aem4f : Error.oem4f (.text:xdc_runtime_Error_policyDefault__E)
                  000026b4    00000108     Robot_Hw_Ctl.obj (.text:Robot_EnableIMU)
                  000027bc    00000004     driverlib.lib : qei.obj (.text:QEIPositionSet)
                  000027c0    00000108     sysbios.aem4f : BIOS.obj (.text:ti_sysbios_family_arm_lm4_Timer_start__E)
                  000028c8    00000100     Boot.aem4f : Boot_sysctl.oem4f (.text:ti_catalog_arm_cortexm4_tiva_ce_Boot_sysCtlClockSetI__I)
                  000029c8    00000100     ti.targets.arm.rtsarm.aem4f : Core-mem.oem4f (.text:xdc_runtime_Core_createObject__I)
                  00002ac8    000000fc     rtsv7M4_T_le_v4SPD16_eabi.lib : fd_mul_t2.asm.obj (.text)
                  00002bc4    000000f8     ti.targets.arm.rtsarm.aem4f : Startup.oem4f (.text:xdc_runtime_Startup_startMods__I)
                  00002cbc    000000f8     empty_min_pem4f.oem4f (.text:xdc_runtime_System_printfExtend__I)
                  00002db4    000000f4     Wheels.obj (.text:Wheels_init)
                  00002ea8    000000f4     sysbios.aem4f : m3_Hwi_asm.obj (.text:ti_sysbios_family_arm_m3_Hwi_dispatch__I)
                  00002f9c    000000f0     IMUSensor.obj (.text:IMUTask)
                  0000308c    000000f0     drivers_tivaware.aem4f : PWMTiva.oem4f (.text:PWMTiva_setDuty)
                  0000317c    000000e8     IMU.obj (.text:IMU_ReadAccelerometer)
                  00003264    000000e0     drivers_tivaware.aem4f : I2CTiva.oem4f (.text:I2CTiva_open)
                  00003344    000000e0     UART_tools.obj (.text:UART_readFloat)
                  00003424    000000de     PID.obj (.text:PID_Compute)
                  00003502    00000006     driverlib.lib : gpio.obj (.text:GPIOIntClear)
                  00003508    000000dc     sysbios.aem4f : BIOS.obj (.text:ti_sysbios_knl_Task_sleep__E)
                  000035e4    000000d6     drivers_tivaware.aem4f : I2CTiva.oem4f (.text:I2CTiva_hwiFxn)
                  000036ba    00000002     empty_min_pem4f.oem4f (.text:ti_sysbios_BIOS_nullFunc__I)
                  000036bc    000000d4     Encoder.obj (.text:Encoder_open)
                  00003790    000000d4     sysbios.aem4f : BIOS.obj (.text:ti_sysbios_heaps_HeapMem_alloc__E)
                  00003864    000000d0     rtsv7M4_T_le_v4SPD16_eabi.lib : s_scalbnf.c.obj (.text:scalbnf)
                  00003934    00000004     driverlib.lib : qei.obj (.text:QEIVelocityGet)
                  00003938    000000cc     sysbios.aem4f : BIOS.obj (.text:ti_sysbios_knl_Task_Instance_init__E)
                  00003a04    000000cc     ti.targets.arm.rtsarm.aem4f : Core-smem.oem4f (.text:xdc_runtime_Core_constructObject__I)
                  00003ad0    000000c0     Balance.obj (.text:Balance_Init)
                  00003b90    000000c0     IMUSensor.obj (.text:IMUSensor_init)
                  00003c50    000000bc     sysbios.aem4f : BIOS.obj (.text:ti_sysbios_family_arm_m3_Hwi_excDebugMon__I)
                  00003d0c    00000004     driverlib.lib : uart.obj (.text:UARTIntClear)
                  00003d10    000000bc     sysbios.aem4f : BIOS.obj (.text:ti_sysbios_family_arm_m3_Hwi_excHardFault__I)
                  00003dcc    00000004     rtsv7M4_T_le_v4SPD16_eabi.lib : exit.c.obj (.text:abort:abort)
                  00003dd0    000000bc     sysbios.aem4f : BIOS.obj (.text:ti_sysbios_knl_Task_Instance_finalize__E)
                  00003e8c    000000b0     IMUSensor.obj (.text:Filter)
                  00003f3c    000000b0     IMU.obj (.text:IMU_open)
                  00003fec    000000ac     drivers_tivaware.aem4f : UARTTiva.oem4f (.text:readTaskBlocking)
                  00004098    000000ac     sysbios.aem4f : BIOS.obj (.text:ti_sysbios_family_arm_lm4_Timer_enableTiva__I)
                  00004144    000000a0     auto_init.aem4f : auto_init.oem4f (.text)
                  000041e4    000000a0     ti.targets.arm.rtsarm.aem4f : Text.oem4f (.text:xdc_runtime_Text_putMod__E)
                  00004284    0000009c     rtsv7M4_T_le_v4SPD16_eabi.lib : memcpy_t2.asm.obj (.text)
                  00004320    0000009a     ti.targets.arm.rtsarm.aem4f : Text.oem4f (.text:xdc_runtime_Text_putSite__E)
                  000043ba    00000098     drivers_tivaware.aem4f : UARTTiva.oem4f (.text:UARTTiva_readPolling)
                  00004452    00000002     empty_min_pem4f.oem4f (.text:xdc_runtime_Startup_reset__I)
                  00004454    00000098     Boot.aem4f : Boot.oem4f (.text:ti_catalog_arm_cortexm4_tiva_ce_Boot_sysCtlClockSet__E)
                  000044ec    00000094     drivers_tivaware.aem4f : UARTTiva.oem4f (.text:UARTTiva_write)
                  00004580    00000094     sysbios.aem4f : BIOS.obj (.text:ti_sysbios_family_arm_m3_Hwi_Instance_init__E)
                  00004614    00000004     empty_min_pem4f.oem4f (.text:ti_sysbios_BIOS_RtsGateProxy_enter__E)
                  00004618    00000094     sysbios.aem4f : BIOS.obj (.text:ti_sysbios_family_arm_m3_Hwi_initNVIC__E)
                  000046ac    00000004     empty_min_pem4f.oem4f (.text:ti_sysbios_BIOS_RtsGateProxy_leave__E)
                  000046b0    00000094     sysbios.aem4f : BIOS.obj (.text:ti_sysbios_knl_Task_postInit__I)
                  00004744    0000008c     drivers_tivaware.aem4f : GPIOTiva.oem4f (.text:GPIO_init)
                  000047d0    0000008c                            : UARTTiva.oem4f (.text:UARTTiva_control)
                  0000485c    0000008c     sysbios.aem4f : m3_TaskSupport_asm.obj (.text:ti_sysbios_family_arm_m3_TaskSupport_buildTaskStack)
                  000048e8    0000008a     drivers_tivaware.aem4f : UARTTiva.oem4f (.text:readIsrTextBlocking)
                  00004972    00000002     --HOLE-- [fill = 0]
                  00004974    00000088                            : PWMTiva.oem4f (.text:PWMTiva_control)
                  000049fc    00000084     Encoder.obj (.text:Encoder_ReadVelocity)
                  00004a80    00000084     sysbios.aem4f : BIOS.obj (.text:ti_sysbios_family_arm_m3_Hwi_postInit__I)
                  00004b04    00000082     drivers_tivaware.aem4f : UARTTiva.oem4f (.text:readIsrTextCallback)
                  00004b86    0000007e                            : I2CTiva.oem4f (.text:I2CTiva_transfer)
                  00004c04    00000004     sysbios.aem4f : BIOS.obj (.text:ti_sysbios_family_arm_lm4_Timer_masterEnable__I)
                  00004c08    0000007c                   : BIOS.obj (.text:ti_sysbios_heaps_HeapMem_free__E)
                  00004c84    0000007a     driverlib.lib : adc.obj (.text:ADCSequenceStepConfigure)
                  00004cfe    0000007a     MotorDriver.obj (.text:MotorDriver_Left)
                  00004d78    0000007a     MotorDriver.obj (.text:MotorDriver_Right)
                  00004df2    0000007a     drivers_tivaware.aem4f : UARTTiva.oem4f (.text:readTaskCallback)
                  00004e6c    0000007a     rtsv7M4_T_le_v4SPD16_eabi.lib : memset_t2.asm.obj (.text)
                  00004ee6    00000002     --HOLE-- [fill = 0]
                  00004ee8    00000078     Encoder.obj (.text:Encoder_init)
                  00004f60    00000074     Wheels.obj (.text:__WheelsControl__)
                  00004fd4    00000004     empty_min_pem4f.oem4f (.text:ti_sysbios_family_arm_m3_Hwi_destruct)
                  00004fd8    00000070     sysbios.aem4f : BIOS.obj (.text:ti_sysbios_knl_Clock_workFunc__E)
                  00005048    00000070                   : BIOS.obj (.text:ti_sysbios_knl_Task_exit__E)
                  000050b8    0000006e     rtsv7M4_T_le_v4SPD16_eabi.lib : fd_tos_t2.asm.obj (.text)
                  00005126    00000002     --HOLE-- [fill = 0]
                  00005128    0000006d     ti.targets.arm.rtsarm.aem4f : System.oem4f (.text:xdc_runtime_System_formatNum__I)
                  00005195    00000003     --HOLE-- [fill = 0]
                  00005198    0000006c     sysbios.aem4f : BIOS.obj (.text:ti_sysbios_knl_Swi_restoreHwi__E)
                  00005204    0000006c     drivers_tivaware.aem4f : UARTTiva.oem4f (.text:writeData)
                  00005270    0000006c     ti.targets.arm.rtsarm.aem4f : Error.oem4f (.text:xdc_runtime_Error_print__E)
                  000052dc    0000006c                                 : Memory.oem4f (.text:xdc_runtime_Memory_alloc__E)
                  00005348    0000006a     drivers_tivaware.aem4f : PWMTiva.oem4f (.text:PWMTiva_close)
                  000053b2    00000068     rtsv7M4_T_le_v4SPD16_eabi.lib : copy_decompress_lzss.c.obj (.text:decompress:lzss:__TI_decompress_lzss)
                  0000541a    00000066     ti.targets.arm.rtsarm.aem4f : Core-mem.oem4f (.text:xdc_runtime_Core_deleteObject__I)
                  00005480    00000064     drivers_tivaware.aem4f : GPIOTiva.oem4f (.text:GPIO_hwiIntFxn)
                  000054e4    00000004     empty_min_pem4f.oem4f (.text:ti_sysbios_family_arm_m3_TaskSupport_Module__startupDone__S)
                  000054e8    00000064     sysbios.aem4f : BIOS.obj (.text:ti_sysbios_family_arm_lm4_Timer_Module_startup__E)
                  0000554c    00000064     empty_min_pem4f.oem4f (.text:ti_sysbios_family_arm_m3_Hwi_create)
                  000055b0    00000064     sysbios.aem4f : BIOS.obj (.text:ti_sysbios_family_arm_m3_Hwi_dispatchC__I)
                  00005614    00000004     empty_min_pem4f.oem4f (.text:ti_sysbios_heaps_HeapMem_Module_GateProxy_enter__E)
                  00005618    00000064     sysbios.aem4f : BIOS.obj (.text:ti_sysbios_knl_Semaphore_post__E)
                  0000567c    00000062     drivers_tivaware.aem4f : I2CTiva.oem4f (.text:I2CTiva_primeTransfer)
                  000056de    00000062     IMU.obj (.text:IMU_ReadRegister)
                  00005740    00000060     PID.obj (.text:newPIDComputer)
                  000057a0    0000005e     drivers_tivaware.aem4f : UARTTiva.oem4f (.text:readIsrBinaryBlocking)
                  000057fe    00000002     --HOLE-- [fill = 0]
                  00005800    0000005c     sysbios.aem4f : BIOS.obj (.text:ti_sysbios_knl_Swi_run__I)
                  0000585c    00000004     empty_min_pem4f.oem4f (.text:ti_sysbios_heaps_HeapMem_Module_GateProxy_leave__E)
                  00005860    0000005c     sysbios.aem4f : BIOS.obj (.text:ti_sysbios_knl_Swi_schedule__I)
                  000058bc    00000004     empty_min_pem4f.oem4f (.text:ti_sysbios_knl_Clock_TimerProxy_getMaxTicks__E)
                  000058c0    0000005c     sysbios.aem4f : BIOS.obj (.text:ti_sysbios_knl_Task_Module_startup__E)
                  0000591c    00000004     empty_min_pem4f.oem4f (.text:ti_sysbios_knl_Clock_destruct)
                  00005920    0000005c     sysbios.aem4f : BIOS.obj (.text:ti_sysbios_knl_Task_startCore__E)
                  0000597c    0000005b     ti.targets.arm.rtsarm.aem4f : Text.oem4f (.text:xdc_runtime_Text_putLab__E)
                  000059d7    00000001     --HOLE-- [fill = 0]
                  000059d8    00000058     Balance.obj (.text:Balance_calibrate)
                  00005a30    00000058     rtsv7M4_T_le_v4SPD16_eabi.lib : hostwrite.c.obj (.text:HOSTwrite)
                  00005a88    00000058     boot.aem4f : boot.oem4f (.text)
                  00005ae0    00000058     empty_min_pem4f.oem4f (.text:ti_sysbios_family_arm_m3_Hwi_construct)
                  00005b38    00000058     sysbios.aem4f : m3_Hwi_asm_switch.obj (.text:ti_sysbios_family_arm_m3_Hwi_initStacks__E)
                  00005b90    00000056     driverlib.lib : gpio.obj (.text:GPIOIntTypeSet)
                  00005be6    00000002     --HOLE-- [fill = 0]
                  00005be8    00000054     RAP_Robot_TM4C123G.obj (.text:EK_TM4C123GXL_initPWM)
                  00005c3c    00000054     drivers_tivaware.aem4f : UARTTiva.oem4f (.text:readIsrBinaryCallback)
                  00005c90    00000054     sysbios.aem4f : BIOS.obj (.text:ti_sysbios_family_arm_lm4_Timer_initDevice__I)
                  00005ce4    00000054     empty_min_pem4f.oem4f (.text:ti_sysbios_knl_Task_construct)
                  00005d38    00000054     ti.targets.arm.rtsarm.aem4f : Assert.oem4f (.text:xdc_runtime_Assert_raise__I)
                  00005d8c    00000050     drivers_tivaware.aem4f : GPIOTiva.oem4f (.text:GPIO_setCallback)
                  00005ddc    00000050                            : GPIOTiva.oem4f (.text:GPIO_write)
                  00005e2c    00000050                            : UARTTiva.oem4f (.text:UARTTiva_writeCancel)
                  00005e7c    00000004     empty_min_pem4f.oem4f (.text:ti_sysbios_knl_Queue_destruct)
                  00005e80    00000050     sysbios.aem4f : BIOS.obj (.text:ti_sysbios_family_arm_m3_Hwi_Module_startup__E)
                  00005ed0    00000050                   : BIOS.obj (.text:ti_sysbios_knl_Clock_Instance_init__E)
                  00005f20    00000050     ti.targets.arm.rtsarm.aem4f : Startup.oem4f (.text:xdc_runtime_Startup_exec__E)
                  00005f70    00000050                                 : Text.oem4f (.text:xdc_runtime_Text_visitRope2__I)
                  00005fc0    0000004e     IMU.obj (.text:IMU_Sensor_Configure)
                  0000600e    0000004c     drivers_tivaware.aem4f : UARTTiva.oem4f (.text:UARTTiva_close)
                  0000605a    00000002     --HOLE-- [fill = 0]
                  0000605c    0000004c     rtsv7M4_T_le_v4SPD16_eabi.lib : cpy_tbl.c.obj (.text:copy_in)
                  000060a8    0000004c     sysbios.aem4f : BIOS.obj (.text:ti_sysbios_heaps_HeapMem_getStats__E)
                  000060f4    00000004     empty_min_pem4f.oem4f (.text:ti_sysbios_knl_Semaphore_destruct)
                  000060f8    0000004c     sysbios.aem4f : BIOS.obj (.text:ti_sysbios_knl_Swi_runLoop__I)
                  00006144    00000004     ti.targets.arm.rtsarm.aem4f : Error.oem4f (.text:xdc_runtime_Error_getSite__E)
                  00006148    0000004c     sysbios.aem4f : BIOS.obj (.text:ti_sysbios_knl_Task_allBlockedFunction__I)
                  00006194    00000004     empty_min_pem4f.oem4f (.text:xdc_runtime_System_Module_GateProxy_enter__E)
                  00006198    0000004c     sysbios.aem4f : BIOS.obj (.text:ti_sysbios_knl_Task_schedule__I)
                  000061e4    00000048     driverlib.lib : gpio.obj (.text:GPIOPinConfigure)
                  0000622c    00000048                   : i2c.obj (.text:I2CMasterInitExpClk)
                  00006274    00000048     Balance.obj (.text:__Balance_Control__)
                  000062bc    00000004     empty_min_pem4f.oem4f (.text:xdc_runtime_System_Module_GateProxy_leave__E)
                  000062c0    00000048     sysbios.aem4f : BIOS.obj (.text:ti_sysbios_family_arm_lm4_Timer_enableTimers__I)
                  00006308    00000048                   : BIOS.obj (.text:ti_sysbios_family_arm_m3_Hwi_disableInterrupt__E)
                  00006350    00000048                   : BIOS.obj (.text:ti_sysbios_family_arm_m3_Hwi_enableInterrupt__E)
                  00006398    00000048                   : BIOS.obj (.text:ti_sysbios_family_arm_m3_Hwi_excReserved__I)
                  000063e0    00000046     IMU.obj (.text:IMU_WriteRegister)
                  00006426    00000046     MotorDriver.obj (.text:MotorDriver_Params_init)
                  0000646c    00000046     drivers_tivaware.aem4f : RingBuf.oem4f (.text:RingBuf_put)
                  000064b2    00000046     ti.targets.arm.rtsarm.aem4f : Core-params.oem4f (.text:xdc_runtime_Core_assignParams__I)
                  000064f8    00000044     sysbios.aem4f : BIOS.obj (.text:ti_sysbios_family_arm_lm4_Timer_isrStub__E)
                  0000653c    00000004     ti.targets.arm.rtsarm.aem4f : System.oem4f (.text:xdc_runtime_System_aprintf_va__F)
                  00006540    00000044     sysbios.aem4f : BIOS.obj (.text:ti_sysbios_family_arm_m3_Hwi_getStackInfo__E)
                  00006584    00000004     ti.targets.arm.rtsarm.aem4f : System.oem4f (.text:xdc_runtime_System_printf_va__F)
                  00006588    00000044     sysbios.aem4f : BIOS.obj (.text:ti_sysbios_knl_Swi_post__E)
                  000065cc    00000044     ti.targets.arm.rtsarm.aem4f : Error.oem4f (.text:xdc_runtime_Error_setX__E)
                  00006610    00000044                                 : SysMin.oem4f (.text:xdc_runtime_SysMin_flush__E)
                  00006654    00000044                                 : Text.oem4f (.text:xdc_runtime_Text_xprintf__I)
                  00006698    00000042     driverlib.lib : uart.obj (.text:UARTConfigSetExpClk)
                  000066da    00000042     drivers_tivaware.aem4f : UARTTiva.oem4f (.text:UARTTiva_hwiIntFxn)
                  0000671c    00000042                            : UARTTiva.oem4f (.text:UARTTiva_writePolling)
                  0000675e    00000002     --HOLE-- [fill = 0]
                  00006760    00000040     RAP_Robot_TM4C123G.obj (.text:EK_TM4C123GXL_initGeneral)
                  000067a0    00000040     drivers_tivaware.aem4f : RingBuf.oem4f (.text:RingBuf_get)
                  000067e0    00000040                            : UARTTiva.oem4f (.text:UARTTiva_read)
                  00006820    00000040     RAP_Robot.obj (.text:main)
                  00006860    00000040     rtsv7M4_T_le_v4SPD16_eabi.lib : u_divt2.asm.obj (.text)
                  000068a0    00000040     sysbios.aem4f : BIOS.obj (.text:ti_sysbios_family_arm_lm4_Timer_startup__E)
                  000068e0    00000040                   : BIOS.obj (.text:ti_sysbios_heaps_HeapMem_Instance_init__E)
                  00006920    0000003e     driverlib.lib : adc.obj (.text:ADCSequenceConfigure)
                  0000695e    00000002     --HOLE-- [fill = 0]
                  00006960    0000003c     sysbios.aem4f : BIOS.obj (.text:ti_sysbios_family_arm_m3_Hwi_excSvCall__I)
                  0000699c    00000004     --HOLE-- [fill = 0]
                  000069a0    0000003c                   : BIOS.obj (.text:ti_sysbios_heaps_HeapMem_init__I)
                  000069dc    00000004     --HOLE-- [fill = 0]
                  000069e0    0000003c                   : BIOS.obj (.text:ti_sysbios_knl_Swi_restore__E)
                  00006a1c    0000003a     drivers_tivaware.aem4f : I2CTiva.oem4f (.text:I2CTiva_completeTransfer)
                  00006a56    00000002     --HOLE-- [fill = 0]
                  00006a58    00000038     RAP_Robot_TM4C123G.obj (.text:EK_TM4C123GXL_initI2C)
                  00006a90    00000038     drivers_tivaware.aem4f : I2C.oem4f (.text:I2C_init)
                  00006ac8    00000038     IMU.obj (.text:IMU_Sensor_Configure_Magnetometer)
                  00006b00    00000038     drivers_tivaware.aem4f : PWM.oem4f (.text:PWM_init)
                  00006b38    00000038     driverlib.lib : sysctl.obj (.text:SysCtlPeripheralReady)
                  00006b70    00000038     drivers_tivaware.aem4f : UART.oem4f (.text:UART_init)
                  00006ba8    00000038     rtsv7M4_T_le_v4SPD16_eabi.lib : trgmsg.c.obj (.text:__TI_writemsg)
                  00006be0    00000038                                   : fs_tod_t2.asm.obj (.text)
                  00006c18    00000038     sysbios.aem4f : BIOS.obj (.text:ti_sysbios_family_arm_m3_Hwi_excNoIsr__I)
                  00006c50    00000038                   : BIOS.obj (.text:ti_sysbios_knl_Task_processVitalTaskFlag__I)
                  00006c88    00000038     ti.targets.arm.rtsarm.aem4f : SysMin.oem4f (.text:xdc_runtime_SysMin_putch__E)
                  00006cc0    00000038                                 : System.oem4f (.text:xdc_runtime_System_atexit__E)
                  00006cf8    00000036     drivers_tivaware.aem4f : I2CTiva.oem4f (.text:I2CTiva_close)
                  00006d2e    00000036                            : UARTTiva.oem4f (.text:UARTTiva_readCancel)
                  00006d64    00000034     driverlib.lib : sysctl.obj (.text:SysCtlPeripheralEnable)
                  00006d98    00000034     rtsv7M4_T_le_v4SPD16_eabi.lib : trgmsg.c.obj (.text:__TI_readmsg)
                  00006dcc    00000004     --HOLE-- [fill = 0]
                  00006dd0    00000034     sysbios.aem4f : BIOS.obj (.text:ti_sysbios_family_arm_m3_Hwi_Instance_finalize__E)
                  00006e04    00000004     --HOLE-- [fill = 0]
                  00006e08    00000034                   : BIOS.obj (.text:ti_sysbios_family_arm_m3_Hwi_excNmi__I)
                  00006e3c    00000034     empty_min_pem4f.oem4f (.text:ti_sysbios_knl_Clock_construct)
                  00006e70    00000034     ti.targets.arm.rtsarm.aem4f : Core-label.oem4f (.text:xdc_runtime_Core_assignLabel__I)
                  00006ea4    00000033                                 : Text.oem4f (.text:xdc_runtime_Text_printVisFxn__I)
                  00006ed7    00000001     --HOLE-- [fill = 0]
                  00006ed8    00000032     sysbios.aem4f : BIOS.obj (.text:ti_sysbios_hal_Hwi_initStack)
                  00006f0a    00000002     --HOLE-- [fill = 0]
                  00006f0c    00000030     RAP_Robot_TM4C123G.obj (.text:EK_TM4C123GXL_initGPIO)
                  00006f3c    00000030     drivers_tivaware.aem4f : GPIOTiva.oem4f (.text:GPIO_enableInt)
                  00006f6c    00000030                            : I2C.oem4f (.text:I2C_open)
                  00006f9c    00000030                            : PWMTiva.oem4f (.text:PWMTiva_init)
                  00006fcc    00000030                            : PWM.oem4f (.text:PWM_open)
                  00006ffc    00000030                            : UART.oem4f (.text:UART_open)
                  0000702c    00000030     empty_min_pem4f.oem4f (.text:ti_sysbios_BIOS_atExitFunc__I)
                  0000705c    00000004     --HOLE-- [fill = 0]
                  00007060    00000030     sysbios.aem4f : BIOS.obj (.text:ti_sysbios_family_arm_lm4_Timer_stop__E)
                  00007090    00000030                   : BIOS.obj (.text:ti_sysbios_family_arm_m3_TaskSupport_start__E)
                  000070c0    00000030     empty_min_pem4f.oem4f (.text:ti_sysbios_gates_GateHwi_Object__create__S)
                  000070f0    00000030     empty_min_pem4f.oem4f (.text:ti_sysbios_gates_GateMutex_Object__create__S)
                  00007120    00000030     sysbios.aem4f : BIOS.obj (.text:ti_sysbios_gates_GateMutex_enter__E)
                  00007150    00000030     empty_min_pem4f.oem4f (.text:ti_sysbios_heaps_HeapMem_Object__create__S)
                  00007180    00000030     empty_min_pem4f.oem4f (.text:ti_sysbios_knl_Semaphore_construct)
                  000071b0    00000030     sysbios.aem4f : BIOS.obj (.text:ti_sysbios_knl_Semaphore_pendTimeout__I)
                  000071e0    00000030                   : BIOS.obj (.text:ti_sysbios_knl_Task_unblockI__E)
                  00007210    00000030     ti.targets.arm.rtsarm.aem4f : SysMin.oem4f (.text:xdc_runtime_SysMin_abort__E)
                  00007240    00000030                                 : System.oem4f (.text:xdc_runtime_System_processAtExit__E)
                  00007270    0000002c     RAP_Robot_TM4C123G.obj (.text:EK_TM4C123GXL_initUART)
                  0000729c    0000002c     empty_min_pem4f.oem4f (.text:ti_sysbios_knl_Clock_doTick__I)
                  000072c8    0000002c     empty_min_pem4f.oem4f (.text:ti_sysbios_knl_Queue_construct)
                  000072f4    00000004     --HOLE-- [fill = 0]
                  000072f8    0000002c     sysbios.aem4f : BIOS.obj (.text:ti_sysbios_knl_Task_restore__E)
                  00007324    0000002c     ti.targets.arm.rtsarm.aem4f : Text.oem4f (.text:xdc_runtime_Text_cordText__E)
                  00007350    0000002a     driverlib.lib : gpio.obj (.text:GPIODirModeSet)
                  0000737a    0000002a     ti.targets.arm.rtsarm.aem4f : System.oem4f (.text:xdc_runtime_System_putchar__I)
                  000073a4    00000028     IMU.obj (.text:IMU_setCallback)
                  000073cc    00000028     UART_tools.obj (.text:UART_CharToInt)
                  000073f4    00000028     rtsv7M4_T_le_v4SPD16_eabi.lib : e_sqrtf.c.obj (.text:sqrtf)
                  0000741c    00000004     --HOLE-- [fill = 0]
                  00007420    00000028     sysbios.aem4f : BIOS.obj (.text:ti_sysbios_knl_Swi_Module_startup__E)
                  00007448    00000026                   : m3_Hwi_asm.obj (.text:ti_sysbios_family_arm_m3_Hwi_pendSV__I)
                  0000746e    00000026     ti.targets.arm.rtsarm.aem4f : System.oem4f (.text:xdc_runtime_System_avprintf__E)
                  00007494    00000024     MotorDriver.obj (.text:MotorDriver_Start)
                  000074b8    00000024     MotorDriver.obj (.text:MotorDriver_Stop)
                  000074dc    00000024     empty_min_pem4f.oem4f (.text:ti_sysbios_BIOS_errorRaiseHook__I)
                  00007500    00000024     empty_min_pem4f.oem4f (.text:ti_sysbios_BIOS_registerRTSLock__I)
                  00007524    00000024     empty_min_pem4f.oem4f (.text:ti_sysbios_BIOS_removeRTSLock__I)
                  00007548    00000024     empty_min_pem4f.oem4f (.text:ti_sysbios_BIOS_startFunc__I)
                  0000756c    00000024     empty_min_pem4f.oem4f (.text:ti_sysbios_gates_GateMutex_Object__delete__S)
                  00007590    00000024     sysbios.aem4f : BIOS.obj (.text:ti_sysbios_knl_Clock_Module_startup__E)
                  000075b4    00000004     --HOLE-- [fill = 0]
                  000075b8    00000024                   : BIOS.obj (.text:ti_sysbios_knl_Clock_start__E)
                  000075dc    00000004     --HOLE-- [fill = 0]
                  000075e0    00000024                   : BIOS.obj (.text:ti_sysbios_knl_Semaphore_Instance_init__E)
                  00007604    00000004     --HOLE-- [fill = 0]
                  00007608    00000024                   : BIOS.obj (.text:ti_sysbios_knl_Task_restoreHwi__E)
                  0000762c    00000024     ti.targets.arm.rtsarm.aem4f : System.oem4f (.text:xdc_runtime_System_vprintf__E)
                  00007650    00000022     driverlib.lib : pwm.obj (.text:PWMGenConfigure)
                  00007672    00000022     drivers_tivaware.aem4f : PWMTiva.oem4f (.text:PWMTiva_getPeriodCounts)
                  00007694    00000022     UART_tools.obj (.text:UART_puts)
                  000076b6    00000002     --HOLE-- [fill = 0]
                  000076b8    00000022     sysbios.aem4f : BIOS.obj (.text:ti_sysbios_family_arm_lm4_Timer_write__I)
                  000076da    00000022     empty_min_pem4f.oem4f (.text:xdc_runtime_SysMin_output__I)
                  000076fc    00000020     empty_min_pem4f.oem4f (.text:ti_sysbios_BIOS_rtsLock__I)
                  0000771c    00000020     sysbios.aem4f : m3_Hwi_asm.obj (.text:ti_sysbios_family_arm_m3_Hwi_excHandlerAsm__I)
                  0000773c    00000004     --HOLE-- [fill = 0]
                  00007740    00000020                   : BIOS.obj (.text:ti_sysbios_family_arm_m3_Hwi_excHandler__I)
                  00007760    00000020     empty_min_pem4f.oem4f (.text:ti_sysbios_gates_GateHwi_Object__delete__S)
                  00007780    00000020     empty_min_pem4f.oem4f (.text:ti_sysbios_heaps_HeapMem_Object__delete__S)
                  000077a0    00000020     empty_min_pem4f.oem4f (.text:ti_sysbios_knl_Clock_Object__destruct__S)
                  000077c0    00000020     sysbios.aem4f : BIOS.obj (.text:ti_sysbios_knl_Idle_run__E)
                  000077e0    00000020     empty_min_pem4f.oem4f (.text:ti_sysbios_knl_Semaphore_Object__destruct__S)
                  00007800    00000020     ti.targets.arm.rtsarm.aem4f : Registry.oem4f (.text:xdc_runtime_Registry_findById__E)
                  00007820    00000020                                 : SysMin.oem4f (.text:xdc_runtime_SysMin_Module_startup__E)
                  00007840    0000001e     driverlib.lib : pwm.obj (.text:PWMPulseWidthSet)
                  0000785e    0000001e     drivers_tivaware.aem4f : PWMTiva.oem4f (.text:PWMTiva_getPeriodMicroSecs)
                  0000787c    0000001e     sysbios.aem4f : m3_Hwi_asm_switch.obj (.text:ti_sysbios_family_xxx_Hwi_switchAndRunFunc)
                  0000789a    0000001c     IMU.obj (.text:IMU_Params_init)
                  000078b6    0000001c     IMU.obj (.text:IMU_Sensor_Configuration_init)
                  000078d2    00000002     --HOLE-- [fill = 0]
                  000078d4    0000001c     driverlib.lib : uart.obj (.text:UARTDisable)
                  000078f0    0000001c     Wheels.obj (.text:Wheels_start)
                  0000790c    0000001c     Wheels.obj (.text:Wheels_stop)
                  00007928    0000001c     drivers_tivaware.aem4f : GPIOTiva.oem4f (.text:getGpioIntIndex)
                  00007944    0000001c     empty_min_pem4f.oem4f (.text:ti_sysbios_family_arm_m3_Hwi_Object__destruct__S)
                  00007960    0000001c     sysbios.aem4f : BIOS.obj (.text:ti_sysbios_gates_GateMutex_Instance_init__E)
                  0000797c    00000004     --HOLE-- [fill = 0]
                  00007980    0000001c                   : BIOS.obj (.text:ti_sysbios_knl_Clock_Instance_finalize__E)
                  0000799c    0000001c     empty_min_pem4f.oem4f (.text:ti_sysbios_knl_Queue_Object__destruct__S)
                  000079b8    0000001c     sysbios.aem4f : BIOS.obj (.text:ti_sysbios_knl_Queue_put__E)
                  000079d4    00000004     --HOLE-- [fill = 0]
                  000079d8    0000001c                   : BIOS.obj (.text:ti_sysbios_knl_Task_enter__I)
                  000079f4    0000001c     ti.targets.arm.rtsarm.aem4f : Error.oem4f (.text:xdc_runtime_Error_raiseX__E)
                  00007a10    0000001c                                 : Memory.oem4f (.text:xdc_runtime_Memory_valloc__E)
                  00007a2c    0000001c                                 : SysMin.oem4f (.text:xdc_runtime_SysMin_exit__E)
                  00007a48    0000001c                                 : System.oem4f (.text:xdc_runtime_System_abort__E)
                  00007a64    0000001a     UART_tools.obj (.text:UART_readChar)
                  00007a7e    0000001a     empty_min_pem4f.oem4f (.text:ti_sysbios_family_arm_m3_Hwi_Handle__label__S)
                  00007a98    0000001a     empty_min_pem4f.oem4f (.text:ti_sysbios_gates_GateHwi_Handle__label__S)
                  00007ab2    0000001a     empty_min_pem4f.oem4f (.text:ti_sysbios_gates_GateMutex_Handle__label__S)
                  00007acc    0000001a     empty_min_pem4f.oem4f (.text:ti_sysbios_heaps_HeapMem_Handle__label__S)
                  00007ae6    0000001a     empty_min_pem4f.oem4f (.text:ti_sysbios_knl_Swi_Handle__label__S)
                  00007b00    0000001a     empty_min_pem4f.oem4f (.text:ti_sysbios_knl_Task_Handle__label__S)
                  00007b1a    0000001a     empty_min_pem4f.oem4f (.text:xdc_runtime_System_aprintf__E)
                  00007b34    0000001a     empty_min_pem4f.oem4f (.text:xdc_runtime_System_printf__E)
                  00007b4e    00000002     --HOLE-- [fill = 0]
                  00007b50    00000018     Balance.obj (.text:Balance_setKd)
                  00007b68    00000018     Balance.obj (.text:Balance_setKi)
                  00007b80    00000018     Balance.obj (.text:Balance_setKp)
                  00007b98    00000018     Wheels.obj (.text:Left_Wheel_Speed)
                  00007bb0    00000018     Wheels.obj (.text:Right_Wheel_Speed)
                  00007bc8    00000018     drivers_tivaware.aem4f : UART.oem4f (.text:UART_Params_init)
                  00007be0    00000018     rtsv7M4_T_le_v4SPD16_eabi.lib : args_main.c.obj (.text:_args_main)
                  00007bf8    00000018     empty_min_pem4f.oem4f (.text:ti_sysbios_BIOS_rtsUnlock__I)
                  00007c10    00000018     empty_min_pem4f.oem4f (.text:ti_sysbios_family_arm_lm4_Timer_Module__startupDone__F)
                  00007c28    00000018     empty_min_pem4f.oem4f (.text:ti_sysbios_family_arm_m3_Hwi_Module__startupDone__F)
                  00007c40    00000018     sysbios.aem4f : m3_TaskSupport_asm.obj (.text:ti_sysbios_family_arm_m3_TaskSupport_swap__E)
                  00007c58    00000018                   : BIOS.obj (.text:ti_sysbios_gates_GateMutex_leave__E)
                  00007c70    00000018                   : BIOS.obj (.text:ti_sysbios_knl_Task_sleepTimeout__I)
                  00007c88    00000018     ti.targets.arm.rtsarm.aem4f : Error.oem4f (.text:xdc_runtime_Error_check__E)
                  00007ca0    00000018                                 : System.oem4f (.text:xdc_runtime_System_exit__E)
                  00007cb8    00000018                                 : Text.oem4f (.text:xdc_runtime_Text_ropeText__E)
                  00007cd0    00000016     driverlib.lib : i2c.obj (.text:I2CMasterErr)
                  00007ce6    00000016     empty_min_pem4f.oem4f (.text:ti_sysbios_BIOS_exitFunc__I)
                  00007cfc    00000016     Balance.obj (.text:ti_sysbios_knl_Clock_Params_init)
                  00007d12    00000016     Wheels.obj (.text:ti_sysbios_knl_Clock_Params_init)
                  00007d28    00000016     IMUSensor.obj (.text:ti_sysbios_knl_Semaphore_Params_init)
                  00007d3e    00000016     IMUSensor.obj (.text:ti_sysbios_knl_Task_Params_init)
                  00007d54    00000016     RAP_Robot.obj (.text:ti_sysbios_knl_Task_Params_init)
                  00007d6a    00000002     --HOLE-- [fill = 0]
                  00007d6c    00000014     Balance.obj (.text:Balance_start)
                  00007d80    00000014     Balance.obj (.text:Balance_stop)
                  00007d94    00000014     IMUSensor.obj (.text:IMUInterruptFx)
                  00007da8    00000014     driverlib.lib : pwm.obj (.text:PWMClockSet)
                  00007dbc    00000014                   : sysctl.obj (.text:SysCtlPWMClockSet)
                  00007dd0    00000014                   : uart.obj (.text:UARTEnable)
                  00007de4    00000014     rtsv7M4_T_le_v4SPD16_eabi.lib : strlen.c.obj (.text:strlen)
                  00007df8    00000014     empty_min_pem4f.oem4f (.text:ti_sysbios_family_arm_m3_Hwi_Object__get__S)
                  00007e0c    00000004     --HOLE-- [fill = 0]
                  00007e10    00000014     sysbios.aem4f : BIOS.obj (.text:ti_sysbios_family_arm_m3_Hwi_switchFromBootStack__E)
                  00007e24    00000014     empty_min_pem4f.oem4f (.text:ti_sysbios_heaps_HeapMem_Object__get__S)
                  00007e38    00000014     empty_min_pem4f.oem4f (.text:ti_sysbios_knl_Swi_Object__get__S)
                  00007e4c    00000012     driverlib.lib : gpio.obj (.text:GPIOPinTypeADC)
                  00007e5e    00000012                   : gpio.obj (.text:GPIOPinTypeGPIOInput)
                  00007e70    00000012                   : gpio.obj (.text:GPIOPinTypeI2C)
                  00007e82    00000012                   : gpio.obj (.text:GPIOPinTypeI2CSCL)
                  00007e94    00000012                   : gpio.obj (.text:GPIOPinTypePWM)
                  00007ea6    00000012                   : gpio.obj (.text:GPIOPinTypeQEI)
                  00007eb8    00000012                   : gpio.obj (.text:GPIOPinTypeUART)
                  00007eca    00000012                   : pwm.obj (.text:PWMGenPeriodGet)
                  00007edc    00000012                   : pwm.obj (.text:PWMOutputInvert)
                  00007eee    00000012                   : pwm.obj (.text:PWMOutputState)
                  00007f00    00000012     drivers_tivaware.aem4f : RingBuf.oem4f (.text:RingBuf_construct)
                  00007f12    00000012     rtsv7M4_T_le_v4SPD16_eabi.lib : s_copysignf.c.obj (.text:copysignf)
                  00007f24    00000004     --HOLE-- [fill = 0]
                  00007f28    00000012     sysbios.aem4f : BIOS.obj (.text:ti_sysbios_hal_Hwi_Module_startup__E)
                  00007f3a    00000012     empty_min_pem4f.oem4f (.text:xdc_runtime_Startup_exec__I)
                  00007f4c    00000010     drivers_tivaware.aem4f : I2C.oem4f (.text:I2C_Params_init)
                  00007f5c    00000010     IMUSensor.obj (.text:IMUSensor_Enable)
                  00007f6c    00000010     IMU.obj (.text:IMU_EnableEvents)
                  00007f7c    00000010     driverlib.lib : pwm.obj (.text:PWMGenPeriodSet)
                  00007f8c    00000010     drivers_tivaware.aem4f : PWM.oem4f (.text:PWM_Params_init)
                  00007f9c    00000010     driverlib.lib : qei.obj (.text:QEIVelocityConfigure)
                  00007fac    00000010     drivers_tivaware.aem4f : UARTTiva.oem4f (.text:readBlockingTimeout)
                  00007fbc    00000004     --HOLE-- [fill = 0]
                  00007fc0    00000010     sysbios.aem4f : BIOS.obj (.text:ti_sysbios_BIOS_getCpuFreq__E)
                  00007fd0    00000010                   : BIOS.obj (.text:ti_sysbios_BIOS_setThreadType__E)
                  00007fe0    00000010                   : BIOS.obj (.text:ti_sysbios_BIOS_start__E)
                  00007ff0    00000010                   : m3_TaskSupport_asm.obj (.text:ti_sysbios_family_arm_m3_TaskSupport_glue)
                  00008000    00000010                   : BIOS.obj (.text:ti_sysbios_gates_GateMutex_Instance_finalize__E)
                  00008010    00000010                   : BIOS.obj (.text:ti_sysbios_knl_Semaphore_Instance_finalize__E)
                  00008020    00000010                   : BIOS.obj (.text:ti_sysbios_knl_Swi_disable__E)
                  00008030    00000010                   : BIOS.obj (.text:ti_sysbios_knl_Task_disable__E)
                  00008040    00000010     ti.targets.arm.rtsarm.aem4f : Gate.oem4f (.text:xdc_runtime_Gate_leaveSystem__E)
                  00008050    00000010                                 : Memory.oem4f (.text:xdc_runtime_Memory_free__E)
                  00008060    00000010                                 : SysMin.oem4f (.text:xdc_runtime_SysMin_ready__E)
                  00008070    00000010                                 : System.oem4f (.text:xdc_runtime_System_vsnprintf__E)
                  00008080    00000010     empty_min_pem4f.oem4f (.text:xdc_runtime_Text_visitRope__I)
                  00008090    0000000e     driverlib.lib : adc.obj (.text:ADCSequenceEnable)
                  0000809e    0000000e                   : gpio.obj (.text:GPIOIntStatus)
                  000080ac    0000000e                   : qei.obj (.text:QEIConfigure)
                  000080ba    0000000e                   : qei.obj (.text:QEIDirectionGet)
                  000080c8    0000000e                   : uart.obj (.text:UARTCharGetNonBlocking)
                  000080d6    0000000e                   : uart.obj (.text:UARTCharPutNonBlocking)
                  000080e4    0000000e     rtsv7M4_T_le_v4SPD16_eabi.lib : copy_decompress_none.c.obj (.text:decompress:none:__TI_decompress_none)
                  000080f2    00000006     driverlib.lib : gpio.obj (.text:GPIOPinWrite)
                  000080f8    0000000e     sysbios.aem4f : BIOS.obj (.text:ti_sysbios_knl_Queue_empty__E)
                  00008106    0000000e     empty_min_pem4f.oem4f (.text:ti_sysbios_knl_Task_Object__get__S)
                  00008114    0000000c     empty_min_pem4f.oem4f (.text:.bootCodeSection:ti_catalog_arm_cortexm4_tiva_ce_Boot_init__I)
                  00008120    0000000c     driverlib.lib : adc.obj (.text:ADCReferenceSet)
                  0000812c    0000000c                   : gpio.obj (.text:GPIOIntEnable)
                  00008138    0000000c     IMUSensor.obj (.text:IMUSensor_getRoll)
                  00008144    0000000c     driverlib.lib : pwm.obj (.text:PWMGenDisable)
                  00008150    0000000c                   : pwm.obj (.text:PWMGenEnable)
                  0000815c    0000000c     drivers_tivaware.aem4f : RingBuf.oem4f (.text:RingBuf_peek)
                  00008168    0000000c     driverlib.lib : uart.obj (.text:UARTFlowControlSet)
                  00008174    0000000c     drivers_tivaware.aem4f : UARTTiva.oem4f (.text:UARTTiva_init)
                  00008180    0000000c     rtsv7M4_T_le_v4SPD16_eabi.lib : _lock.c.obj (.text:_register_lock)
                  0000818c    0000000c                                   : _lock.c.obj (.text:_register_unlock)
                  00008198    0000000c                                   : copy_zero_init.c.obj (.text:decompress:ZI:__TI_zero_init)
                  000081a4    00000004     --HOLE-- [fill = 0]
                  000081a8    0000000c     sysbios.aem4f : BIOS.obj (.text:ti_sysbios_family_arm_lm4_Timer_getMaxTicks__E)
                  000081b4    0000000c     empty_min_pem4f.oem4f (.text:ti_sysbios_family_arm_m3_Hwi_Params__init__S)
                  000081c0    0000000c     sysbios.aem4f : BIOS.obj (.text:ti_sysbios_family_arm_m3_Hwi_disableFxn__E)
                  000081cc    00000004     --HOLE-- [fill = 0]
                  000081d0    0000000c                   : BIOS.obj (.text:ti_sysbios_family_arm_m3_TaskSupport_getStackAlignment__E)
                  000081dc    00000004     --HOLE-- [fill = 0]
                  000081e0    0000000c                   : BIOS.obj (.text:ti_sysbios_gates_GateHwi_enter__E)
                  000081ec    0000000c     empty_min_pem4f.oem4f (.text:ti_sysbios_knl_Clock_Params__init__S)
                  000081f8    0000000c     Balance.obj (.text:ti_sysbios_knl_Clock_handle)
                  00008204    0000000c     Wheels.obj (.text:ti_sysbios_knl_Clock_handle)
                  00008210    0000000c     empty_min_pem4f.oem4f (.text:ti_sysbios_knl_Queue_Object__get__S)
                  0000821c    0000000c     empty_min_pem4f.oem4f (.text:ti_sysbios_knl_Semaphore_Params__init__S)
                  00008228    0000000c     IMUSensor.obj (.text:ti_sysbios_knl_Semaphore_handle)
                  00008234    0000000c     empty_min_pem4f.oem4f (.text:ti_sysbios_knl_Task_Params__init__S)
                  00008240    0000000c     ti.targets.arm.rtsarm.aem4f : Error.oem4f (.text:xdc_runtime_Error_init__E)
                  0000824c    0000000c                                 : Gate.oem4f (.text:xdc_runtime_Gate_enterSystem__E)
                  00008258    0000000c                                 : Memory.oem4f (.text:xdc_runtime_Memory_calloc__E)
                  00008264    0000000c                                 : Memory.oem4f (.text:xdc_runtime_Memory_getMaxDefaultTypeAlign__E)
                  00008270    0000000a     driverlib.lib : i2c.obj (.text:I2CMasterDisable)
                  0000827a    0000000a                   : i2c.obj (.text:I2CMasterEnable)
                  00008284    0000000a     drivers_tivaware.aem4f : I2CTiva.oem4f (.text:I2CTiva_init)
                  0000828e    0000000a                            : I2C.oem4f (.text:I2C_close)
                  00008298    0000000a                            : I2C.oem4f (.text:I2C_transfer)
                  000082a2    0000000a                            : PWM.oem4f (.text:PWM_setDuty)
                  000082ac    0000000a     driverlib.lib : qei.obj (.text:QEIEnable)
                  000082b6    0000000a                   : qei.obj (.text:QEIVelocityEnable)
                  000082c0    0000000a                   : uart.obj (.text:UARTCharGet)
                  000082ca    0000000a                   : uart.obj (.text:UARTCharPut)
                  000082d4    0000000a                   : uart.obj (.text:UARTIntDisable)
                  000082de    0000000a                   : uart.obj (.text:UARTIntStatus)
                  000082e8    0000000a     drivers_tivaware.aem4f : UART.oem4f (.text:UART_read)
                  000082f2    0000000a                            : UART.oem4f (.text:UART_write)
                  000082fc    0000000a     empty_min_pem4f.oem4f (.text:xdc_runtime_IHeap_alloc)
                  00008306    0000000a     empty_min_pem4f.oem4f (.text:xdc_runtime_IHeap_free)
                  00008310    00000008     driverlib.lib : i2c.obj (.text:I2CMasterIntClear)
                  00008318    00000008                   : i2c.obj (.text:I2CMasterSlaveAddrSet)
                  00008320    00000008     drivers_tivaware.aem4f : I2CTiva.oem4f (.text:I2CTiva_blockingCallback)
                  00008328    00000008     driverlib.lib : uart.obj (.text:UARTIntEnable)
                  00008330    00000008                   : uart.obj (.text:UARTRxErrorGet)
                  00008338    00000008     rtsv7M4_T_le_v4SPD16_eabi.lib : errno.c.obj (.text:__aeabi_errno_addr)
                  00008340    00000008     drivers_tivaware.aem4f : UARTTiva.oem4f (.text:readSemCallback)
                  00008348    00000008     sysbios.aem4f : BIOS.obj (.text:ti_sysbios_family_arm_lm4_Timer_masterDisable__I)
                  00008350    00000008                   : BIOS.obj (.text:ti_sysbios_family_arm_m3_Hwi_doSwiRestore__I)
                  00008358    00000008                   : BIOS.obj (.text:ti_sysbios_family_arm_m3_Hwi_startup__E)
                  00008360    00000008     drivers_tivaware.aem4f : UARTTiva.oem4f (.text:writeSemCallback)
                  00008368    00000006     driverlib.lib : i2c.obj (.text:I2CMasterIntDisable)
                  0000836e    00000006                   : i2c.obj (.text:I2CMasterIntEnable)
                  00008374    00000006     drivers_tivaware.aem4f : I2CTiva.oem4f (.text:I2CTiva_control)
                  0000837a    00000006     driverlib.lib : uart.obj (.text:UARTFIFOLevelSet)
                  00008380    00000006                   : uart.obj (.text:UARTRxErrorClear)
                  00008386    00000006     Boot.aem4f : Boot_sysctl.oem4f (.text:ti_catalog_arm_cortexm4_tiva_ce_Boot_sysCtlDelayI__I)
                  0000838c    00000004     --HOLE-- [fill = 0]
                  00008390    00000006     sysbios.aem4f : BIOS.obj (.text:ti_sysbios_family_arm_m3_Hwi_doTaskRestore__I)
                  00008396    00000002     --HOLE-- [fill = 0]
                  00008398    00000006                   : BIOS.obj (.text:ti_sysbios_family_arm_m3_Hwi_restoreFxn__E)
                  0000839e    00000002     --HOLE-- [fill = 0]
                  000083a0    00000006                   : BIOS.obj (.text:ti_sysbios_gates_GateHwi_leave__E)
                  000083a6    00000002     --HOLE-- [fill = 0]
                  000083a8    00000006                   : BIOS.obj (.text:ti_sysbios_heaps_HeapMem_isBlocking__E)
                  000083ae    00000002     --HOLE-- [fill = 0]
                  000083b0    00000006                   : BIOS.obj (.text:ti_sysbios_knl_Clock_stop__E)
                  000083b6    00000002     --HOLE-- [fill = 0]
                  000083b8    00000006                   : BIOS.obj (.text:ti_sysbios_knl_Queue_Instance_init__E)
                  000083be    00000002     --HOLE-- [fill = 0]
                  000083c0    00000006                   : BIOS.obj (.text:ti_sysbios_knl_Swi_startup__E)
                  000083c6    00000006     ti.targets.arm.rtsarm.aem4f : System.oem4f (.text:xdc_runtime_System_Module_startup__E)
                  000083cc    00000004     --HOLE-- [fill = 0]
                  000083d0    00000004     sysbios.aem4f : BIOS.obj (.text:ti_sysbios_gates_GateHwi_query__E)
                  000083d4    00000004     --HOLE-- [fill = 0]
                  000083d8    00000004                   : BIOS.obj (.text:ti_sysbios_gates_GateMutex_query__E)
                  000083dc    00000004     --HOLE-- [fill = 0]
                  000083e0    00000004                   : BIOS.obj (.text:ti_sysbios_knl_Task_startup__E)
                  000083e4    00000004     --HOLE-- [fill = 0]
                  000083e8    00000002                   : BIOS.obj (.text:ti_sysbios_gates_GateHwi_Instance_init__E)
                  000083ea    00000006     --HOLE-- [fill = 0]
                  000083f0    00000002                   : BIOS.obj (.text:ti_sysbios_knl_Clock_logTick__E)

.const     0    000083f4    00002095     
                  000083f4    00001844     empty_min_pem4f.oem4f (.const:xdc_runtime_Text_charTab__A)
                  00009c38    000000bc     empty_min_pem4f.oem4f (.const:xdc_runtime_Text_nodeTab__A)
                  00009cf4    00000090     driverlib.lib : gpio.obj (.const:g_pui32GPIOBaseAddrs)
                  00009d84    00000054     drivers_tivaware.aem4f : GPIOTiva.oem4f (.const:.string)
                  00009dd8    0000004c                            : UARTTiva.oem4f (.const)
                  00009e24    00000048     empty_min_pem4f.oem4f (.const:.string)
                  00009e6c    00000048     drivers_tivaware.aem4f : GPIOTiva.oem4f (.const:gpioBaseAddresses)
                  00009eb4    0000003c     RAP_Robot_TM4C123G.obj (.const:PWM_config)
                  00009ef0    0000003c     empty_min_pem4f.oem4f (.const:ti_sysbios_knl_Task_Object__PARAMS__C)
                  00009f2c    00000030     RAP_Robot_TM4C123G.obj (.const:pwmTivaHWAttrs)
                  00009f5c    00000030     empty_min_pem4f.oem4f (.const:ti_sysbios_family_arm_m3_Hwi_Object__PARAMS__C)
                  00009f8c    00000028     drivers_tivaware.aem4f : UARTTiva.oem4f (.const:UARTTiva_fxnTable)
                  00009fb4    00000028     empty_min_pem4f.oem4f (.const:ti_sysbios_heaps_HeapMem_Module__FXNS__C)
                  00009fdc    00000024     drivers_tivaware.aem4f : UART.oem4f (.const:UART_defaultParams)
                  0000a000    00000024     empty_min_pem4f.oem4f (.const:ti_sysbios_gates_GateHwi_Module__FXNS__C)
                  0000a024    00000024     empty_min_pem4f.oem4f (.const:ti_sysbios_gates_GateMutex_Module__FXNS__C)
                  0000a048    00000024     empty_min_pem4f.oem4f (.const:ti_sysbios_heaps_HeapMem_Object__PARAMS__C)
                  0000a06c    00000024     empty_min_pem4f.oem4f (.const:ti_sysbios_knl_Clock_Object__PARAMS__C)
                  0000a090    00000024     empty_min_pem4f.oem4f (.const:ti_sysbios_knl_Semaphore_Object__PARAMS__C)
                  0000a0b4    00000020     drivers_tivaware.aem4f : PWMTiva.oem4f (.const)
                  0000a0d4    00000020     empty_min_pem4f.oem4f (.const:ti_sysbios_family_arm_m3_Hwi_Object__DESC__C)
                  0000a0f4    00000020     empty_min_pem4f.oem4f (.const:ti_sysbios_gates_GateHwi_Object__DESC__C)
                  0000a114    00000020     empty_min_pem4f.oem4f (.const:ti_sysbios_gates_GateMutex_Object__DESC__C)
                  0000a134    00000020     empty_min_pem4f.oem4f (.const:ti_sysbios_heaps_HeapMem_Object__DESC__C)
                  0000a154    00000020     empty_min_pem4f.oem4f (.const:ti_sysbios_knl_Clock_Object__DESC__C)
                  0000a174    00000020     empty_min_pem4f.oem4f (.const:ti_sysbios_knl_Queue_Object__DESC__C)
                  0000a194    00000020     empty_min_pem4f.oem4f (.const:ti_sysbios_knl_Semaphore_Object__DESC__C)
                  0000a1b4    00000020     empty_min_pem4f.oem4f (.const:ti_sysbios_knl_Task_Object__DESC__C)
                  0000a1d4    00000020     empty_min_pem4f.oem4f (.const:xdc_runtime_Startup_sfxnTab__A)
                  0000a1f4    0000001c     drivers_tivaware.aem4f : I2CTiva.oem4f (.const)
                  0000a210    00000018     rtsv7M4_T_le_v4SPD16_eabi.lib : e_powf.c.obj (.const:$O1$$)
                  0000a228    00000018     RAP_Robot_TM4C123G.obj (.const:I2C_config)
                  0000a240    00000018     RAP_Robot_TM4C123G.obj (.const:UART_config)
                  0000a258    00000018     empty_min_pem4f.oem4f (.const:ti_sysbios_gates_GateHwi_Object__PARAMS__C)
                  0000a270    00000018     empty_min_pem4f.oem4f (.const:ti_sysbios_gates_GateMutex_Object__PARAMS__C)
                  0000a288    00000018     empty_min_pem4f.oem4f (.const:ti_sysbios_knl_Queue_Object__PARAMS__C)
                  0000a2a0    00000018     RAP_Robot_TM4C123G.obj (.const:uartTivaHWAttrs)
                  0000a2b8    00000014     RAP_Robot_TM4C123G.obj (.const:GPIOTiva_config)
                  0000a2cc    00000014     empty_min_pem4f.oem4f (.const:xdc_runtime_Startup_firstFxns__A)
                  0000a2e0    00000010     drivers_tivaware.aem4f : I2C.oem4f (.const)
                  0000a2f0    00000010     IMU.obj (.const:g_fIMUAccelFactors)
                  0000a300    00000010     empty_min_pem4f.oem4f (.const:xdc_runtime_Startup_sfxnRts__A)
                  0000a310    0000000c     drivers_tivaware.aem4f : PWM.oem4f (.const)
                  0000a31c    0000000c     RAP_Robot_TM4C123G.obj (.const:i2cTivaHWAttrs)
                  0000a328    00000008     empty_min_pem4f.oem4f (.const:ti_sysbios_family_arm_m3_Hwi_excHookFuncs__A)
                  0000a330    00000008     empty_min_pem4f.oem4f (.const:ti_sysbios_knl_Idle_funcList__C)
                  0000a338    00000008     empty_min_pem4f.oem4f (.const:xdc_runtime_Startup_firstFxns__C)
                  0000a340    00000008     empty_min_pem4f.oem4f (.const:xdc_runtime_Startup_lastFxns__C)
                  0000a348    00000004     empty_min_pem4f.oem4f (.const:ti_catalog_arm_cortexm4_tiva_ce_Boot_A_mustUseEnhancedClockMode__C)
                  0000a34c    00000004     empty_min_pem4f.oem4f (.const:ti_catalog_arm_cortexm4_tiva_ce_Boot_Module__diagsEnabled__C)
                  0000a350    00000004     empty_min_pem4f.oem4f (.const:ti_catalog_arm_cortexm4_tiva_ce_Boot_Module__diagsIncluded__C)
                  0000a354    00000004     empty_min_pem4f.oem4f (.const:ti_catalog_arm_cortexm4_tiva_ce_Boot_Module__diagsMask__C)
                  0000a358    00000004     empty_min_pem4f.oem4f (.const:ti_sysbios_family_arm_lm4_Timer_enableFunc__C)
                  0000a35c    00000004     empty_min_pem4f.oem4f (.const:ti_sysbios_family_arm_lm4_Timer_numTimerDevices__C)
                  0000a360    00000004     empty_min_pem4f.oem4f (.const:ti_sysbios_family_arm_lm4_Timer_startupNeeded__C)
                  0000a364    00000004     empty_min_pem4f.oem4f (.const:ti_sysbios_family_arm_m3_Hwi_E_NMI__C)
                  0000a368    00000004     empty_min_pem4f.oem4f (.const:ti_sysbios_family_arm_m3_Hwi_E_alreadyDefined__C)
                  0000a36c    00000004     empty_min_pem4f.oem4f (.const:ti_sysbios_family_arm_m3_Hwi_E_busFault__C)
                  0000a370    00000004     empty_min_pem4f.oem4f (.const:ti_sysbios_family_arm_m3_Hwi_E_debugMon__C)
                  0000a374    00000004     empty_min_pem4f.oem4f (.const:ti_sysbios_family_arm_m3_Hwi_E_hardFault__C)
                  0000a378    00000004     empty_min_pem4f.oem4f (.const:ti_sysbios_family_arm_m3_Hwi_E_memFault__C)
                  0000a37c    00000004     empty_min_pem4f.oem4f (.const:ti_sysbios_family_arm_m3_Hwi_E_noIsr__C)
                  0000a380    00000004     empty_min_pem4f.oem4f (.const:ti_sysbios_family_arm_m3_Hwi_E_reserved__C)
                  0000a384    00000004     empty_min_pem4f.oem4f (.const:ti_sysbios_family_arm_m3_Hwi_E_svCall__C)
                  0000a388    00000004     empty_min_pem4f.oem4f (.const:ti_sysbios_family_arm_m3_Hwi_E_usageFault__C)
                  0000a38c    00000004     empty_min_pem4f.oem4f (.const:ti_sysbios_family_arm_m3_Hwi_NUM_INTERRUPTS__C)
                  0000a390    00000004     empty_min_pem4f.oem4f (.const:ti_sysbios_family_arm_m3_Hwi_Object__count__C)
                  0000a394    00000004     empty_min_pem4f.oem4f (.const:ti_sysbios_family_arm_m3_Hwi_ccr__C)
                  0000a398    00000004     empty_min_pem4f.oem4f (.const:ti_sysbios_family_arm_m3_Hwi_excHandlerFunc__C)
                  0000a39c    00000004     empty_min_pem4f.oem4f (.const:ti_sysbios_family_arm_m3_Hwi_excHookFuncs__C)
                  0000a3a0    00000004     empty_min_pem4f.oem4f (.const:ti_sysbios_family_arm_m3_Hwi_nullIsrFunc__C)
                  0000a3a4    00000004     empty_min_pem4f.oem4f (.const:ti_sysbios_family_arm_m3_Hwi_priGroup__C)
                  0000a3a8    00000004     empty_min_pem4f.oem4f (.const:ti_sysbios_family_arm_m3_TaskSupport_stackAlignment__C)
                  0000a3ac    00000004     empty_min_pem4f.oem4f (.const:ti_sysbios_gates_GateMutex_Instance_State_sem__O)
                  0000a3b0    00000004     empty_min_pem4f.oem4f (.const:ti_sysbios_heaps_HeapMem_E_memory__C)
                  0000a3b4    00000004     empty_min_pem4f.oem4f (.const:ti_sysbios_heaps_HeapMem_Module__gateObj__C)
                  0000a3b8    00000004     empty_min_pem4f.oem4f (.const:ti_sysbios_heaps_HeapMem_Object__count__C)
                  0000a3bc    00000004     empty_min_pem4f.oem4f (.const:ti_sysbios_heaps_HeapMem_reqAlign__C)
                  0000a3c0    00000004     empty_min_pem4f.oem4f (.const:ti_sysbios_knl_Clock_Module_State_clockQ__O)
                  0000a3c4    00000004     empty_min_pem4f.oem4f (.const:ti_sysbios_knl_Semaphore_Instance_State_pendQ__O)
                  0000a3c8    00000004     empty_min_pem4f.oem4f (.const:ti_sysbios_knl_Swi_Object__count__C)
                  0000a3cc    00000004     empty_min_pem4f.oem4f (.const:ti_sysbios_knl_Task_Module_State_inactiveQ__O)
                  0000a3d0    00000004     empty_min_pem4f.oem4f (.const:ti_sysbios_knl_Task_Object__count__C)
                  0000a3d4    00000004     empty_min_pem4f.oem4f (.const:ti_sysbios_knl_Task_allBlockedFunc__C)
                  0000a3d8    00000004     empty_min_pem4f.oem4f (.const:ti_sysbios_knl_Task_defaultStackHeap__C)
                  0000a3dc    00000004     empty_min_pem4f.oem4f (.const:ti_sysbios_knl_Task_defaultStackSize__C)
                  0000a3e0    00000004     empty_min_pem4f.oem4f (.const:ti_sysbios_knl_Task_numConstructedTasks__C)
                  0000a3e4    00000004     empty_min_pem4f.oem4f (.const:xdc_runtime_Assert_E_assertFailed__C)
                  0000a3e8    00000004     empty_min_pem4f.oem4f (.const:xdc_runtime_Core_A_initializedParams__C)
                  0000a3ec    00000004     empty_min_pem4f.oem4f (.const:xdc_runtime_Core_Module__diagsEnabled__C)
                  0000a3f0    00000004     empty_min_pem4f.oem4f (.const:xdc_runtime_Core_Module__diagsIncluded__C)
                  0000a3f4    00000004     empty_min_pem4f.oem4f (.const:xdc_runtime_Core_Module__diagsMask__C)
                  0000a3f8    00000004     empty_min_pem4f.oem4f (.const:xdc_runtime_Error_E_memory__C)
                  0000a3fc    00000004     empty_min_pem4f.oem4f (.const:xdc_runtime_Error_Module__diagsEnabled__C)
                  0000a400    00000004     empty_min_pem4f.oem4f (.const:xdc_runtime_Error_Module__diagsIncluded__C)
                  0000a404    00000004     empty_min_pem4f.oem4f (.const:xdc_runtime_Error_Module__diagsMask__C)
                  0000a408    00000004     empty_min_pem4f.oem4f (.const:xdc_runtime_Error_Module__loggerFxn8__C)
                  0000a40c    00000004     empty_min_pem4f.oem4f (.const:xdc_runtime_Error_Module__loggerObj__C)
                  0000a410    00000004     empty_min_pem4f.oem4f (.const:xdc_runtime_Error_policyFxn__C)
                  0000a414    00000004     empty_min_pem4f.oem4f (.const:xdc_runtime_Error_raiseHook__C)
                  0000a418    00000004     empty_min_pem4f.oem4f (.const:xdc_runtime_IGateProvider_Interface__BASE__C)
                  0000a41c    00000004     empty_min_pem4f.oem4f (.const:xdc_runtime_IHeap_Interface__BASE__C)
                  0000a420    00000004     empty_min_pem4f.oem4f (.const:xdc_runtime_IModule_Interface__BASE__C)
                  0000a424    00000004     empty_min_pem4f.oem4f (.const:xdc_runtime_Log_L_error__C)
                  0000a428    00000004     empty_min_pem4f.oem4f (.const:xdc_runtime_Memory_defaultHeapInstance__C)
                  0000a42c    00000004     empty_min_pem4f.oem4f (.const:xdc_runtime_Startup_execImpl__C)
                  0000a430    00000004     empty_min_pem4f.oem4f (.const:xdc_runtime_Startup_maxPasses__C)
                  0000a434    00000004     empty_min_pem4f.oem4f (.const:xdc_runtime_Startup_sfxnRts__C)
                  0000a438    00000004     empty_min_pem4f.oem4f (.const:xdc_runtime_Startup_sfxnTab__C)
                  0000a43c    00000004     empty_min_pem4f.oem4f (.const:xdc_runtime_SysMin_bufSize__C)
                  0000a440    00000004     empty_min_pem4f.oem4f (.const:xdc_runtime_SysMin_outputFunc__C)
                  0000a444    00000004     empty_min_pem4f.oem4f (.const:xdc_runtime_System_Module__gateObj__C)
                  0000a448    00000004     empty_min_pem4f.oem4f (.const:xdc_runtime_System_abortFxn__C)
                  0000a44c    00000004     empty_min_pem4f.oem4f (.const:xdc_runtime_System_exitFxn__C)
                  0000a450    00000004     empty_min_pem4f.oem4f (.const:xdc_runtime_System_extendFxn__C)
                  0000a454    00000004     empty_min_pem4f.oem4f (.const:xdc_runtime_System_maxAtexitHandlers__C)
                  0000a458    00000004     empty_min_pem4f.oem4f (.const:xdc_runtime_Text_charTab__C)
                  0000a45c    00000004     empty_min_pem4f.oem4f (.const:xdc_runtime_Text_nameEmpty__C)
                  0000a460    00000004     empty_min_pem4f.oem4f (.const:xdc_runtime_Text_nameStatic__C)
                  0000a464    00000004     empty_min_pem4f.oem4f (.const:xdc_runtime_Text_nameUnknown__C)
                  0000a468    00000004     empty_min_pem4f.oem4f (.const:xdc_runtime_Text_nodeTab__C)
                  0000a46c    00000004     empty_min_pem4f.oem4f (.const:xdc_runtime_Text_visitRopeFxn__C)
                  0000a470    00000002     empty_min_pem4f.oem4f (.const:ti_catalog_arm_cortexm4_tiva_ce_Boot_Module__id__C)
                  0000a472    00000002     empty_min_pem4f.oem4f (.const:ti_sysbios_family_arm_m3_Hwi_Module__id__C)
                  0000a474    00000002     empty_min_pem4f.oem4f (.const:ti_sysbios_heaps_HeapMem_Module__id__C)
                  0000a476    00000002     empty_min_pem4f.oem4f (.const:xdc_runtime_Core_Module__id__C)
                  0000a478    00000002     empty_min_pem4f.oem4f (.const:xdc_runtime_Error_Module__loggerDefined__C)
                  0000a47a    00000002     empty_min_pem4f.oem4f (.const:xdc_runtime_Error_maxDepth__C)
                  0000a47c    00000002     empty_min_pem4f.oem4f (.const:xdc_runtime_Memory_Module__id__C)
                  0000a47e    00000002     empty_min_pem4f.oem4f (.const:xdc_runtime_SysMin_flushAtExit__C)
                  0000a480    00000002     empty_min_pem4f.oem4f (.const:xdc_runtime_Text_charCnt__C)
                  0000a482    00000002     empty_min_pem4f.oem4f (.const:xdc_runtime_Text_isLoaded__C)
                  0000a484    00000002     empty_min_pem4f.oem4f (.const:xdc_runtime_Text_registryModsLastId__C)
                  0000a486    00000002     empty_min_pem4f.oem4f (.const:xdc_runtime_Text_unnamedModsLastId__C)
                  0000a488    00000001     empty_min_pem4f.oem4f (.const:xdc_runtime_Error_policy__C)

.cinit     0    0000a490    000001f0     
                  0000a490    000001bc     (.cinit..data.load) [load image, compression = lzss]
                  0000a64c    0000000c     (__TI_handler_table)
                  0000a658    00000008     (.cinit..bss.load) [load image, compression = zero_init]
                  0000a660    00000008     (.cinit..vecs.load) [load image, compression = zero_init]
                  0000a668    00000018     (__TI_cinit_table)

.init_array 
*          0    00000000    00000000     UNINITIALIZED

.resetVecs 
*          0    00000000    0000003c     
                  00000000    0000003c     empty_min_pem4f.oem4f (.resetVecs)

.bss       0    20000360    00001070     UNINITIALIZED
                  20000360    00000400     (.common:ti_sysbios_heaps_HeapMem_Instance_State_0_buf__A)
                  20000760    00000360     (.common:ti_sysbios_family_arm_m3_Hwi_dispatchTable)
                  20000ac0    00000200     (.common:task0Stack)
                  20000cc0    00000120     rtsv7M4_T_le_v4SPD16_eabi.lib : trgmsg.c.obj (.bss:_CIOBUF_)
                  20000de0    00000100     (.common:IMUTask_Stack)
                  20000ee0    000000cc     (.common:uartTivaObjects)
                  20000fac    00000090     drivers_tivaware.aem4f : GPIOTiva.oem4f (.bss:gpioCallbackInfo)
                  2000103c    00000080     (.common:i2cTivaObjects)
                  200010bc    00000080     (.common:xdc_runtime_SysMin_Module_State_0_outbuf__A)
                  2000113c    00000050     (.common:IMUTaskStruct)
                  2000118c    00000050     (.common:task0Struct)
                  200011dc    00000030     (.common:balance_buffer)
                  2000120c    00000030     (.common:buffer_left)
                  2000123c    00000030     (.common:buffer_right)
                  2000126c    00000024     (.common:BalanceControlStruct)
                  20001290    00000024     (.common:Robot_IMUstate)
                  200012b4    00000024     (.common:WheelsControlStruct)
                  200012d8    00000020     (.common:pwmTivaObjects)
                  200012f8    00000020     (.common:uartTivaRingBuffer)
                  20001318    0000001c     (.common:IMUsemStruct)
                  20001334    0000001c     (.common:Robot_MotorState)
                  20001350    00000010     (.common:IMU_Accel)
                  20001360    00000010     (.common:IMU_LastAccel)
                  20001370    0000000c     (.common:Robot_EncoderL)
                  2000137c    0000000c     (.common:Robot_EncoderR)
                  20001388    00000008     (.common:parmbuf)
                  20001390    00000004     (.common:BalanceControl_Handle)
                  20001394    00000004     (.common:IMUsemHandle)
                  20001398    00000004     (.common:Pitch)
                  2000139c    00000004     (.common:Racc)
                  200013a0    00000004     (.common:Robot_ENCL)
                  200013a4    00000004     (.common:Robot_ENCR)
                  200013a8    00000004     (.common:Robot_IMU)
                  200013ac    00000004     (.common:Robot_Motor)
                  200013b0    00000004     (.common:Robot_uart)
                  200013b4    00000004     (.common:Roll)
                  200013b8    00000004     (.common:WheelsControl_Handle)
                  200013bc    00000004     (.common:Yaw)
                  200013c0    00000004     (.common:balance_pid)
                  200013c4    00000004     (.common:gpioInterruptVectors)
                  200013c8    00000004     (.common:pid_left)
                  200013cc    00000004     (.common:pid_right)

.data      0    200013d0    0000040a     UNINITIALIZED
                  200013d0    00000080     empty_min_pem4f.oem4f (.data:ti_sysbios_knl_Swi_Module_State_0_readyQ__A)
                  20001450    00000080     empty_min_pem4f.oem4f (.data:ti_sysbios_knl_Task_Module_State_0_readyQ__A)
                  200014d0    00000044     empty_min_pem4f.oem4f (.data:ti_sysbios_knl_Task_Module__state__V)
                  20001514    00000040     empty_min_pem4f.oem4f (.data:ti_sysbios_family_arm_lm4_Timer_Object__table__V)
                  20001554    00000038     empty_min_pem4f.oem4f (.data:ti_sysbios_gates_GateMutex_Object__table__V)
                  2000158c    00000034     empty_min_pem4f.oem4f (.data:ti_sysbios_family_arm_m3_Hwi_Module__state__V)
                  200015c0    00000030     empty_min_pem4f.oem4f (.data:ti_sysbios_family_arm_lm4_Timer_Module_State_0_device__A)
                  200015f0    00000030     empty_min_pem4f.oem4f (.data:ti_sysbios_knl_Swi_Object__table__V)
                  20001620    0000002c     empty_min_pem4f.oem4f (.data:ti_sysbios_knl_Clock_Module__state__V)
                  2000164c    00000024     empty_min_pem4f.oem4f (.data:ti_sysbios_BIOS_Module__state__V)
                  20001670    0000001c     empty_min_pem4f.oem4f (.data:ti_sysbios_knl_Swi_Module__state__V)
                  2000168c    00000018     drivers_tivaware.aem4f : PWMTiva.oem4f (.data)
                  200016a4    00000018     RAP_Robot_TM4C123G.obj (.data:gpioPinConfigs)
                  200016bc    00000018     empty_min_pem4f.oem4f (.data:ti_sysbios_family_arm_lm4_Timer_Module_State_0_handles__A)
                  200016d4    00000018     empty_min_pem4f.oem4f (.data:ti_sysbios_family_arm_m3_Hwi_Object__table__V)
                  200016ec    00000018     empty_min_pem4f.oem4f (.data:ti_sysbios_heaps_HeapMem_Object__table__V)
                  20001704    00000010     Wheels.obj (.data)
                  20001714    0000000c     RAP_Robot_TM4C123G.obj (.data:gpioCallbackFunctions)
                  20001720    0000000c     empty_min_pem4f.oem4f (.data:ti_sysbios_family_arm_lm4_Timer_Module__state__V)
                  2000172c    0000000c     empty_min_pem4f.oem4f (.data:xdc_runtime_SysMin_Module__state__V)
                  20001738    00000008     rtsv7M4_T_le_v4SPD16_eabi.lib : _lock.c.obj (.data:$O1$$)
                  20001740    00000008     Balance.obj (.data)
                  20001748    00000008     empty_min_pem4f.oem4f (.data:ti_sysbios_family_arm_m3_Hwi_Module__root__V)
                  20001750    00000008     empty_min_pem4f.oem4f (.data:ti_sysbios_gates_GateHwi_Module__root__V)
                  20001758    00000008     empty_min_pem4f.oem4f (.data:ti_sysbios_gates_GateMutex_Module__root__V)
                  20001760    00000008     empty_min_pem4f.oem4f (.data:ti_sysbios_heaps_HeapMem_Module__root__V)
                  20001768    00000008     empty_min_pem4f.oem4f (.data:ti_sysbios_knl_Clock_Module__root__V)
                  20001770    00000008     empty_min_pem4f.oem4f (.data:ti_sysbios_knl_Queue_Module__root__V)
                  20001778    00000008     empty_min_pem4f.oem4f (.data:ti_sysbios_knl_Semaphore_Module__root__V)
                  20001780    00000008     empty_min_pem4f.oem4f (.data:ti_sysbios_knl_Task_Module__root__V)
                  20001788    00000008     empty_min_pem4f.oem4f (.data:xdc_runtime_Registry_Module__state__V)
                  20001790    00000008     empty_min_pem4f.oem4f (.data:xdc_runtime_Startup_Module__state__V)
                  20001798    00000008     empty_min_pem4f.oem4f (.data:xdc_runtime_System_Module_State_0_atexitHandlers__A)
                  200017a0    00000008     empty_min_pem4f.oem4f (.data:xdc_runtime_System_Module__state__V)
                  200017a8    00000005     drivers_tivaware.aem4f : GPIOTiva.oem4f (.data)
                  200017ad    00000001     --HOLE--
                  200017ae    00000002     empty_min_pem4f.oem4f (.data:ti_sysbios_family_arm_m3_Hwi_Module_State_0_excActive__A)
                  200017b0    00000004     drivers_tivaware.aem4f : I2C.oem4f (.data)
                  200017b4    00000004                            : PWM.oem4f (.data)
                  200017b8    00000004                            : UART.oem4f (.data)
                  200017bc    00000004     rtsv7M4_T_le_v4SPD16_eabi.lib : errno.c.obj (.data)
                  200017c0    00000004                                   : stkdepth_vars.c.obj (.data)
                  200017c4    00000004     empty_min_pem4f.oem4f (.data:ti_sysbios_family_arm_m3_Hwi_Module_State_0_excContext__A)
                  200017c8    00000004     empty_min_pem4f.oem4f (.data:ti_sysbios_family_arm_m3_Hwi_Module_State_0_excStack__A)
                  200017cc    00000004     empty_min_pem4f.oem4f (.data:ti_sysbios_gates_GateHwi_Object__table__V)
                  200017d0    00000004     empty_min_pem4f.oem4f (.data:ti_sysbios_knl_Task_Module_State_0_idleTask__A)
                  200017d4    00000004     empty_min_pem4f.oem4f (.data:xdc_runtime_Memory_Module__state__V)
                  200017d8    00000002     empty_min_pem4f.oem4f (.data:xdc_runtime_Error_Module__state__V)

.stack     0    200017e0    00000300     UNINITIALIZED
                  200017e0    00000300     --HOLE--

.bootVecs 
*          0    00000000    00000008     DSECT
                  00000000    00000008     boot.aem4f : boot.oem4f (.bootVecs)

.vecs      0    20000000    00000360     UNINITIALIZED
                  20000000    00000360     empty_min_pem4f.oem4f (.vecs)

xdc.meta   0    00000000    000000f6     COPY SECTION
                  00000000    000000f6     empty_min_pem4f.oem4f (xdc.meta)

MODULE SUMMARY

       Module                       code    ro data   rw data
       ------                       ----    -------   -------
    ./
       RAP_Robot.obj                526     0         700    
    +--+----------------------------+-------+---------+---------+
       Total:                       526     0         700    
                                                             
    ./Robot/
       IMUSensor.obj                712     0         416    
       Wheels.obj                   498     0         160    
    +--+----------------------------+-------+---------+---------+
       Total:                       1210    0         576    
                                                             
    ./Robot/Control/
       Balance.obj                  498     0         100    
       PID.obj                      318     0         0      
    +--+----------------------------+-------+---------+---------+
       Total:                       816     0         100    
                                                             
    ./Robot/Drivers/RAP_Drivers/
       IMU.obj                      1234    16        0      
       MotorDriver.obj              870     0         0      
       Encoder.obj                  464     0         0      
    +--+----------------------------+-------+---------+---------+
       Total:                       2568    16        0      
                                                             
    ./Robot/Drivers/Tools/
       UART_tools.obj               324     0         0      
    +--+----------------------------+-------+---------+---------+
       Total:                       324     0         0      
                                                             
    ./Robot/RAP_Robot_Board_Hw/
       RAP_Robot_TM4C123G.obj       296     212       432    
       Robot_Hw_Ctl.obj             564     0         0      
    +--+----------------------------+-------+---------+---------+
       Total:                       860     212       432    
                                                             
    /home/josepablocb/Workspace/VoltaRobotics/Tests/RAP_Robot/Debug/configPkg/package/cfg/
       empty_min_pem4f.oem4f        1884    7609      3796   
    +--+----------------------------+-------+---------+---------+
       Total:                       1884    7609      3796   
                                                             
    /home/josepablocb/Workspace/VoltaRobotics/Tests/RAP_Robot/src/sysbios/sysbios.aem4f
       BIOS.obj                     8950    0         0      
       m3_Hwi_asm.obj               314     0         0      
       m3_TaskSupport_asm.obj       180     0         0      
       m3_Hwi_asm_switch.obj        118     0         0      
    +--+----------------------------+-------+---------+---------+
       Total:                       9562    0         0      
                                                             
    /home/josepablocb/ti/ccsv7/tools/compiler/ti-cgt-arm_18.1.0.LTS/lib/rtsv7M4_T_le_v4SPD16_eabi.lib
       e_powf.c.obj                 1408    24        0      
       fd_add_t2.asm.obj            438     0         0      
       e_acosf.c.obj                404     0         0      
       trgmsg.c.obj                 108     0         288    
       fd_div_t2.asm.obj            310     0         0      
       fd_mul_t2.asm.obj            252     0         0      
[...]
00008359  ti_sysbios_hal_Hwi_startup__E                                     
00008369  I2CMasterIntDisable                                               
0000836f  I2CMasterIntEnable                                                
00008375  I2CTiva_control                                                   
0000837b  UARTFIFOLevelSet                                                  
00008381  UARTRxErrorClear                                                  
00008387  ti_catalog_arm_cortexm4_tiva_ce_Boot_sysCtlDelayI__I              
00008391  ti_sysbios_family_arm_m3_Hwi_doTaskRestore__I                     
00008399  ti_sysbios_family_arm_m3_Hwi_restoreFxn__E                        
00008399  ti_sysbios_hal_Hwi_HwiProxy_restore__E                            
000083a1  ti_sysbios_gates_GateHwi_leave__E                                 
000083a9  ti_sysbios_heaps_HeapMem_isBlocking__E                            
000083b1  ti_sysbios_knl_Clock_stop__E                                      
000083b9  ti_sysbios_knl_Queue_Instance_init__E                             
000083c1  ti_sysbios_knl_Swi_startup__E                                     
000083c7  xdc_runtime_System_Module_startup__E                              
000083d1  ti_sysbios_gates_GateHwi_query__E                                 
000083d1  xdc_runtime_Main_Module_GateProxy_query__E                        
000083d1  xdc_runtime_System_Module_GateProxy_query__E                      
000083d9  ti_sysbios_BIOS_RtsGateProxy_query__E                             
000083d9  ti_sysbios_gates_GateMutex_query__E                               
000083d9  ti_sysbios_heaps_HeapMem_Module_GateProxy_query__E                
000083e1  ti_sysbios_knl_Task_startup__E                                    
000083e9  ti_sysbios_gates_GateHwi_Instance_init__E                         
000083f1  ti_sysbios_knl_Clock_logTick__E                                   
000083f4  xdc_runtime_Text_charTab__A                                       
00009c38  xdc_runtime_Text_nodeTab__A                                       
00009eb4  PWM_config                                                        
00009ef0  ti_sysbios_knl_Task_Object__PARAMS__C                             
00009f2c  pwmTivaHWAttrs                                                    
00009f5c  ti_sysbios_family_arm_m3_Hwi_Object__PARAMS__C                    
00009f8c  UARTTiva_fxnTable                                                 
00009fb4  ti_sysbios_heaps_HeapMem_Module__FXNS__C                          
00009fdc  UART_defaultParams                                                
0000a000  ti_sysbios_gates_GateHwi_Module__FXNS__C                          
0000a024  ti_sysbios_gates_GateMutex_Module__FXNS__C                        
0000a048  ti_sysbios_heaps_HeapMem_Object__PARAMS__C                        
0000a06c  ti_sysbios_knl_Clock_Object__PARAMS__C                            
0000a090  ti_sysbios_knl_Semaphore_Object__PARAMS__C                        
0000a0b4  PWMTiva_fxnTable                                                  
0000a0d0  PWMTiva_MAX_PRESCALAR                                             
0000a0d2  PWMTiva_MAX_MATCH_VALUE                                           
0000a0d4  ti_sysbios_family_arm_m3_Hwi_Object__DESC__C                      
0000a0f4  ti_sysbios_gates_GateHwi_Object__DESC__C                          
0000a114  ti_sysbios_gates_GateMutex_Object__DESC__C                        
0000a134  ti_sysbios_heaps_HeapMem_Object__DESC__C                          
0000a154  ti_sysbios_knl_Clock_Object__DESC__C                              
0000a174  ti_sysbios_knl_Queue_Object__DESC__C                              
0000a194  ti_sysbios_knl_Semaphore_Object__DESC__C                          
0000a1b4  ti_sysbios_knl_Task_Object__DESC__C                               
0000a1d4  xdc_runtime_Startup_sfxnTab__A                                    
0000a1f4  I2CTiva_fxnTable                                                  
0000a228  I2C_config                                                        
0000a240  UART_config                                                       
0000a258  ti_sysbios_gates_GateHwi_Object__PARAMS__C                        
0000a270  ti_sysbios_gates_GateMutex_Object__PARAMS__C                      
0000a288  ti_sysbios_knl_Queue_Object__PARAMS__C                            
0000a2a0  uartTivaHWAttrs                                                   
0000a2b8  GPIOTiva_config                                                   
0000a2cc  xdc_runtime_Startup_firstFxns__A                                  
0000a2e0  I2C_defaultParams                                                 
0000a300  xdc_runtime_Startup_sfxnRts__A                                    
0000a310  PWM_defaultParams                                                 
0000a31c  i2cTivaHWAttrs                                                    
0000a328  ti_sysbios_family_arm_m3_Hwi_excHookFuncs__A                      
0000a330  ti_sysbios_knl_Idle_funcList__C                                   
0000a338  xdc_runtime_Startup_firstFxns__C                                  
0000a340  xdc_runtime_Startup_lastFxns__C                                   
0000a348  ti_catalog_arm_cortexm4_tiva_ce_Boot_A_mustUseEnhancedClockMode__C
0000a34c  ti_catalog_arm_cortexm4_tiva_ce_Boot_Module__diagsEnabled__C      
0000a350  ti_catalog_arm_cortexm4_tiva_ce_Boot_Module__diagsIncluded__C     
0000a354  ti_catalog_arm_cortexm4_tiva_ce_Boot_Module__diagsMask__C         
0000a358  ti_sysbios_family_arm_lm4_Timer_enableFunc__C                     
0000a35c  ti_sysbios_family_arm_lm4_Timer_numTimerDevices__C                
0000a360  ti_sysbios_family_arm_lm4_Timer_startupNeeded__C                  
0000a364  ti_sysbios_family_arm_m3_Hwi_E_NMI__C                             
0000a368  ti_sysbios_family_arm_m3_Hwi_E_alreadyDefined__C                  
0000a36c  ti_sysbios_family_arm_m3_Hwi_E_busFault__C                        
0000a370  ti_sysbios_family_arm_m3_Hwi_E_debugMon__C                        
0000a374  ti_sysbios_family_arm_m3_Hwi_E_hardFault__C                       
0000a378  ti_sysbios_family_arm_m3_Hwi_E_memFault__C                        
0000a37c  ti_sysbios_family_arm_m3_Hwi_E_noIsr__C                           
0000a380  ti_sysbios_family_arm_m3_Hwi_E_reserved__C                        
0000a384  ti_sysbios_family_arm_m3_Hwi_E_svCall__C                          
0000a388  ti_sysbios_family_arm_m3_Hwi_E_usageFault__C                      
0000a38c  ti_sysbios_family_arm_m3_Hwi_NUM_INTERRUPTS__C                    
0000a390  ti_sysbios_family_arm_m3_Hwi_Object__count__C                     
0000a394  ti_sysbios_family_arm_m3_Hwi_ccr__C                               
0000a398  ti_sysbios_family_arm_m3_Hwi_excHandlerFunc__C                    
0000a39c  ti_sysbios_family_arm_m3_Hwi_excHookFuncs__C                      
0000a3a0  ti_sysbios_family_arm_m3_Hwi_nullIsrFunc__C                       
0000a3a4  ti_sysbios_family_arm_m3_Hwi_priGroup__C                          
0000a3a8  ti_sysbios_family_arm_m3_TaskSupport_stackAlignment__C            
0000a3ac  ti_sysbios_gates_GateMutex_Instance_State_sem__O                  
0000a3b0  ti_sysbios_heaps_HeapMem_E_memory__C                              
0000a3b4  ti_sysbios_heaps_HeapMem_Module__gateObj__C                       
0000a3b8  ti_sysbios_heaps_HeapMem_Object__count__C                         
0000a3bc  ti_sysbios_heaps_HeapMem_reqAlign__C                              
0000a3c0  ti_sysbios_knl_Clock_Module_State_clockQ__O                       
0000a3c4  ti_sysbios_knl_Semaphore_Instance_State_pendQ__O                  
0000a3c8  ti_sysbios_knl_Swi_Object__count__C                               
0000a3cc  ti_sysbios_knl_Task_Module_State_inactiveQ__O                     
0000a3d0  ti_sysbios_knl_Task_Object__count__C                              
0000a3d4  ti_sysbios_knl_Task_allBlockedFunc__C                             
0000a3d8  ti_sysbios_knl_Task_defaultStackHeap__C                           
0000a3dc  ti_sysbios_knl_Task_defaultStackSize__C                           
0000a3e0  ti_sysbios_knl_Task_numConstructedTasks__C                        
0000a3e4  xdc_runtime_Assert_E_assertFailed__C                              
0000a3e8  xdc_runtime_Core_A_initializedParams__C                           
0000a3ec  xdc_runtime_Core_Module__diagsEnabled__C                          
0000a3f0  xdc_runtime_Core_Module__diagsIncluded__C                         
0000a3f4  xdc_runtime_Core_Module__diagsMask__C                             
0000a3f8  xdc_runtime_Error_E_memory__C                                     
0000a3fc  xdc_runtime_Error_Module__diagsEnabled__C                         
0000a400  xdc_runtime_Error_Module__diagsIncluded__C                        
0000a404  xdc_runtime_Error_Module__diagsMask__C                            
0000a408  xdc_runtime_Error_Module__loggerFxn8__C                           
0000a40c  xdc_runtime_Error_Module__loggerObj__C                            
0000a410  xdc_runtime_Error_policyFxn__C                                    
0000a414  xdc_runtime_Error_raiseHook__C                                    
0000a418  xdc_runtime_IGateProvider_Interface__BASE__C                      
0000a41c  xdc_runtime_IHeap_Interface__BASE__C                              
0000a420  xdc_runtime_IModule_Interface__BASE__C                            
0000a424  xdc_runtime_Log_L_error__C                                        
0000a428  xdc_runtime_Memory_defaultHeapInstance__C                         
0000a42c  xdc_runtime_Startup_execImpl__C                                   
0000a430  xdc_runtime_Startup_maxPasses__C                                  
0000a434  xdc_runtime_Startup_sfxnRts__C                                    
0000a438  xdc_runtime_Startup_sfxnTab__C                                    
0000a43c  xdc_runtime_SysMin_bufSize__C                                     
0000a440  xdc_runtime_SysMin_outputFunc__C                                  
0000a444  xdc_runtime_System_Module__gateObj__C                             
0000a448  xdc_runtime_System_abortFxn__C                                    
0000a44c  xdc_runtime_System_exitFxn__C                                     
0000a450  xdc_runtime_System_extendFxn__C                                   
0000a454  xdc_runtime_System_maxAtexitHandlers__C                           
0000a458  xdc_runtime_Text_charTab__C                                       
0000a45c  xdc_runtime_Text_nameEmpty__C                                     
0000a460  xdc_runtime_Text_nameStatic__C                                    
0000a464  xdc_runtime_Text_nameUnknown__C                                   
0000a468  xdc_runtime_Text_nodeTab__C                                       
0000a46c  xdc_runtime_Text_visitRopeFxn__C                                  
0000a470  ti_catalog_arm_cortexm4_tiva_ce_Boot_Module__id__C                
0000a472  ti_sysbios_family_arm_m3_Hwi_Module__id__C                        
0000a474  ti_sysbios_heaps_HeapMem_Module__id__C                            
0000a476  xdc_runtime_Core_Module__id__C                                    
0000a478  xdc_runtime_Error_Module__loggerDefined__C                        
0000a47a  xdc_runtime_Error_maxDepth__C                                     
0000a47c  xdc_runtime_Memory_Module__id__C                                  
0000a47e  xdc_runtime_SysMin_flushAtExit__C                                 
0000a480  xdc_runtime_Text_charCnt__C                                       
0000a482  xdc_runtime_Text_isLoaded__C                                      
0000a484  xdc_runtime_Text_registryModsLastId__C                            
0000a486  xdc_runtime_Text_unnamedModsLastId__C                             
0000a488  xdc_runtime_Error_policy__C                                       
0000a490  __TI_static_base__                                                
0000a64c  __TI_Handler_Table_Base                                           
0000a658  __TI_Handler_Table_Limit                                          
0000a668  __TI_CINIT_Base                                                   
0000a680  __TI_CINIT_Limit                                                  
20000000  ti_sysbios_family_arm_m3_Hwi_ramVectors                           
20000360  ti_sysbios_heaps_HeapMem_Instance_State_0_buf__A                  
20000760  ti_sysbios_family_arm_m3_Hwi_dispatchTable                        
20000ac0  task0Stack                                                        
20000cc0  __CIOBUF_                                                         
20000de0  IMUTask_Stack                                                     
20000ee0  uartTivaObjects                                                   
2000103c  i2cTivaObjects                                                    
200010bc  xdc_runtime_SysMin_Module_State_0_outbuf__A                       
2000113c  IMUTaskStruct                                                     
2000118c  task0Struct                                                       
200011dc  balance_buffer                                                    
2000120c  buffer_left                                                       
2000123c  buffer_right                                                      
2000126c  BalanceControlStruct                                              
20001290  Robot_IMUstate                                                    
200012b4  WheelsControlStruct                                               
200012d8  pwmTivaObjects                                                    
200012f8  uartTivaRingBuffer                                                
20001318  IMUsemStruct                                                      
20001334  Robot_MotorState                                                  
20001350  IMU_Accel                                                         
20001360  IMU_LastAccel                                                     
20001370  Robot_EncoderL                                                    
2000137c  Robot_EncoderR                                                    
20001388  parmbuf                                                           
20001390  BalanceControl_Handle                                             
20001394  IMUsemHandle                                                      
20001398  Pitch                                                             
2000139c  Racc                                                              
200013a0  Robot_ENCL                                                        
200013a4  Robot_ENCR                                                        
200013a8  Robot_IMU                                                         
200013ac  Robot_Motor                                                       
200013b0  Robot_uart                                                        
200013b4  Roll                                                              
200013b8  WheelsControl_Handle                                              
200013bc  Yaw                                                               
200013c0  balance_pid                                                       
200013c8  pid_left                                                          
200013cc  pid_right                                                         
200013d0  ti_sysbios_knl_Swi_Module_State_0_readyQ__A                       
20001450  ti_sysbios_knl_Task_Module_State_0_readyQ__A                      
200014d0  ti_sysbios_knl_Task_Module__state__V                              
20001514  ti_sysbios_family_arm_lm4_Timer_Object__table__V                  
20001554  ti_sysbios_gates_GateMutex_Object__table__V                       
2000158c  ti_sysbios_family_arm_m3_Hwi_Module__state__V                     
200015c0  ti_sysbios_family_arm_lm4_Timer_Module_State_0_device__A          
200015f0  ti_sysbios_knl_Swi_Object__table__V                               
20001620  ti_sysbios_knl_Clock_Module__state__V                             
2000164c  ti_sysbios_BIOS_Module__state__V                                  
20001670  ti_sysbios_knl_Swi_Module__state__V                               
200016a4  gpioPinConfigs                                                    
200016bc  ti_sysbios_family_arm_lm4_Timer_Module_State_0_handles__A         
200016d4  ti_sysbios_family_arm_m3_Hwi_Object__table__V                     
200016ec  ti_sysbios_heaps_HeapMem_Object__table__V                         
20001704  input_L                                                           
20001708  input_R                                                           
2000170c  output_L                                                          
20001710  output_R                                                          
20001714  gpioCallbackFunctions                                             
20001720  ti_sysbios_family_arm_lm4_Timer_Module__state__V                  
2000172c  xdc_runtime_SysMin_Module__state__V                               
20001738  _lock                                                             
2000173c  _unlock                                                           
20001740  input                                                             
20001744  output                                                            
20001748  ti_sysbios_family_arm_m3_Hwi_Module__root__V                      
20001750  ti_sysbios_gates_GateHwi_Module__root__V                          
20001758  ti_sysbios_gates_GateMutex_Module__root__V                        
20001760  ti_sysbios_heaps_HeapMem_Module__root__V                          
20001768  ti_sysbios_knl_Clock_Module__root__V                              
20001770  ti_sysbios_knl_Queue_Module__root__V                              
20001778  ti_sysbios_knl_Semaphore_Module__root__V                          
20001780  ti_sysbios_knl_Task_Module__root__V                               
20001788  xdc_runtime_Registry_Module__state__V                             
20001790  xdc_runtime_Startup_Module__state__V                              
20001798  xdc_runtime_System_Module_State_0_atexitHandlers__A               
200017a0  xdc_runtime_System_Module__state__V                               
200017ae  ti_sysbios_family_arm_m3_Hwi_Module_State_0_excActive__A          
200017bc  errno                                                             
200017c0  main_func_sp                                                      
200017c4  ti_sysbios_family_arm_m3_Hwi_Module_State_0_excContext__A         
200017c8  ti_sysbios_family_arm_m3_Hwi_Module_State_0_excStack__A           
200017cc  ti_sysbios_gates_GateHwi_Object__table__V                         
200017d0  ti_sysbios_knl_Task_Module_State_0_idleTask__A                    
200017d4  xdc_runtime_Memory_Module__state__V                               
200017d8  xdc_runtime_Error_Module__state__V                                
200017e0  __stack                                                           
20001ae0  __STACK_END                                                       
e000e000  ti_sysbios_family_arm_m3_Hwi_nvic                                 
ffffffff  __TI_pprof_out_hndl                                               
ffffffff  __TI_prof_data_size                                               
ffffffff  __TI_prof_data_start                                              
ffffffff  __binit__                                                         
ffffffff  __c_args__                                                        
ffffffff  binit                                                             
UNDEFED   SHT$$INIT_ARRAY$$Base                                             
UNDEFED   SHT$$INIT_ARRAY$$Limit                                            

[729 symbols]
