******************************************************************************
                  TI ARM Linker Unix v18.1.0                   
******************************************************************************
>> Linked Fri Feb 23 08:56:50 2018

OUTPUT FILE NAME:   <RAP_Robot.out>
ENTRY POINT SYMBOL: "_c_int00"  address: 00005b59


MEMORY CONFIGURATION

         name            origin    length      used     unused   attr    fill
----------------------  --------  ---------  --------  --------  ----  --------
  FLASH                 00000000   00040000  0000a76b  00035895  R  X
  SRAM                  20000000   00008000  00001afa  00006506  RW X


SEGMENT ALLOCATION MAP

run origin  load origin   length   init length attrs members
----------  ----------- ---------- ----------- ----- -------
00000000    00000000    0000a778   0000a778    r-x
  00000000    00000000    0000003c   0000003c    r-- .resetVecs
  00000040    00000040    000084a2   000084a2    r-x .text
  000084e4    000084e4    00002095   00002095    r-- .const
  0000a580    0000a580    000001f8   000001f8    r-- .cinit
20000000    20000000    00001b00   00000000    rw-
  20000000    20000000    00000360   00000000    rw- .vecs
  20000360    20000360    00001090   00000000    rw- .bss
  200013f0    200013f0    0000040a   00000000    rw- .data
  20001800    20001800    00000300   00000000    rw- .stack


SECTION ALLOCATION MAP

 output                                  attributes/
section   page    origin      length       input sections
--------  ----  ----------  ----------   ----------------
.text      0    00000040    000084a2     
                  00000040    00000580     rtsv7M4_T_le_v4SPD16_eabi.lib : e_powf.c.obj (.text:powf)
                  000005c0    00000430     sysbios.aem4f : BIOS.obj (.text:ti_sysbios_family_arm_m3_Hwi_excDumpRegs__I)
                  000009f0    0000034c     ti.targets.arm.rtsarm.aem4f : System.oem4f (.text:xdc_runtime_System_doPrint__I)
                  00000d3c    0000020c     drivers_tivaware.aem4f : UARTTiva.oem4f (.text:UARTTiva_open)
                  00000f48    000001fc     sysbios.aem4f : BIOS.obj (.text:ti_sysbios_family_arm_m3_Hwi_excHandlerMax__I)
                  00001144    000001e4     MotorDriver.obj (.text:MotorDriver_open)
                  00001328    000001b6     rtsv7M4_T_le_v4SPD16_eabi.lib : fd_add_t2.asm.obj (.text)
                  000014de    00000002                                   : _lock.c.obj (.text:_nop)
                  000014e0    000001b4     RAP_Robot.obj (.text:Task0)
                  00001694    0000019c     IMU.obj (.text:IMU_Sensor_Init_Magnetometer)
                  00001830    00000194     rtsv7M4_T_le_v4SPD16_eabi.lib : e_acosf.c.obj (.text:acosf)
                  000019c4    00000004     driverlib.lib : i2c.obj (.text:I2CMasterControl)
                  000019c8    00000174     sysbios.aem4f : BIOS.obj (.text:ti_sysbios_family_arm_m3_Hwi_excBusFault__I)
                  00001b3c    00000170     drivers_tivaware.aem4f : PWMTiva.oem4f (.text:PWMTiva_open)
                  00001cac    00000004     driverlib.lib : i2c.obj (.text:I2CMasterDataGet)
                  00001cb0    00000164     sysbios.aem4f : BIOS.obj (.text:ti_sysbios_family_arm_m3_Hwi_excUsageFault__I)
                  00001e14    00000160     IMUSensor.obj (.text:Filter)
                  00001f74    00000004     driverlib.lib : i2c.obj (.text:I2CMasterDataPut)
                  00001f78    00000154     sysbios.aem4f : BIOS.obj (.text:ti_sysbios_knl_Semaphore_pend__E)
                  000020cc    00000150     drivers_tivaware.aem4f : GPIOTiva.oem4f (.text:GPIO_setConfig)
                  0000221c    00000004     driverlib.lib : qei.obj (.text:QEIPositionSet)
                  00002220    00000148     sysbios.aem4f : BIOS.obj (.text:ti_sysbios_family_arm_m3_Hwi_excMemFault__I)
                  00002368    00000136     rtsv7M4_T_le_v4SPD16_eabi.lib : fd_div_t2.asm.obj (.text)
                  0000249e    00000130     driverlib.lib : gpio.obj (.text:GPIOPadConfigSet)
                  000025ce    00000002     rtsv7M4_T_le_v4SPD16_eabi.lib : div0.asm.obj (.text)
                  000025d0    0000012c     Robot_Hw_Ctl.obj (.text:Robot_init)
                  000026fc    00000118     ti.targets.arm.rtsarm.aem4f : Error.oem4f (.text:xdc_runtime_Error_policyDefault__E)
                  00002814    00000110     IMUSensor.obj (.text:IMUSensor_init)
                  00002924    00000004     driverlib.lib : qei.obj (.text:QEIVelocityGet)
                  00002928    00000108     sysbios.aem4f : BIOS.obj (.text:ti_sysbios_family_arm_lm4_Timer_start__E)
                  00002a30    00000100     Boot.aem4f : Boot_sysctl.oem4f (.text:ti_catalog_arm_cortexm4_tiva_ce_Boot_sysCtlClockSetI__I)
                  00002b30    00000100     ti.targets.arm.rtsarm.aem4f : Core-mem.oem4f (.text:xdc_runtime_Core_createObject__I)
                  00002c30    000000fc     rtsv7M4_T_le_v4SPD16_eabi.lib : fd_mul_t2.asm.obj (.text)
                  00002d2c    000000f8     ti.targets.arm.rtsarm.aem4f : Startup.oem4f (.text:xdc_runtime_Startup_startMods__I)
                  00002e24    000000f8     empty_min_pem4f.oem4f (.text:xdc_runtime_System_printfExtend__I)
                  00002f1c    000000f4     Wheels.obj (.text:Wheels_init)
                  00003010    000000f4     sysbios.aem4f : m3_Hwi_asm.obj (.text:ti_sysbios_family_arm_m3_Hwi_dispatch__I)
                  00003104    000000f0     IMUSensor.obj (.text:IMUTask)
                  000031f4    000000f0     drivers_tivaware.aem4f : PWMTiva.oem4f (.text:PWMTiva_setDuty)
                  000032e4    000000e8     IMU.obj (.text:IMU_ReadAccelerometer)
                  000033cc    000000e0     drivers_tivaware.aem4f : I2CTiva.oem4f (.text:I2CTiva_open)
                  000034ac    000000e0     UART_tools.obj (.text:UART_readFloat)
                  0000358c    000000de     PID.obj (.text:PID_Compute)
                  0000366a    00000006     driverlib.lib : gpio.obj (.text:GPIOIntClear)
                  00003670    000000dc     sysbios.aem4f : BIOS.obj (.text:ti_sysbios_knl_Task_sleep__E)
                  0000374c    000000d6     drivers_tivaware.aem4f : I2CTiva.oem4f (.text:I2CTiva_hwiFxn)
                  00003822    00000002     empty_min_pem4f.oem4f (.text:ti_sysbios_BIOS_nullFunc__I)
                  00003824    000000d4     Encoder.obj (.text:Encoder_open)
                  000038f8    000000d4     sysbios.aem4f : BIOS.obj (.text:ti_sysbios_heaps_HeapMem_alloc__E)
                  000039cc    000000d0     Robot_Hw_Ctl.obj (.text:Robot_EnableIMU)
                  00003a9c    000000d0     rtsv7M4_T_le_v4SPD16_eabi.lib : s_scalbnf.c.obj (.text:scalbnf)
                  00003b6c    00000004     driverlib.lib : uart.obj (.text:UARTIntClear)
                  00003b70    000000cc     sysbios.aem4f : BIOS.obj (.text:ti_sysbios_knl_Task_Instance_init__E)
                  00003c3c    000000cc     ti.targets.arm.rtsarm.aem4f : Core-smem.oem4f (.text:xdc_runtime_Core_constructObject__I)
                  00003d08    000000c0     Balance.obj (.text:Balance_Init)
                  00003dc8    000000bc     sysbios.aem4f : BIOS.obj (.text:ti_sysbios_family_arm_m3_Hwi_excDebugMon__I)
                  00003e84    00000004     rtsv7M4_T_le_v4SPD16_eabi.lib : exit.c.obj (.text:abort:abort)
                  00003e88    000000bc     sysbios.aem4f : BIOS.obj (.text:ti_sysbios_family_arm_m3_Hwi_excHardFault__I)
                  00003f44    00000004     empty_min_pem4f.oem4f (.text:ti_sysbios_BIOS_RtsGateProxy_enter__E)
                  00003f48    000000bc     sysbios.aem4f : BIOS.obj (.text:ti_sysbios_knl_Task_Instance_finalize__E)
                  00004004    000000b0     IMU.obj (.text:IMU_open)
                  000040b4    000000ac     drivers_tivaware.aem4f : UARTTiva.oem4f (.text:readTaskBlocking)
                  00004160    000000ac     sysbios.aem4f : BIOS.obj (.text:ti_sysbios_family_arm_lm4_Timer_enableTiva__I)
                  0000420c    000000a0     auto_init.aem4f : auto_init.oem4f (.text)
                  000042ac    000000a0     ti.targets.arm.rtsarm.aem4f : Text.oem4f (.text:xdc_runtime_Text_putMod__E)
                  0000434c    0000009c     rtsv7M4_T_le_v4SPD16_eabi.lib : memcpy_t2.asm.obj (.text)
                  000043e8    0000009a     ti.targets.arm.rtsarm.aem4f : Text.oem4f (.text:xdc_runtime_Text_putSite__E)
                  00004482    00000098     drivers_tivaware.aem4f : UARTTiva.oem4f (.text:UARTTiva_readPolling)
                  0000451a    00000002     empty_min_pem4f.oem4f (.text:xdc_runtime_Startup_reset__I)
                  0000451c    00000098     Boot.aem4f : Boot.oem4f (.text:ti_catalog_arm_cortexm4_tiva_ce_Boot_sysCtlClockSet__E)
                  000045b4    00000094     drivers_tivaware.aem4f : UARTTiva.oem4f (.text:UARTTiva_write)
                  00004648    00000094     sysbios.aem4f : BIOS.obj (.text:ti_sysbios_family_arm_m3_Hwi_Instance_init__E)
                  000046dc    00000004     empty_min_pem4f.oem4f (.text:ti_sysbios_BIOS_RtsGateProxy_leave__E)
                  000046e0    00000094     sysbios.aem4f : BIOS.obj (.text:ti_sysbios_family_arm_m3_Hwi_initNVIC__E)
                  00004774    00000004                   : BIOS.obj (.text:ti_sysbios_family_arm_lm4_Timer_masterEnable__I)
                  00004778    00000094                   : BIOS.obj (.text:ti_sysbios_knl_Task_postInit__I)
                  0000480c    0000008c     drivers_tivaware.aem4f : GPIOTiva.oem4f (.text:GPIO_init)
                  00004898    0000008c                            : UARTTiva.oem4f (.text:UARTTiva_control)
                  00004924    0000008c     sysbios.aem4f : m3_TaskSupport_asm.obj (.text:ti_sysbios_family_arm_m3_TaskSupport_buildTaskStack)
                  000049b0    0000008a     drivers_tivaware.aem4f : UARTTiva.oem4f (.text:readIsrTextBlocking)
                  00004a3a    00000002     --HOLE-- [fill = 0]
                  00004a3c    00000088                            : PWMTiva.oem4f (.text:PWMTiva_control)
                  00004ac4    00000084     Encoder.obj (.text:Encoder_ReadVelocity)
                  00004b48    00000084     sysbios.aem4f : BIOS.obj (.text:ti_sysbios_family_arm_m3_Hwi_postInit__I)
                  00004bcc    00000082     drivers_tivaware.aem4f : UARTTiva.oem4f (.text:readIsrTextCallback)
                  00004c4e    0000007e                            : I2CTiva.oem4f (.text:I2CTiva_transfer)
                  00004ccc    00000004     empty_min_pem4f.oem4f (.text:ti_sysbios_family_arm_m3_Hwi_destruct)
                  00004cd0    0000007c     sysbios.aem4f : BIOS.obj (.text:ti_sysbios_heaps_HeapMem_free__E)
                  00004d4c    0000007a     driverlib.lib : adc.obj (.text:ADCSequenceStepConfigure)
                  00004dc6    0000007a     MotorDriver.obj (.text:MotorDriver_Left)
                  00004e40    0000007a     MotorDriver.obj (.text:MotorDriver_Right)
                  00004eba    0000007a     drivers_tivaware.aem4f : UARTTiva.oem4f (.text:readTaskCallback)
                  00004f34    0000007a     rtsv7M4_T_le_v4SPD16_eabi.lib : memset_t2.asm.obj (.text)
                  00004fae    00000002     --HOLE-- [fill = 0]
                  00004fb0    00000078     Encoder.obj (.text:Encoder_init)
                  00005028    00000074     Wheels.obj (.text:__WheelsControl__)
                  0000509c    00000004     empty_min_pem4f.oem4f (.text:ti_sysbios_family_arm_m3_TaskSupport_Module__startupDone__S)
                  000050a0    00000070     sysbios.aem4f : BIOS.obj (.text:ti_sysbios_knl_Clock_workFunc__E)
                  00005110    00000070                   : BIOS.obj (.text:ti_sysbios_knl_Task_exit__E)
                  00005180    0000006e     rtsv7M4_T_le_v4SPD16_eabi.lib : fd_tos_t2.asm.obj (.text)
                  000051ee    00000002     --HOLE-- [fill = 0]
                  000051f0    0000006d     ti.targets.arm.rtsarm.aem4f : System.oem4f (.text:xdc_runtime_System_formatNum__I)
                  0000525d    00000003     --HOLE-- [fill = 0]
                  00005260    0000006c     sysbios.aem4f : BIOS.obj (.text:ti_sysbios_knl_Swi_restoreHwi__E)
                  000052cc    0000006c     drivers_tivaware.aem4f : UARTTiva.oem4f (.text:writeData)
                  00005338    0000006c     ti.targets.arm.rtsarm.aem4f : Error.oem4f (.text:xdc_runtime_Error_print__E)
                  000053a4    0000006c                                 : Memory.oem4f (.text:xdc_runtime_Memory_alloc__E)
                  00005410    0000006a     drivers_tivaware.aem4f : PWMTiva.oem4f (.text:PWMTiva_close)
                  0000547a    00000068     rtsv7M4_T_le_v4SPD16_eabi.lib : copy_decompress_lzss.c.obj (.text:decompress:lzss:__TI_decompress_lzss)
                  000054e2    00000066     ti.targets.arm.rtsarm.aem4f : Core-mem.oem4f (.text:xdc_runtime_Core_deleteObject__I)
                  00005548    00000064     drivers_tivaware.aem4f : GPIOTiva.oem4f (.text:GPIO_hwiIntFxn)
                  000055ac    00000004     empty_min_pem4f.oem4f (.text:ti_sysbios_heaps_HeapMem_Module_GateProxy_enter__E)
                  000055b0    00000064     sysbios.aem4f : BIOS.obj (.text:ti_sysbios_family_arm_lm4_Timer_Module_startup__E)
                  00005614    00000064     empty_min_pem4f.oem4f (.text:ti_sysbios_family_arm_m3_Hwi_create)
                  00005678    00000064     sysbios.aem4f : BIOS.obj (.text:ti_sysbios_family_arm_m3_Hwi_dispatchC__I)
                  000056dc    00000004     empty_min_pem4f.oem4f (.text:ti_sysbios_heaps_HeapMem_Module_GateProxy_leave__E)
                  000056e0    00000064     sysbios.aem4f : BIOS.obj (.text:ti_sysbios_knl_Semaphore_post__E)
                  00005744    00000062     drivers_tivaware.aem4f : I2CTiva.oem4f (.text:I2CTiva_primeTransfer)
                  000057a6    00000062     IMU.obj (.text:IMU_ReadRegister)
                  00005808    00000060     PID.obj (.text:newPIDComputer)
                  00005868    0000005e     drivers_tivaware.aem4f : UARTTiva.oem4f (.text:readIsrBinaryBlocking)
                  000058c6    00000002     --HOLE-- [fill = 0]
                  000058c8    0000005c     Balance.obj (.text:Balance_calibrate)
                  00005924    00000004     empty_min_pem4f.oem4f (.text:ti_sysbios_knl_Clock_TimerProxy_getMaxTicks__E)
                  00005928    0000005c     sysbios.aem4f : BIOS.obj (.text:ti_sysbios_knl_Swi_run__I)
                  00005984    00000004     empty_min_pem4f.oem4f (.text:ti_sysbios_knl_Clock_destruct)
                  00005988    0000005c     sysbios.aem4f : BIOS.obj (.text:ti_sysbios_knl_Swi_schedule__I)
                  000059e4    00000004     empty_min_pem4f.oem4f (.text:ti_sysbios_knl_Queue_destruct)
                  000059e8    0000005c     sysbios.aem4f : BIOS.obj (.text:ti_sysbios_knl_Task_Module_startup__E)
                  00005a44    00000004     empty_min_pem4f.oem4f (.text:ti_sysbios_knl_Semaphore_destruct)
                  00005a48    0000005c     sysbios.aem4f : BIOS.obj (.text:ti_sysbios_knl_Task_startCore__E)
                  00005aa4    0000005b     ti.targets.arm.rtsarm.aem4f : Text.oem4f (.text:xdc_runtime_Text_putLab__E)
                  00005aff    00000001     --HOLE-- [fill = 0]
                  00005b00    00000058     rtsv7M4_T_le_v4SPD16_eabi.lib : hostwrite.c.obj (.text:HOSTwrite)
                  00005b58    00000058     boot.aem4f : boot.oem4f (.text)
                  00005bb0    00000058     empty_min_pem4f.oem4f (.text:ti_sysbios_family_arm_m3_Hwi_construct)
                  00005c08    00000058     sysbios.aem4f : m3_Hwi_asm_switch.obj (.text:ti_sysbios_family_arm_m3_Hwi_initStacks__E)
                  00005c60    00000056     driverlib.lib : gpio.obj (.text:GPIOIntTypeSet)
                  00005cb6    00000002     --HOLE-- [fill = 0]
                  00005cb8    00000054     RAP_Robot_TM4C123G.obj (.text:EK_TM4C123GXL_initPWM)
                  00005d0c    00000054     drivers_tivaware.aem4f : UARTTiva.oem4f (.text:readIsrBinaryCallback)
                  00005d60    00000054     sysbios.aem4f : BIOS.obj (.text:ti_sysbios_family_arm_lm4_Timer_initDevice__I)
                  00005db4    00000054     empty_min_pem4f.oem4f (.text:ti_sysbios_knl_Task_construct)
                  00005e08    00000054     ti.targets.arm.rtsarm.aem4f : Assert.oem4f (.text:xdc_runtime_Assert_raise__I)
                  00005e5c    00000050     drivers_tivaware.aem4f : GPIOTiva.oem4f (.text:GPIO_setCallback)
                  00005eac    00000050                            : GPIOTiva.oem4f (.text:GPIO_write)
                  00005efc    00000050                            : UARTTiva.oem4f (.text:UARTTiva_writeCancel)
                  00005f4c    00000050     Balance.obj (.text:__Balance_Control__)
                  00005f9c    00000004     ti.targets.arm.rtsarm.aem4f : Error.oem4f (.text:xdc_runtime_Error_getSite__E)
                  00005fa0    00000050     sysbios.aem4f : BIOS.obj (.text:ti_sysbios_family_arm_m3_Hwi_Module_startup__E)
                  00005ff0    00000050                   : BIOS.obj (.text:ti_sysbios_knl_Clock_Instance_init__E)
                  00006040    00000050     ti.targets.arm.rtsarm.aem4f : Startup.oem4f (.text:xdc_runtime_Startup_exec__E)
                  00006090    00000050                                 : Text.oem4f (.text:xdc_runtime_Text_visitRope2__I)
                  000060e0    0000004e     IMU.obj (.text:IMU_Sensor_Configure)
                  0000612e    0000004c     drivers_tivaware.aem4f : UARTTiva.oem4f (.text:UARTTiva_close)
                  0000617a    00000002     --HOLE-- [fill = 0]
                  0000617c    0000004c     rtsv7M4_T_le_v4SPD16_eabi.lib : cpy_tbl.c.obj (.text:copy_in)
                  000061c8    0000004c     sysbios.aem4f : BIOS.obj (.text:ti_sysbios_heaps_HeapMem_getStats__E)
                  00006214    00000004     empty_min_pem4f.oem4f (.text:xdc_runtime_System_Module_GateProxy_enter__E)
                  00006218    0000004c     sysbios.aem4f : BIOS.obj (.text:ti_sysbios_knl_Swi_runLoop__I)
                  00006264    00000004     empty_min_pem4f.oem4f (.text:xdc_runtime_System_Module_GateProxy_leave__E)
                  00006268    0000004c     sysbios.aem4f : BIOS.obj (.text:ti_sysbios_knl_Task_allBlockedFunction__I)
                  000062b4    00000004     ti.targets.arm.rtsarm.aem4f : System.oem4f (.text:xdc_runtime_System_aprintf_va__F)
                  000062b8    0000004c     sysbios.aem4f : BIOS.obj (.text:ti_sysbios_knl_Task_schedule__I)
                  00006304    00000048     driverlib.lib : gpio.obj (.text:GPIOPinConfigure)
                  0000634c    00000048                   : i2c.obj (.text:I2CMasterInitExpClk)
                  00006394    00000004     ti.targets.arm.rtsarm.aem4f : System.oem4f (.text:xdc_runtime_System_printf_va__F)
                  00006398    00000048     sysbios.aem4f : BIOS.obj (.text:ti_sysbios_family_arm_lm4_Timer_enableTimers__I)
                  000063e0    00000048                   : BIOS.obj (.text:ti_sysbios_family_arm_m3_Hwi_disableInterrupt__E)
                  00006428    00000048                   : BIOS.obj (.text:ti_sysbios_family_arm_m3_Hwi_enableInterrupt__E)
                  00006470    00000048                   : BIOS.obj (.text:ti_sysbios_family_arm_m3_Hwi_excReserved__I)
                  000064b8    00000046     IMU.obj (.text:IMU_WriteRegister)
                  000064fe    00000046     MotorDriver.obj (.text:MotorDriver_Params_init)
                  00006544    00000046     drivers_tivaware.aem4f : RingBuf.oem4f (.text:RingBuf_put)
                  0000658a    00000046     ti.targets.arm.rtsarm.aem4f : Core-params.oem4f (.text:xdc_runtime_Core_assignParams__I)
                  000065d0    00000044     sysbios.aem4f : BIOS.obj (.text:ti_sysbios_family_arm_lm4_Timer_isrStub__E)
                  00006614    00000004     --HOLE-- [fill = 0]
                  00006618    00000044                   : BIOS.obj (.text:ti_sysbios_family_arm_m3_Hwi_getStackInfo__E)
                  0000665c    00000004     --HOLE-- [fill = 0]
                  00006660    00000044                   : BIOS.obj (.text:ti_sysbios_knl_Swi_post__E)
                  000066a4    00000044     ti.targets.arm.rtsarm.aem4f : Error.oem4f (.text:xdc_runtime_Error_setX__E)
                  000066e8    00000044                                 : SysMin.oem4f (.text:xdc_runtime_SysMin_flush__E)
                  0000672c    00000044                                 : Text.oem4f (.text:xdc_runtime_Text_xprintf__I)
                  00006770    00000042     driverlib.lib : uart.obj (.text:UARTConfigSetExpClk)
                  000067b2    00000042     drivers_tivaware.aem4f : UARTTiva.oem4f (.text:UARTTiva_hwiIntFxn)
                  000067f4    00000042                            : UARTTiva.oem4f (.text:UARTTiva_writePolling)
                  00006836    00000002     --HOLE-- [fill = 0]
                  00006838    00000040     RAP_Robot_TM4C123G.obj (.text:EK_TM4C123GXL_initGeneral)
                  00006878    00000040     drivers_tivaware.aem4f : RingBuf.oem4f (.text:RingBuf_get)
                  000068b8    00000040                            : UARTTiva.oem4f (.text:UARTTiva_read)
                  000068f8    00000040     RAP_Robot.obj (.text:main)
                  00006938    00000040     rtsv7M4_T_le_v4SPD16_eabi.lib : u_divt2.asm.obj (.text)
                  00006978    00000040     sysbios.aem4f : BIOS.obj (.text:ti_sysbios_family_arm_lm4_Timer_startup__E)
                  000069b8    00000040                   : BIOS.obj (.text:ti_sysbios_heaps_HeapMem_Instance_init__E)
                  000069f8    0000003e     driverlib.lib : adc.obj (.text:ADCSequenceConfigure)
                  00006a36    00000002     --HOLE-- [fill = 0]
                  00006a38    0000003c     sysbios.aem4f : BIOS.obj (.text:ti_sysbios_family_arm_m3_Hwi_excSvCall__I)
                  00006a74    00000004     --HOLE-- [fill = 0]
                  00006a78    0000003c                   : BIOS.obj (.text:ti_sysbios_heaps_HeapMem_init__I)
                  00006ab4    00000004     --HOLE-- [fill = 0]
                  00006ab8    0000003c                   : BIOS.obj (.text:ti_sysbios_knl_Swi_restore__E)
                  00006af4    0000003a     drivers_tivaware.aem4f : I2CTiva.oem4f (.text:I2CTiva_completeTransfer)
                  00006b2e    00000002     --HOLE-- [fill = 0]
                  00006b30    00000038     RAP_Robot_TM4C123G.obj (.text:EK_TM4C123GXL_initI2C)
                  00006b68    00000038     drivers_tivaware.aem4f : I2C.oem4f (.text:I2C_init)
                  00006ba0    00000038     IMU.obj (.text:IMU_Sensor_Configure_Magnetometer)
                  00006bd8    00000038     drivers_tivaware.aem4f : PWM.oem4f (.text:PWM_init)
                  00006c10    00000038     driverlib.lib : sysctl.obj (.text:SysCtlPeripheralReady)
                  00006c48    00000038     drivers_tivaware.aem4f : UART.oem4f (.text:UART_init)
                  00006c80    00000038     rtsv7M4_T_le_v4SPD16_eabi.lib : trgmsg.c.obj (.text:__TI_writemsg)
                  00006cb8    00000038                                   : fs_tod_t2.asm.obj (.text)
                  00006cf0    00000038     sysbios.aem4f : BIOS.obj (.text:ti_sysbios_family_arm_m3_Hwi_excNoIsr__I)
                  00006d28    00000038                   : BIOS.obj (.text:ti_sysbios_knl_Task_processVitalTaskFlag__I)
                  00006d60    00000038     ti.targets.arm.rtsarm.aem4f : SysMin.oem4f (.text:xdc_runtime_SysMin_putch__E)
                  00006d98    00000038                                 : System.oem4f (.text:xdc_runtime_System_atexit__E)
                  00006dd0    00000036     drivers_tivaware.aem4f : I2CTiva.oem4f (.text:I2CTiva_close)
                  00006e06    00000036                            : UARTTiva.oem4f (.text:UARTTiva_readCancel)
                  00006e3c    00000034     driverlib.lib : sysctl.obj (.text:SysCtlPeripheralEnable)
                  00006e70    00000034     rtsv7M4_T_le_v4SPD16_eabi.lib : trgmsg.c.obj (.text:__TI_readmsg)
                  00006ea4    00000004     --HOLE-- [fill = 0]
                  00006ea8    00000034     sysbios.aem4f : BIOS.obj (.text:ti_sysbios_family_arm_m3_Hwi_Instance_finalize__E)
                  00006edc    00000004     --HOLE-- [fill = 0]
                  00006ee0    00000034                   : BIOS.obj (.text:ti_sysbios_family_arm_m3_Hwi_excNmi__I)
                  00006f14    00000034     empty_min_pem4f.oem4f (.text:ti_sysbios_knl_Clock_construct)
                  00006f48    00000034     ti.targets.arm.rtsarm.aem4f : Core-label.oem4f (.text:xdc_runtime_Core_assignLabel__I)
                  00006f7c    00000033                                 : Text.oem4f (.text:xdc_runtime_Text_printVisFxn__I)
                  00006faf    00000001     --HOLE-- [fill = 0]
                  00006fb0    00000032     sysbios.aem4f : BIOS.obj (.text:ti_sysbios_hal_Hwi_initStack)
                  00006fe2    00000002     --HOLE-- [fill = 0]
                  00006fe4    00000030     RAP_Robot_TM4C123G.obj (.text:EK_TM4C123GXL_initGPIO)
                  00007014    00000030     drivers_tivaware.aem4f : GPIOTiva.oem4f (.text:GPIO_enableInt)
                  00007044    00000030                            : I2C.oem4f (.text:I2C_open)
                  00007074    00000030                            : PWMTiva.oem4f (.text:PWMTiva_init)
                  000070a4    00000030                            : PWM.oem4f (.text:PWM_open)
                  000070d4    00000030                            : UART.oem4f (.text:UART_open)
                  00007104    00000030     empty_min_pem4f.oem4f (.text:ti_sysbios_BIOS_atExitFunc__I)
                  00007134    00000004     --HOLE-- [fill = 0]
                  00007138    00000030     sysbios.aem4f : BIOS.obj (.text:ti_sysbios_family_arm_lm4_Timer_stop__E)
                  00007168    00000030                   : BIOS.obj (.text:ti_sysbios_family_arm_m3_TaskSupport_start__E)
                  00007198    00000030     empty_min_pem4f.oem4f (.text:ti_sysbios_gates_GateHwi_Object__create__S)
                  000071c8    00000030     empty_min_pem4f.oem4f (.text:ti_sysbios_gates_GateMutex_Object__create__S)
                  000071f8    00000030     sysbios.aem4f : BIOS.obj (.text:ti_sysbios_gates_GateMutex_enter__E)
                  00007228    00000030     empty_min_pem4f.oem4f (.text:ti_sysbios_heaps_HeapMem_Object__create__S)
                  00007258    00000030     empty_min_pem4f.oem4f (.text:ti_sysbios_knl_Semaphore_construct)
                  00007288    00000030     sysbios.aem4f : BIOS.obj (.text:ti_sysbios_knl_Semaphore_pendTimeout__I)
                  000072b8    00000030                   : BIOS.obj (.text:ti_sysbios_knl_Task_unblockI__E)
                  000072e8    00000030     ti.targets.arm.rtsarm.aem4f : SysMin.oem4f (.text:xdc_runtime_SysMin_abort__E)
                  00007318    00000030                                 : System.oem4f (.text:xdc_runtime_System_processAtExit__E)
                  00007348    0000002c     RAP_Robot_TM4C123G.obj (.text:EK_TM4C123GXL_initUART)
                  00007374    0000002c     empty_min_pem4f.oem4f (.text:ti_sysbios_knl_Clock_doTick__I)
                  000073a0    0000002c     empty_min_pem4f.oem4f (.text:ti_sysbios_knl_Queue_construct)
                  000073cc    00000004     --HOLE-- [fill = 0]
                  000073d0    0000002c     sysbios.aem4f : BIOS.obj (.text:ti_sysbios_knl_Task_restore__E)
                  000073fc    0000002c     ti.targets.arm.rtsarm.aem4f : Text.oem4f (.text:xdc_runtime_Text_cordText__E)
                  00007428    0000002a     driverlib.lib : gpio.obj (.text:GPIODirModeSet)
                  00007452    0000002a     UART_tools.obj (.text:UART_puts)
                  0000747c    0000002a     ti.targets.arm.rtsarm.aem4f : System.oem4f (.text:xdc_runtime_System_putchar__I)
                  000074a6    00000028     IMU.obj (.text:IMU_setCallback)
                  000074ce    00000028     UART_tools.obj (.text:UART_CharToInt)
                  000074f6    00000002     --HOLE-- [fill = 0]
                  000074f8    00000028     rtsv7M4_T_le_v4SPD16_eabi.lib : e_sqrtf.c.obj (.text:sqrtf)
                  00007520    00000028     sysbios.aem4f : BIOS.obj (.text:ti_sysbios_knl_Swi_Module_startup__E)
                  00007548    00000026                   : m3_Hwi_asm.obj (.text:ti_sysbios_family_arm_m3_Hwi_pendSV__I)
                  0000756e    00000026     ti.targets.arm.rtsarm.aem4f : System.oem4f (.text:xdc_runtime_System_avprintf__E)
                  00007594    00000024     MotorDriver.obj (.text:MotorDriver_Start)
                  000075b8    00000024     MotorDriver.obj (.text:MotorDriver_Stop)
                  000075dc    00000024     empty_min_pem4f.oem4f (.text:ti_sysbios_BIOS_errorRaiseHook__I)
                  00007600    00000024     empty_min_pem4f.oem4f (.text:ti_sysbios_BIOS_registerRTSLock__I)
                  00007624    00000024     empty_min_pem4f.oem4f (.text:ti_sysbios_BIOS_removeRTSLock__I)
                  00007648    00000024     empty_min_pem4f.oem4f (.text:ti_sysbios_BIOS_startFunc__I)
                  0000766c    00000024     empty_min_pem4f.oem4f (.text:ti_sysbios_gates_GateMutex_Object__delete__S)
                  00007690    00000024     sysbios.aem4f : BIOS.obj (.text:ti_sysbios_knl_Clock_Module_startup__E)
                  000076b4    00000004     --HOLE-- [fill = 0]
                  000076b8    00000024                   : BIOS.obj (.text:ti_sysbios_knl_Clock_start__E)
                  000076dc    00000004     --HOLE-- [fill = 0]
                  000076e0    00000024                   : BIOS.obj (.text:ti_sysbios_knl_Semaphore_Instance_init__E)
                  00007704    00000004     --HOLE-- [fill = 0]
                  00007708    00000024                   : BIOS.obj (.text:ti_sysbios_knl_Task_restoreHwi__E)
                  0000772c    00000024     ti.targets.arm.rtsarm.aem4f : System.oem4f (.text:xdc_runtime_System_vprintf__E)
                  00007750    00000022     driverlib.lib : pwm.obj (.text:PWMGenConfigure)
                  00007772    00000022     drivers_tivaware.aem4f : PWMTiva.oem4f (.text:PWMTiva_getPeriodCounts)
                  00007794    00000004     --HOLE-- [fill = 0]
                  00007798    00000022     sysbios.aem4f : BIOS.obj (.text:ti_sysbios_family_arm_lm4_Timer_write__I)
                  000077ba    00000022     empty_min_pem4f.oem4f (.text:xdc_runtime_SysMin_output__I)
                  000077dc    00000020     empty_min_pem4f.oem4f (.text:ti_sysbios_BIOS_rtsLock__I)
                  000077fc    00000020     sysbios.aem4f : m3_Hwi_asm.obj (.text:ti_sysbios_family_arm_m3_Hwi_excHandlerAsm__I)
                  0000781c    00000004     --HOLE-- [fill = 0]
                  00007820    00000020                   : BIOS.obj (.text:ti_sysbios_family_arm_m3_Hwi_excHandler__I)
                  00007840    00000020     empty_min_pem4f.oem4f (.text:ti_sysbios_gates_GateHwi_Object__delete__S)
                  00007860    00000020     empty_min_pem4f.oem4f (.text:ti_sysbios_heaps_HeapMem_Object__delete__S)
                  00007880    00000020     empty_min_pem4f.oem4f (.text:ti_sysbios_knl_Clock_Object__destruct__S)
                  000078a0    00000020     sysbios.aem4f : BIOS.obj (.text:ti_sysbios_knl_Idle_run__E)
                  000078c0    00000020     empty_min_pem4f.oem4f (.text:ti_sysbios_knl_Semaphore_Object__destruct__S)
                  000078e0    00000020     ti.targets.arm.rtsarm.aem4f : Registry.oem4f (.text:xdc_runtime_Registry_findById__E)
                  00007900    00000020                                 : SysMin.oem4f (.text:xdc_runtime_SysMin_Module_startup__E)
                  00007920    0000001e     driverlib.lib : pwm.obj (.text:PWMPulseWidthSet)
                  0000793e    0000001e     drivers_tivaware.aem4f : PWMTiva.oem4f (.text:PWMTiva_getPeriodMicroSecs)
                  0000795c    0000001e     sysbios.aem4f : m3_Hwi_asm_switch.obj (.text:ti_sysbios_family_xxx_Hwi_switchAndRunFunc)
                  0000797a    0000001c     IMU.obj (.text:IMU_Params_init)
                  00007996    0000001c     IMU.obj (.text:IMU_Sensor_Configuration_init)
                  000079b2    00000002     --HOLE-- [fill = 0]
                  000079b4    0000001c     driverlib.lib : uart.obj (.text:UARTDisable)
                  000079d0    0000001c     Wheels.obj (.text:Wheels_start)
                  000079ec    0000001c     Wheels.obj (.text:Wheels_stop)
                  00007a08    0000001c     drivers_tivaware.aem4f : GPIOTiva.oem4f (.text:getGpioIntIndex)
                  00007a24    0000001c     empty_min_pem4f.oem4f (.text:ti_sysbios_family_arm_m3_Hwi_Object__destruct__S)
                  00007a40    0000001c     sysbios.aem4f : BIOS.obj (.text:ti_sysbios_gates_GateMutex_Instance_init__E)
                  00007a5c    00000004     --HOLE-- [fill = 0]
                  00007a60    0000001c                   : BIOS.obj (.text:ti_sysbios_knl_Clock_Instance_finalize__E)
                  00007a7c    0000001c     empty_min_pem4f.oem4f (.text:ti_sysbios_knl_Queue_Object__destruct__S)
                  00007a98    0000001c     sysbios.aem4f : BIOS.obj (.text:ti_sysbios_knl_Queue_put__E)
                  00007ab4    00000004     --HOLE-- [fill = 0]
                  00007ab8    0000001c                   : BIOS.obj (.text:ti_sysbios_knl_Task_enter__I)
                  00007ad4    0000001c     ti.targets.arm.rtsarm.aem4f : Error.oem4f (.text:xdc_runtime_Error_raiseX__E)
                  00007af0    0000001c                                 : Memory.oem4f (.text:xdc_runtime_Memory_valloc__E)
                  00007b0c    0000001c                                 : SysMin.oem4f (.text:xdc_runtime_SysMin_exit__E)
                  00007b28    0000001c                                 : System.oem4f (.text:xdc_runtime_System_abort__E)
                  00007b44    0000001a     UART_tools.obj (.text:UART_readChar)
                  00007b5e    0000001a     empty_min_pem4f.oem4f (.text:ti_sysbios_family_arm_m3_Hwi_Handle__label__S)
                  00007b78    0000001a     empty_min_pem4f.oem4f (.text:ti_sysbios_gates_GateHwi_Handle__label__S)
                  00007b92    0000001a     empty_min_pem4f.oem4f (.text:ti_sysbios_gates_GateMutex_Handle__label__S)
                  00007bac    0000001a     empty_min_pem4f.oem4f (.text:ti_sysbios_heaps_HeapMem_Handle__label__S)
                  00007bc6    0000001a     empty_min_pem4f.oem4f (.text:ti_sysbios_knl_Swi_Handle__label__S)
                  00007be0    0000001a     empty_min_pem4f.oem4f (.text:ti_sysbios_knl_Task_Handle__label__S)
                  00007bfa    0000001a     empty_min_pem4f.oem4f (.text:xdc_runtime_System_aprintf__E)
                  00007c14    0000001a     empty_min_pem4f.oem4f (.text:xdc_runtime_System_printf__E)
                  00007c2e    00000002     --HOLE-- [fill = 0]
                  00007c30    00000018     Balance.obj (.text:Balance_setKd)
                  00007c48    00000018     Balance.obj (.text:Balance_setKi)
                  00007c60    00000018     Balance.obj (.text:Balance_setKp)
                  00007c78    00000018     Wheels.obj (.text:Left_Wheel_Speed)
                  00007c90    00000018     Wheels.obj (.text:Right_Wheel_Speed)
                  00007ca8    00000018     drivers_tivaware.aem4f : UART.oem4f (.text:UART_Params_init)
                  00007cc0    00000018     rtsv7M4_T_le_v4SPD16_eabi.lib : args_main.c.obj (.text:_args_main)
                  00007cd8    00000018     empty_min_pem4f.oem4f (.text:ti_sysbios_BIOS_rtsUnlock__I)
                  00007cf0    00000018     empty_min_pem4f.oem4f (.text:ti_sysbios_family_arm_lm4_Timer_Module__startupDone__F)
                  00007d08    00000018     empty_min_pem4f.oem4f (.text:ti_sysbios_family_arm_m3_Hwi_Module__startupDone__F)
                  00007d20    00000018     sysbios.aem4f : m3_TaskSupport_asm.obj (.text:ti_sysbios_family_arm_m3_TaskSupport_swap__E)
                  00007d38    00000018                   : BIOS.obj (.text:ti_sysbios_gates_GateMutex_leave__E)
                  00007d50    00000018                   : BIOS.obj (.text:ti_sysbios_knl_Task_sleepTimeout__I)
                  00007d68    00000018     ti.targets.arm.rtsarm.aem4f : Error.oem4f (.text:xdc_runtime_Error_check__E)
                  00007d80    00000018                                 : System.oem4f (.text:xdc_runtime_System_exit__E)
                  00007d98    00000018                                 : Text.oem4f (.text:xdc_runtime_Text_ropeText__E)
                  00007db0    00000016     driverlib.lib : i2c.obj (.text:I2CMasterErr)
                  00007dc6    00000016     empty_min_pem4f.oem4f (.text:ti_sysbios_BIOS_exitFunc__I)
                  00007ddc    00000016     Balance.obj (.text:ti_sysbios_knl_Clock_Params_init)
                  00007df2    00000016     Wheels.obj (.text:ti_sysbios_knl_Clock_Params_init)
                  00007e08    00000016     IMUSensor.obj (.text:ti_sysbios_knl_Semaphore_Params_init)
                  00007e1e    00000016     IMUSensor.obj (.text:ti_sysbios_knl_Task_Params_init)
                  00007e34    00000016     RAP_Robot.obj (.text:ti_sysbios_knl_Task_Params_init)
                  00007e4a    00000002     --HOLE-- [fill = 0]
                  00007e4c    00000014     Balance.obj (.text:Balance_stop)
                  00007e60    00000014     IMUSensor.obj (.text:IMUInterruptFx)
                  00007e74    00000014     driverlib.lib : pwm.obj (.text:PWMClockSet)
                  00007e88    00000014                   : sysctl.obj (.text:SysCtlPWMClockSet)
                  00007e9c    00000014                   : uart.obj (.text:UARTEnable)
                  00007eb0    00000014     UART_tools.obj (.text:UART_putch)
                  00007ec4    00000014     rtsv7M4_T_le_v4SPD16_eabi.lib : strlen.c.obj (.text:strlen)
                  00007ed8    00000014     empty_min_pem4f.oem4f (.text:ti_sysbios_family_arm_m3_Hwi_Object__get__S)
                  00007eec    00000004     --HOLE-- [fill = 0]
                  00007ef0    00000014     sysbios.aem4f : BIOS.obj (.text:ti_sysbios_family_arm_m3_Hwi_switchFromBootStack__E)
                  00007f04    00000014     empty_min_pem4f.oem4f (.text:ti_sysbios_heaps_HeapMem_Object__get__S)
                  00007f18    00000014     empty_min_pem4f.oem4f (.text:ti_sysbios_knl_Swi_Object__get__S)
                  00007f2c    00000012     driverlib.lib : gpio.obj (.text:GPIOPinTypeADC)
                  00007f3e    00000012                   : gpio.obj (.text:GPIOPinTypeGPIOInput)
                  00007f50    00000012                   : gpio.obj (.text:GPIOPinTypeI2C)
                  00007f62    00000012                   : gpio.obj (.text:GPIOPinTypeI2CSCL)
                  00007f74    00000012                   : gpio.obj (.text:GPIOPinTypePWM)
                  00007f86    00000012                   : gpio.obj (.text:GPIOPinTypeQEI)
                  00007f98    00000012                   : gpio.obj (.text:GPIOPinTypeUART)
                  00007faa    00000012                   : pwm.obj (.text:PWMGenPeriodGet)
                  00007fbc    00000012                   : pwm.obj (.text:PWMOutputInvert)
                  00007fce    00000012                   : pwm.obj (.text:PWMOutputState)
                  00007fe0    00000012     drivers_tivaware.aem4f : RingBuf.oem4f (.text:RingBuf_construct)
                  00007ff2    00000012     rtsv7M4_T_le_v4SPD16_eabi.lib : s_copysignf.c.obj (.text:copysignf)
                  00008004    00000004     --HOLE-- [fill = 0]
                  00008008    00000012     sysbios.aem4f : BIOS.obj (.text:ti_sysbios_hal_Hwi_Module_startup__E)
                  0000801a    00000012     empty_min_pem4f.oem4f (.text:xdc_runtime_Startup_exec__I)
                  0000802c    00000010     Balance.obj (.text:Balance_start)
                  0000803c    00000010     drivers_tivaware.aem4f : I2C.oem4f (.text:I2C_Params_init)
                  0000804c    00000010     IMUSensor.obj (.text:IMUSensor_Enable)
                  0000805c    00000010     IMU.obj (.text:IMU_EnableEvents)
                  0000806c    00000010     driverlib.lib : pwm.obj (.text:PWMGenPeriodSet)
                  0000807c    00000010     drivers_tivaware.aem4f : PWM.oem4f (.text:PWM_Params_init)
                  0000808c    00000010     driverlib.lib : qei.obj (.text:QEIVelocityConfigure)
                  0000809c    00000010     drivers_tivaware.aem4f : UARTTiva.oem4f (.text:readBlockingTimeout)
                  000080ac    00000004     --HOLE-- [fill = 0]
                  000080b0    00000010     sysbios.aem4f : BIOS.obj (.text:ti_sysbios_BIOS_getCpuFreq__E)
                  000080c0    00000010                   : BIOS.obj (.text:ti_sysbios_BIOS_setThreadType__E)
                  000080d0    00000010                   : BIOS.obj (.text:ti_sysbios_BIOS_start__E)
                  000080e0    00000010                   : m3_TaskSupport_asm.obj (.text:ti_sysbios_family_arm_m3_TaskSupport_glue)
                  000080f0    00000010                   : BIOS.obj (.text:ti_sysbios_gates_GateMutex_Instance_finalize__E)
                  00008100    00000010                   : BIOS.obj (.text:ti_sysbios_knl_Semaphore_Instance_finalize__E)
                  00008110    00000010                   : BIOS.obj (.text:ti_sysbios_knl_Swi_disable__E)
                  00008120    00000010                   : BIOS.obj (.text:ti_sysbios_knl_Task_disable__E)
                  00008130    00000010     ti.targets.arm.rtsarm.aem4f : Gate.oem4f (.text:xdc_runtime_Gate_leaveSystem__E)
                  00008140    00000010                                 : Memory.oem4f (.text:xdc_runtime_Memory_free__E)
                  00008150    00000010                                 : SysMin.oem4f (.text:xdc_runtime_SysMin_ready__E)
                  00008160    00000010                                 : System.oem4f (.text:xdc_runtime_System_vsnprintf__E)
                  00008170    00000010     empty_min_pem4f.oem4f (.text:xdc_runtime_Text_visitRope__I)
                  00008180    0000000e     driverlib.lib : adc.obj (.text:ADCSequenceEnable)
                  0000818e    0000000e                   : gpio.obj (.text:GPIOIntStatus)
                  0000819c    0000000e                   : qei.obj (.text:QEIConfigure)
                  000081aa    0000000e                   : qei.obj (.text:QEIDirectionGet)
                  000081b8    0000000e                   : uart.obj (.text:UARTCharGetNonBlocking)
                  000081c6    0000000e                   : uart.obj (.text:UARTCharPutNonBlocking)
                  000081d4    0000000e     rtsv7M4_T_le_v4SPD16_eabi.lib : copy_decompress_none.c.obj (.text:decompress:none:__TI_decompress_none)
                  000081e2    00000006     driverlib.lib : gpio.obj (.text:GPIOPinWrite)
                  000081e8    0000000e     sysbios.aem4f : BIOS.obj (.text:ti_sysbios_knl_Queue_empty__E)
                  000081f6    0000000e     empty_min_pem4f.oem4f (.text:ti_sysbios_knl_Task_Object__get__S)
                  00008204    0000000c     empty_min_pem4f.oem4f (.text:.bootCodeSection:ti_catalog_arm_cortexm4_tiva_ce_Boot_init__I)
                  00008210    0000000c     driverlib.lib : adc.obj (.text:ADCReferenceSet)
                  0000821c    0000000c                   : gpio.obj (.text:GPIOIntEnable)
                  00008228    0000000c     IMUSensor.obj (.text:IMUSensor_getRoll)
                  00008234    0000000c     driverlib.lib : pwm.obj (.text:PWMGenDisable)
                  00008240    0000000c                   : pwm.obj (.text:PWMGenEnable)
                  0000824c    0000000c     drivers_tivaware.aem4f : RingBuf.oem4f (.text:RingBuf_peek)
                  00008258    0000000c     driverlib.lib : uart.obj (.text:UARTFlowControlSet)
                  00008264    0000000c     drivers_tivaware.aem4f : UARTTiva.oem4f (.text:UARTTiva_init)
                  00008270    0000000c     rtsv7M4_T_le_v4SPD16_eabi.lib : _lock.c.obj (.text:_register_lock)
                  0000827c    0000000c                                   : _lock.c.obj (.text:_register_unlock)
                  00008288    0000000c                                   : copy_zero_init.c.obj (.text:decompress:ZI:__TI_zero_init)
                  00008294    00000004     --HOLE-- [fill = 0]
                  00008298    0000000c     sysbios.aem4f : BIOS.obj (.text:ti_sysbios_family_arm_lm4_Timer_getMaxTicks__E)
                  000082a4    0000000c     empty_min_pem4f.oem4f (.text:ti_sysbios_family_arm_m3_Hwi_Params__init__S)
                  000082b0    0000000c     sysbios.aem4f : BIOS.obj (.text:ti_sysbios_family_arm_m3_Hwi_disableFxn__E)
                  000082bc    00000004     --HOLE-- [fill = 0]
                  000082c0    0000000c                   : BIOS.obj (.text:ti_sysbios_family_arm_m3_TaskSupport_getStackAlignment__E)
                  000082cc    00000004     --HOLE-- [fill = 0]
                  000082d0    0000000c                   : BIOS.obj (.text:ti_sysbios_gates_GateHwi_enter__E)
                  000082dc    0000000c     empty_min_pem4f.oem4f (.text:ti_sysbios_knl_Clock_Params__init__S)
                  000082e8    0000000c     Balance.obj (.text:ti_sysbios_knl_Clock_handle)
                  000082f4    0000000c     Wheels.obj (.text:ti_sysbios_knl_Clock_handle)
                  00008300    0000000c     empty_min_pem4f.oem4f (.text:ti_sysbios_knl_Queue_Object__get__S)
                  0000830c    0000000c     empty_min_pem4f.oem4f (.text:ti_sysbios_knl_Semaphore_Params__init__S)
                  00008318    0000000c     IMUSensor.obj (.text:ti_sysbios_knl_Semaphore_handle)
                  00008324    0000000c     empty_min_pem4f.oem4f (.text:ti_sysbios_knl_Task_Params__init__S)
                  00008330    0000000c     ti.targets.arm.rtsarm.aem4f : Error.oem4f (.text:xdc_runtime_Error_init__E)
                  0000833c    0000000c                                 : Gate.oem4f (.text:xdc_runtime_Gate_enterSystem__E)
                  00008348    0000000c                                 : Memory.oem4f (.text:xdc_runtime_Memory_calloc__E)
                  00008354    0000000c                                 : Memory.oem4f (.text:xdc_runtime_Memory_getMaxDefaultTypeAlign__E)
                  00008360    0000000a     driverlib.lib : i2c.obj (.text:I2CMasterDisable)
                  0000836a    0000000a                   : i2c.obj (.text:I2CMasterEnable)
                  00008374    0000000a     drivers_tivaware.aem4f : I2CTiva.oem4f (.text:I2CTiva_init)
                  0000837e    0000000a                            : I2C.oem4f (.text:I2C_close)
                  00008388    0000000a                            : I2C.oem4f (.text:I2C_transfer)
                  00008392    0000000a                            : PWM.oem4f (.text:PWM_setDuty)
                  0000839c    0000000a     driverlib.lib : qei.obj (.text:QEIEnable)
                  000083a6    0000000a                   : qei.obj (.text:QEIVelocityEnable)
                  000083b0    0000000a                   : uart.obj (.text:UARTCharGet)
                  000083ba    0000000a                   : uart.obj (.text:UARTCharPut)
                  000083c4    0000000a                   : uart.obj (.text:UARTIntDisable)
                  000083ce    0000000a                   : uart.obj (.text:UARTIntStatus)
                  000083d8    0000000a     drivers_tivaware.aem4f : UART.oem4f (.text:UART_read)
                  000083e2    0000000a                            : UART.oem4f (.text:UART_write)
                  000083ec    0000000a     empty_min_pem4f.oem4f (.text:xdc_runtime_IHeap_alloc)
                  000083f6    0000000a     empty_min_pem4f.oem4f (.text:xdc_runtime_IHeap_free)
                  00008400    00000008     driverlib.lib : i2c.obj (.text:I2CMasterIntClear)
                  00008408    00000008                   : i2c.obj (.text:I2CMasterSlaveAddrSet)
                  00008410    00000008     drivers_tivaware.aem4f : I2CTiva.oem4f (.text:I2CTiva_blockingCallback)
                  00008418    00000008     driverlib.lib : uart.obj (.text:UARTIntEnable)
                  00008420    00000008                   : uart.obj (.text:UARTRxErrorGet)
                  00008428    00000008     rtsv7M4_T_le_v4SPD16_eabi.lib : errno.c.obj (.text:__aeabi_errno_addr)
                  00008430    00000008     drivers_tivaware.aem4f : UARTTiva.oem4f (.text:readSemCallback)
                  00008438    00000008     sysbios.aem4f : BIOS.obj (.text:ti_sysbios_family_arm_lm4_Timer_masterDisable__I)
                  00008440    00000008                   : BIOS.obj (.text:ti_sysbios_family_arm_m3_Hwi_doSwiRestore__I)
                  00008448    00000008                   : BIOS.obj (.text:ti_sysbios_family_arm_m3_Hwi_startup__E)
                  00008450    00000008     drivers_tivaware.aem4f : UARTTiva.oem4f (.text:writeSemCallback)
                  00008458    00000006     driverlib.lib : i2c.obj (.text:I2CMasterIntDisable)
                  0000845e    00000006                   : i2c.obj (.text:I2CMasterIntEnable)
                  00008464    00000006     drivers_tivaware.aem4f : I2CTiva.oem4f (.text:I2CTiva_control)
                  0000846a    00000006     driverlib.lib : uart.obj (.text:UARTFIFOLevelSet)
                  00008470    00000006                   : uart.obj (.text:UARTRxErrorClear)
                  00008476    00000006     Boot.aem4f : Boot_sysctl.oem4f (.text:ti_catalog_arm_cortexm4_tiva_ce_Boot_sysCtlDelayI__I)
                  0000847c    00000004     --HOLE-- [fill = 0]
                  00008480    00000006     sysbios.aem4f : BIOS.obj (.text:ti_sysbios_family_arm_m3_Hwi_doTaskRestore__I)
                  00008486    00000002     --HOLE-- [fill = 0]
                  00008488    00000006                   : BIOS.obj (.text:ti_sysbios_family_arm_m3_Hwi_restoreFxn__E)
                  0000848e    00000002     --HOLE-- [fill = 0]
                  00008490    00000006                   : BIOS.obj (.text:ti_sysbios_gates_GateHwi_leave__E)
                  00008496    00000002     --HOLE-- [fill = 0]
                  00008498    00000006                   : BIOS.obj (.text:ti_sysbios_heaps_HeapMem_isBlocking__E)
                  0000849e    00000002     --HOLE-- [fill = 0]
                  000084a0    00000006                   : BIOS.obj (.text:ti_sysbios_knl_Clock_stop__E)
                  000084a6    00000002     --HOLE-- [fill = 0]
                  000084a8    00000006                   : BIOS.obj (.text:ti_sysbios_knl_Queue_Instance_init__E)
                  000084ae    00000002     --HOLE-- [fill = 0]
                  000084b0    00000006                   : BIOS.obj (.text:ti_sysbios_knl_Swi_startup__E)
                  000084b6    00000006     ti.targets.arm.rtsarm.aem4f : System.oem4f (.text:xdc_runtime_System_Module_startup__E)
                  000084bc    00000004     --HOLE-- [fill = 0]
                  000084c0    00000004     sysbios.aem4f : BIOS.obj (.text:ti_sysbios_gates_GateHwi_query__E)
                  000084c4    00000004     --HOLE-- [fill = 0]
                  000084c8    00000004                   : BIOS.obj (.text:ti_sysbios_gates_GateMutex_query__E)
                  000084cc    00000004     --HOLE-- [fill = 0]
                  000084d0    00000004                   : BIOS.obj (.text:ti_sysbios_knl_Task_startup__E)
                  000084d4    00000004     --HOLE-- [fill = 0]
                  000084d8    00000002                   : BIOS.obj (.text:ti_sysbios_gates_GateHwi_Instance_init__E)
                  000084da    00000006     --HOLE-- [fill = 0]
                  000084e0    00000002                   : BIOS.obj (.text:ti_sysbios_knl_Clock_logTick__E)

.const     0    000084e4    00002095     
                  000084e4    00001844     empty_min_pem4f.oem4f (.const:xdc_runtime_Text_charTab__A)
                  00009d28    000000bc     empty_min_pem4f.oem4f (.const:xdc_runtime_Text_nodeTab__A)
                  00009de4    00000090     driverlib.lib : gpio.obj (.const:g_pui32GPIOBaseAddrs)
                  00009e74    00000054     drivers_tivaware.aem4f : GPIOTiva.oem4f (.const:.string)
                  00009ec8    0000004c                            : UARTTiva.oem4f (.const)
                  00009f14    00000048     empty_min_pem4f.oem4f (.const:.string)
                  00009f5c    00000048     drivers_tivaware.aem4f : GPIOTiva.oem4f (.const:gpioBaseAddresses)
                  00009fa4    0000003c     RAP_Robot_TM4C123G.obj (.const:PWM_config)
                  00009fe0    0000003c     empty_min_pem4f.oem4f (.const:ti_sysbios_knl_Task_Object__PARAMS__C)
                  0000a01c    00000030     RAP_Robot_TM4C123G.obj (.const:pwmTivaHWAttrs)
                  0000a04c    00000030     empty_min_pem4f.oem4f (.const:ti_sysbios_family_arm_m3_Hwi_Object__PARAMS__C)
                  0000a07c    00000028     drivers_tivaware.aem4f : UARTTiva.oem4f (.const:UARTTiva_fxnTable)
                  0000a0a4    00000028     empty_min_pem4f.oem4f (.const:ti_sysbios_heaps_HeapMem_Module__FXNS__C)
                  0000a0cc    00000024     drivers_tivaware.aem4f : UART.oem4f (.const:UART_defaultParams)
                  0000a0f0    00000024     empty_min_pem4f.oem4f (.const:ti_sysbios_gates_GateHwi_Module__FXNS__C)
                  0000a114    00000024     empty_min_pem4f.oem4f (.const:ti_sysbios_gates_GateMutex_Module__FXNS__C)
                  0000a138    00000024     empty_min_pem4f.oem4f (.const:ti_sysbios_heaps_HeapMem_Object__PARAMS__C)
                  0000a15c    00000024     empty_min_pem4f.oem4f (.const:ti_sysbios_knl_Clock_Object__PARAMS__C)
                  0000a180    00000024     empty_min_pem4f.oem4f (.const:ti_sysbios_knl_Semaphore_Object__PARAMS__C)
                  0000a1a4    00000020     drivers_tivaware.aem4f : PWMTiva.oem4f (.const)
                  0000a1c4    00000020     empty_min_pem4f.oem4f (.const:ti_sysbios_family_arm_m3_Hwi_Object__DESC__C)
                  0000a1e4    00000020     empty_min_pem4f.oem4f (.const:ti_sysbios_gates_GateHwi_Object__DESC__C)
                  0000a204    00000020     empty_min_pem4f.oem4f (.const:ti_sysbios_gates_GateMutex_Object__DESC__C)
                  0000a224    00000020     empty_min_pem4f.oem4f (.const:ti_sysbios_heaps_HeapMem_Object__DESC__C)
                  0000a244    00000020     empty_min_pem4f.oem4f (.const:ti_sysbios_knl_Clock_Object__DESC__C)
                  0000a264    00000020     empty_min_pem4f.oem4f (.const:ti_sysbios_knl_Queue_Object__DESC__C)
                  0000a284    00000020     empty_min_pem4f.oem4f (.const:ti_sysbios_knl_Semaphore_Object__DESC__C)
                  0000a2a4    00000020     empty_min_pem4f.oem4f (.const:ti_sysbios_knl_Task_Object__DESC__C)
                  0000a2c4    00000020     empty_min_pem4f.oem4f (.const:xdc_runtime_Startup_sfxnTab__A)
                  0000a2e4    0000001c     drivers_tivaware.aem4f : I2CTiva.oem4f (.const)
                  0000a300    00000018     rtsv7M4_T_le_v4SPD16_eabi.lib : e_powf.c.obj (.const:$O1$$)
                  0000a318    00000018     RAP_Robot_TM4C123G.obj (.const:I2C_config)
                  0000a330    00000018     RAP_Robot_TM4C123G.obj (.const:UART_config)
                  0000a348    00000018     empty_min_pem4f.oem4f (.const:ti_sysbios_gates_GateHwi_Object__PARAMS__C)
                  0000a360    00000018     empty_min_pem4f.oem4f (.const:ti_sysbios_gates_GateMutex_Object__PARAMS__C)
                  0000a378    00000018     empty_min_pem4f.oem4f (.const:ti_sysbios_knl_Queue_Object__PARAMS__C)
                  0000a390    00000018     RAP_Robot_TM4C123G.obj (.const:uartTivaHWAttrs)
                  0000a3a8    00000014     RAP_Robot_TM4C123G.obj (.const:GPIOTiva_config)
                  0000a3bc    00000014     empty_min_pem4f.oem4f (.const:xdc_runtime_Startup_firstFxns__A)
                  0000a3d0    00000010     drivers_tivaware.aem4f : I2C.oem4f (.const)
                  0000a3e0    00000010     IMU.obj (.const:g_fIMUAccelFactors)
                  0000a3f0    00000010     empty_min_pem4f.oem4f (.const:xdc_runtime_Startup_sfxnRts__A)
                  0000a400    0000000c     drivers_tivaware.aem4f : PWM.oem4f (.const)
                  0000a40c    0000000c     RAP_Robot_TM4C123G.obj (.const:i2cTivaHWAttrs)
                  0000a418    00000008     empty_min_pem4f.oem4f (.const:ti_sysbios_family_arm_m3_Hwi_excHookFuncs__A)
                  0000a420    00000008     empty_min_pem4f.oem4f (.const:ti_sysbios_knl_Idle_funcList__C)
                  0000a428    00000008     empty_min_pem4f.oem4f (.const:xdc_runtime_Startup_firstFxns__C)
                  0000a430    00000008     empty_min_pem4f.oem4f (.const:xdc_runtime_Startup_lastFxns__C)
                  0000a438    00000004     empty_min_pem4f.oem4f (.const:ti_catalog_arm_cortexm4_tiva_ce_Boot_A_mustUseEnhancedClockMode__C)
                  0000a43c    00000004     empty_min_pem4f.oem4f (.const:ti_catalog_arm_cortexm4_tiva_ce_Boot_Module__diagsEnabled__C)
                  0000a440    00000004     empty_min_pem4f.oem4f (.const:ti_catalog_arm_cortexm4_tiva_ce_Boot_Module__diagsIncluded__C)
                  0000a444    00000004     empty_min_pem4f.oem4f (.const:ti_catalog_arm_cortexm4_tiva_ce_Boot_Module__diagsMask__C)
                  0000a448    00000004     empty_min_pem4f.oem4f (.const:ti_sysbios_family_arm_lm4_Timer_enableFunc__C)
                  0000a44c    00000004     empty_min_pem4f.oem4f (.const:ti_sysbios_family_arm_lm4_Timer_numTimerDevices__C)
                  0000a450    00000004     empty_min_pem4f.oem4f (.const:ti_sysbios_family_arm_lm4_Timer_startupNeeded__C)
                  0000a454    00000004     empty_min_pem4f.oem4f (.const:ti_sysbios_family_arm_m3_Hwi_E_NMI__C)
                  0000a458    00000004     empty_min_pem4f.oem4f (.const:ti_sysbios_family_arm_m3_Hwi_E_alreadyDefined__C)
                  0000a45c    00000004     empty_min_pem4f.oem4f (.const:ti_sysbios_family_arm_m3_Hwi_E_busFault__C)
                  0000a460    00000004     empty_min_pem4f.oem4f (.const:ti_sysbios_family_arm_m3_Hwi_E_debugMon__C)
                  0000a464    00000004     empty_min_pem4f.oem4f (.const:ti_sysbios_family_arm_m3_Hwi_E_hardFault__C)
                  0000a468    00000004     empty_min_pem4f.oem4f (.const:ti_sysbios_family_arm_m3_Hwi_E_memFault__C)
                  0000a46c    00000004     empty_min_pem4f.oem4f (.const:ti_sysbios_family_arm_m3_Hwi_E_noIsr__C)
                  0000a470    00000004     empty_min_pem4f.oem4f (.const:ti_sysbios_family_arm_m3_Hwi_E_reserved__C)
                  0000a474    00000004     empty_min_pem4f.oem4f (.const:ti_sysbios_family_arm_m3_Hwi_E_svCall__C)
                  0000a478    00000004     empty_min_pem4f.oem4f (.const:ti_sysbios_family_arm_m3_Hwi_E_usageFault__C)
                  0000a47c    00000004     empty_min_pem4f.oem4f (.const:ti_sysbios_family_arm_m3_Hwi_NUM_INTERRUPTS__C)
                  0000a480    00000004     empty_min_pem4f.oem4f (.const:ti_sysbios_family_arm_m3_Hwi_Object__count__C)
                  0000a484    00000004     empty_min_pem4f.oem4f (.const:ti_sysbios_family_arm_m3_Hwi_ccr__C)
                  0000a488    00000004     empty_min_pem4f.oem4f (.const:ti_sysbios_family_arm_m3_Hwi_excHandlerFunc__C)
                  0000a48c    00000004     empty_min_pem4f.oem4f (.const:ti_sysbios_family_arm_m3_Hwi_excHookFuncs__C)
                  0000a490    00000004     empty_min_pem4f.oem4f (.const:ti_sysbios_family_arm_m3_Hwi_nullIsrFunc__C)
                  0000a494    00000004     empty_min_pem4f.oem4f (.const:ti_sysbios_family_arm_m3_Hwi_priGroup__C)
                  0000a498    00000004     empty_min_pem4f.oem4f (.const:ti_sysbios_family_arm_m3_TaskSupport_stackAlignment__C)
                  0000a49c    00000004     empty_min_pem4f.oem4f (.const:ti_sysbios_gates_GateMutex_Instance_State_sem__O)
                  0000a4a0    00000004     empty_min_pem4f.oem4f (.const:ti_sysbios_heaps_HeapMem_E_memory__C)
                  0000a4a4    00000004     empty_min_pem4f.oem4f (.const:ti_sysbios_heaps_HeapMem_Module__gateObj__C)
                  0000a4a8    00000004     empty_min_pem4f.oem4f (.const:ti_sysbios_heaps_HeapMem_Object__count__C)
                  0000a4ac    00000004     empty_min_pem4f.oem4f (.const:ti_sysbios_heaps_HeapMem_reqAlign__C)
                  0000a4b0    00000004     empty_min_pem4f.oem4f (.const:ti_sysbios_knl_Clock_Module_State_clockQ__O)
                  0000a4b4    00000004     empty_min_pem4f.oem4f (.const:ti_sysbios_knl_Semaphore_Instance_State_pendQ__O)
                  0000a4b8    00000004     empty_min_pem4f.oem4f (.const:ti_sysbios_knl_Swi_Object__count__C)
                  0000a4bc    00000004     empty_min_pem4f.oem4f (.const:ti_sysbios_knl_Task_Module_State_inactiveQ__O)
                  0000a4c0    00000004     empty_min_pem4f.oem4f (.const:ti_sysbios_knl_Task_Object__count__C)
                  0000a4c4    00000004     empty_min_pem4f.oem4f (.const:ti_sysbios_knl_Task_allBlockedFunc__C)
                  0000a4c8    00000004     empty_min_pem4f.oem4f (.const:ti_sysbios_knl_Task_defaultStackHeap__C)
                  0000a4cc    00000004     empty_min_pem4f.oem4f (.const:ti_sysbios_knl_Task_defaultStackSize__C)
                  0000a4d0    00000004     empty_min_pem4f.oem4f (.const:ti_sysbios_knl_Task_numConstructedTasks__C)
                  0000a4d4    00000004     empty_min_pem4f.oem4f (.const:xdc_runtime_Assert_E_assertFailed__C)
                  0000a4d8    00000004     empty_min_pem4f.oem4f (.const:xdc_runtime_Core_A_initializedParams__C)
                  0000a4dc    00000004     empty_min_pem4f.oem4f (.const:xdc_runtime_Core_Module__diagsEnabled__C)
                  0000a4e0    00000004     empty_min_pem4f.oem4f (.const:xdc_runtime_Core_Module__diagsIncluded__C)
                  0000a4e4    00000004     empty_min_pem4f.oem4f (.const:xdc_runtime_Core_Module__diagsMask__C)
                  0000a4e8    00000004     empty_min_pem4f.oem4f (.const:xdc_runtime_Error_E_memory__C)
                  0000a4ec    00000004     empty_min_pem4f.oem4f (.const:xdc_runtime_Error_Module__diagsEnabled__C)
                  0000a4f0    00000004     empty_min_pem4f.oem4f (.const:xdc_runtime_Error_Module__diagsIncluded__C)
                  0000a4f4    00000004     empty_min_pem4f.oem4f (.const:xdc_runtime_Error_Module__diagsMask__C)
                  0000a4f8    00000004     empty_min_pem4f.oem4f (.const:xdc_runtime_Error_Module__loggerFxn8__C)
                  0000a4fc    00000004     empty_min_pem4f.oem4f (.const:xdc_runtime_Error_Module__loggerObj__C)
                  0000a500    00000004     empty_min_pem4f.oem4f (.const:xdc_runtime_Error_policyFxn__C)
                  0000a504    00000004     empty_min_pem4f.oem4f (.const:xdc_runtime_Error_raiseHook__C)
                  0000a508    00000004     empty_min_pem4f.oem4f (.const:xdc_runtime_IGateProvider_Interface__BASE__C)
                  0000a50c    00000004     empty_min_pem4f.oem4f (.const:xdc_runtime_IHeap_Interface__BASE__C)
                  0000a510    00000004     empty_min_pem4f.oem4f (.const:xdc_runtime_IModule_Interface__BASE__C)
                  0000a514    00000004     empty_min_pem4f.oem4f (.const:xdc_runtime_Log_L_error__C)
                  0000a518    00000004     empty_min_pem4f.oem4f (.const:xdc_runtime_Memory_defaultHeapInstance__C)
                  0000a51c    00000004     empty_min_pem4f.oem4f (.const:xdc_runtime_Startup_execImpl__C)
                  0000a520    00000004     empty_min_pem4f.oem4f (.const:xdc_runtime_Startup_maxPasses__C)
                  0000a524    00000004     empty_min_pem4f.oem4f (.const:xdc_runtime_Startup_sfxnRts__C)
                  0000a528    00000004     empty_min_pem4f.oem4f (.const:xdc_runtime_Startup_sfxnTab__C)
                  0000a52c    00000004     empty_min_pem4f.oem4f (.const:xdc_runtime_SysMin_bufSize__C)
                  0000a530    00000004     empty_min_pem4f.oem4f (.const:xdc_runtime_SysMin_outputFunc__C)
                  0000a534    00000004     empty_min_pem4f.oem4f (.const:xdc_runtime_System_Module__gateObj__C)
                  0000a538    00000004     empty_min_pem4f.oem4f (.const:xdc_runtime_System_abortFxn__C)
                  0000a53c    00000004     empty_min_pem4f.oem4f (.const:xdc_runtime_System_exitFxn__C)
                  0000a540    00000004     empty_min_pem4f.oem4f (.const:xdc_runtime_System_extendFxn__C)
                  0000a544    00000004     empty_min_pem4f.oem4f (.const:xdc_runtime_System_maxAtexitHandlers__C)
                  0000a548    00000004     empty_min_pem4f.oem4f (.const:xdc_runtime_Text_charTab__C)
                  0000a54c    00000004     empty_min_pem4f.oem4f (.const:xdc_runtime_Text_nameEmpty__C)
                  0000a550    00000004     empty_min_pem4f.oem4f (.const:xdc_runtime_Text_nameStatic__C)
                  0000a554    00000004     empty_min_pem4f.oem4f (.const:xdc_runtime_Text_nameUnknown__C)
                  0000a558    00000004     empty_min_pem4f.oem4f (.const:xdc_runtime_Text_nodeTab__C)
                  0000a55c    00000004     empty_min_pem4f.oem4f (.const:xdc_runtime_Text_visitRopeFxn__C)
                  0000a560    00000002     empty_min_pem4f.oem4f (.const:ti_catalog_arm_cortexm4_tiva_ce_Boot_Module__id__C)
                  0000a562    00000002     empty_min_pem4f.oem4f (.const:ti_sysbios_family_arm_m3_Hwi_Module__id__C)
                  0000a564    00000002     empty_min_pem4f.oem4f (.const:ti_sysbios_heaps_HeapMem_Module__id__C)
                  0000a566    00000002     empty_min_pem4f.oem4f (.const:xdc_runtime_Core_Module__id__C)
                  0000a568    00000002     empty_min_pem4f.oem4f (.const:xdc_runtime_Error_Module__loggerDefined__C)
                  0000a56a    00000002     empty_min_pem4f.oem4f (.const:xdc_runtime_Error_maxDepth__C)
                  0000a56c    00000002     empty_min_pem4f.oem4f (.const:xdc_runtime_Memory_Module__id__C)
                  0000a56e    00000002     empty_min_pem4f.oem4f (.const:xdc_runtime_SysMin_flushAtExit__C)
                  0000a570    00000002     empty_min_pem4f.oem4f (.const:xdc_runtime_Text_charCnt__C)
                  0000a572    00000002     empty_min_pem4f.oem4f (.const:xdc_runtime_Text_isLoaded__C)
                  0000a574    00000002     empty_min_pem4f.oem4f (.const:xdc_runtime_Text_registryModsLastId__C)
                  0000a576    00000002     empty_min_pem4f.oem4f (.const:xdc_runtime_Text_unnamedModsLastId__C)
                  0000a578    00000001     empty_min_pem4f.oem4f (.const:xdc_runtime_Error_policy__C)

.cinit     0    0000a580    000001f8     
                  0000a580    000001c1     (.cinit..data.load) [load image, compression = lzss]
                  0000a741    00000003     --HOLE-- [fill = 0]
                  0000a744    0000000c     (__TI_handler_table)
                  0000a750    00000008     (.cinit..bss.load) [load image, compression = zero_init]
                  0000a758    00000008     (.cinit..vecs.load) [load image, compression = zero_init]
                  0000a760    00000018     (__TI_cinit_table)

.init_array 
*          0    00000000    00000000     UNINITIALIZED

.resetVecs 
*          0    00000000    0000003c     
                  00000000    0000003c     empty_min_pem4f.oem4f (.resetVecs)

.bss       0    20000360    00001090     UNINITIALIZED
                  20000360    00000400     (.common:ti_sysbios_heaps_HeapMem_Instance_State_0_buf__A)
                  20000760    00000360     (.common:ti_sysbios_family_arm_m3_Hwi_dispatchTable)
                  20000ac0    00000200     (.common:task0Stack)
                  20000cc0    00000120     rtsv7M4_T_le_v4SPD16_eabi.lib : trgmsg.c.obj (.bss:_CIOBUF_)
                  20000de0    00000100     (.common:IMUTask_Stack)
                  20000ee0    000000cc     (.common:uartTivaObjects)
                  20000fac    00000090     drivers_tivaware.aem4f : GPIOTiva.oem4f (.bss:gpioCallbackInfo)
                  2000103c    00000080     (.common:i2cTivaObjects)
                  200010bc    00000080     (.common:xdc_runtime_SysMin_Module_State_0_outbuf__A)
                  2000113c    00000050     (.common:IMUTaskStruct)
                  2000118c    00000050     (.common:task0Struct)
                  200011dc    00000030     (.common:balance_buffer)
                  2000120c    00000030     (.common:buffer_left)
                  2000123c    00000030     (.common:buffer_right)
                  2000126c    00000024     (.common:BalanceControlStruct)
                  20001290    00000024     (.common:Robot_IMUstate)
                  200012b4    00000024     (.common:WheelsControlStruct)
                  200012d8    00000020     (.common:pwmTivaObjects)
                  200012f8    00000020     (.common:uartTivaRingBuffer)
                  20001318    0000001c     (.common:IMUsemStruct)
                  20001334    0000001c     (.common:Robot_MotorState)
                  20001350    00000010     (.common:IMU_Accel)
                  20001360    00000010     (.common:IMU_Gyr)
                  20001370    00000010     (.common:IMU_LastAccel)
                  20001380    00000010     (.common:IMU_LastGyr)
                  20001390    0000000c     (.common:Robot_EncoderL)
                  2000139c    0000000c     (.common:Robot_EncoderR)
                  200013a8    00000008     (.common:parmbuf)
                  200013b0    00000004     (.common:BalanceControl_Handle)
                  200013b4    00000004     (.common:IMUsemHandle)
                  200013b8    00000004     (.common:Pitch)
                  200013bc    00000004     (.common:Racc)
                  200013c0    00000004     (.common:Robot_ENCL)
                  200013c4    00000004     (.common:Robot_ENCR)
                  200013c8    00000004     (.common:Robot_IMU)
                  200013cc    00000004     (.common:Robot_Motor)
                  200013d0    00000004     (.common:Robot_uart)
                  200013d4    00000004     (.common:Roll)
                  200013d8    00000004     (.common:WheelsControl_Handle)
                  200013dc    00000004     (.common:Yaw)
                  200013e0    00000004     (.common:balance_pid)
                  200013e4    00000004     (.common:gpioInterruptVectors)
                  200013e8    00000004     (.common:pid_left)
                  200013ec    00000004     (.common:pid_right)

.data      0    200013f0    0000040a     UNINITIALIZED
                  200013f0    00000080     empty_min_pem4f.oem4f (.data:ti_sysbios_knl_Swi_Module_State_0_readyQ__A)
                  20001470    00000080     empty_min_pem4f.oem4f (.data:ti_sysbios_knl_Task_Module_State_0_readyQ__A)
                  200014f0    00000044     empty_min_pem4f.oem4f (.data:ti_sysbios_knl_Task_Module__state__V)
                  20001534    00000040     empty_min_pem4f.oem4f (.data:ti_sysbios_family_arm_lm4_Timer_Object__table__V)
                  20001574    00000038     empty_min_pem4f.oem4f (.data:ti_sysbios_gates_GateMutex_Object__table__V)
                  200015ac    00000034     empty_min_pem4f.oem4f (.data:ti_sysbios_family_arm_m3_Hwi_Module__state__V)
                  200015e0    00000030     empty_min_pem4f.oem4f (.data:ti_sysbios_family_arm_lm4_Timer_Module_State_0_device__A)
                  20001610    00000030     empty_min_pem4f.oem4f (.data:ti_sysbios_knl_Swi_Object__table__V)
                  20001640    0000002c     empty_min_pem4f.oem4f (.data:ti_sysbios_knl_Clock_Module__state__V)
                  2000166c    00000024     empty_min_pem4f.oem4f (.data:ti_sysbios_BIOS_Module__state__V)
                  20001690    0000001c     empty_min_pem4f.oem4f (.data:ti_sysbios_knl_Swi_Module__state__V)
                  200016ac    00000018     drivers_tivaware.aem4f : PWMTiva.oem4f (.data)
                  200016c4    00000018     RAP_Robot_TM4C123G.obj (.data:gpioPinConfigs)
                  200016dc    00000018     empty_min_pem4f.oem4f (.data:ti_sysbios_family_arm_lm4_Timer_Module_State_0_handles__A)
                  200016f4    00000018     empty_min_pem4f.oem4f (.data:ti_sysbios_family_arm_m3_Hwi_Object__table__V)
                  2000170c    00000018     empty_min_pem4f.oem4f (.data:ti_sysbios_heaps_HeapMem_Object__table__V)
                  20001724    00000010     Wheels.obj (.data)
                  20001734    0000000c     RAP_Robot_TM4C123G.obj (.data:gpioCallbackFunctions)
                  20001740    0000000c     empty_min_pem4f.oem4f (.data:ti_sysbios_family_arm_lm4_Timer_Module__state__V)
                  2000174c    0000000c     empty_min_pem4f.oem4f (.data:xdc_runtime_SysMin_Module__state__V)
                  20001758    00000008     rtsv7M4_T_le_v4SPD16_eabi.lib : _lock.c.obj (.data:$O1$$)
                  20001760    00000008     Balance.obj (.data)
                  20001768    00000008     empty_min_pem4f.oem4f (.data:ti_sysbios_family_arm_m3_Hwi_Module__root__V)
                  20001770    00000008     empty_min_pem4f.oem4f (.data:ti_sysbios_gates_GateHwi_Module__root__V)
                  20001778    00000008     empty_min_pem4f.oem4f (.data:ti_sysbios_gates_GateMutex_Module__root__V)
                  20001780    00000008     empty_min_pem4f.oem4f (.data:ti_sysbios_heaps_HeapMem_Module__root__V)
                  20001788    00000008     empty_min_pem4f.oem4f (.data:ti_sysbios_knl_Clock_Module__root__V)
                  20001790    00000008     empty_min_pem4f.oem4f (.data:ti_sysbios_knl_Queue_Module__root__V)
                  20001798    00000008     empty_min_pem4f.oem4f (.data:ti_sysbios_knl_Semaphore_Module__root__V)
                  200017a0    00000008     empty_min_pem4f.oem4f (.data:ti_sysbios_knl_Task_Module__root__V)
                  200017a8    00000008     empty_min_pem4f.oem4f (.data:xdc_runtime_Registry_Module__state__V)
                  200017b0    00000008     empty_min_pem4f.oem4f (.data:xdc_runtime_Startup_Module__state__V)
                  200017b8    00000008     empty_min_pem4f.oem4f (.data:xdc_runtime_System_Module_State_0_atexitHandlers__A)
                  200017c0    00000008     empty_min_pem4f.oem4f (.data:xdc_runtime_System_Module__state__V)
                  200017c8    00000005     drivers_tivaware.aem4f : GPIOTiva.oem4f (.data)
                  200017cd    00000001     --HOLE--
                  200017ce    00000002     empty_min_pem4f.oem4f (.data:ti_sysbios_family_arm_m3_Hwi_Module_State_0_excActive__A)
                  200017d0    00000004     drivers_tivaware.aem4f : I2C.oem4f (.data)
                  200017d4    00000004                            : PWM.oem4f (.data)
                  200017d8    00000004                            : UART.oem4f (.data)
                  200017dc    00000004     rtsv7M4_T_le_v4SPD16_eabi.lib : errno.c.obj (.data)
                  200017e0    00000004                                   : stkdepth_vars.c.obj (.data)
                  200017e4    00000004     empty_min_pem4f.oem4f (.data:ti_sysbios_family_arm_m3_Hwi_Module_State_0_excContext__A)
                  200017e8    00000004     empty_min_pem4f.oem4f (.data:ti_sysbios_family_arm_m3_Hwi_Module_State_0_excStack__A)
                  200017ec    00000004     empty_min_pem4f.oem4f (.data:ti_sysbios_gates_GateHwi_Object__table__V)
                  200017f0    00000004     empty_min_pem4f.oem4f (.data:ti_sysbios_knl_Task_Module_State_0_idleTask__A)
                  200017f4    00000004     empty_min_pem4f.oem4f (.data:xdc_runtime_Memory_Module__state__V)
                  200017f8    00000002     empty_min_pem4f.oem4f (.data:xdc_runtime_Error_Module__state__V)

.stack     0    20001800    00000300     UNINITIALIZED
                  20001800    00000300     --HOLE--

.bootVecs 
*          0    00000000    00000008     DSECT
                  00000000    00000008     boot.aem4f : boot.oem4f (.bootVecs)

.vecs      0    20000000    00000360     UNINITIALIZED
                  20000000    00000360     empty_min_pem4f.oem4f (.vecs)

xdc.meta   0    00000000    000000f6     COPY SECTION
                  00000000    000000f6     empty_min_pem4f.oem4f (xdc.meta)

MODULE SUMMARY

       Module                       code    ro data   rw data
       ------                       ----    -------   -------
    ./
       RAP_Robot.obj                522     0         700    
    +--+----------------------------+-------+---------+---------+
       Total:                       522     0         700    
                                                             
    ./Robot/
       IMUSensor.obj                968     0         448    
       Wheels.obj                   498     0         160    
    +--+----------------------------+-------+---------+---------+
       Total:                       1466    0         608    
                                                             
    ./Robot/Control/
       Balance.obj                  506     0         100    
       PID.obj                      318     0         0      
    +--+----------------------------+-------+---------+---------+
       Total:                       824     0         100    
                                                             
    ./Robot/Drivers/RAP_Drivers/
       IMU.obj                      1234    16        0      
       MotorDriver.obj              870     0         0      
       Encoder.obj                  464     0         0      
    +--+----------------------------+-------+---------+---------+
       Total:                       2568    16        0      
                                                             
    ./Robot/Drivers/Tools/
       UART_tools.obj               352     0         0      
    +--+----------------------------+-------+---------+---------+
       Total:                       352     0         0      
                                                             
    ./Robot/RAP_Robot_Board_Hw/
       RAP_Robot_TM4C123G.obj       296     212       432    
       Robot_Hw_Ctl.obj             508     0         0      
    +--+----------------------------+-------+---------+---------+
       Total:                       804     212       432    
                                                             
    /home/josepablocb/Workspace/VoltaRobotics/Tests/RAP_Robot/Debug/configPkg/package/cfg/
       empty_min_pem4f.oem4f        1884    7609      3796   
    +--+----------------------------+-------+---------+---------+
       Total:                       1884    7609      3796   
                                                             
    /home/josepablocb/Workspace/VoltaRobotics/Tests/RAP_Robot/src/sysbios/sysbios.aem4f
       BIOS.obj                     8950    0         0      
       m3_Hwi_asm.obj               314     0         0      
       m3_TaskSupport_asm.obj       180     0         0      
       m3_Hwi_asm_switch.obj        118     0         0      
    +--+----------------------------+-------+---------+---------+
       Total:                       9562    0         0      
                                                             
    /home/josepablocb/ti/ccsv7/tools/compiler/ti-cgt-arm_18.1.0.LTS/lib/rtsv7M4_T_le_v4SPD16_eabi.lib
[...]
0000845f  I2CMasterIntEnable                                                
00008465  I2CTiva_control                                                   
0000846b  UARTFIFOLevelSet                                                  
00008471  UARTRxErrorClear                                                  
00008477  ti_catalog_arm_cortexm4_tiva_ce_Boot_sysCtlDelayI__I              
00008481  ti_sysbios_family_arm_m3_Hwi_doTaskRestore__I                     
00008489  ti_sysbios_family_arm_m3_Hwi_restoreFxn__E                        
00008489  ti_sysbios_hal_Hwi_HwiProxy_restore__E                            
00008491  ti_sysbios_gates_GateHwi_leave__E                                 
00008499  ti_sysbios_heaps_HeapMem_isBlocking__E                            
000084a1  ti_sysbios_knl_Clock_stop__E                                      
000084a9  ti_sysbios_knl_Queue_Instance_init__E                             
000084b1  ti_sysbios_knl_Swi_startup__E                                     
000084b7  xdc_runtime_System_Module_startup__E                              
000084c1  ti_sysbios_gates_GateHwi_query__E                                 
000084c1  xdc_runtime_Main_Module_GateProxy_query__E                        
000084c1  xdc_runtime_System_Module_GateProxy_query__E                      
000084c9  ti_sysbios_BIOS_RtsGateProxy_query__E                             
000084c9  ti_sysbios_gates_GateMutex_query__E                               
000084c9  ti_sysbios_heaps_HeapMem_Module_GateProxy_query__E                
000084d1  ti_sysbios_knl_Task_startup__E                                    
000084d9  ti_sysbios_gates_GateHwi_Instance_init__E                         
000084e1  ti_sysbios_knl_Clock_logTick__E                                   
000084e4  xdc_runtime_Text_charTab__A                                       
00009d28  xdc_runtime_Text_nodeTab__A                                       
00009fa4  PWM_config                                                        
00009fe0  ti_sysbios_knl_Task_Object__PARAMS__C                             
0000a01c  pwmTivaHWAttrs                                                    
0000a04c  ti_sysbios_family_arm_m3_Hwi_Object__PARAMS__C                    
0000a07c  UARTTiva_fxnTable                                                 
0000a0a4  ti_sysbios_heaps_HeapMem_Module__FXNS__C                          
0000a0cc  UART_defaultParams                                                
0000a0f0  ti_sysbios_gates_GateHwi_Module__FXNS__C                          
0000a114  ti_sysbios_gates_GateMutex_Module__FXNS__C                        
0000a138  ti_sysbios_heaps_HeapMem_Object__PARAMS__C                        
0000a15c  ti_sysbios_knl_Clock_Object__PARAMS__C                            
0000a180  ti_sysbios_knl_Semaphore_Object__PARAMS__C                        
0000a1a4  PWMTiva_fxnTable                                                  
0000a1c0  PWMTiva_MAX_PRESCALAR                                             
0000a1c2  PWMTiva_MAX_MATCH_VALUE                                           
0000a1c4  ti_sysbios_family_arm_m3_Hwi_Object__DESC__C                      
0000a1e4  ti_sysbios_gates_GateHwi_Object__DESC__C                          
0000a204  ti_sysbios_gates_GateMutex_Object__DESC__C                        
0000a224  ti_sysbios_heaps_HeapMem_Object__DESC__C                          
0000a244  ti_sysbios_knl_Clock_Object__DESC__C                              
0000a264  ti_sysbios_knl_Queue_Object__DESC__C                              
0000a284  ti_sysbios_knl_Semaphore_Object__DESC__C                          
0000a2a4  ti_sysbios_knl_Task_Object__DESC__C                               
0000a2c4  xdc_runtime_Startup_sfxnTab__A                                    
0000a2e4  I2CTiva_fxnTable                                                  
0000a318  I2C_config                                                        
0000a330  UART_config                                                       
0000a348  ti_sysbios_gates_GateHwi_Object__PARAMS__C                        
0000a360  ti_sysbios_gates_GateMutex_Object__PARAMS__C                      
0000a378  ti_sysbios_knl_Queue_Object__PARAMS__C                            
0000a390  uartTivaHWAttrs                                                   
0000a3a8  GPIOTiva_config                                                   
0000a3bc  xdc_runtime_Startup_firstFxns__A                                  
0000a3d0  I2C_defaultParams                                                 
0000a3f0  xdc_runtime_Startup_sfxnRts__A                                    
0000a400  PWM_defaultParams                                                 
0000a40c  i2cTivaHWAttrs                                                    
0000a418  ti_sysbios_family_arm_m3_Hwi_excHookFuncs__A                      
0000a420  ti_sysbios_knl_Idle_funcList__C                                   
0000a428  xdc_runtime_Startup_firstFxns__C                                  
0000a430  xdc_runtime_Startup_lastFxns__C                                   
0000a438  ti_catalog_arm_cortexm4_tiva_ce_Boot_A_mustUseEnhancedClockMode__C
0000a43c  ti_catalog_arm_cortexm4_tiva_ce_Boot_Module__diagsEnabled__C      
0000a440  ti_catalog_arm_cortexm4_tiva_ce_Boot_Module__diagsIncluded__C     
0000a444  ti_catalog_arm_cortexm4_tiva_ce_Boot_Module__diagsMask__C         
0000a448  ti_sysbios_family_arm_lm4_Timer_enableFunc__C                     
0000a44c  ti_sysbios_family_arm_lm4_Timer_numTimerDevices__C                
0000a450  ti_sysbios_family_arm_lm4_Timer_startupNeeded__C                  
0000a454  ti_sysbios_family_arm_m3_Hwi_E_NMI__C                             
0000a458  ti_sysbios_family_arm_m3_Hwi_E_alreadyDefined__C                  
0000a45c  ti_sysbios_family_arm_m3_Hwi_E_busFault__C                        
0000a460  ti_sysbios_family_arm_m3_Hwi_E_debugMon__C                        
0000a464  ti_sysbios_family_arm_m3_Hwi_E_hardFault__C                       
0000a468  ti_sysbios_family_arm_m3_Hwi_E_memFault__C                        
0000a46c  ti_sysbios_family_arm_m3_Hwi_E_noIsr__C                           
0000a470  ti_sysbios_family_arm_m3_Hwi_E_reserved__C                        
0000a474  ti_sysbios_family_arm_m3_Hwi_E_svCall__C                          
0000a478  ti_sysbios_family_arm_m3_Hwi_E_usageFault__C                      
0000a47c  ti_sysbios_family_arm_m3_Hwi_NUM_INTERRUPTS__C                    
0000a480  ti_sysbios_family_arm_m3_Hwi_Object__count__C                     
0000a484  ti_sysbios_family_arm_m3_Hwi_ccr__C                               
0000a488  ti_sysbios_family_arm_m3_Hwi_excHandlerFunc__C                    
0000a48c  ti_sysbios_family_arm_m3_Hwi_excHookFuncs__C                      
0000a490  ti_sysbios_family_arm_m3_Hwi_nullIsrFunc__C                       
0000a494  ti_sysbios_family_arm_m3_Hwi_priGroup__C                          
0000a498  ti_sysbios_family_arm_m3_TaskSupport_stackAlignment__C            
0000a49c  ti_sysbios_gates_GateMutex_Instance_State_sem__O                  
0000a4a0  ti_sysbios_heaps_HeapMem_E_memory__C                              
0000a4a4  ti_sysbios_heaps_HeapMem_Module__gateObj__C                       
0000a4a8  ti_sysbios_heaps_HeapMem_Object__count__C                         
0000a4ac  ti_sysbios_heaps_HeapMem_reqAlign__C                              
0000a4b0  ti_sysbios_knl_Clock_Module_State_clockQ__O                       
0000a4b4  ti_sysbios_knl_Semaphore_Instance_State_pendQ__O                  
0000a4b8  ti_sysbios_knl_Swi_Object__count__C                               
0000a4bc  ti_sysbios_knl_Task_Module_State_inactiveQ__O                     
0000a4c0  ti_sysbios_knl_Task_Object__count__C                              
0000a4c4  ti_sysbios_knl_Task_allBlockedFunc__C                             
0000a4c8  ti_sysbios_knl_Task_defaultStackHeap__C                           
0000a4cc  ti_sysbios_knl_Task_defaultStackSize__C                           
0000a4d0  ti_sysbios_knl_Task_numConstructedTasks__C                        
0000a4d4  xdc_runtime_Assert_E_assertFailed__C                              
0000a4d8  xdc_runtime_Core_A_initializedParams__C                           
0000a4dc  xdc_runtime_Core_Module__diagsEnabled__C                          
0000a4e0  xdc_runtime_Core_Module__diagsIncluded__C                         
0000a4e4  xdc_runtime_Core_Module__diagsMask__C                             
0000a4e8  xdc_runtime_Error_E_memory__C                                     
0000a4ec  xdc_runtime_Error_Module__diagsEnabled__C                         
0000a4f0  xdc_runtime_Error_Module__diagsIncluded__C                        
0000a4f4  xdc_runtime_Error_Module__diagsMask__C                            
0000a4f8  xdc_runtime_Error_Module__loggerFxn8__C                           
0000a4fc  xdc_runtime_Error_Module__loggerObj__C                            
0000a500  xdc_runtime_Error_policyFxn__C                                    
0000a504  xdc_runtime_Error_raiseHook__C                                    
0000a508  xdc_runtime_IGateProvider_Interface__BASE__C                      
0000a50c  xdc_runtime_IHeap_Interface__BASE__C                              
0000a510  xdc_runtime_IModule_Interface__BASE__C                            
0000a514  xdc_runtime_Log_L_error__C                                        
0000a518  xdc_runtime_Memory_defaultHeapInstance__C                         
0000a51c  xdc_runtime_Startup_execImpl__C                                   
0000a520  xdc_runtime_Startup_maxPasses__C                                  
0000a524  xdc_runtime_Startup_sfxnRts__C                                    
0000a528  xdc_runtime_Startup_sfxnTab__C                                    
0000a52c  xdc_runtime_SysMin_bufSize__C                                     
0000a530  xdc_runtime_SysMin_outputFunc__C                                  
0000a534  xdc_runtime_System_Module__gateObj__C                             
0000a538  xdc_runtime_System_abortFxn__C                                    
0000a53c  xdc_runtime_System_exitFxn__C                                     
0000a540  xdc_runtime_System_extendFxn__C                                   
0000a544  xdc_runtime_System_maxAtexitHandlers__C                           
0000a548  xdc_runtime_Text_charTab__C                                       
0000a54c  xdc_runtime_Text_nameEmpty__C                                     
0000a550  xdc_runtime_Text_nameStatic__C                                    
0000a554  xdc_runtime_Text_nameUnknown__C                                   
0000a558  xdc_runtime_Text_nodeTab__C                                       
0000a55c  xdc_runtime_Text_visitRopeFxn__C                                  
0000a560  ti_catalog_arm_cortexm4_tiva_ce_Boot_Module__id__C                
0000a562  ti_sysbios_family_arm_m3_Hwi_Module__id__C                        
0000a564  ti_sysbios_heaps_HeapMem_Module__id__C                            
0000a566  xdc_runtime_Core_Module__id__C                                    
0000a568  xdc_runtime_Error_Module__loggerDefined__C                        
0000a56a  xdc_runtime_Error_maxDepth__C                                     
0000a56c  xdc_runtime_Memory_Module__id__C                                  
0000a56e  xdc_runtime_SysMin_flushAtExit__C                                 
0000a570  xdc_runtime_Text_charCnt__C                                       
0000a572  xdc_runtime_Text_isLoaded__C                                      
0000a574  xdc_runtime_Text_registryModsLastId__C                            
0000a576  xdc_runtime_Text_unnamedModsLastId__C                             
0000a578  xdc_runtime_Error_policy__C                                       
0000a580  __TI_static_base__                                                
0000a744  __TI_Handler_Table_Base                                           
0000a750  __TI_Handler_Table_Limit                                          
0000a760  __TI_CINIT_Base                                                   
0000a778  __TI_CINIT_Limit                                                  
20000000  ti_sysbios_family_arm_m3_Hwi_ramVectors                           
20000360  ti_sysbios_heaps_HeapMem_Instance_State_0_buf__A                  
20000760  ti_sysbios_family_arm_m3_Hwi_dispatchTable                        
20000ac0  task0Stack                                                        
20000cc0  __CIOBUF_                                                         
20000de0  IMUTask_Stack                                                     
20000ee0  uartTivaObjects                                                   
2000103c  i2cTivaObjects                                                    
200010bc  xdc_runtime_SysMin_Module_State_0_outbuf__A                       
2000113c  IMUTaskStruct                                                     
2000118c  task0Struct                                                       
200011dc  balance_buffer                                                    
2000120c  buffer_left                                                       
2000123c  buffer_right                                                      
2000126c  BalanceControlStruct                                              
20001290  Robot_IMUstate                                                    
200012b4  WheelsControlStruct                                               
200012d8  pwmTivaObjects                                                    
200012f8  uartTivaRingBuffer                                                
20001318  IMUsemStruct                                                      
20001334  Robot_MotorState                                                  
20001350  IMU_Accel                                                         
20001360  IMU_Gyr                                                           
20001370  IMU_LastAccel                                                     
20001380  IMU_LastGyr                                                       
20001390  Robot_EncoderL                                                    
2000139c  Robot_EncoderR                                                    
200013a8  parmbuf                                                           
200013b0  BalanceControl_Handle                                             
200013b4  IMUsemHandle                                                      
200013b8  Pitch                                                             
200013bc  Racc                                                              
200013c0  Robot_ENCL                                                        
200013c4  Robot_ENCR                                                        
200013c8  Robot_IMU                                                         
200013cc  Robot_Motor                                                       
200013d0  Robot_uart                                                        
200013d4  Roll                                                              
200013d8  WheelsControl_Handle                                              
200013dc  Yaw                                                               
200013e0  balance_pid                                                       
200013e8  pid_left                                                          
200013ec  pid_right                                                         
200013f0  ti_sysbios_knl_Swi_Module_State_0_readyQ__A                       
20001470  ti_sysbios_knl_Task_Module_State_0_readyQ__A                      
200014f0  ti_sysbios_knl_Task_Module__state__V                              
20001534  ti_sysbios_family_arm_lm4_Timer_Object__table__V                  
20001574  ti_sysbios_gates_GateMutex_Object__table__V                       
200015ac  ti_sysbios_family_arm_m3_Hwi_Module__state__V                     
200015e0  ti_sysbios_family_arm_lm4_Timer_Module_State_0_device__A          
20001610  ti_sysbios_knl_Swi_Object__table__V                               
20001640  ti_sysbios_knl_Clock_Module__state__V                             
2000166c  ti_sysbios_BIOS_Module__state__V                                  
20001690  ti_sysbios_knl_Swi_Module__state__V                               
200016c4  gpioPinConfigs                                                    
200016dc  ti_sysbios_family_arm_lm4_Timer_Module_State_0_handles__A         
200016f4  ti_sysbios_family_arm_m3_Hwi_Object__table__V                     
2000170c  ti_sysbios_heaps_HeapMem_Object__table__V                         
20001724  input_L                                                           
20001728  input_R                                                           
2000172c  output_L                                                          
20001730  output_R                                                          
20001734  gpioCallbackFunctions                                             
20001740  ti_sysbios_family_arm_lm4_Timer_Module__state__V                  
2000174c  xdc_runtime_SysMin_Module__state__V                               
20001758  _lock                                                             
2000175c  _unlock                                                           
20001760  input                                                             
20001764  output                                                            
20001768  ti_sysbios_family_arm_m3_Hwi_Module__root__V                      
20001770  ti_sysbios_gates_GateHwi_Module__root__V                          
20001778  ti_sysbios_gates_GateMutex_Module__root__V                        
20001780  ti_sysbios_heaps_HeapMem_Module__root__V                          
20001788  ti_sysbios_knl_Clock_Module__root__V                              
20001790  ti_sysbios_knl_Queue_Module__root__V                              
20001798  ti_sysbios_knl_Semaphore_Module__root__V                          
200017a0  ti_sysbios_knl_Task_Module__root__V                               
200017a8  xdc_runtime_Registry_Module__state__V                             
200017b0  xdc_runtime_Startup_Module__state__V                              
200017b8  xdc_runtime_System_Module_State_0_atexitHandlers__A               
200017c0  xdc_runtime_System_Module__state__V                               
200017ce  ti_sysbios_family_arm_m3_Hwi_Module_State_0_excActive__A          
200017dc  errno                                                             
200017e0  main_func_sp                                                      
200017e4  ti_sysbios_family_arm_m3_Hwi_Module_State_0_excContext__A         
200017e8  ti_sysbios_family_arm_m3_Hwi_Module_State_0_excStack__A           
200017ec  ti_sysbios_gates_GateHwi_Object__table__V                         
200017f0  ti_sysbios_knl_Task_Module_State_0_idleTask__A                    
200017f4  xdc_runtime_Memory_Module__state__V                               
200017f8  xdc_runtime_Error_Module__state__V                                
20001800  __stack                                                           
20001b00  __STACK_END                                                       
e000e000  ti_sysbios_family_arm_m3_Hwi_nvic                                 
ffffffff  __TI_pprof_out_hndl                                               
ffffffff  __TI_prof_data_size                                               
ffffffff  __TI_prof_data_start                                              
ffffffff  __binit__                                                         
ffffffff  __c_args__                                                        
ffffffff  binit                                                             
UNDEFED   SHT$$INIT_ARRAY$$Base                                             
UNDEFED   SHT$$INIT_ARRAY$$Limit                                            

[732 symbols]
