******************************************************************************
                  TI ARM Linker Unix v18.1.0                   
******************************************************************************
>> Linked Fri Mar  2 10:55:50 2018

OUTPUT FILE NAME:   <RAP_Robot.out>
ENTRY POINT SYMBOL: "_c_int00"  address: 00005cb9


MEMORY CONFIGURATION

         name            origin    length      used     unused   attr    fill
----------------------  --------  ---------  --------  --------  ----  --------
  FLASH                 00000000   00040000  0000a84b  000357b5  R  X
  SRAM                  20000000   00008000  00001b27  000064d9  RW X


SEGMENT ALLOCATION MAP

run origin  load origin   length   init length attrs members
----------  ----------- ---------- ----------- ----- -------
00000000    00000000    0000a858   0000a858    r-x
  00000000    00000000    0000003c   0000003c    r-- .resetVecs
  00000040    00000040    00008572   00008572    r-x .text
  000085b4    000085b4    000020a5   000020a5    r-- .const
  0000a660    0000a660    000001f8   000001f8    r-- .cinit
20000000    20000000    00001b30   00000000    rw-
  20000000    20000000    00000360   00000000    rw- .vecs
  20000360    20000360    000010b5   00000000    rw- .bss
  20001418    20001418    00000412   00000000    rw- .data
  20001830    20001830    00000300   00000000    rw- .stack


SECTION ALLOCATION MAP

 output                                  attributes/
section   page    origin      length       input sections
--------  ----  ----------  ----------   ----------------
.text      0    00000040    00008572     
                  00000040    00000580     rtsv7M4_T_le_v4SPD16_eabi.lib : e_powf.c.obj (.text:powf)
                  000005c0    00000430     sysbios.aem4f : BIOS.obj (.text:ti_sysbios_family_arm_m3_Hwi_excDumpRegs__I)
                  000009f0    0000034c     ti.targets.arm.rtsarm.aem4f : System.oem4f (.text:xdc_runtime_System_doPrint__I)
                  00000d3c    0000020c     drivers_tivaware.aem4f : UARTTiva.oem4f (.text:UARTTiva_open)
                  00000f48    000001fc     sysbios.aem4f : BIOS.obj (.text:ti_sysbios_family_arm_m3_Hwi_excHandlerMax__I)
                  00001144    000001e4     MotorDriver.obj (.text:MotorDriver_open)
                  00001328    000001b6     rtsv7M4_T_le_v4SPD16_eabi.lib : fd_add_t2.asm.obj (.text)
                  000014de    00000002                                   : _lock.c.obj (.text:_nop)
                  000014e0    0000019c     IMU.obj (.text:IMU_Sensor_Init_Magnetometer)
                  0000167c    00000194     rtsv7M4_T_le_v4SPD16_eabi.lib : e_acosf.c.obj (.text:acosf)
                  00001810    00000190     RAP_Robot.obj (.text:Task0)
                  000019a0    00000174     sysbios.aem4f : BIOS.obj (.text:ti_sysbios_family_arm_m3_Hwi_excBusFault__I)
                  00001b14    00000170     drivers_tivaware.aem4f : PWMTiva.oem4f (.text:PWMTiva_open)
                  00001c84    00000004     driverlib.lib : i2c.obj (.text:I2CMasterControl)
                  00001c88    00000164     sysbios.aem4f : BIOS.obj (.text:ti_sysbios_family_arm_m3_Hwi_excUsageFault__I)
                  00001dec    00000004     driverlib.lib : i2c.obj (.text:I2CMasterDataGet)
                  00001df0    00000154     sysbios.aem4f : BIOS.obj (.text:ti_sysbios_knl_Semaphore_pend__E)
                  00001f44    00000150     drivers_tivaware.aem4f : GPIOTiva.oem4f (.text:GPIO_setConfig)
                  00002094    00000004     driverlib.lib : i2c.obj (.text:I2CMasterDataPut)
                  00002098    00000148     sysbios.aem4f : BIOS.obj (.text:ti_sysbios_family_arm_m3_Hwi_excMemFault__I)
                  000021e0    00000136     rtsv7M4_T_le_v4SPD16_eabi.lib : fd_div_t2.asm.obj (.text)
                  00002316    00000130     driverlib.lib : gpio.obj (.text:GPIOPadConfigSet)
                  00002446    00000002     rtsv7M4_T_le_v4SPD16_eabi.lib : div0.asm.obj (.text)
                  00002448    0000012c     Robot_Hw_Ctl.obj (.text:Robot_init)
                  00002574    00000118     ti.targets.arm.rtsarm.aem4f : Error.oem4f (.text:xdc_runtime_Error_policyDefault__E)
                  0000268c    0000010c     IMUSensor.obj (.text:Filter)
                  00002798    00000108     Balance.obj (.text:Balance_Init)
                  000028a0    00000108     Robot_Hw_Ctl.obj (.text:Robot_EnableIMU)
                  000029a8    00000108     sysbios.aem4f : BIOS.obj (.text:ti_sysbios_family_arm_lm4_Timer_start__E)
                  00002ab0    00000100     IMUSensor.obj (.text:IMUTask)
                  00002bb0    00000100     Boot.aem4f : Boot_sysctl.oem4f (.text:ti_catalog_arm_cortexm4_tiva_ce_Boot_sysCtlClockSetI__I)
                  00002cb0    00000100     ti.targets.arm.rtsarm.aem4f : Core-mem.oem4f (.text:xdc_runtime_Core_createObject__I)
                  00002db0    000000fc     rtsv7M4_T_le_v4SPD16_eabi.lib : fd_mul_t2.asm.obj (.text)
                  00002eac    000000f8     ti.targets.arm.rtsarm.aem4f : Startup.oem4f (.text:xdc_runtime_Startup_startMods__I)
                  00002fa4    000000f8     empty_min_pem4f.oem4f (.text:xdc_runtime_System_printfExtend__I)
                  0000309c    000000f4     sysbios.aem4f : m3_Hwi_asm.obj (.text:ti_sysbios_family_arm_m3_Hwi_dispatch__I)
                  00003190    000000f0     drivers_tivaware.aem4f : PWMTiva.oem4f (.text:PWMTiva_setDuty)
                  00003280    000000ec     Wheels.obj (.text:Wheels_init)
                  0000336c    000000e8     IMUSensor.obj (.text:IMUSensor_init)
                  00003454    000000e8     IMU.obj (.text:IMU_ReadAccelerometer)
                  0000353c    000000e8     IMU.obj (.text:IMU_ReadGyroscope)
                  00003624    000000e0     drivers_tivaware.aem4f : I2CTiva.oem4f (.text:I2CTiva_open)
                  00003704    000000e0     UART_tools.obj (.text:UART_readFloat)
                  000037e4    000000de     PID.obj (.text:PID_Compute)
                  000038c2    00000006     driverlib.lib : gpio.obj (.text:GPIOIntClear)
                  000038c8    000000dc     sysbios.aem4f : BIOS.obj (.text:ti_sysbios_knl_Task_sleep__E)
                  000039a4    000000d6     drivers_tivaware.aem4f : I2CTiva.oem4f (.text:I2CTiva_hwiFxn)
                  00003a7a    00000002     empty_min_pem4f.oem4f (.text:ti_sysbios_BIOS_nullFunc__I)
                  00003a7c    000000d4     Encoder.obj (.text:Encoder_open)
                  00003b50    000000d4     sysbios.aem4f : BIOS.obj (.text:ti_sysbios_heaps_HeapMem_alloc__E)
                  00003c24    000000d0     rtsv7M4_T_le_v4SPD16_eabi.lib : s_scalbnf.c.obj (.text:scalbnf)
                  00003cf4    00000004     driverlib.lib : qei.obj (.text:QEIPositionSet)
                  00003cf8    000000cc     sysbios.aem4f : BIOS.obj (.text:ti_sysbios_knl_Task_Instance_init__E)
                  00003dc4    000000cc     ti.targets.arm.rtsarm.aem4f : Core-smem.oem4f (.text:xdc_runtime_Core_constructObject__I)
                  00003e90    000000bc     sysbios.aem4f : BIOS.obj (.text:ti_sysbios_family_arm_m3_Hwi_excDebugMon__I)
                  00003f4c    00000004     driverlib.lib : qei.obj (.text:QEIVelocityGet)
                  00003f50    000000bc     sysbios.aem4f : BIOS.obj (.text:ti_sysbios_family_arm_m3_Hwi_excHardFault__I)
                  0000400c    00000004     driverlib.lib : uart.obj (.text:UARTIntClear)
                  00004010    000000bc     sysbios.aem4f : BIOS.obj (.text:ti_sysbios_knl_Task_Instance_finalize__E)
                  000040cc    000000b0     IMU.obj (.text:IMU_open)
                  0000417c    000000ac     drivers_tivaware.aem4f : UARTTiva.oem4f (.text:readTaskBlocking)
                  00004228    000000ac     sysbios.aem4f : BIOS.obj (.text:ti_sysbios_family_arm_lm4_Timer_enableTiva__I)
                  000042d4    000000a0     auto_init.aem4f : auto_init.oem4f (.text)
                  00004374    000000a0     ti.targets.arm.rtsarm.aem4f : Text.oem4f (.text:xdc_runtime_Text_putMod__E)
                  00004414    0000009c     rtsv7M4_T_le_v4SPD16_eabi.lib : memcpy_t2.asm.obj (.text)
                  000044b0    0000009a     ti.targets.arm.rtsarm.aem4f : Text.oem4f (.text:xdc_runtime_Text_putSite__E)
                  0000454a    00000098     drivers_tivaware.aem4f : UARTTiva.oem4f (.text:UARTTiva_readPolling)
                  000045e2    00000002     empty_min_pem4f.oem4f (.text:xdc_runtime_Startup_reset__I)
                  000045e4    00000098     Boot.aem4f : Boot.oem4f (.text:ti_catalog_arm_cortexm4_tiva_ce_Boot_sysCtlClockSet__E)
                  0000467c    00000094     drivers_tivaware.aem4f : UARTTiva.oem4f (.text:UARTTiva_write)
                  00004710    00000094     sysbios.aem4f : BIOS.obj (.text:ti_sysbios_family_arm_m3_Hwi_Instance_init__E)
                  000047a4    00000004     rtsv7M4_T_le_v4SPD16_eabi.lib : exit.c.obj (.text:abort:abort)
                  000047a8    00000094     sysbios.aem4f : BIOS.obj (.text:ti_sysbios_family_arm_m3_Hwi_initNVIC__E)
                  0000483c    00000004     empty_min_pem4f.oem4f (.text:ti_sysbios_BIOS_RtsGateProxy_enter__E)
                  00004840    00000094     sysbios.aem4f : BIOS.obj (.text:ti_sysbios_knl_Task_postInit__I)
                  000048d4    0000008c     drivers_tivaware.aem4f : GPIOTiva.oem4f (.text:GPIO_init)
                  00004960    0000008c                            : UARTTiva.oem4f (.text:UARTTiva_control)
                  000049ec    0000008c     sysbios.aem4f : m3_TaskSupport_asm.obj (.text:ti_sysbios_family_arm_m3_TaskSupport_buildTaskStack)
                  00004a78    0000008a     drivers_tivaware.aem4f : UARTTiva.oem4f (.text:readIsrTextBlocking)
                  00004b02    00000002     --HOLE-- [fill = 0]
                  00004b04    00000088                            : PWMTiva.oem4f (.text:PWMTiva_control)
                  00004b8c    00000084     Encoder.obj (.text:Encoder_ReadVelocity)
                  00004c10    00000084     sysbios.aem4f : BIOS.obj (.text:ti_sysbios_family_arm_m3_Hwi_postInit__I)
                  00004c94    00000082     drivers_tivaware.aem4f : UARTTiva.oem4f (.text:readIsrTextCallback)
                  00004d16    00000002     --HOLE-- [fill = 0]
                  00004d18    00000080     Balance.obj (.text:Balance_calibrate)
                  00004d98    0000007e     drivers_tivaware.aem4f : I2CTiva.oem4f (.text:I2CTiva_transfer)
                  00004e16    00000002     --HOLE-- [fill = 0]
                  00004e18    0000007c     sysbios.aem4f : BIOS.obj (.text:ti_sysbios_heaps_HeapMem_free__E)
                  00004e94    0000007a     driverlib.lib : adc.obj (.text:ADCSequenceStepConfigure)
                  00004f0e    0000007a     MotorDriver.obj (.text:MotorDriver_Left)
                  00004f88    0000007a     MotorDriver.obj (.text:MotorDriver_Right)
                  00005002    0000007a     drivers_tivaware.aem4f : UARTTiva.oem4f (.text:readTaskCallback)
                  0000507c    0000007a     rtsv7M4_T_le_v4SPD16_eabi.lib : memset_t2.asm.obj (.text)
                  000050f6    00000002     --HOLE-- [fill = 0]
                  000050f8    00000078     Encoder.obj (.text:Encoder_init)
                  00005170    00000078     Balance.obj (.text:__Balance_Control__)
                  000051e8    00000074     Wheels.obj (.text:__WheelsControl__)
                  0000525c    00000004     empty_min_pem4f.oem4f (.text:ti_sysbios_BIOS_RtsGateProxy_leave__E)
                  00005260    00000070     sysbios.aem4f : BIOS.obj (.text:ti_sysbios_knl_Clock_workFunc__E)
                  000052d0    00000070                   : BIOS.obj (.text:ti_sysbios_knl_Task_exit__E)
                  00005340    0000006e     rtsv7M4_T_le_v4SPD16_eabi.lib : fd_tos_t2.asm.obj (.text)
                  000053ae    00000002     --HOLE-- [fill = 0]
                  000053b0    0000006d     ti.targets.arm.rtsarm.aem4f : System.oem4f (.text:xdc_runtime_System_formatNum__I)
                  0000541d    00000003     --HOLE-- [fill = 0]
                  00005420    0000006c     sysbios.aem4f : BIOS.obj (.text:ti_sysbios_knl_Swi_restoreHwi__E)
                  0000548c    0000006c     drivers_tivaware.aem4f : UARTTiva.oem4f (.text:writeData)
                  000054f8    0000006c     ti.targets.arm.rtsarm.aem4f : Error.oem4f (.text:xdc_runtime_Error_print__E)
                  00005564    0000006c                                 : Memory.oem4f (.text:xdc_runtime_Memory_alloc__E)
                  000055d0    0000006a     drivers_tivaware.aem4f : PWMTiva.oem4f (.text:PWMTiva_close)
                  0000563a    00000068     rtsv7M4_T_le_v4SPD16_eabi.lib : copy_decompress_lzss.c.obj (.text:decompress:lzss:__TI_decompress_lzss)
                  000056a2    00000066     ti.targets.arm.rtsarm.aem4f : Core-mem.oem4f (.text:xdc_runtime_Core_deleteObject__I)
                  00005708    00000064     drivers_tivaware.aem4f : GPIOTiva.oem4f (.text:GPIO_hwiIntFxn)
                  0000576c    00000004     sysbios.aem4f : BIOS.obj (.text:ti_sysbios_family_arm_lm4_Timer_masterEnable__I)
                  00005770    00000064                   : BIOS.obj (.text:ti_sysbios_family_arm_lm4_Timer_Module_startup__E)
                  000057d4    00000064     empty_min_pem4f.oem4f (.text:ti_sysbios_family_arm_m3_Hwi_create)
                  00005838    00000064     sysbios.aem4f : BIOS.obj (.text:ti_sysbios_family_arm_m3_Hwi_dispatchC__I)
                  0000589c    00000004     empty_min_pem4f.oem4f (.text:ti_sysbios_family_arm_m3_Hwi_destruct)
                  000058a0    00000064     sysbios.aem4f : BIOS.obj (.text:ti_sysbios_knl_Semaphore_post__E)
                  00005904    00000062     drivers_tivaware.aem4f : I2CTiva.oem4f (.text:I2CTiva_primeTransfer)
                  00005966    00000062     IMU.obj (.text:IMU_ReadRegister)
                  000059c8    00000060     PID.obj (.text:newPIDComputer)
                  00005a28    0000005e     drivers_tivaware.aem4f : UARTTiva.oem4f (.text:readIsrBinaryBlocking)
                  00005a86    00000002     --HOLE-- [fill = 0]
                  00005a88    0000005c     sysbios.aem4f : BIOS.obj (.text:ti_sysbios_knl_Swi_run__I)
                  00005ae4    00000004     empty_min_pem4f.oem4f (.text:ti_sysbios_family_arm_m3_TaskSupport_Module__startupDone__S)
                  00005ae8    0000005c     sysbios.aem4f : BIOS.obj (.text:ti_sysbios_knl_Swi_schedule__I)
                  00005b44    00000004     empty_min_pem4f.oem4f (.text:ti_sysbios_heaps_HeapMem_Module_GateProxy_enter__E)
                  00005b48    0000005c     sysbios.aem4f : BIOS.obj (.text:ti_sysbios_knl_Task_Module_startup__E)
                  00005ba4    00000004     empty_min_pem4f.oem4f (.text:ti_sysbios_heaps_HeapMem_Module_GateProxy_leave__E)
                  00005ba8    0000005c     sysbios.aem4f : BIOS.obj (.text:ti_sysbios_knl_Task_startCore__E)
                  00005c04    0000005b     ti.targets.arm.rtsarm.aem4f : Text.oem4f (.text:xdc_runtime_Text_putLab__E)
                  00005c5f    00000001     --HOLE-- [fill = 0]
                  00005c60    00000058     rtsv7M4_T_le_v4SPD16_eabi.lib : hostwrite.c.obj (.text:HOSTwrite)
                  00005cb8    00000058     boot.aem4f : boot.oem4f (.text)
                  00005d10    00000058     empty_min_pem4f.oem4f (.text:ti_sysbios_family_arm_m3_Hwi_construct)
                  00005d68    00000058     sysbios.aem4f : m3_Hwi_asm_switch.obj (.text:ti_sysbios_family_arm_m3_Hwi_initStacks__E)
                  00005dc0    00000056     driverlib.lib : gpio.obj (.text:GPIOIntTypeSet)
                  00005e16    00000002     --HOLE-- [fill = 0]
                  00005e18    00000054     RAP_Robot_TM4C123G.obj (.text:EK_TM4C123GXL_initPWM)
                  00005e6c    00000054     drivers_tivaware.aem4f : UARTTiva.oem4f (.text:readIsrBinaryCallback)
                  00005ec0    00000054     sysbios.aem4f : BIOS.obj (.text:ti_sysbios_family_arm_lm4_Timer_initDevice__I)
                  00005f14    00000054     empty_min_pem4f.oem4f (.text:ti_sysbios_knl_Task_construct)
                  00005f68    00000054     ti.targets.arm.rtsarm.aem4f : Assert.oem4f (.text:xdc_runtime_Assert_raise__I)
                  00005fbc    00000050     drivers_tivaware.aem4f : GPIOTiva.oem4f (.text:GPIO_setCallback)
                  0000600c    00000050                            : GPIOTiva.oem4f (.text:GPIO_write)
                  0000605c    00000050                            : UARTTiva.oem4f (.text:UARTTiva_writeCancel)
                  000060ac    00000004     empty_min_pem4f.oem4f (.text:ti_sysbios_knl_Clock_TimerProxy_getMaxTicks__E)
                  000060b0    00000050     sysbios.aem4f : BIOS.obj (.text:ti_sysbios_family_arm_m3_Hwi_Module_startup__E)
                  00006100    00000050                   : BIOS.obj (.text:ti_sysbios_knl_Clock_Instance_init__E)
                  00006150    00000050     ti.targets.arm.rtsarm.aem4f : Startup.oem4f (.text:xdc_runtime_Startup_exec__E)
                  000061a0    00000050                                 : Text.oem4f (.text:xdc_runtime_Text_visitRope2__I)
                  000061f0    0000004e     IMU.obj (.text:IMU_Sensor_Configure)
                  0000623e    0000004c     drivers_tivaware.aem4f : UARTTiva.oem4f (.text:UARTTiva_close)
                  0000628a    00000002     --HOLE-- [fill = 0]
                  0000628c    0000004c     rtsv7M4_T_le_v4SPD16_eabi.lib : cpy_tbl.c.obj (.text:copy_in)
                  000062d8    0000004c     RAP_Robot.obj (.text:main)
                  00006324    00000004     empty_min_pem4f.oem4f (.text:ti_sysbios_knl_Clock_destruct)
                  00006328    0000004c     sysbios.aem4f : BIOS.obj (.text:ti_sysbios_heaps_HeapMem_getStats__E)
                  00006374    00000004     empty_min_pem4f.oem4f (.text:ti_sysbios_knl_Queue_destruct)
                  00006378    0000004c     sysbios.aem4f : BIOS.obj (.text:ti_sysbios_knl_Swi_runLoop__I)
                  000063c4    00000004     empty_min_pem4f.oem4f (.text:ti_sysbios_knl_Semaphore_destruct)
                  000063c8    0000004c     sysbios.aem4f : BIOS.obj (.text:ti_sysbios_knl_Task_allBlockedFunction__I)
                  00006414    00000004     ti.targets.arm.rtsarm.aem4f : Error.oem4f (.text:xdc_runtime_Error_getSite__E)
                  00006418    0000004c     sysbios.aem4f : BIOS.obj (.text:ti_sysbios_knl_Task_schedule__I)
                  00006464    00000048     driverlib.lib : gpio.obj (.text:GPIOPinConfigure)
                  000064ac    00000048                   : i2c.obj (.text:I2CMasterInitExpClk)
                  000064f4    00000004     empty_min_pem4f.oem4f (.text:xdc_runtime_System_Module_GateProxy_enter__E)
                  000064f8    00000048     sysbios.aem4f : BIOS.obj (.text:ti_sysbios_family_arm_lm4_Timer_enableTimers__I)
                  00006540    00000048                   : BIOS.obj (.text:ti_sysbios_family_arm_m3_Hwi_disableInterrupt__E)
                  00006588    00000048                   : BIOS.obj (.text:ti_sysbios_family_arm_m3_Hwi_enableInterrupt__E)
                  000065d0    00000048                   : BIOS.obj (.text:ti_sysbios_family_arm_m3_Hwi_excReserved__I)
                  00006618    00000046     IMU.obj (.text:IMU_WriteRegister)
                  0000665e    00000046     MotorDriver.obj (.text:MotorDriver_Params_init)
                  000066a4    00000046     drivers_tivaware.aem4f : RingBuf.oem4f (.text:RingBuf_put)
                  000066ea    00000046     ti.targets.arm.rtsarm.aem4f : Core-params.oem4f (.text:xdc_runtime_Core_assignParams__I)
                  00006730    00000044     sysbios.aem4f : BIOS.obj (.text:ti_sysbios_family_arm_lm4_Timer_isrStub__E)
                  00006774    00000004     empty_min_pem4f.oem4f (.text:xdc_runtime_System_Module_GateProxy_leave__E)
                  00006778    00000044     sysbios.aem4f : BIOS.obj (.text:ti_sysbios_family_arm_m3_Hwi_getStackInfo__E)
                  000067bc    00000004     ti.targets.arm.rtsarm.aem4f : System.oem4f (.text:xdc_runtime_System_aprintf_va__F)
                  000067c0    00000044     sysbios.aem4f : BIOS.obj (.text:ti_sysbios_knl_Swi_post__E)
                  00006804    00000044     ti.targets.arm.rtsarm.aem4f : Error.oem4f (.text:xdc_runtime_Error_setX__E)
                  00006848    00000044                                 : SysMin.oem4f (.text:xdc_runtime_SysMin_flush__E)
                  0000688c    00000044                                 : Text.oem4f (.text:xdc_runtime_Text_xprintf__I)
                  000068d0    00000042     driverlib.lib : uart.obj (.text:UARTConfigSetExpClk)
                  00006912    00000042     drivers_tivaware.aem4f : UARTTiva.oem4f (.text:UARTTiva_hwiIntFxn)
                  00006954    00000042                            : UARTTiva.oem4f (.text:UARTTiva_writePolling)
                  00006996    00000002     --HOLE-- [fill = 0]
                  00006998    00000040     RAP_Robot_TM4C123G.obj (.text:EK_TM4C123GXL_initGeneral)
                  000069d8    00000040     drivers_tivaware.aem4f : RingBuf.oem4f (.text:RingBuf_get)
                  00006a18    00000040                            : UARTTiva.oem4f (.text:UARTTiva_read)
                  00006a58    00000040     rtsv7M4_T_le_v4SPD16_eabi.lib : u_divt2.asm.obj (.text)
                  00006a98    00000040     sysbios.aem4f : BIOS.obj (.text:ti_sysbios_family_arm_lm4_Timer_startup__E)
                  00006ad8    00000040                   : BIOS.obj (.text:ti_sysbios_heaps_HeapMem_Instance_init__E)
                  00006b18    0000003e     driverlib.lib : adc.obj (.text:ADCSequenceConfigure)
                  00006b56    00000002     --HOLE-- [fill = 0]
                  00006b58    0000003c     sysbios.aem4f : BIOS.obj (.text:ti_sysbios_family_arm_m3_Hwi_excSvCall__I)
                  00006b94    00000004     ti.targets.arm.rtsarm.aem4f : System.oem4f (.text:xdc_runtime_System_printf_va__F)
                  00006b98    0000003c     sysbios.aem4f : BIOS.obj (.text:ti_sysbios_heaps_HeapMem_init__I)
                  00006bd4    00000004     --HOLE-- [fill = 0]
                  00006bd8    0000003c                   : BIOS.obj (.text:ti_sysbios_knl_Swi_restore__E)
                  00006c14    0000003a     drivers_tivaware.aem4f : I2CTiva.oem4f (.text:I2CTiva_completeTransfer)
                  00006c4e    00000002     --HOLE-- [fill = 0]
                  00006c50    00000038     RAP_Robot_TM4C123G.obj (.text:EK_TM4C123GXL_initI2C)
                  00006c88    00000038     drivers_tivaware.aem4f : I2C.oem4f (.text:I2C_init)
                  00006cc0    00000038     IMU.obj (.text:IMU_Sensor_Configure_Magnetometer)
                  00006cf8    00000038     drivers_tivaware.aem4f : PWM.oem4f (.text:PWM_init)
                  00006d30    00000038     driverlib.lib : sysctl.obj (.text:SysCtlPeripheralReady)
                  00006d68    00000038     drivers_tivaware.aem4f : UART.oem4f (.text:UART_init)
                  00006da0    00000038     rtsv7M4_T_le_v4SPD16_eabi.lib : trgmsg.c.obj (.text:__TI_writemsg)
                  00006dd8    00000038                                   : fs_tod_t2.asm.obj (.text)
                  00006e10    00000038     sysbios.aem4f : BIOS.obj (.text:ti_sysbios_family_arm_m3_Hwi_excNoIsr__I)
                  00006e48    00000038                   : BIOS.obj (.text:ti_sysbios_knl_Task_processVitalTaskFlag__I)
                  00006e80    00000038     ti.targets.arm.rtsarm.aem4f : SysMin.oem4f (.text:xdc_runtime_SysMin_putch__E)
                  00006eb8    00000038                                 : System.oem4f (.text:xdc_runtime_System_atexit__E)
                  00006ef0    00000036     drivers_tivaware.aem4f : I2CTiva.oem4f (.text:I2CTiva_close)
                  00006f26    00000036                            : UARTTiva.oem4f (.text:UARTTiva_readCancel)
                  00006f5c    00000034     driverlib.lib : sysctl.obj (.text:SysCtlPeripheralEnable)
                  00006f90    00000034     rtsv7M4_T_le_v4SPD16_eabi.lib : trgmsg.c.obj (.text:__TI_readmsg)
                  00006fc4    00000004     --HOLE-- [fill = 0]
                  00006fc8    00000034     sysbios.aem4f : BIOS.obj (.text:ti_sysbios_family_arm_m3_Hwi_Instance_finalize__E)
                  00006ffc    00000004     --HOLE-- [fill = 0]
                  00007000    00000034                   : BIOS.obj (.text:ti_sysbios_family_arm_m3_Hwi_excNmi__I)
                  00007034    00000034     empty_min_pem4f.oem4f (.text:ti_sysbios_knl_Clock_construct)
                  00007068    00000034     ti.targets.arm.rtsarm.aem4f : Core-label.oem4f (.text:xdc_runtime_Core_assignLabel__I)
                  0000709c    00000033                                 : Text.oem4f (.text:xdc_runtime_Text_printVisFxn__I)
                  000070cf    00000001     --HOLE-- [fill = 0]
                  000070d0    00000032     sysbios.aem4f : BIOS.obj (.text:ti_sysbios_hal_Hwi_initStack)
                  00007102    00000002     --HOLE-- [fill = 0]
                  00007104    00000030     RAP_Robot_TM4C123G.obj (.text:EK_TM4C123GXL_initGPIO)
                  00007134    00000030     drivers_tivaware.aem4f : GPIOTiva.oem4f (.text:GPIO_enableInt)
                  00007164    00000030                            : I2C.oem4f (.text:I2C_open)
                  00007194    00000030                            : PWMTiva.oem4f (.text:PWMTiva_init)
                  000071c4    00000030                            : PWM.oem4f (.text:PWM_open)
                  000071f4    00000030                            : UART.oem4f (.text:UART_open)
                  00007224    00000030     empty_min_pem4f.oem4f (.text:ti_sysbios_BIOS_atExitFunc__I)
                  00007254    00000004     --HOLE-- [fill = 0]
                  00007258    00000030     sysbios.aem4f : BIOS.obj (.text:ti_sysbios_family_arm_lm4_Timer_stop__E)
                  00007288    00000030                   : BIOS.obj (.text:ti_sysbios_family_arm_m3_TaskSupport_start__E)
                  000072b8    00000030     empty_min_pem4f.oem4f (.text:ti_sysbios_gates_GateHwi_Object__create__S)
                  000072e8    00000030     empty_min_pem4f.oem4f (.text:ti_sysbios_gates_GateMutex_Object__create__S)
                  00007318    00000030     sysbios.aem4f : BIOS.obj (.text:ti_sysbios_gates_GateMutex_enter__E)
                  00007348    00000030     empty_min_pem4f.oem4f (.text:ti_sysbios_heaps_HeapMem_Object__create__S)
                  00007378    00000030     empty_min_pem4f.oem4f (.text:ti_sysbios_knl_Semaphore_construct)
                  000073a8    00000030     sysbios.aem4f : BIOS.obj (.text:ti_sysbios_knl_Semaphore_pendTimeout__I)
                  000073d8    00000030                   : BIOS.obj (.text:ti_sysbios_knl_Task_unblockI__E)
                  00007408    00000030     ti.targets.arm.rtsarm.aem4f : SysMin.oem4f (.text:xdc_runtime_SysMin_abort__E)
                  00007438    00000030                                 : System.oem4f (.text:xdc_runtime_System_processAtExit__E)
                  00007468    0000002c     RAP_Robot_TM4C123G.obj (.text:EK_TM4C123GXL_initUART)
                  00007494    0000002c     empty_min_pem4f.oem4f (.text:ti_sysbios_knl_Clock_doTick__I)
                  000074c0    0000002c     empty_min_pem4f.oem4f (.text:ti_sysbios_knl_Queue_construct)
                  000074ec    00000004     --HOLE-- [fill = 0]
                  000074f0    0000002c     sysbios.aem4f : BIOS.obj (.text:ti_sysbios_knl_Task_restore__E)
                  0000751c    0000002c     ti.targets.arm.rtsarm.aem4f : Text.oem4f (.text:xdc_runtime_Text_cordText__E)
                  00007548    0000002a     driverlib.lib : gpio.obj (.text:GPIODirModeSet)
                  00007572    0000002a     ti.targets.arm.rtsarm.aem4f : System.oem4f (.text:xdc_runtime_System_putchar__I)
                  0000759c    00000028     IMU.obj (.text:IMU_setCallback)
                  000075c4    00000028     UART_tools.obj (.text:UART_CharToInt)
                  000075ec    00000028     rtsv7M4_T_le_v4SPD16_eabi.lib : e_sqrtf.c.obj (.text:sqrtf)
                  00007614    00000004     --HOLE-- [fill = 0]
                  00007618    00000028     sysbios.aem4f : BIOS.obj (.text:ti_sysbios_knl_Swi_Module_startup__E)
                  00007640    00000026                   : m3_Hwi_asm.obj (.text:ti_sysbios_family_arm_m3_Hwi_pendSV__I)
                  00007666    00000026     ti.targets.arm.rtsarm.aem4f : System.oem4f (.text:xdc_runtime_System_avprintf__E)
                  0000768c    00000024     MotorDriver.obj (.text:MotorDriver_Start)
                  000076b0    00000024     MotorDriver.obj (.text:MotorDriver_Stop)
                  000076d4    00000024     empty_min_pem4f.oem4f (.text:ti_sysbios_BIOS_errorRaiseHook__I)
                  000076f8    00000024     empty_min_pem4f.oem4f (.text:ti_sysbios_BIOS_registerRTSLock__I)
                  0000771c    00000024     empty_min_pem4f.oem4f (.text:ti_sysbios_BIOS_removeRTSLock__I)
                  00007740    00000024     empty_min_pem4f.oem4f (.text:ti_sysbios_BIOS_startFunc__I)
                  00007764    00000024     empty_min_pem4f.oem4f (.text:ti_sysbios_gates_GateMutex_Object__delete__S)
                  00007788    00000024     sysbios.aem4f : BIOS.obj (.text:ti_sysbios_knl_Clock_Module_startup__E)
                  000077ac    00000004     --HOLE-- [fill = 0]
                  000077b0    00000024                   : BIOS.obj (.text:ti_sysbios_knl_Clock_start__E)
                  000077d4    00000004     --HOLE-- [fill = 0]
                  000077d8    00000024                   : BIOS.obj (.text:ti_sysbios_knl_Semaphore_Instance_init__E)
                  000077fc    00000004     --HOLE-- [fill = 0]
                  00007800    00000024                   : BIOS.obj (.text:ti_sysbios_knl_Task_restoreHwi__E)
                  00007824    00000024     ti.targets.arm.rtsarm.aem4f : System.oem4f (.text:xdc_runtime_System_vprintf__E)
                  00007848    00000022     driverlib.lib : pwm.obj (.text:PWMGenConfigure)
                  0000786a    00000022     drivers_tivaware.aem4f : PWMTiva.oem4f (.text:PWMTiva_getPeriodCounts)
                  0000788c    00000022     UART_tools.obj (.text:UART_puts)
                  000078ae    00000002     --HOLE-- [fill = 0]
                  000078b0    00000022     sysbios.aem4f : BIOS.obj (.text:ti_sysbios_family_arm_lm4_Timer_write__I)
                  000078d2    00000022     empty_min_pem4f.oem4f (.text:xdc_runtime_SysMin_output__I)
                  000078f4    00000020     empty_min_pem4f.oem4f (.text:ti_sysbios_BIOS_rtsLock__I)
                  00007914    00000020     sysbios.aem4f : m3_Hwi_asm.obj (.text:ti_sysbios_family_arm_m3_Hwi_excHandlerAsm__I)
                  00007934    00000004     --HOLE-- [fill = 0]
                  00007938    00000020                   : BIOS.obj (.text:ti_sysbios_family_arm_m3_Hwi_excHandler__I)
                  00007958    00000020     empty_min_pem4f.oem4f (.text:ti_sysbios_gates_GateHwi_Object__delete__S)
                  00007978    00000020     empty_min_pem4f.oem4f (.text:ti_sysbios_heaps_HeapMem_Object__delete__S)
                  00007998    00000020     empty_min_pem4f.oem4f (.text:ti_sysbios_knl_Clock_Object__destruct__S)
                  000079b8    00000020     sysbios.aem4f : BIOS.obj (.text:ti_sysbios_knl_Idle_run__E)
                  000079d8    00000020     empty_min_pem4f.oem4f (.text:ti_sysbios_knl_Semaphore_Object__destruct__S)
                  000079f8    00000020     ti.targets.arm.rtsarm.aem4f : Registry.oem4f (.text:xdc_runtime_Registry_findById__E)
                  00007a18    00000020                                 : SysMin.oem4f (.text:xdc_runtime_SysMin_Module_startup__E)
                  00007a38    0000001e     driverlib.lib : pwm.obj (.text:PWMPulseWidthSet)
                  00007a56    0000001e     drivers_tivaware.aem4f : PWMTiva.oem4f (.text:PWMTiva_getPeriodMicroSecs)
                  00007a74    0000001e     sysbios.aem4f : m3_Hwi_asm_switch.obj (.text:ti_sysbios_family_xxx_Hwi_switchAndRunFunc)
                  00007a92    00000002     --HOLE-- [fill = 0]
                  00007a94    0000001c     Balance.obj (.text:Balance_start)
                  00007ab0    0000001c     Balance.obj (.text:Balance_stop)
                  00007acc    0000001c     IMU.obj (.text:IMU_Params_init)
                  00007ae8    0000001c     IMU.obj (.text:IMU_Sensor_Configuration_init)
                  00007b04    0000001c     driverlib.lib : uart.obj (.text:UARTDisable)
                  00007b20    0000001c     drivers_tivaware.aem4f : GPIOTiva.oem4f (.text:getGpioIntIndex)
                  00007b3c    0000001c     empty_min_pem4f.oem4f (.text:ti_sysbios_family_arm_m3_Hwi_Object__destruct__S)
                  00007b58    0000001c     sysbios.aem4f : BIOS.obj (.text:ti_sysbios_gates_GateMutex_Instance_init__E)
                  00007b74    00000004     --HOLE-- [fill = 0]
                  00007b78    0000001c                   : BIOS.obj (.text:ti_sysbios_knl_Clock_Instance_finalize__E)
                  00007b94    0000001c     empty_min_pem4f.oem4f (.text:ti_sysbios_knl_Queue_Object__destruct__S)
                  00007bb0    0000001c     sysbios.aem4f : BIOS.obj (.text:ti_sysbios_knl_Queue_put__E)
                  00007bcc    00000004     --HOLE-- [fill = 0]
                  00007bd0    0000001c                   : BIOS.obj (.text:ti_sysbios_knl_Task_enter__I)
                  00007bec    0000001c     ti.targets.arm.rtsarm.aem4f : Error.oem4f (.text:xdc_runtime_Error_raiseX__E)
                  00007c08    0000001c                                 : Memory.oem4f (.text:xdc_runtime_Memory_valloc__E)
                  00007c24    0000001c                                 : SysMin.oem4f (.text:xdc_runtime_SysMin_exit__E)
                  00007c40    0000001c                                 : System.oem4f (.text:xdc_runtime_System_abort__E)
                  00007c5c    0000001a     UART_tools.obj (.text:UART_readChar)
                  00007c76    0000001a     empty_min_pem4f.oem4f (.text:ti_sysbios_family_arm_m3_Hwi_Handle__label__S)
                  00007c90    0000001a     empty_min_pem4f.oem4f (.text:ti_sysbios_gates_GateHwi_Handle__label__S)
                  00007caa    0000001a     empty_min_pem4f.oem4f (.text:ti_sysbios_gates_GateMutex_Handle__label__S)
                  00007cc4    0000001a     empty_min_pem4f.oem4f (.text:ti_sysbios_heaps_HeapMem_Handle__label__S)
                  00007cde    0000001a     empty_min_pem4f.oem4f (.text:ti_sysbios_knl_Swi_Handle__label__S)
                  00007cf8    0000001a     empty_min_pem4f.oem4f (.text:ti_sysbios_knl_Task_Handle__label__S)
                  00007d12    0000001a     empty_min_pem4f.oem4f (.text:xdc_runtime_System_aprintf__E)
                  00007d2c    0000001a     empty_min_pem4f.oem4f (.text:xdc_runtime_System_printf__E)
                  00007d46    00000002     --HOLE-- [fill = 0]
                  00007d48    00000018     Balance.obj (.text:Balance_setAccKp)
                  00007d60    00000018     Balance.obj (.text:Balance_setGyrKp)
                  00007d78    00000018     Wheels.obj (.text:Left_Wheel_Speed)
                  00007d90    00000018     Wheels.obj (.text:Right_Wheel_Speed)
                  00007da8    00000018     drivers_tivaware.aem4f : UART.oem4f (.text:UART_Params_init)
                  00007dc0    00000018     rtsv7M4_T_le_v4SPD16_eabi.lib : args_main.c.obj (.text:_args_main)
                  00007dd8    00000018     empty_min_pem4f.oem4f (.text:ti_sysbios_BIOS_rtsUnlock__I)
                  00007df0    00000018     empty_min_pem4f.oem4f (.text:ti_sysbios_family_arm_lm4_Timer_Module__startupDone__F)
                  00007e08    00000018     empty_min_pem4f.oem4f (.text:ti_sysbios_family_arm_m3_Hwi_Module__startupDone__F)
                  00007e20    00000018     sysbios.aem4f : m3_TaskSupport_asm.obj (.text:ti_sysbios_family_arm_m3_TaskSupport_swap__E)
                  00007e38    00000018                   : BIOS.obj (.text:ti_sysbios_gates_GateMutex_leave__E)
                  00007e50    00000018                   : BIOS.obj (.text:ti_sysbios_knl_Task_sleepTimeout__I)
                  00007e68    00000018     ti.targets.arm.rtsarm.aem4f : Error.oem4f (.text:xdc_runtime_Error_check__E)
                  00007e80    00000018                                 : System.oem4f (.text:xdc_runtime_System_exit__E)
                  00007e98    00000018                                 : Text.oem4f (.text:xdc_runtime_Text_ropeText__E)
                  00007eb0    00000016     driverlib.lib : i2c.obj (.text:I2CMasterErr)
                  00007ec6    00000016     empty_min_pem4f.oem4f (.text:ti_sysbios_BIOS_exitFunc__I)
                  00007edc    00000016     Balance.obj (.text:ti_sysbios_knl_Clock_Params_init)
                  00007ef2    00000016     Wheels.obj (.text:ti_sysbios_knl_Clock_Params_init)
                  00007f08    00000016     IMUSensor.obj (.text:ti_sysbios_knl_Semaphore_Params_init)
                  00007f1e    00000016     IMUSensor.obj (.text:ti_sysbios_knl_Task_Params_init)
                  00007f34    00000016     RAP_Robot.obj (.text:ti_sysbios_knl_Task_Params_init)
                  00007f4a    00000002     --HOLE-- [fill = 0]
                  00007f4c    00000014     IMUSensor.obj (.text:IMUInterruptFx)
                  00007f60    00000014     driverlib.lib : pwm.obj (.text:PWMClockSet)
                  00007f74    00000014                   : sysctl.obj (.text:SysCtlPWMClockSet)
                  00007f88    00000014                   : uart.obj (.text:UARTEnable)
                  00007f9c    00000014     rtsv7M4_T_le_v4SPD16_eabi.lib : strlen.c.obj (.text:strlen)
                  00007fb0    00000014     empty_min_pem4f.oem4f (.text:ti_sysbios_family_arm_m3_Hwi_Object__get__S)
                  00007fc4    00000004     --HOLE-- [fill = 0]
                  00007fc8    00000014     sysbios.aem4f : BIOS.obj (.text:ti_sysbios_family_arm_m3_Hwi_switchFromBootStack__E)
                  00007fdc    00000014     empty_min_pem4f.oem4f (.text:ti_sysbios_heaps_HeapMem_Object__get__S)
                  00007ff0    00000014     empty_min_pem4f.oem4f (.text:ti_sysbios_knl_Swi_Object__get__S)
                  00008004    00000012     driverlib.lib : gpio.obj (.text:GPIOPinTypeADC)
                  00008016    00000012                   : gpio.obj (.text:GPIOPinTypeGPIOInput)
                  00008028    00000012                   : gpio.obj (.text:GPIOPinTypeI2C)
                  0000803a    00000012                   : gpio.obj (.text:GPIOPinTypeI2CSCL)
                  0000804c    00000012                   : gpio.obj (.text:GPIOPinTypePWM)
                  0000805e    00000012                   : gpio.obj (.text:GPIOPinTypeQEI)
                  00008070    00000012                   : gpio.obj (.text:GPIOPinTypeUART)
                  00008082    00000012                   : pwm.obj (.text:PWMGenPeriodGet)
                  00008094    00000012                   : pwm.obj (.text:PWMOutputInvert)
                  000080a6    00000012                   : pwm.obj (.text:PWMOutputState)
                  000080b8    00000012     drivers_tivaware.aem4f : RingBuf.oem4f (.text:RingBuf_construct)
                  000080ca    00000012     rtsv7M4_T_le_v4SPD16_eabi.lib : s_copysignf.c.obj (.text:copysignf)
                  000080dc    00000004     --HOLE-- [fill = 0]
                  000080e0    00000012     sysbios.aem4f : BIOS.obj (.text:ti_sysbios_hal_Hwi_Module_startup__E)
                  000080f2    00000012     empty_min_pem4f.oem4f (.text:xdc_runtime_Startup_exec__I)
                  00008104    00000010     drivers_tivaware.aem4f : I2C.oem4f (.text:I2C_Params_init)
                  00008114    00000010     IMUSensor.obj (.text:IMUSensor_Enable)
                  00008124    00000010     IMU.obj (.text:IMU_EnableEvents)
                  00008134    00000010     driverlib.lib : pwm.obj (.text:PWMGenPeriodSet)
                  00008144    00000010     drivers_tivaware.aem4f : PWM.oem4f (.text:PWM_Params_init)
                  00008154    00000010     driverlib.lib : qei.obj (.text:QEIVelocityConfigure)
                  00008164    00000010     drivers_tivaware.aem4f : UARTTiva.oem4f (.text:readBlockingTimeout)
                  00008174    00000004     --HOLE-- [fill = 0]
                  00008178    00000010     sysbios.aem4f : BIOS.obj (.text:ti_sysbios_BIOS_getCpuFreq__E)
                  00008188    00000010                   : BIOS.obj (.text:ti_sysbios_BIOS_setThreadType__E)
                  00008198    00000010                   : BIOS.obj (.text:ti_sysbios_BIOS_start__E)
                  000081a8    00000010                   : m3_TaskSupport_asm.obj (.text:ti_sysbios_family_arm_m3_TaskSupport_glue)
                  000081b8    00000010                   : BIOS.obj (.text:ti_sysbios_gates_GateMutex_Instance_finalize__E)
                  000081c8    00000010                   : BIOS.obj (.text:ti_sysbios_knl_Semaphore_Instance_finalize__E)
                  000081d8    00000010                   : BIOS.obj (.text:ti_sysbios_knl_Swi_disable__E)
                  000081e8    00000010                   : BIOS.obj (.text:ti_sysbios_knl_Task_disable__E)
                  000081f8    00000010     ti.targets.arm.rtsarm.aem4f : Gate.oem4f (.text:xdc_runtime_Gate_leaveSystem__E)
                  00008208    00000010                                 : Memory.oem4f (.text:xdc_runtime_Memory_free__E)
                  00008218    00000010                                 : SysMin.oem4f (.text:xdc_runtime_SysMin_ready__E)
                  00008228    00000010                                 : System.oem4f (.text:xdc_runtime_System_vsnprintf__E)
                  00008238    00000010     empty_min_pem4f.oem4f (.text:xdc_runtime_Text_visitRope__I)
                  00008248    0000000e     driverlib.lib : adc.obj (.text:ADCSequenceEnable)
                  00008256    0000000e                   : gpio.obj (.text:GPIOIntStatus)
                  00008264    0000000e                   : qei.obj (.text:QEIConfigure)
                  00008272    0000000e                   : qei.obj (.text:QEIDirectionGet)
                  00008280    0000000e                   : uart.obj (.text:UARTCharGetNonBlocking)
                  0000828e    0000000e                   : uart.obj (.text:UARTCharPutNonBlocking)
                  0000829c    0000000e     rtsv7M4_T_le_v4SPD16_eabi.lib : copy_decompress_none.c.obj (.text:decompress:none:__TI_decompress_none)
                  000082aa    00000006     driverlib.lib : gpio.obj (.text:GPIOPinWrite)
                  000082b0    0000000e     sysbios.aem4f : BIOS.obj (.text:ti_sysbios_knl_Queue_empty__E)
                  000082be    0000000e     empty_min_pem4f.oem4f (.text:ti_sysbios_knl_Task_Object__get__S)
                  000082cc    0000000c     empty_min_pem4f.oem4f (.text:.bootCodeSection:ti_catalog_arm_cortexm4_tiva_ce_Boot_init__I)
                  000082d8    0000000c     driverlib.lib : adc.obj (.text:ADCReferenceSet)
                  000082e4    0000000c                   : gpio.obj (.text:GPIOIntEnable)
                  000082f0    0000000c     IMUSensor.obj (.text:IMUSensor_getRoll)
                  000082fc    0000000c     IMUSensor.obj (.text:IMUSensor_getXRotation)
                  00008308    0000000c     driverlib.lib : pwm.obj (.text:PWMGenDisable)
                  00008314    0000000c                   : pwm.obj (.text:PWMGenEnable)
                  00008320    0000000c     drivers_tivaware.aem4f : RingBuf.oem4f (.text:RingBuf_peek)
                  0000832c    0000000c     driverlib.lib : uart.obj (.text:UARTFlowControlSet)
                  00008338    0000000c     drivers_tivaware.aem4f : UARTTiva.oem4f (.text:UARTTiva_init)
                  00008344    0000000c     rtsv7M4_T_le_v4SPD16_eabi.lib : _lock.c.obj (.text:_register_lock)
                  00008350    0000000c                                   : _lock.c.obj (.text:_register_unlock)
                  0000835c    0000000c                                   : copy_zero_init.c.obj (.text:decompress:ZI:__TI_zero_init)
                  00008368    0000000c     sysbios.aem4f : BIOS.obj (.text:ti_sysbios_family_arm_lm4_Timer_getMaxTicks__E)
                  00008374    0000000c     empty_min_pem4f.oem4f (.text:ti_sysbios_family_arm_m3_Hwi_Params__init__S)
                  00008380    0000000c     sysbios.aem4f : BIOS.obj (.text:ti_sysbios_family_arm_m3_Hwi_disableFxn__E)
                  0000838c    00000004     --HOLE-- [fill = 0]
                  00008390    0000000c                   : BIOS.obj (.text:ti_sysbios_family_arm_m3_TaskSupport_getStackAlignment__E)
                  0000839c    00000004     --HOLE-- [fill = 0]
                  000083a0    0000000c                   : BIOS.obj (.text:ti_sysbios_gates_GateHwi_enter__E)
                  000083ac    0000000c     empty_min_pem4f.oem4f (.text:ti_sysbios_knl_Clock_Params__init__S)
                  000083b8    0000000c     Balance.obj (.text:ti_sysbios_knl_Clock_handle)
                  000083c4    0000000c     Wheels.obj (.text:ti_sysbios_knl_Clock_handle)
                  000083d0    0000000c     empty_min_pem4f.oem4f (.text:ti_sysbios_knl_Queue_Object__get__S)
                  000083dc    0000000c     empty_min_pem4f.oem4f (.text:ti_sysbios_knl_Semaphore_Params__init__S)
                  000083e8    0000000c     IMUSensor.obj (.text:ti_sysbios_knl_Semaphore_handle)
                  000083f4    0000000c     empty_min_pem4f.oem4f (.text:ti_sysbios_knl_Task_Params__init__S)
                  00008400    0000000c     ti.targets.arm.rtsarm.aem4f : Error.oem4f (.text:xdc_runtime_Error_init__E)
                  0000840c    0000000c                                 : Gate.oem4f (.text:xdc_runtime_Gate_enterSystem__E)
                  00008418    0000000c                                 : Memory.oem4f (.text:xdc_runtime_Memory_calloc__E)
                  00008424    0000000c                                 : Memory.oem4f (.text:xdc_runtime_Memory_getMaxDefaultTypeAlign__E)
                  00008430    0000000a     driverlib.lib : i2c.obj (.text:I2CMasterDisable)
                  0000843a    0000000a                   : i2c.obj (.text:I2CMasterEnable)
                  00008444    0000000a     drivers_tivaware.aem4f : I2CTiva.oem4f (.text:I2CTiva_init)
                  0000844e    0000000a                            : I2C.oem4f (.text:I2C_close)
                  00008458    0000000a                            : I2C.oem4f (.text:I2C_transfer)
                  00008462    0000000a                            : PWM.oem4f (.text:PWM_setDuty)
                  0000846c    0000000a     driverlib.lib : qei.obj (.text:QEIEnable)
                  00008476    0000000a                   : qei.obj (.text:QEIVelocityEnable)
                  00008480    0000000a                   : uart.obj (.text:UARTCharGet)
                  0000848a    0000000a                   : uart.obj (.text:UARTCharPut)
                  00008494    0000000a                   : uart.obj (.text:UARTIntDisable)
                  0000849e    0000000a                   : uart.obj (.text:UARTIntStatus)
                  000084a8    0000000a     drivers_tivaware.aem4f : UART.oem4f (.text:UART_read)
                  000084b2    0000000a                            : UART.oem4f (.text:UART_write)
                  000084bc    0000000a     empty_min_pem4f.oem4f (.text:xdc_runtime_IHeap_alloc)
                  000084c6    0000000a     empty_min_pem4f.oem4f (.text:xdc_runtime_IHeap_free)
                  000084d0    00000008     driverlib.lib : i2c.obj (.text:I2CMasterIntClear)
                  000084d8    00000008                   : i2c.obj (.text:I2CMasterSlaveAddrSet)
                  000084e0    00000008     drivers_tivaware.aem4f : I2CTiva.oem4f (.text:I2CTiva_blockingCallback)
                  000084e8    00000008     driverlib.lib : uart.obj (.text:UARTIntEnable)
                  000084f0    00000008                   : uart.obj (.text:UARTRxErrorGet)
                  000084f8    00000008     rtsv7M4_T_le_v4SPD16_eabi.lib : errno.c.obj (.text:__aeabi_errno_addr)
                  00008500    00000008     drivers_tivaware.aem4f : UARTTiva.oem4f (.text:readSemCallback)
                  00008508    00000008     sysbios.aem4f : BIOS.obj (.text:ti_sysbios_family_arm_lm4_Timer_masterDisable__I)
                  00008510    00000008                   : BIOS.obj (.text:ti_sysbios_family_arm_m3_Hwi_doSwiRestore__I)
                  00008518    00000008                   : BIOS.obj (.text:ti_sysbios_family_arm_m3_Hwi_startup__E)
                  00008520    00000008     drivers_tivaware.aem4f : UARTTiva.oem4f (.text:writeSemCallback)
                  00008528    00000006     driverlib.lib : i2c.obj (.text:I2CMasterIntDisable)
                  0000852e    00000006                   : i2c.obj (.text:I2CMasterIntEnable)
                  00008534    00000006     drivers_tivaware.aem4f : I2CTiva.oem4f (.text:I2CTiva_control)
                  0000853a    00000006     driverlib.lib : uart.obj (.text:UARTFIFOLevelSet)
                  00008540    00000006                   : uart.obj (.text:UARTRxErrorClear)
                  00008546    00000006     Boot.aem4f : Boot_sysctl.oem4f (.text:ti_catalog_arm_cortexm4_tiva_ce_Boot_sysCtlDelayI__I)
                  0000854c    00000004     --HOLE-- [fill = 0]
                  00008550    00000006     sysbios.aem4f : BIOS.obj (.text:ti_sysbios_family_arm_m3_Hwi_doTaskRestore__I)
                  00008556    00000002     --HOLE-- [fill = 0]
                  00008558    00000006                   : BIOS.obj (.text:ti_sysbios_family_arm_m3_Hwi_restoreFxn__E)
                  0000855e    00000002     --HOLE-- [fill = 0]
                  00008560    00000006                   : BIOS.obj (.text:ti_sysbios_gates_GateHwi_leave__E)
                  00008566    00000002     --HOLE-- [fill = 0]
                  00008568    00000006                   : BIOS.obj (.text:ti_sysbios_heaps_HeapMem_isBlocking__E)
                  0000856e    00000002     --HOLE-- [fill = 0]
                  00008570    00000006                   : BIOS.obj (.text:ti_sysbios_knl_Clock_stop__E)
                  00008576    00000002     --HOLE-- [fill = 0]
                  00008578    00000006                   : BIOS.obj (.text:ti_sysbios_knl_Queue_Instance_init__E)
                  0000857e    00000002     --HOLE-- [fill = 0]
                  00008580    00000006                   : BIOS.obj (.text:ti_sysbios_knl_Swi_startup__E)
                  00008586    00000006     ti.targets.arm.rtsarm.aem4f : System.oem4f (.text:xdc_runtime_System_Module_startup__E)
                  0000858c    00000004     --HOLE-- [fill = 0]
                  00008590    00000004     sysbios.aem4f : BIOS.obj (.text:ti_sysbios_gates_GateHwi_query__E)
                  00008594    00000004     --HOLE-- [fill = 0]
                  00008598    00000004                   : BIOS.obj (.text:ti_sysbios_gates_GateMutex_query__E)
                  0000859c    00000004     --HOLE-- [fill = 0]
                  000085a0    00000004                   : BIOS.obj (.text:ti_sysbios_knl_Task_startup__E)
                  000085a4    00000004     --HOLE-- [fill = 0]
                  000085a8    00000002                   : BIOS.obj (.text:ti_sysbios_gates_GateHwi_Instance_init__E)
                  000085aa    00000006     --HOLE-- [fill = 0]
                  000085b0    00000002                   : BIOS.obj (.text:ti_sysbios_knl_Clock_logTick__E)

.const     0    000085b4    000020a5     
                  000085b4    00001844     empty_min_pem4f.oem4f (.const:xdc_runtime_Text_charTab__A)
                  00009df8    000000bc     empty_min_pem4f.oem4f (.const:xdc_runtime_Text_nodeTab__A)
                  00009eb4    00000090     driverlib.lib : gpio.obj (.const:g_pui32GPIOBaseAddrs)
                  00009f44    00000054     drivers_tivaware.aem4f : GPIOTiva.oem4f (.const:.string)
                  00009f98    0000004c                            : UARTTiva.oem4f (.const)
                  00009fe4    00000048     empty_min_pem4f.oem4f (.const:.string)
                  0000a02c    00000048     drivers_tivaware.aem4f : GPIOTiva.oem4f (.const:gpioBaseAddresses)
                  0000a074    0000003c     RAP_Robot_TM4C123G.obj (.const:PWM_config)
                  0000a0b0    0000003c     empty_min_pem4f.oem4f (.const:ti_sysbios_knl_Task_Object__PARAMS__C)
                  0000a0ec    00000030     RAP_Robot_TM4C123G.obj (.const:pwmTivaHWAttrs)
                  0000a11c    00000030     empty_min_pem4f.oem4f (.const:ti_sysbios_family_arm_m3_Hwi_Object__PARAMS__C)
                  0000a14c    00000028     drivers_tivaware.aem4f : UARTTiva.oem4f (.const:UARTTiva_fxnTable)
                  0000a174    00000028     empty_min_pem4f.oem4f (.const:ti_sysbios_heaps_HeapMem_Module__FXNS__C)
                  0000a19c    00000024     drivers_tivaware.aem4f : UART.oem4f (.const:UART_defaultParams)
                  0000a1c0    00000024     empty_min_pem4f.oem4f (.const:ti_sysbios_gates_GateHwi_Module__FXNS__C)
                  0000a1e4    00000024     empty_min_pem4f.oem4f (.const:ti_sysbios_gates_GateMutex_Module__FXNS__C)
                  0000a208    00000024     empty_min_pem4f.oem4f (.const:ti_sysbios_heaps_HeapMem_Object__PARAMS__C)
                  0000a22c    00000024     empty_min_pem4f.oem4f (.const:ti_sysbios_knl_Clock_Object__PARAMS__C)
                  0000a250    00000024     empty_min_pem4f.oem4f (.const:ti_sysbios_knl_Semaphore_Object__PARAMS__C)
                  0000a274    00000020     drivers_tivaware.aem4f : PWMTiva.oem4f (.const)
                  0000a294    00000020     empty_min_pem4f.oem4f (.const:ti_sysbios_family_arm_m3_Hwi_Object__DESC__C)
                  0000a2b4    00000020     empty_min_pem4f.oem4f (.const:ti_sysbios_gates_GateHwi_Object__DESC__C)
                  0000a2d4    00000020     empty_min_pem4f.oem4f (.const:ti_sysbios_gates_GateMutex_Object__DESC__C)
                  0000a2f4    00000020     empty_min_pem4f.oem4f (.const:ti_sysbios_heaps_HeapMem_Object__DESC__C)
                  0000a314    00000020     empty_min_pem4f.oem4f (.const:ti_sysbios_knl_Clock_Object__DESC__C)
                  0000a334    00000020     empty_min_pem4f.oem4f (.const:ti_sysbios_knl_Queue_Object__DESC__C)
                  0000a354    00000020     empty_min_pem4f.oem4f (.const:ti_sysbios_knl_Semaphore_Object__DESC__C)
                  0000a374    00000020     empty_min_pem4f.oem4f (.const:ti_sysbios_knl_Task_Object__DESC__C)
                  0000a394    00000020     empty_min_pem4f.oem4f (.const:xdc_runtime_Startup_sfxnTab__A)
                  0000a3b4    0000001c     drivers_tivaware.aem4f : I2CTiva.oem4f (.const)
                  0000a3d0    00000018     rtsv7M4_T_le_v4SPD16_eabi.lib : e_powf.c.obj (.const:$O1$$)
                  0000a3e8    00000018     RAP_Robot_TM4C123G.obj (.const:I2C_config)
                  0000a400    00000018     RAP_Robot_TM4C123G.obj (.const:UART_config)
                  0000a418    00000018     empty_min_pem4f.oem4f (.const:ti_sysbios_gates_GateHwi_Object__PARAMS__C)
                  0000a430    00000018     empty_min_pem4f.oem4f (.const:ti_sysbios_gates_GateMutex_Object__PARAMS__C)
                  0000a448    00000018     empty_min_pem4f.oem4f (.const:ti_sysbios_knl_Queue_Object__PARAMS__C)
                  0000a460    00000018     RAP_Robot_TM4C123G.obj (.const:uartTivaHWAttrs)
                  0000a478    00000014     RAP_Robot_TM4C123G.obj (.const:GPIOTiva_config)
                  0000a48c    00000014     empty_min_pem4f.oem4f (.const:xdc_runtime_Startup_firstFxns__A)
                  0000a4a0    00000010     drivers_tivaware.aem4f : I2C.oem4f (.const)
                  0000a4b0    00000010     IMU.obj (.const:g_fIMUAccelFactors)
                  0000a4c0    00000010     IMU.obj (.const:g_fIMUGyroFactors)
                  0000a4d0    00000010     empty_min_pem4f.oem4f (.const:xdc_runtime_Startup_sfxnRts__A)
                  0000a4e0    0000000c     drivers_tivaware.aem4f : PWM.oem4f (.const)
                  0000a4ec    0000000c     RAP_Robot_TM4C123G.obj (.const:i2cTivaHWAttrs)
                  0000a4f8    00000008     empty_min_pem4f.oem4f (.const:ti_sysbios_family_arm_m3_Hwi_excHookFuncs__A)
                  0000a500    00000008     empty_min_pem4f.oem4f (.const:ti_sysbios_knl_Idle_funcList__C)
                  0000a508    00000008     empty_min_pem4f.oem4f (.const:xdc_runtime_Startup_firstFxns__C)
                  0000a510    00000008     empty_min_pem4f.oem4f (.const:xdc_runtime_Startup_lastFxns__C)
                  0000a518    00000004     empty_min_pem4f.oem4f (.const:ti_catalog_arm_cortexm4_tiva_ce_Boot_A_mustUseEnhancedClockMode__C)
                  0000a51c    00000004     empty_min_pem4f.oem4f (.const:ti_catalog_arm_cortexm4_tiva_ce_Boot_Module__diagsEnabled__C)
                  0000a520    00000004     empty_min_pem4f.oem4f (.const:ti_catalog_arm_cortexm4_tiva_ce_Boot_Module__diagsIncluded__C)
                  0000a524    00000004     empty_min_pem4f.oem4f (.const:ti_catalog_arm_cortexm4_tiva_ce_Boot_Module__diagsMask__C)
                  0000a528    00000004     empty_min_pem4f.oem4f (.const:ti_sysbios_family_arm_lm4_Timer_enableFunc__C)
                  0000a52c    00000004     empty_min_pem4f.oem4f (.const:ti_sysbios_family_arm_lm4_Timer_numTimerDevices__C)
                  0000a530    00000004     empty_min_pem4f.oem4f (.const:ti_sysbios_family_arm_lm4_Timer_startupNeeded__C)
                  0000a534    00000004     empty_min_pem4f.oem4f (.const:ti_sysbios_family_arm_m3_Hwi_E_NMI__C)
                  0000a538    00000004     empty_min_pem4f.oem4f (.const:ti_sysbios_family_arm_m3_Hwi_E_alreadyDefined__C)
                  0000a53c    00000004     empty_min_pem4f.oem4f (.const:ti_sysbios_family_arm_m3_Hwi_E_busFault__C)
                  0000a540    00000004     empty_min_pem4f.oem4f (.const:ti_sysbios_family_arm_m3_Hwi_E_debugMon__C)
                  0000a544    00000004     empty_min_pem4f.oem4f (.const:ti_sysbios_family_arm_m3_Hwi_E_hardFault__C)
                  0000a548    00000004     empty_min_pem4f.oem4f (.const:ti_sysbios_family_arm_m3_Hwi_E_memFault__C)
                  0000a54c    00000004     empty_min_pem4f.oem4f (.const:ti_sysbios_family_arm_m3_Hwi_E_noIsr__C)
                  0000a550    00000004     empty_min_pem4f.oem4f (.const:ti_sysbios_family_arm_m3_Hwi_E_reserved__C)
                  0000a554    00000004     empty_min_pem4f.oem4f (.const:ti_sysbios_family_arm_m3_Hwi_E_svCall__C)
                  0000a558    00000004     empty_min_pem4f.oem4f (.const:ti_sysbios_family_arm_m3_Hwi_E_usageFault__C)
                  0000a55c    00000004     empty_min_pem4f.oem4f (.const:ti_sysbios_family_arm_m3_Hwi_NUM_INTERRUPTS__C)
                  0000a560    00000004     empty_min_pem4f.oem4f (.const:ti_sysbios_family_arm_m3_Hwi_Object__count__C)
                  0000a564    00000004     empty_min_pem4f.oem4f (.const:ti_sysbios_family_arm_m3_Hwi_ccr__C)
                  0000a568    00000004     empty_min_pem4f.oem4f (.const:ti_sysbios_family_arm_m3_Hwi_excHandlerFunc__C)
                  0000a56c    00000004     empty_min_pem4f.oem4f (.const:ti_sysbios_family_arm_m3_Hwi_excHookFuncs__C)
                  0000a570    00000004     empty_min_pem4f.oem4f (.const:ti_sysbios_family_arm_m3_Hwi_nullIsrFunc__C)
                  0000a574    00000004     empty_min_pem4f.oem4f (.const:ti_sysbios_family_arm_m3_Hwi_priGroup__C)
                  0000a578    00000004     empty_min_pem4f.oem4f (.const:ti_sysbios_family_arm_m3_TaskSupport_stackAlignment__C)
                  0000a57c    00000004     empty_min_pem4f.oem4f (.const:ti_sysbios_gates_GateMutex_Instance_State_sem__O)
                  0000a580    00000004     empty_min_pem4f.oem4f (.const:ti_sysbios_heaps_HeapMem_E_memory__C)
                  0000a584    00000004     empty_min_pem4f.oem4f (.const:ti_sysbios_heaps_HeapMem_Module__gateObj__C)
                  0000a588    00000004     empty_min_pem4f.oem4f (.const:ti_sysbios_heaps_HeapMem_Object__count__C)
                  0000a58c    00000004     empty_min_pem4f.oem4f (.const:ti_sysbios_heaps_HeapMem_reqAlign__C)
                  0000a590    00000004     empty_min_pem4f.oem4f (.const:ti_sysbios_knl_Clock_Module_State_clockQ__O)
                  0000a594    00000004     empty_min_pem4f.oem4f (.const:ti_sysbios_knl_Semaphore_Instance_State_pendQ__O)
                  0000a598    00000004     empty_min_pem4f.oem4f (.const:ti_sysbios_knl_Swi_Object__count__C)
                  0000a59c    00000004     empty_min_pem4f.oem4f (.const:ti_sysbios_knl_Task_Module_State_inactiveQ__O)
                  0000a5a0    00000004     empty_min_pem4f.oem4f (.const:ti_sysbios_knl_Task_Object__count__C)
                  0000a5a4    00000004     empty_min_pem4f.oem4f (.const:ti_sysbios_knl_Task_allBlockedFunc__C)
                  0000a5a8    00000004     empty_min_pem4f.oem4f (.const:ti_sysbios_knl_Task_defaultStackHeap__C)
                  0000a5ac    00000004     empty_min_pem4f.oem4f (.const:ti_sysbios_knl_Task_defaultStackSize__C)
                  0000a5b0    00000004     empty_min_pem4f.oem4f (.const:ti_sysbios_knl_Task_numConstructedTasks__C)
                  0000a5b4    00000004     empty_min_pem4f.oem4f (.const:xdc_runtime_Assert_E_assertFailed__C)
                  0000a5b8    00000004     empty_min_pem4f.oem4f (.const:xdc_runtime_Core_A_initializedParams__C)
                  0000a5bc    00000004     empty_min_pem4f.oem4f (.const:xdc_runtime_Core_Module__diagsEnabled__C)
                  0000a5c0    00000004     empty_min_pem4f.oem4f (.const:xdc_runtime_Core_Module__diagsIncluded__C)
                  0000a5c4    00000004     empty_min_pem4f.oem4f (.const:xdc_runtime_Core_Module__diagsMask__C)
                  0000a5c8    00000004     empty_min_pem4f.oem4f (.const:xdc_runtime_Error_E_memory__C)
                  0000a5cc    00000004     empty_min_pem4f.oem4f (.const:xdc_runtime_Error_Module__diagsEnabled__C)
                  0000a5d0    00000004     empty_min_pem4f.oem4f (.const:xdc_runtime_Error_Module__diagsIncluded__C)
                  0000a5d4    00000004     empty_min_pem4f.oem4f (.const:xdc_runtime_Error_Module__diagsMask__C)
                  0000a5d8    00000004     empty_min_pem4f.oem4f (.const:xdc_runtime_Error_Module__loggerFxn8__C)
                  0000a5dc    00000004     empty_min_pem4f.oem4f (.const:xdc_runtime_Error_Module__loggerObj__C)
                  0000a5e0    00000004     empty_min_pem4f.oem4f (.const:xdc_runtime_Error_policyFxn__C)
                  0000a5e4    00000004     empty_min_pem4f.oem4f (.const:xdc_runtime_Error_raiseHook__C)
                  0000a5e8    00000004     empty_min_pem4f.oem4f (.const:xdc_runtime_IGateProvider_Interface__BASE__C)
                  0000a5ec    00000004     empty_min_pem4f.oem4f (.const:xdc_runtime_IHeap_Interface__BASE__C)
                  0000a5f0    00000004     empty_min_pem4f.oem4f (.const:xdc_runtime_IModule_Interface__BASE__C)
                  0000a5f4    00000004     empty_min_pem4f.oem4f (.const:xdc_runtime_Log_L_error__C)
                  0000a5f8    00000004     empty_min_pem4f.oem4f (.const:xdc_runtime_Memory_defaultHeapInstance__C)
                  0000a5fc    00000004     empty_min_pem4f.oem4f (.const:xdc_runtime_Startup_execImpl__C)
                  0000a600    00000004     empty_min_pem4f.oem4f (.const:xdc_runtime_Startup_maxPasses__C)
                  0000a604    00000004     empty_min_pem4f.oem4f (.const:xdc_runtime_Startup_sfxnRts__C)
                  0000a608    00000004     empty_min_pem4f.oem4f (.const:xdc_runtime_Startup_sfxnTab__C)
                  0000a60c    00000004     empty_min_pem4f.oem4f (.const:xdc_runtime_SysMin_bufSize__C)
                  0000a610    00000004     empty_min_pem4f.oem4f (.const:xdc_runtime_SysMin_outputFunc__C)
                  0000a614    00000004     empty_min_pem4f.oem4f (.const:xdc_runtime_System_Module__gateObj__C)
                  0000a618    00000004     empty_min_pem4f.oem4f (.const:xdc_runtime_System_abortFxn__C)
                  0000a61c    00000004     empty_min_pem4f.oem4f (.const:xdc_runtime_System_exitFxn__C)
                  0000a620    00000004     empty_min_pem4f.oem4f (.const:xdc_runtime_System_extendFxn__C)
                  0000a624    00000004     empty_min_pem4f.oem4f (.const:xdc_runtime_System_maxAtexitHandlers__C)
                  0000a628    00000004     empty_min_pem4f.oem4f (.const:xdc_runtime_Text_charTab__C)
                  0000a62c    00000004     empty_min_pem4f.oem4f (.const:xdc_runtime_Text_nameEmpty__C)
                  0000a630    00000004     empty_min_pem4f.oem4f (.const:xdc_runtime_Text_nameStatic__C)
                  0000a634    00000004     empty_min_pem4f.oem4f (.const:xdc_runtime_Text_nameUnknown__C)
                  0000a638    00000004     empty_min_pem4f.oem4f (.const:xdc_runtime_Text_nodeTab__C)
                  0000a63c    00000004     empty_min_pem4f.oem4f (.const:xdc_runtime_Text_visitRopeFxn__C)
                  0000a640    00000002     empty_min_pem4f.oem4f (.const:ti_catalog_arm_cortexm4_tiva_ce_Boot_Module__id__C)
                  0000a642    00000002     empty_min_pem4f.oem4f (.const:ti_sysbios_family_arm_m3_Hwi_Module__id__C)
                  0000a644    00000002     empty_min_pem4f.oem4f (.const:ti_sysbios_heaps_HeapMem_Module__id__C)
                  0000a646    00000002     empty_min_pem4f.oem4f (.const:xdc_runtime_Core_Module__id__C)
                  0000a648    00000002     empty_min_pem4f.oem4f (.const:xdc_runtime_Error_Module__loggerDefined__C)
                  0000a64a    00000002     empty_min_pem4f.oem4f (.const:xdc_runtime_Error_maxDepth__C)
                  0000a64c    00000002     empty_min_pem4f.oem4f (.const:xdc_runtime_Memory_Module__id__C)
                  0000a64e    00000002     empty_min_pem4f.oem4f (.const:xdc_runtime_SysMin_flushAtExit__C)
                  0000a650    00000002     empty_min_pem4f.oem4f (.const:xdc_runtime_Text_charCnt__C)
                  0000a652    00000002     empty_min_pem4f.oem4f (.const:xdc_runtime_Text_isLoaded__C)
                  0000a654    00000002     empty_min_pem4f.oem4f (.const:xdc_runtime_Text_registryModsLastId__C)
                  0000a656    00000002     empty_min_pem4f.oem4f (.const:xdc_runtime_Text_unnamedModsLastId__C)
                  0000a658    00000001     empty_min_pem4f.oem4f (.const:xdc_runtime_Error_policy__C)

.cinit     0    0000a660    000001f8     
                  0000a660    000001bd     (.cinit..data.load) [load image, compression = lzss]
                  0000a81d    00000003     --HOLE-- [fill = 0]
                  0000a820    0000000c     (__TI_handler_table)
                  0000a82c    00000004     --HOLE-- [fill = 0]
                  0000a830    00000008     (.cinit..bss.load) [load image, compression = zero_init]
                  0000a838    00000008     (.cinit..vecs.load) [load image, compression = zero_init]
                  0000a840    00000018     (__TI_cinit_table)

.init_array 
*          0    00000000    00000000     UNINITIALIZED

.resetVecs 
*          0    00000000    0000003c     
                  00000000    0000003c     empty_min_pem4f.oem4f (.resetVecs)

.bss       0    20000360    000010b5     UNINITIALIZED
                  20000360    00000400     (.common:ti_sysbios_heaps_HeapMem_Instance_State_0_buf__A)
                  20000760    00000360     (.common:ti_sysbios_family_arm_m3_Hwi_dispatchTable)
                  20000ac0    00000200     (.common:task0Stack)
                  20000cc0    00000120     rtsv7M4_T_le_v4SPD16_eabi.lib : trgmsg.c.obj (.bss:_CIOBUF_)
                  20000de0    00000100     (.common:IMUTask_Stack)
                  20000ee0    000000cc     (.common:uartTivaObjects)
                  20000fac    00000090     drivers_tivaware.aem4f : GPIOTiva.oem4f (.bss:gpioCallbackInfo)
                  2000103c    00000080     (.common:i2cTivaObjects)
                  200010bc    00000080     (.common:xdc_runtime_SysMin_Module_State_0_outbuf__A)
                  2000113c    00000050     (.common:IMUTaskStruct)
                  2000118c    00000050     (.common:task0Struct)
                  200011dc    00000030     (.common:balance_buffer_acc)
                  2000120c    00000030     (.common:balance_buffer_gyr)
                  2000123c    00000030     (.common:buffer_left)
                  2000126c    00000030     (.common:buffer_right)
                  2000129c    00000024     (.common:BalanceControlStruct)
                  200012c0    00000024     (.common:Robot_IMUstate)
                  200012e4    00000024     (.common:WheelsControlStruct)
                  20001308    00000020     (.common:pwmTivaObjects)
                  20001328    00000020     (.common:uartTivaRingBuffer)
                  20001348    0000001c     (.common:IMUsemStruct)
                  20001364    0000001c     (.common:Robot_MotorState)
                  20001380    00000010     (.common:IMU_Accel)
                  20001390    00000010     (.common:IMU_Gyr)
                  200013a0    00000010     (.common:IMU_LastAccel)
                  200013b0    0000000c     (.common:Robot_EncoderL)
                  200013bc    0000000c     (.common:Robot_EncoderR)
                  200013c8    00000008     (.common:parmbuf)
                  200013d0    00000004     (.common:BalanceControl_Handle)
                  200013d4    00000004     (.common:IMUsemHandle)
                  200013d8    00000004     (.common:Pitch)
                  200013dc    00000004     (.common:Racc)
                  200013e0    00000004     (.common:Robot_ENCL)
                  200013e4    00000004     (.common:Robot_ENCR)
                  200013e8    00000004     (.common:Robot_IMU)
                  200013ec    00000004     (.common:Robot_Motor)
                  200013f0    00000004     (.common:Robot_uart)
                  200013f4    00000004     (.common:Roll)
                  200013f8    00000004     (.common:WheelsControl_Handle)
                  200013fc    00000004     (.common:Yaw)
                  20001400    00000004     (.common:balance_pid_acc)
                  20001404    00000004     (.common:balance_pid_gyr)
                  20001408    00000004     (.common:gpioInterruptVectors)
                  2000140c    00000004     (.common:pid_left)
                  20001410    00000004     (.common:pid_right)
                  20001414    00000001     (.common:flag)

.data      0    20001418    00000412     UNINITIALIZED
                  20001418    00000080     empty_min_pem4f.oem4f (.data:ti_sysbios_knl_Swi_Module_State_0_readyQ__A)
                  20001498    00000080     empty_min_pem4f.oem4f (.data:ti_sysbios_knl_Task_Module_State_0_readyQ__A)
                  20001518    00000044     empty_min_pem4f.oem4f (.data:ti_sysbios_knl_Task_Module__state__V)
                  2000155c    00000040     empty_min_pem4f.oem4f (.data:ti_sysbios_family_arm_lm4_Timer_Object__table__V)
                  2000159c    00000038     empty_min_pem4f.oem4f (.data:ti_sysbios_gates_GateMutex_Object__table__V)
                  200015d4    00000034     empty_min_pem4f.oem4f (.data:ti_sysbios_family_arm_m3_Hwi_Module__state__V)
                  20001608    00000030     empty_min_pem4f.oem4f (.data:ti_sysbios_family_arm_lm4_Timer_Module_State_0_device__A)
                  20001638    00000030     empty_min_pem4f.oem4f (.data:ti_sysbios_knl_Swi_Object__table__V)
                  20001668    0000002c     empty_min_pem4f.oem4f (.data:ti_sysbios_knl_Clock_Module__state__V)
                  20001694    00000024     empty_min_pem4f.oem4f (.data:ti_sysbios_BIOS_Module__state__V)
                  200016b8    0000001c     empty_min_pem4f.oem4f (.data:ti_sysbios_knl_Swi_Module__state__V)
                  200016d4    00000018     drivers_tivaware.aem4f : PWMTiva.oem4f (.data)
                  200016ec    00000018     RAP_Robot_TM4C123G.obj (.data:gpioPinConfigs)
                  20001704    00000018     empty_min_pem4f.oem4f (.data:ti_sysbios_family_arm_lm4_Timer_Module_State_0_handles__A)
                  2000171c    00000018     empty_min_pem4f.oem4f (.data:ti_sysbios_family_arm_m3_Hwi_Object__table__V)
                  20001734    00000018     empty_min_pem4f.oem4f (.data:ti_sysbios_heaps_HeapMem_Object__table__V)
                  2000174c    00000010     Balance.obj (.data)
                  2000175c    00000010     Wheels.obj (.data)
                  2000176c    0000000c     RAP_Robot_TM4C123G.obj (.data:gpioCallbackFunctions)
                  20001778    0000000c     empty_min_pem4f.oem4f (.data:ti_sysbios_family_arm_lm4_Timer_Module__state__V)
                  20001784    0000000c     empty_min_pem4f.oem4f (.data:xdc_runtime_SysMin_Module__state__V)
                  20001790    00000008     rtsv7M4_T_le_v4SPD16_eabi.lib : _lock.c.obj (.data:$O1$$)
                  20001798    00000008     empty_min_pem4f.oem4f (.data:ti_sysbios_family_arm_m3_Hwi_Module__root__V)
                  200017a0    00000008     empty_min_pem4f.oem4f (.data:ti_sysbios_gates_GateHwi_Module__root__V)
                  200017a8    00000008     empty_min_pem4f.oem4f (.data:ti_sysbios_gates_GateMutex_Module__root__V)
                  200017b0    00000008     empty_min_pem4f.oem4f (.data:ti_sysbios_heaps_HeapMem_Module__root__V)
                  200017b8    00000008     empty_min_pem4f.oem4f (.data:ti_sysbios_knl_Clock_Module__root__V)
                  200017c0    00000008     empty_min_pem4f.oem4f (.data:ti_sysbios_knl_Queue_Module__root__V)
                  200017c8    00000008     empty_min_pem4f.oem4f (.data:ti_sysbios_knl_Semaphore_Module__root__V)
                  200017d0    00000008     empty_min_pem4f.oem4f (.data:ti_sysbios_knl_Task_Module__root__V)
                  200017d8    00000008     empty_min_pem4f.oem4f (.data:xdc_runtime_Registry_Module__state__V)
                  200017e0    00000008     empty_min_pem4f.oem4f (.data:xdc_runtime_Startup_Module__state__V)
                  200017e8    00000008     empty_min_pem4f.oem4f (.data:xdc_runtime_System_Module_State_0_atexitHandlers__A)
                  200017f0    00000008     empty_min_pem4f.oem4f (.data:xdc_runtime_System_Module__state__V)
                  200017f8    00000005     drivers_tivaware.aem4f : GPIOTiva.oem4f (.data)
                  200017fd    00000001     --HOLE--
                  200017fe    00000002     empty_min_pem4f.oem4f (.data:ti_sysbios_family_arm_m3_Hwi_Module_State_0_excActive__A)
                  20001800    00000004     drivers_tivaware.aem4f : I2C.oem4f (.data)
                  20001804    00000004                            : PWM.oem4f (.data)
                  20001808    00000004                            : UART.oem4f (.data)
                  2000180c    00000004     rtsv7M4_T_le_v4SPD16_eabi.lib : errno.c.obj (.data)
                  20001810    00000004                                   : stkdepth_vars.c.obj (.data)
                  20001814    00000004     empty_min_pem4f.oem4f (.data:ti_sysbios_family_arm_m3_Hwi_Module_State_0_excContext__A)
                  20001818    00000004     empty_min_pem4f.oem4f (.data:ti_sysbios_family_arm_m3_Hwi_Module_State_0_excStack__A)
                  2000181c    00000004     empty_min_pem4f.oem4f (.data:ti_sysbios_gates_GateHwi_Object__table__V)
                  20001820    00000004     empty_min_pem4f.oem4f (.data:ti_sysbios_knl_Task_Module_State_0_idleTask__A)
                  20001824    00000004     empty_min_pem4f.oem4f (.data:xdc_runtime_Memory_Module__state__V)
                  20001828    00000002     empty_min_pem4f.oem4f (.data:xdc_runtime_Error_Module__state__V)

.stack     0    20001830    00000300     UNINITIALIZED
                  20001830    00000300     --HOLE--

.bootVecs 
*          0    00000000    00000008     DSECT
                  00000000    00000008     boot.aem4f : boot.oem4f (.bootVecs)

.vecs      0    20000000    00000360     UNINITIALIZED
                  20000000    00000360     empty_min_pem4f.oem4f (.vecs)

xdc.meta   0    00000000    000000f6     COPY SECTION
                  00000000    000000f6     empty_min_pem4f.oem4f (xdc.meta)

MODULE SUMMARY

       Module                       code    ro data   rw data
       ------                       ----    -------   -------
    ./
       RAP_Robot.obj                498     0         701    
    +--+----------------------------+-------+---------+---------+
       Total:                       498     0         701    
                                                             
    ./Robot/
       IMUSensor.obj                872     0         432    
       Wheels.obj                   434     0         160    
    +--+----------------------------+-------+---------+---------+
       Total:                       1306    0         592    
                                                             
    ./Robot/Control/
       Balance.obj                  650     0         160    
       PID.obj                      318     0         0      
    +--+----------------------------+-------+---------+---------+
       Total:                       968     0         160    
                                                             
    ./Robot/Drivers/RAP_Drivers/
       IMU.obj                      1466    32        0      
       MotorDriver.obj              870     0         0      
       Encoder.obj                  464     0         0      
    +--+----------------------------+-------+---------+---------+
       Total:                       2800    32        0      
                                                             
    ./Robot/Drivers/Tools/
       UART_tools.obj               324     0         0      
    +--+----------------------------+-------+---------+---------+
       Total:                       324     0         0      
                                                             
    ./Robot/RAP_Robot_Board_Hw/
       RAP_Robot_TM4C123G.obj       296     212       432    
       Robot_Hw_Ctl.obj             564     0         0      
    +--+----------------------------+-------+---------+---------+
       Total:                       860     212       432    
                                                             
    /home/josepablocb/Workspace/VoltaRobotics/Tests/RAP_Robot/Debug/configPkg/package/cfg/
       empty_min_pem4f.oem4f        1884    7609      3796   
    +--+----------------------------+-------+---------+---------+
       Total:                       1884    7609      3796   
                                                             
    /home/josepablocb/Workspace/VoltaRobotics/Tests/RAP_Robot/src/sysbios/sysbios.aem4f
       BIOS.obj                     8950    0         0      
       m3_Hwi_asm.obj               314     0         0      
       m3_TaskSupport_asm.obj       180     0         0      
       m3_Hwi_asm_switch.obj        118     0         0      
    +--+----------------------------+-------+---------+---------+
       Total:                       9562    0         0      
                                                             
    /home/josepablocb/ti/ccsv7/tools/compiler/ti-cgt-arm_18.1.0.LTS/lib/rtsv7M4_T_le_v4SPD16_eabi.lib
[...]
00008547  ti_catalog_arm_cortexm4_tiva_ce_Boot_sysCtlDelayI__I              
00008551  ti_sysbios_family_arm_m3_Hwi_doTaskRestore__I                     
00008559  ti_sysbios_family_arm_m3_Hwi_restoreFxn__E                        
00008559  ti_sysbios_hal_Hwi_HwiProxy_restore__E                            
00008561  ti_sysbios_gates_GateHwi_leave__E                                 
00008569  ti_sysbios_heaps_HeapMem_isBlocking__E                            
00008571  ti_sysbios_knl_Clock_stop__E                                      
00008579  ti_sysbios_knl_Queue_Instance_init__E                             
00008581  ti_sysbios_knl_Swi_startup__E                                     
00008587  xdc_runtime_System_Module_startup__E                              
00008591  ti_sysbios_gates_GateHwi_query__E                                 
00008591  xdc_runtime_Main_Module_GateProxy_query__E                        
00008591  xdc_runtime_System_Module_GateProxy_query__E                      
00008599  ti_sysbios_BIOS_RtsGateProxy_query__E                             
00008599  ti_sysbios_gates_GateMutex_query__E                               
00008599  ti_sysbios_heaps_HeapMem_Module_GateProxy_query__E                
000085a1  ti_sysbios_knl_Task_startup__E                                    
000085a9  ti_sysbios_gates_GateHwi_Instance_init__E                         
000085b1  ti_sysbios_knl_Clock_logTick__E                                   
000085b4  xdc_runtime_Text_charTab__A                                       
00009df8  xdc_runtime_Text_nodeTab__A                                       
0000a074  PWM_config                                                        
0000a0b0  ti_sysbios_knl_Task_Object__PARAMS__C                             
0000a0ec  pwmTivaHWAttrs                                                    
0000a11c  ti_sysbios_family_arm_m3_Hwi_Object__PARAMS__C                    
0000a14c  UARTTiva_fxnTable                                                 
0000a174  ti_sysbios_heaps_HeapMem_Module__FXNS__C                          
0000a19c  UART_defaultParams                                                
0000a1c0  ti_sysbios_gates_GateHwi_Module__FXNS__C                          
0000a1e4  ti_sysbios_gates_GateMutex_Module__FXNS__C                        
0000a208  ti_sysbios_heaps_HeapMem_Object__PARAMS__C                        
0000a22c  ti_sysbios_knl_Clock_Object__PARAMS__C                            
0000a250  ti_sysbios_knl_Semaphore_Object__PARAMS__C                        
0000a274  PWMTiva_fxnTable                                                  
0000a290  PWMTiva_MAX_PRESCALAR                                             
0000a292  PWMTiva_MAX_MATCH_VALUE                                           
0000a294  ti_sysbios_family_arm_m3_Hwi_Object__DESC__C                      
0000a2b4  ti_sysbios_gates_GateHwi_Object__DESC__C                          
0000a2d4  ti_sysbios_gates_GateMutex_Object__DESC__C                        
0000a2f4  ti_sysbios_heaps_HeapMem_Object__DESC__C                          
0000a314  ti_sysbios_knl_Clock_Object__DESC__C                              
0000a334  ti_sysbios_knl_Queue_Object__DESC__C                              
0000a354  ti_sysbios_knl_Semaphore_Object__DESC__C                          
0000a374  ti_sysbios_knl_Task_Object__DESC__C                               
0000a394  xdc_runtime_Startup_sfxnTab__A                                    
0000a3b4  I2CTiva_fxnTable                                                  
0000a3e8  I2C_config                                                        
0000a400  UART_config                                                       
0000a418  ti_sysbios_gates_GateHwi_Object__PARAMS__C                        
0000a430  ti_sysbios_gates_GateMutex_Object__PARAMS__C                      
0000a448  ti_sysbios_knl_Queue_Object__PARAMS__C                            
0000a460  uartTivaHWAttrs                                                   
0000a478  GPIOTiva_config                                                   
0000a48c  xdc_runtime_Startup_firstFxns__A                                  
0000a4a0  I2C_defaultParams                                                 
0000a4d0  xdc_runtime_Startup_sfxnRts__A                                    
0000a4e0  PWM_defaultParams                                                 
0000a4ec  i2cTivaHWAttrs                                                    
0000a4f8  ti_sysbios_family_arm_m3_Hwi_excHookFuncs__A                      
0000a500  ti_sysbios_knl_Idle_funcList__C                                   
0000a508  xdc_runtime_Startup_firstFxns__C                                  
0000a510  xdc_runtime_Startup_lastFxns__C                                   
0000a518  ti_catalog_arm_cortexm4_tiva_ce_Boot_A_mustUseEnhancedClockMode__C
0000a51c  ti_catalog_arm_cortexm4_tiva_ce_Boot_Module__diagsEnabled__C      
0000a520  ti_catalog_arm_cortexm4_tiva_ce_Boot_Module__diagsIncluded__C     
0000a524  ti_catalog_arm_cortexm4_tiva_ce_Boot_Module__diagsMask__C         
0000a528  ti_sysbios_family_arm_lm4_Timer_enableFunc__C                     
0000a52c  ti_sysbios_family_arm_lm4_Timer_numTimerDevices__C                
0000a530  ti_sysbios_family_arm_lm4_Timer_startupNeeded__C                  
0000a534  ti_sysbios_family_arm_m3_Hwi_E_NMI__C                             
0000a538  ti_sysbios_family_arm_m3_Hwi_E_alreadyDefined__C                  
0000a53c  ti_sysbios_family_arm_m3_Hwi_E_busFault__C                        
0000a540  ti_sysbios_family_arm_m3_Hwi_E_debugMon__C                        
0000a544  ti_sysbios_family_arm_m3_Hwi_E_hardFault__C                       
0000a548  ti_sysbios_family_arm_m3_Hwi_E_memFault__C                        
0000a54c  ti_sysbios_family_arm_m3_Hwi_E_noIsr__C                           
0000a550  ti_sysbios_family_arm_m3_Hwi_E_reserved__C                        
0000a554  ti_sysbios_family_arm_m3_Hwi_E_svCall__C                          
0000a558  ti_sysbios_family_arm_m3_Hwi_E_usageFault__C                      
0000a55c  ti_sysbios_family_arm_m3_Hwi_NUM_INTERRUPTS__C                    
0000a560  ti_sysbios_family_arm_m3_Hwi_Object__count__C                     
0000a564  ti_sysbios_family_arm_m3_Hwi_ccr__C                               
0000a568  ti_sysbios_family_arm_m3_Hwi_excHandlerFunc__C                    
0000a56c  ti_sysbios_family_arm_m3_Hwi_excHookFuncs__C                      
0000a570  ti_sysbios_family_arm_m3_Hwi_nullIsrFunc__C                       
0000a574  ti_sysbios_family_arm_m3_Hwi_priGroup__C                          
0000a578  ti_sysbios_family_arm_m3_TaskSupport_stackAlignment__C            
0000a57c  ti_sysbios_gates_GateMutex_Instance_State_sem__O                  
0000a580  ti_sysbios_heaps_HeapMem_E_memory__C                              
0000a584  ti_sysbios_heaps_HeapMem_Module__gateObj__C                       
0000a588  ti_sysbios_heaps_HeapMem_Object__count__C                         
0000a58c  ti_sysbios_heaps_HeapMem_reqAlign__C                              
0000a590  ti_sysbios_knl_Clock_Module_State_clockQ__O                       
0000a594  ti_sysbios_knl_Semaphore_Instance_State_pendQ__O                  
0000a598  ti_sysbios_knl_Swi_Object__count__C                               
0000a59c  ti_sysbios_knl_Task_Module_State_inactiveQ__O                     
0000a5a0  ti_sysbios_knl_Task_Object__count__C                              
0000a5a4  ti_sysbios_knl_Task_allBlockedFunc__C                             
0000a5a8  ti_sysbios_knl_Task_defaultStackHeap__C                           
0000a5ac  ti_sysbios_knl_Task_defaultStackSize__C                           
0000a5b0  ti_sysbios_knl_Task_numConstructedTasks__C                        
0000a5b4  xdc_runtime_Assert_E_assertFailed__C                              
0000a5b8  xdc_runtime_Core_A_initializedParams__C                           
0000a5bc  xdc_runtime_Core_Module__diagsEnabled__C                          
0000a5c0  xdc_runtime_Core_Module__diagsIncluded__C                         
0000a5c4  xdc_runtime_Core_Module__diagsMask__C                             
0000a5c8  xdc_runtime_Error_E_memory__C                                     
0000a5cc  xdc_runtime_Error_Module__diagsEnabled__C                         
0000a5d0  xdc_runtime_Error_Module__diagsIncluded__C                        
0000a5d4  xdc_runtime_Error_Module__diagsMask__C                            
0000a5d8  xdc_runtime_Error_Module__loggerFxn8__C                           
0000a5dc  xdc_runtime_Error_Module__loggerObj__C                            
0000a5e0  xdc_runtime_Error_policyFxn__C                                    
0000a5e4  xdc_runtime_Error_raiseHook__C                                    
0000a5e8  xdc_runtime_IGateProvider_Interface__BASE__C                      
0000a5ec  xdc_runtime_IHeap_Interface__BASE__C                              
0000a5f0  xdc_runtime_IModule_Interface__BASE__C                            
0000a5f4  xdc_runtime_Log_L_error__C                                        
0000a5f8  xdc_runtime_Memory_defaultHeapInstance__C                         
0000a5fc  xdc_runtime_Startup_execImpl__C                                   
0000a600  xdc_runtime_Startup_maxPasses__C                                  
0000a604  xdc_runtime_Startup_sfxnRts__C                                    
0000a608  xdc_runtime_Startup_sfxnTab__C                                    
0000a60c  xdc_runtime_SysMin_bufSize__C                                     
0000a610  xdc_runtime_SysMin_outputFunc__C                                  
0000a614  xdc_runtime_System_Module__gateObj__C                             
0000a618  xdc_runtime_System_abortFxn__C                                    
0000a61c  xdc_runtime_System_exitFxn__C                                     
0000a620  xdc_runtime_System_extendFxn__C                                   
0000a624  xdc_runtime_System_maxAtexitHandlers__C                           
0000a628  xdc_runtime_Text_charTab__C                                       
0000a62c  xdc_runtime_Text_nameEmpty__C                                     
0000a630  xdc_runtime_Text_nameStatic__C                                    
0000a634  xdc_runtime_Text_nameUnknown__C                                   
0000a638  xdc_runtime_Text_nodeTab__C                                       
0000a63c  xdc_runtime_Text_visitRopeFxn__C                                  
0000a640  ti_catalog_arm_cortexm4_tiva_ce_Boot_Module__id__C                
0000a642  ti_sysbios_family_arm_m3_Hwi_Module__id__C                        
0000a644  ti_sysbios_heaps_HeapMem_Module__id__C                            
0000a646  xdc_runtime_Core_Module__id__C                                    
0000a648  xdc_runtime_Error_Module__loggerDefined__C                        
0000a64a  xdc_runtime_Error_maxDepth__C                                     
0000a64c  xdc_runtime_Memory_Module__id__C                                  
0000a64e  xdc_runtime_SysMin_flushAtExit__C                                 
0000a650  xdc_runtime_Text_charCnt__C                                       
0000a652  xdc_runtime_Text_isLoaded__C                                      
0000a654  xdc_runtime_Text_registryModsLastId__C                            
0000a656  xdc_runtime_Text_unnamedModsLastId__C                             
0000a658  xdc_runtime_Error_policy__C                                       
0000a660  __TI_static_base__                                                
0000a820  __TI_Handler_Table_Base                                           
0000a82c  __TI_Handler_Table_Limit                                          
0000a840  __TI_CINIT_Base                                                   
0000a858  __TI_CINIT_Limit                                                  
20000000  ti_sysbios_family_arm_m3_Hwi_ramVectors                           
20000360  ti_sysbios_heaps_HeapMem_Instance_State_0_buf__A                  
20000760  ti_sysbios_family_arm_m3_Hwi_dispatchTable                        
20000ac0  task0Stack                                                        
20000cc0  __CIOBUF_                                                         
20000de0  IMUTask_Stack                                                     
20000ee0  uartTivaObjects                                                   
2000103c  i2cTivaObjects                                                    
200010bc  xdc_runtime_SysMin_Module_State_0_outbuf__A                       
2000113c  IMUTaskStruct                                                     
2000118c  task0Struct                                                       
200011dc  balance_buffer_acc                                                
2000120c  balance_buffer_gyr                                                
2000123c  buffer_left                                                       
2000126c  buffer_right                                                      
2000129c  BalanceControlStruct                                              
200012c0  Robot_IMUstate                                                    
200012e4  WheelsControlStruct                                               
20001308  pwmTivaObjects                                                    
20001328  uartTivaRingBuffer                                                
20001348  IMUsemStruct                                                      
20001364  Robot_MotorState                                                  
20001380  IMU_Accel                                                         
20001390  IMU_Gyr                                                           
200013a0  IMU_LastAccel                                                     
200013b0  Robot_EncoderL                                                    
200013bc  Robot_EncoderR                                                    
200013c8  parmbuf                                                           
200013d0  BalanceControl_Handle                                             
200013d4  IMUsemHandle                                                      
200013d8  Pitch                                                             
200013dc  Racc                                                              
200013e0  Robot_ENCL                                                        
200013e4  Robot_ENCR                                                        
200013e8  Robot_IMU                                                         
200013ec  Robot_Motor                                                       
200013f0  Robot_uart                                                        
200013f4  Roll                                                              
200013f8  WheelsControl_Handle                                              
200013fc  Yaw                                                               
20001400  balance_pid_acc                                                   
20001404  balance_pid_gyr                                                   
2000140c  pid_left                                                          
20001410  pid_right                                                         
20001414  flag                                                              
20001418  ti_sysbios_knl_Swi_Module_State_0_readyQ__A                       
20001498  ti_sysbios_knl_Task_Module_State_0_readyQ__A                      
20001518  ti_sysbios_knl_Task_Module__state__V                              
2000155c  ti_sysbios_family_arm_lm4_Timer_Object__table__V                  
2000159c  ti_sysbios_gates_GateMutex_Object__table__V                       
200015d4  ti_sysbios_family_arm_m3_Hwi_Module__state__V                     
20001608  ti_sysbios_family_arm_lm4_Timer_Module_State_0_device__A          
20001638  ti_sysbios_knl_Swi_Object__table__V                               
20001668  ti_sysbios_knl_Clock_Module__state__V                             
20001694  ti_sysbios_BIOS_Module__state__V                                  
200016b8  ti_sysbios_knl_Swi_Module__state__V                               
200016ec  gpioPinConfigs                                                    
20001704  ti_sysbios_family_arm_lm4_Timer_Module_State_0_handles__A         
2000171c  ti_sysbios_family_arm_m3_Hwi_Object__table__V                     
20001734  ti_sysbios_heaps_HeapMem_Object__table__V                         
2000174c  input_acc                                                         
20001750  output_acc                                                        
20001754  input_gyr                                                         
20001758  output_gyr                                                        
2000175c  input_L                                                           
20001760  input_R                                                           
20001764  output_L                                                          
20001768  output_R                                                          
2000176c  gpioCallbackFunctions                                             
20001778  ti_sysbios_family_arm_lm4_Timer_Module__state__V                  
20001784  xdc_runtime_SysMin_Module__state__V                               
20001790  _lock                                                             
20001794  _unlock                                                           
20001798  ti_sysbios_family_arm_m3_Hwi_Module__root__V                      
200017a0  ti_sysbios_gates_GateHwi_Module__root__V                          
200017a8  ti_sysbios_gates_GateMutex_Module__root__V                        
200017b0  ti_sysbios_heaps_HeapMem_Module__root__V                          
200017b8  ti_sysbios_knl_Clock_Module__root__V                              
200017c0  ti_sysbios_knl_Queue_Module__root__V                              
200017c8  ti_sysbios_knl_Semaphore_Module__root__V                          
200017d0  ti_sysbios_knl_Task_Module__root__V                               
200017d8  xdc_runtime_Registry_Module__state__V                             
200017e0  xdc_runtime_Startup_Module__state__V                              
200017e8  xdc_runtime_System_Module_State_0_atexitHandlers__A               
200017f0  xdc_runtime_System_Module__state__V                               
200017fe  ti_sysbios_family_arm_m3_Hwi_Module_State_0_excActive__A          
2000180c  errno                                                             
20001810  main_func_sp                                                      
20001814  ti_sysbios_family_arm_m3_Hwi_Module_State_0_excContext__A         
20001818  ti_sysbios_family_arm_m3_Hwi_Module_State_0_excStack__A           
2000181c  ti_sysbios_gates_GateHwi_Object__table__V                         
20001820  ti_sysbios_knl_Task_Module_State_0_idleTask__A                    
20001824  xdc_runtime_Memory_Module__state__V                               
20001828  xdc_runtime_Error_Module__state__V                                
20001830  __stack                                                           
20001b30  __STACK_END                                                       
e000e000  ti_sysbios_family_arm_m3_Hwi_nvic                                 
ffffffff  __TI_pprof_out_hndl                                               
ffffffff  __TI_prof_data_size                                               
ffffffff  __TI_prof_data_start                                              
ffffffff  __binit__                                                         
ffffffff  __c_args__                                                        
ffffffff  binit                                                             
UNDEFED   SHT$$INIT_ARRAY$$Base                                             
UNDEFED   SHT$$INIT_ARRAY$$Limit                                            

[734 symbols]
