******************************************************************************
                  TI ARM Linker Unix v18.1.0                   
******************************************************************************
>> Linked Wed Feb 21 11:31:41 2018

OUTPUT FILE NAME:   <RAP_Robot.out>
ENTRY POINT SYMBOL: "_c_int00"  address: 00005a09


MEMORY CONFIGURATION

         name            origin    length      used     unused   attr    fill
----------------------  --------  ---------  --------  --------  ----  --------
  FLASH                 00000000   00040000  0000a5b3  00035a4d  R  X
  SRAM                  20000000   00008000  00001afa  00006506  RW X


SEGMENT ALLOCATION MAP

run origin  load origin   length   init length attrs members
----------  ----------- ---------- ----------- ----- -------
00000000    00000000    0000a5c0   0000a5c0    r-x
  00000000    00000000    0000003c   0000003c    r-- .resetVecs
  00000040    00000040    000082ea   000082ea    r-x .text
  0000832c    0000832c    00002095   00002095    r-- .const
  0000a3c8    0000a3c8    000001f8   000001f8    r-- .cinit
20000000    20000000    00001b00   00000000    rw-
  20000000    20000000    00000360   00000000    rw- .vecs
  20000360    20000360    00001090   00000000    rw- .bss
  200013f0    200013f0    0000040a   00000000    rw- .data
  20001800    20001800    00000300   00000000    rw- .stack


SECTION ALLOCATION MAP

 output                                  attributes/
section   page    origin      length       input sections
--------  ----  ----------  ----------   ----------------
.text      0    00000040    000082ea     
                  00000040    00000580     rtsv7M4_T_le_v4SPD16_eabi.lib : e_powf.c.obj (.text:powf)
                  000005c0    00000430     sysbios.aem4f : BIOS.obj (.text:ti_sysbios_family_arm_m3_Hwi_excDumpRegs__I)
                  000009f0    0000034c     ti.targets.arm.rtsarm.aem4f : System.oem4f (.text:xdc_runtime_System_doPrint__I)
                  00000d3c    0000020c     drivers_tivaware.aem4f : UARTTiva.oem4f (.text:UARTTiva_open)
                  00000f48    000001fc     sysbios.aem4f : BIOS.obj (.text:ti_sysbios_family_arm_m3_Hwi_excHandlerMax__I)
                  00001144    000001e4     MotorDriver.obj (.text:MotorDriver_open)
                  00001328    000001b6     rtsv7M4_T_le_v4SPD16_eabi.lib : fd_add_t2.asm.obj (.text)
                  000014de    00000002                                   : _lock.c.obj (.text:_nop)
                  000014e0    0000019c     IMU.obj (.text:IMU_Sensor_Init_Magnetometer)
                  0000167c    00000194     rtsv7M4_T_le_v4SPD16_eabi.lib : e_acosf.c.obj (.text:acosf)
                  00001810    00000174     sysbios.aem4f : BIOS.obj (.text:ti_sysbios_family_arm_m3_Hwi_excBusFault__I)
                  00001984    00000170     drivers_tivaware.aem4f : PWMTiva.oem4f (.text:PWMTiva_open)
                  00001af4    00000004     driverlib.lib : i2c.obj (.text:I2CMasterControl)
                  00001af8    00000164     sysbios.aem4f : BIOS.obj (.text:ti_sysbios_family_arm_m3_Hwi_excUsageFault__I)
                  00001c5c    00000160     IMUSensor.obj (.text:Filter)
                  00001dbc    00000004     driverlib.lib : i2c.obj (.text:I2CMasterDataGet)
                  00001dc0    00000154     sysbios.aem4f : BIOS.obj (.text:ti_sysbios_knl_Semaphore_pend__E)
                  00001f14    00000150     drivers_tivaware.aem4f : GPIOTiva.oem4f (.text:GPIO_setConfig)
                  00002064    00000004     driverlib.lib : i2c.obj (.text:I2CMasterDataPut)
                  00002068    00000148     sysbios.aem4f : BIOS.obj (.text:ti_sysbios_family_arm_m3_Hwi_excMemFault__I)
                  000021b0    00000136     rtsv7M4_T_le_v4SPD16_eabi.lib : fd_div_t2.asm.obj (.text)
                  000022e6    00000130     driverlib.lib : gpio.obj (.text:GPIOPadConfigSet)
                  00002416    00000002     rtsv7M4_T_le_v4SPD16_eabi.lib : div0.asm.obj (.text)
                  00002418    0000012c     Robot_Hw_Ctl.obj (.text:Robot_init)
                  00002544    00000118     ti.targets.arm.rtsarm.aem4f : Error.oem4f (.text:xdc_runtime_Error_policyDefault__E)
                  0000265c    00000110     IMUSensor.obj (.text:IMUSensor_init)
                  0000276c    00000004     driverlib.lib : qei.obj (.text:QEIPositionSet)
                  00002770    00000108     sysbios.aem4f : BIOS.obj (.text:ti_sysbios_family_arm_lm4_Timer_start__E)
                  00002878    00000100     Boot.aem4f : Boot_sysctl.oem4f (.text:ti_catalog_arm_cortexm4_tiva_ce_Boot_sysCtlClockSetI__I)
                  00002978    00000100     ti.targets.arm.rtsarm.aem4f : Core-mem.oem4f (.text:xdc_runtime_Core_createObject__I)
                  00002a78    000000fc     UART_tools.obj (.text:UART_readFloat)
                  00002b74    000000fc     rtsv7M4_T_le_v4SPD16_eabi.lib : fd_mul_t2.asm.obj (.text)
                  00002c70    000000f8     ti.targets.arm.rtsarm.aem4f : Startup.oem4f (.text:xdc_runtime_Startup_startMods__I)
                  00002d68    000000f8     empty_min_pem4f.oem4f (.text:xdc_runtime_System_printfExtend__I)
                  00002e60    000000f4     Wheels.obj (.text:Wheels_init)
                  00002f54    000000f4     sysbios.aem4f : m3_Hwi_asm.obj (.text:ti_sysbios_family_arm_m3_Hwi_dispatch__I)
                  00003048    000000f0     IMUSensor.obj (.text:IMUTask)
                  00003138    000000f0     drivers_tivaware.aem4f : PWMTiva.oem4f (.text:PWMTiva_setDuty)
                  00003228    000000e8     IMU.obj (.text:IMU_ReadAccelerometer)
                  00003310    000000e0     drivers_tivaware.aem4f : I2CTiva.oem4f (.text:I2CTiva_open)
                  000033f0    000000de     PID.obj (.text:PID_Compute)
                  000034ce    00000002     empty_min_pem4f.oem4f (.text:ti_sysbios_BIOS_nullFunc__I)
                  000034d0    000000dc     sysbios.aem4f : BIOS.obj (.text:ti_sysbios_knl_Task_sleep__E)
                  000035ac    000000d6     drivers_tivaware.aem4f : I2CTiva.oem4f (.text:I2CTiva_hwiFxn)
                  00003682    00000002     empty_min_pem4f.oem4f (.text:xdc_runtime_Startup_reset__I)
                  00003684    000000d4     Encoder.obj (.text:Encoder_open)
                  00003758    000000d4     sysbios.aem4f : BIOS.obj (.text:ti_sysbios_heaps_HeapMem_alloc__E)
                  0000382c    000000d0     Robot_Hw_Ctl.obj (.text:Robot_EnableIMU)
                  000038fc    000000d0     rtsv7M4_T_le_v4SPD16_eabi.lib : s_scalbnf.c.obj (.text:scalbnf)
                  000039cc    00000004     driverlib.lib : qei.obj (.text:QEIVelocityGet)
                  000039d0    000000cc     sysbios.aem4f : BIOS.obj (.text:ti_sysbios_knl_Task_Instance_init__E)
                  00003a9c    000000cc     ti.targets.arm.rtsarm.aem4f : Core-smem.oem4f (.text:xdc_runtime_Core_constructObject__I)
                  00003b68    000000c0     Balance.obj (.text:Balance_Init)
                  00003c28    000000bc     sysbios.aem4f : BIOS.obj (.text:ti_sysbios_family_arm_m3_Hwi_excDebugMon__I)
                  00003ce4    00000004     driverlib.lib : uart.obj (.text:UARTIntClear)
                  00003ce8    000000bc     sysbios.aem4f : BIOS.obj (.text:ti_sysbios_family_arm_m3_Hwi_excHardFault__I)
                  00003da4    00000004     rtsv7M4_T_le_v4SPD16_eabi.lib : exit.c.obj (.text:abort:abort)
                  00003da8    000000bc     sysbios.aem4f : BIOS.obj (.text:ti_sysbios_knl_Task_Instance_finalize__E)
                  00003e64    000000b0     IMU.obj (.text:IMU_open)
                  00003f14    000000b0     RAP_Robot.obj (.text:Task0)
                  00003fc4    000000ac     drivers_tivaware.aem4f : UARTTiva.oem4f (.text:readTaskBlocking)
                  00004070    000000ac     sysbios.aem4f : BIOS.obj (.text:ti_sysbios_family_arm_lm4_Timer_enableTiva__I)
                  0000411c    000000a0     auto_init.aem4f : auto_init.oem4f (.text)
                  000041bc    000000a0     ti.targets.arm.rtsarm.aem4f : Text.oem4f (.text:xdc_runtime_Text_putMod__E)
                  0000425c    0000009c     rtsv7M4_T_le_v4SPD16_eabi.lib : memcpy_t2.asm.obj (.text)
                  000042f8    0000009a     ti.targets.arm.rtsarm.aem4f : Text.oem4f (.text:xdc_runtime_Text_putSite__E)
                  00004392    00000098     drivers_tivaware.aem4f : UARTTiva.oem4f (.text:UARTTiva_readPolling)
                  0000442a    00000002     --HOLE-- [fill = 0]
                  0000442c    00000098     Boot.aem4f : Boot.oem4f (.text:ti_catalog_arm_cortexm4_tiva_ce_Boot_sysCtlClockSet__E)
                  000044c4    00000094     drivers_tivaware.aem4f : UARTTiva.oem4f (.text:UARTTiva_write)
                  00004558    00000094     sysbios.aem4f : BIOS.obj (.text:ti_sysbios_family_arm_m3_Hwi_Instance_init__E)
                  000045ec    00000004     empty_min_pem4f.oem4f (.text:ti_sysbios_BIOS_RtsGateProxy_enter__E)
                  000045f0    00000094     sysbios.aem4f : BIOS.obj (.text:ti_sysbios_family_arm_m3_Hwi_initNVIC__E)
                  00004684    00000004     empty_min_pem4f.oem4f (.text:ti_sysbios_BIOS_RtsGateProxy_leave__E)
                  00004688    00000094     sysbios.aem4f : BIOS.obj (.text:ti_sysbios_knl_Task_postInit__I)
                  0000471c    0000008c     drivers_tivaware.aem4f : GPIOTiva.oem4f (.text:GPIO_init)
                  000047a8    0000008c                            : UARTTiva.oem4f (.text:UARTTiva_control)
                  00004834    0000008c     sysbios.aem4f : m3_TaskSupport_asm.obj (.text:ti_sysbios_family_arm_m3_TaskSupport_buildTaskStack)
                  000048c0    0000008a     drivers_tivaware.aem4f : UARTTiva.oem4f (.text:readIsrTextBlocking)
                  0000494a    00000002     --HOLE-- [fill = 0]
                  0000494c    00000088                            : PWMTiva.oem4f (.text:PWMTiva_control)
                  000049d4    00000084     Encoder.obj (.text:Encoder_ReadVelocity)
                  00004a58    00000084     sysbios.aem4f : BIOS.obj (.text:ti_sysbios_family_arm_m3_Hwi_postInit__I)
                  00004adc    00000082     drivers_tivaware.aem4f : UARTTiva.oem4f (.text:readIsrTextCallback)
                  00004b5e    0000007e                            : I2CTiva.oem4f (.text:I2CTiva_transfer)
                  00004bdc    00000004     sysbios.aem4f : BIOS.obj (.text:ti_sysbios_family_arm_lm4_Timer_masterEnable__I)
                  00004be0    0000007c                   : BIOS.obj (.text:ti_sysbios_heaps_HeapMem_free__E)
                  00004c5c    0000007a     driverlib.lib : adc.obj (.text:ADCSequenceStepConfigure)
                  00004cd6    0000007a     MotorDriver.obj (.text:MotorDriver_Left)
                  00004d50    0000007a     MotorDriver.obj (.text:MotorDriver_Right)
                  00004dca    0000007a     drivers_tivaware.aem4f : UARTTiva.oem4f (.text:readTaskCallback)
                  00004e44    0000007a     rtsv7M4_T_le_v4SPD16_eabi.lib : memset_t2.asm.obj (.text)
                  00004ebe    00000002     --HOLE-- [fill = 0]
                  00004ec0    00000078     Encoder.obj (.text:Encoder_init)
                  00004f38    00000074     Wheels.obj (.text:__WheelsControl__)
                  00004fac    00000004     empty_min_pem4f.oem4f (.text:ti_sysbios_family_arm_m3_Hwi_destruct)
                  00004fb0    00000070     sysbios.aem4f : BIOS.obj (.text:ti_sysbios_knl_Clock_workFunc__E)
                  00005020    00000070                   : BIOS.obj (.text:ti_sysbios_knl_Task_exit__E)
                  00005090    0000006e     rtsv7M4_T_le_v4SPD16_eabi.lib : fd_tos_t2.asm.obj (.text)
                  000050fe    00000002     --HOLE-- [fill = 0]
                  00005100    0000006d     ti.targets.arm.rtsarm.aem4f : System.oem4f (.text:xdc_runtime_System_formatNum__I)
                  0000516d    00000003     --HOLE-- [fill = 0]
                  00005170    0000006c     sysbios.aem4f : BIOS.obj (.text:ti_sysbios_knl_Swi_restoreHwi__E)
                  000051dc    0000006c     drivers_tivaware.aem4f : UARTTiva.oem4f (.text:writeData)
                  00005248    0000006c     ti.targets.arm.rtsarm.aem4f : Error.oem4f (.text:xdc_runtime_Error_print__E)
                  000052b4    0000006c                                 : Memory.oem4f (.text:xdc_runtime_Memory_alloc__E)
                  00005320    0000006a     drivers_tivaware.aem4f : PWMTiva.oem4f (.text:PWMTiva_close)
                  0000538a    00000068     rtsv7M4_T_le_v4SPD16_eabi.lib : copy_decompress_lzss.c.obj (.text:decompress:lzss:__TI_decompress_lzss)
                  000053f2    00000066     ti.targets.arm.rtsarm.aem4f : Core-mem.oem4f (.text:xdc_runtime_Core_deleteObject__I)
                  00005458    00000064     drivers_tivaware.aem4f : GPIOTiva.oem4f (.text:GPIO_hwiIntFxn)
                  000054bc    00000004     empty_min_pem4f.oem4f (.text:ti_sysbios_family_arm_m3_TaskSupport_Module__startupDone__S)
                  000054c0    00000064     sysbios.aem4f : BIOS.obj (.text:ti_sysbios_family_arm_lm4_Timer_Module_startup__E)
                  00005524    00000064     empty_min_pem4f.oem4f (.text:ti_sysbios_family_arm_m3_Hwi_create)
                  00005588    00000064     sysbios.aem4f : BIOS.obj (.text:ti_sysbios_family_arm_m3_Hwi_dispatchC__I)
                  000055ec    00000004     empty_min_pem4f.oem4f (.text:ti_sysbios_heaps_HeapMem_Module_GateProxy_enter__E)
                  000055f0    00000064     sysbios.aem4f : BIOS.obj (.text:ti_sysbios_knl_Semaphore_post__E)
                  00005654    00000062     drivers_tivaware.aem4f : I2CTiva.oem4f (.text:I2CTiva_primeTransfer)
                  000056b6    00000062     IMU.obj (.text:IMU_ReadRegister)
                  00005718    00000060     PID.obj (.text:newPIDComputer)
                  00005778    0000005e     drivers_tivaware.aem4f : UARTTiva.oem4f (.text:readIsrBinaryBlocking)
                  000057d6    00000002     --HOLE-- [fill = 0]
                  000057d8    0000005c     sysbios.aem4f : BIOS.obj (.text:ti_sysbios_knl_Swi_run__I)
                  00005834    00000004     empty_min_pem4f.oem4f (.text:ti_sysbios_heaps_HeapMem_Module_GateProxy_leave__E)
                  00005838    0000005c     sysbios.aem4f : BIOS.obj (.text:ti_sysbios_knl_Swi_schedule__I)
                  00005894    00000004     empty_min_pem4f.oem4f (.text:ti_sysbios_knl_Clock_TimerProxy_getMaxTicks__E)
                  00005898    0000005c     sysbios.aem4f : BIOS.obj (.text:ti_sysbios_knl_Task_Module_startup__E)
                  000058f4    00000004     empty_min_pem4f.oem4f (.text:ti_sysbios_knl_Clock_destruct)
                  000058f8    0000005c     sysbios.aem4f : BIOS.obj (.text:ti_sysbios_knl_Task_startCore__E)
                  00005954    0000005b     ti.targets.arm.rtsarm.aem4f : Text.oem4f (.text:xdc_runtime_Text_putLab__E)
                  000059af    00000001     --HOLE-- [fill = 0]
                  000059b0    00000058     rtsv7M4_T_le_v4SPD16_eabi.lib : hostwrite.c.obj (.text:HOSTwrite)
                  00005a08    00000058     boot.aem4f : boot.oem4f (.text)
                  00005a60    00000058     empty_min_pem4f.oem4f (.text:ti_sysbios_family_arm_m3_Hwi_construct)
                  00005ab8    00000058     sysbios.aem4f : m3_Hwi_asm_switch.obj (.text:ti_sysbios_family_arm_m3_Hwi_initStacks__E)
                  00005b10    00000056     driverlib.lib : gpio.obj (.text:GPIOIntTypeSet)
                  00005b66    00000002     --HOLE-- [fill = 0]
                  00005b68    00000054     RAP_Robot_TM4C123G.obj (.text:EK_TM4C123GXL_initPWM)
                  00005bbc    00000054     drivers_tivaware.aem4f : UARTTiva.oem4f (.text:readIsrBinaryCallback)
                  00005c10    00000054     sysbios.aem4f : BIOS.obj (.text:ti_sysbios_family_arm_lm4_Timer_initDevice__I)
                  00005c64    00000054     empty_min_pem4f.oem4f (.text:ti_sysbios_knl_Task_construct)
                  00005cb8    00000054     ti.targets.arm.rtsarm.aem4f : Assert.oem4f (.text:xdc_runtime_Assert_raise__I)
                  00005d0c    00000050     drivers_tivaware.aem4f : GPIOTiva.oem4f (.text:GPIO_setCallback)
                  00005d5c    00000050                            : GPIOTiva.oem4f (.text:GPIO_write)
                  00005dac    00000050                            : UARTTiva.oem4f (.text:UARTTiva_writeCancel)
                  00005dfc    00000004     empty_min_pem4f.oem4f (.text:ti_sysbios_knl_Queue_destruct)
                  00005e00    00000050     sysbios.aem4f : BIOS.obj (.text:ti_sysbios_family_arm_m3_Hwi_Module_startup__E)
                  00005e50    00000050                   : BIOS.obj (.text:ti_sysbios_knl_Clock_Instance_init__E)
                  00005ea0    00000050     ti.targets.arm.rtsarm.aem4f : Startup.oem4f (.text:xdc_runtime_Startup_exec__E)
                  00005ef0    00000050                                 : Text.oem4f (.text:xdc_runtime_Text_visitRope2__I)
                  00005f40    0000004e     IMU.obj (.text:IMU_Sensor_Configure)
                  00005f8e    0000004c     drivers_tivaware.aem4f : UARTTiva.oem4f (.text:UARTTiva_close)
                  00005fda    00000002     --HOLE-- [fill = 0]
                  00005fdc    0000004c     rtsv7M4_T_le_v4SPD16_eabi.lib : cpy_tbl.c.obj (.text:copy_in)
                  00006028    0000004c     sysbios.aem4f : BIOS.obj (.text:ti_sysbios_heaps_HeapMem_getStats__E)
                  00006074    00000004     empty_min_pem4f.oem4f (.text:ti_sysbios_knl_Semaphore_destruct)
                  00006078    0000004c     sysbios.aem4f : BIOS.obj (.text:ti_sysbios_knl_Swi_runLoop__I)
                  000060c4    00000004     ti.targets.arm.rtsarm.aem4f : Error.oem4f (.text:xdc_runtime_Error_getSite__E)
                  000060c8    0000004c     sysbios.aem4f : BIOS.obj (.text:ti_sysbios_knl_Task_allBlockedFunction__I)
                  00006114    00000004     empty_min_pem4f.oem4f (.text:xdc_runtime_System_Module_GateProxy_enter__E)
                  00006118    0000004c     sysbios.aem4f : BIOS.obj (.text:ti_sysbios_knl_Task_schedule__I)
                  00006164    00000048     driverlib.lib : gpio.obj (.text:GPIOPinConfigure)
                  000061ac    00000048                   : i2c.obj (.text:I2CMasterInitExpClk)
                  000061f4    00000048     Balance.obj (.text:__Balance_Control__)
                  0000623c    00000004     empty_min_pem4f.oem4f (.text:xdc_runtime_System_Module_GateProxy_leave__E)
                  00006240    00000048     sysbios.aem4f : BIOS.obj (.text:ti_sysbios_family_arm_lm4_Timer_enableTimers__I)
                  00006288    00000048                   : BIOS.obj (.text:ti_sysbios_family_arm_m3_Hwi_disableInterrupt__E)
                  000062d0    00000048                   : BIOS.obj (.text:ti_sysbios_family_arm_m3_Hwi_enableInterrupt__E)
                  00006318    00000048                   : BIOS.obj (.text:ti_sysbios_family_arm_m3_Hwi_excReserved__I)
                  00006360    00000046     IMU.obj (.text:IMU_WriteRegister)
                  000063a6    00000046     MotorDriver.obj (.text:MotorDriver_Params_init)
                  000063ec    00000046     drivers_tivaware.aem4f : RingBuf.oem4f (.text:RingBuf_put)
                  00006432    00000046     ti.targets.arm.rtsarm.aem4f : Core-params.oem4f (.text:xdc_runtime_Core_assignParams__I)
                  00006478    00000044     sysbios.aem4f : BIOS.obj (.text:ti_sysbios_family_arm_lm4_Timer_isrStub__E)
                  000064bc    00000004     ti.targets.arm.rtsarm.aem4f : System.oem4f (.text:xdc_runtime_System_aprintf_va__F)
                  000064c0    00000044     sysbios.aem4f : BIOS.obj (.text:ti_sysbios_family_arm_m3_Hwi_getStackInfo__E)
                  00006504    00000004     ti.targets.arm.rtsarm.aem4f : System.oem4f (.text:xdc_runtime_System_printf_va__F)
                  00006508    00000044     sysbios.aem4f : BIOS.obj (.text:ti_sysbios_knl_Swi_post__E)
                  0000654c    00000044     ti.targets.arm.rtsarm.aem4f : Error.oem4f (.text:xdc_runtime_Error_setX__E)
                  00006590    00000044                                 : SysMin.oem4f (.text:xdc_runtime_SysMin_flush__E)
                  000065d4    00000044                                 : Text.oem4f (.text:xdc_runtime_Text_xprintf__I)
                  00006618    00000042     driverlib.lib : uart.obj (.text:UARTConfigSetExpClk)
                  0000665a    00000042     drivers_tivaware.aem4f : UARTTiva.oem4f (.text:UARTTiva_hwiIntFxn)
                  0000669c    00000042                            : UARTTiva.oem4f (.text:UARTTiva_writePolling)
                  000066de    00000002     --HOLE-- [fill = 0]
                  000066e0    00000040     RAP_Robot_TM4C123G.obj (.text:EK_TM4C123GXL_initGeneral)
                  00006720    00000040     drivers_tivaware.aem4f : RingBuf.oem4f (.text:RingBuf_get)
                  00006760    00000040                            : UARTTiva.oem4f (.text:UARTTiva_read)
                  000067a0    00000040     RAP_Robot.obj (.text:main)
                  000067e0    00000040     rtsv7M4_T_le_v4SPD16_eabi.lib : u_divt2.asm.obj (.text)
                  00006820    00000040     sysbios.aem4f : BIOS.obj (.text:ti_sysbios_family_arm_lm4_Timer_startup__E)
                  00006860    00000040                   : BIOS.obj (.text:ti_sysbios_heaps_HeapMem_Instance_init__E)
                  000068a0    0000003e     driverlib.lib : adc.obj (.text:ADCSequenceConfigure)
                  000068de    00000002     --HOLE-- [fill = 0]
                  000068e0    0000003c     sysbios.aem4f : BIOS.obj (.text:ti_sysbios_family_arm_m3_Hwi_excSvCall__I)
                  0000691c    00000004     --HOLE-- [fill = 0]
                  00006920    0000003c                   : BIOS.obj (.text:ti_sysbios_heaps_HeapMem_init__I)
                  0000695c    00000004     --HOLE-- [fill = 0]
                  00006960    0000003c                   : BIOS.obj (.text:ti_sysbios_knl_Swi_restore__E)
                  0000699c    0000003a     drivers_tivaware.aem4f : I2CTiva.oem4f (.text:I2CTiva_completeTransfer)
                  000069d6    00000002     --HOLE-- [fill = 0]
                  000069d8    00000038     RAP_Robot_TM4C123G.obj (.text:EK_TM4C123GXL_initI2C)
                  00006a10    00000038     drivers_tivaware.aem4f : I2C.oem4f (.text:I2C_init)
                  00006a48    00000038     IMU.obj (.text:IMU_Sensor_Configure_Magnetometer)
                  00006a80    00000038     drivers_tivaware.aem4f : PWM.oem4f (.text:PWM_init)
                  00006ab8    00000038     driverlib.lib : sysctl.obj (.text:SysCtlPeripheralReady)
                  00006af0    00000038     drivers_tivaware.aem4f : UART.oem4f (.text:UART_init)
                  00006b28    00000038     rtsv7M4_T_le_v4SPD16_eabi.lib : trgmsg.c.obj (.text:__TI_writemsg)
                  00006b60    00000038                                   : fs_tod_t2.asm.obj (.text)
                  00006b98    00000038     sysbios.aem4f : BIOS.obj (.text:ti_sysbios_family_arm_m3_Hwi_excNoIsr__I)
                  00006bd0    00000038                   : BIOS.obj (.text:ti_sysbios_knl_Task_processVitalTaskFlag__I)
                  00006c08    00000038     ti.targets.arm.rtsarm.aem4f : SysMin.oem4f (.text:xdc_runtime_SysMin_putch__E)
                  00006c40    00000038                                 : System.oem4f (.text:xdc_runtime_System_atexit__E)
                  00006c78    00000036     drivers_tivaware.aem4f : I2CTiva.oem4f (.text:I2CTiva_close)
                  00006cae    00000036                            : UARTTiva.oem4f (.text:UARTTiva_readCancel)
                  00006ce4    00000034     driverlib.lib : sysctl.obj (.text:SysCtlPeripheralEnable)
                  00006d18    00000034     rtsv7M4_T_le_v4SPD16_eabi.lib : trgmsg.c.obj (.text:__TI_readmsg)
                  00006d4c    00000004     --HOLE-- [fill = 0]
                  00006d50    00000034     sysbios.aem4f : BIOS.obj (.text:ti_sysbios_family_arm_m3_Hwi_Instance_finalize__E)
                  00006d84    00000004     --HOLE-- [fill = 0]
                  00006d88    00000034                   : BIOS.obj (.text:ti_sysbios_family_arm_m3_Hwi_excNmi__I)
                  00006dbc    00000034     empty_min_pem4f.oem4f (.text:ti_sysbios_knl_Clock_construct)
                  00006df0    00000034     ti.targets.arm.rtsarm.aem4f : Core-label.oem4f (.text:xdc_runtime_Core_assignLabel__I)
                  00006e24    00000033                                 : Text.oem4f (.text:xdc_runtime_Text_printVisFxn__I)
                  00006e57    00000001     --HOLE-- [fill = 0]
                  00006e58    00000032     sysbios.aem4f : BIOS.obj (.text:ti_sysbios_hal_Hwi_initStack)
                  00006e8a    00000002     --HOLE-- [fill = 0]
                  00006e8c    00000030     RAP_Robot_TM4C123G.obj (.text:EK_TM4C123GXL_initGPIO)
                  00006ebc    00000030     drivers_tivaware.aem4f : GPIOTiva.oem4f (.text:GPIO_enableInt)
                  00006eec    00000030                            : I2C.oem4f (.text:I2C_open)
                  00006f1c    00000030                            : PWMTiva.oem4f (.text:PWMTiva_init)
                  00006f4c    00000030                            : PWM.oem4f (.text:PWM_open)
                  00006f7c    00000030                            : UART.oem4f (.text:UART_open)
                  00006fac    00000030     empty_min_pem4f.oem4f (.text:ti_sysbios_BIOS_atExitFunc__I)
                  00006fdc    00000004     --HOLE-- [fill = 0]
                  00006fe0    00000030     sysbios.aem4f : BIOS.obj (.text:ti_sysbios_family_arm_lm4_Timer_stop__E)
                  00007010    00000030                   : BIOS.obj (.text:ti_sysbios_family_arm_m3_TaskSupport_start__E)
                  00007040    00000030     empty_min_pem4f.oem4f (.text:ti_sysbios_gates_GateHwi_Object__create__S)
                  00007070    00000030     empty_min_pem4f.oem4f (.text:ti_sysbios_gates_GateMutex_Object__create__S)
                  000070a0    00000030     sysbios.aem4f : BIOS.obj (.text:ti_sysbios_gates_GateMutex_enter__E)
                  000070d0    00000030     empty_min_pem4f.oem4f (.text:ti_sysbios_heaps_HeapMem_Object__create__S)
                  00007100    00000030     empty_min_pem4f.oem4f (.text:ti_sysbios_knl_Semaphore_construct)
                  00007130    00000030     sysbios.aem4f : BIOS.obj (.text:ti_sysbios_knl_Semaphore_pendTimeout__I)
                  00007160    00000030                   : BIOS.obj (.text:ti_sysbios_knl_Task_unblockI__E)
                  00007190    00000030     ti.targets.arm.rtsarm.aem4f : SysMin.oem4f (.text:xdc_runtime_SysMin_abort__E)
                  000071c0    00000030                                 : System.oem4f (.text:xdc_runtime_System_processAtExit__E)
                  000071f0    0000002c     RAP_Robot_TM4C123G.obj (.text:EK_TM4C123GXL_initUART)
                  0000721c    0000002c     UART_tools.obj (.text:UART_puts)
                  00007248    0000002c     empty_min_pem4f.oem4f (.text:ti_sysbios_knl_Clock_doTick__I)
                  00007274    0000002c     empty_min_pem4f.oem4f (.text:ti_sysbios_knl_Queue_construct)
                  000072a0    0000002c     sysbios.aem4f : BIOS.obj (.text:ti_sysbios_knl_Task_restore__E)
                  000072cc    0000002c     ti.targets.arm.rtsarm.aem4f : Text.oem4f (.text:xdc_runtime_Text_cordText__E)
                  000072f8    0000002a     driverlib.lib : gpio.obj (.text:GPIODirModeSet)
                  00007322    0000002a     ti.targets.arm.rtsarm.aem4f : System.oem4f (.text:xdc_runtime_System_putchar__I)
                  0000734c    00000028     IMU.obj (.text:IMU_setCallback)
                  00007374    00000028     UART_tools.obj (.text:UART_CharToInt)
                  0000739c    00000028     rtsv7M4_T_le_v4SPD16_eabi.lib : e_sqrtf.c.obj (.text:sqrtf)
                  000073c4    00000004     --HOLE-- [fill = 0]
                  000073c8    00000028     sysbios.aem4f : BIOS.obj (.text:ti_sysbios_knl_Swi_Module_startup__E)
                  000073f0    00000026                   : m3_Hwi_asm.obj (.text:ti_sysbios_family_arm_m3_Hwi_pendSV__I)
                  00007416    00000026     ti.targets.arm.rtsarm.aem4f : System.oem4f (.text:xdc_runtime_System_avprintf__E)
                  0000743c    00000024     MotorDriver.obj (.text:MotorDriver_Start)
                  00007460    00000024     empty_min_pem4f.oem4f (.text:ti_sysbios_BIOS_errorRaiseHook__I)
                  00007484    00000024     empty_min_pem4f.oem4f (.text:ti_sysbios_BIOS_registerRTSLock__I)
                  000074a8    00000024     empty_min_pem4f.oem4f (.text:ti_sysbios_BIOS_removeRTSLock__I)
                  000074cc    00000024     empty_min_pem4f.oem4f (.text:ti_sysbios_BIOS_startFunc__I)
                  000074f0    00000024     empty_min_pem4f.oem4f (.text:ti_sysbios_gates_GateMutex_Object__delete__S)
                  00007514    00000004     --HOLE-- [fill = 0]
                  00007518    00000024     sysbios.aem4f : BIOS.obj (.text:ti_sysbios_knl_Clock_Module_startup__E)
                  0000753c    00000004     --HOLE-- [fill = 0]
                  00007540    00000024                   : BIOS.obj (.text:ti_sysbios_knl_Clock_start__E)
                  00007564    00000004     --HOLE-- [fill = 0]
                  00007568    00000024                   : BIOS.obj (.text:ti_sysbios_knl_Semaphore_Instance_init__E)
                  0000758c    00000004     --HOLE-- [fill = 0]
                  00007590    00000024                   : BIOS.obj (.text:ti_sysbios_knl_Task_restoreHwi__E)
                  000075b4    00000024     ti.targets.arm.rtsarm.aem4f : System.oem4f (.text:xdc_runtime_System_vprintf__E)
                  000075d8    00000022     driverlib.lib : pwm.obj (.text:PWMGenConfigure)
                  000075fa    00000022     drivers_tivaware.aem4f : PWMTiva.oem4f (.text:PWMTiva_getPeriodCounts)
                  0000761c    00000004     --HOLE-- [fill = 0]
                  00007620    00000022     sysbios.aem4f : BIOS.obj (.text:ti_sysbios_family_arm_lm4_Timer_write__I)
                  00007642    00000022     empty_min_pem4f.oem4f (.text:xdc_runtime_SysMin_output__I)
                  00007664    00000020     empty_min_pem4f.oem4f (.text:ti_sysbios_BIOS_rtsLock__I)
                  00007684    00000020     sysbios.aem4f : m3_Hwi_asm.obj (.text:ti_sysbios_family_arm_m3_Hwi_excHandlerAsm__I)
                  000076a4    00000004     --HOLE-- [fill = 0]
                  000076a8    00000020                   : BIOS.obj (.text:ti_sysbios_family_arm_m3_Hwi_excHandler__I)
                  000076c8    00000020     empty_min_pem4f.oem4f (.text:ti_sysbios_gates_GateHwi_Object__delete__S)
                  000076e8    00000020     empty_min_pem4f.oem4f (.text:ti_sysbios_heaps_HeapMem_Object__delete__S)
                  00007708    00000020     empty_min_pem4f.oem4f (.text:ti_sysbios_knl_Clock_Object__destruct__S)
                  00007728    00000020     sysbios.aem4f : BIOS.obj (.text:ti_sysbios_knl_Idle_run__E)
                  00007748    00000020     empty_min_pem4f.oem4f (.text:ti_sysbios_knl_Semaphore_Object__destruct__S)
                  00007768    00000020     ti.targets.arm.rtsarm.aem4f : Registry.oem4f (.text:xdc_runtime_Registry_findById__E)
                  00007788    00000020                                 : SysMin.oem4f (.text:xdc_runtime_SysMin_Module_startup__E)
                  000077a8    0000001e     driverlib.lib : pwm.obj (.text:PWMPulseWidthSet)
                  000077c6    0000001e     drivers_tivaware.aem4f : PWMTiva.oem4f (.text:PWMTiva_getPeriodMicroSecs)
                  000077e4    0000001e     sysbios.aem4f : m3_Hwi_asm_switch.obj (.text:ti_sysbios_family_xxx_Hwi_switchAndRunFunc)
                  00007802    00000002     --HOLE-- [fill = 0]
                  00007804    0000001c     Balance.obj (.text:Balance_calibrate)
                  00007820    0000001c     IMU.obj (.text:IMU_Params_init)
                  0000783c    0000001c     IMU.obj (.text:IMU_Sensor_Configuration_init)
                  00007858    0000001c     driverlib.lib : uart.obj (.text:UARTDisable)
                  00007874    0000001c     Wheels.obj (.text:Wheels_start)
                  00007890    0000001c     drivers_tivaware.aem4f : GPIOTiva.oem4f (.text:getGpioIntIndex)
                  000078ac    0000001c     empty_min_pem4f.oem4f (.text:ti_sysbios_family_arm_m3_Hwi_Object__destruct__S)
                  000078c8    0000001c     sysbios.aem4f : BIOS.obj (.text:ti_sysbios_gates_GateMutex_Instance_init__E)
                  000078e4    00000004     --HOLE-- [fill = 0]
                  000078e8    0000001c                   : BIOS.obj (.text:ti_sysbios_knl_Clock_Instance_finalize__E)
                  00007904    0000001c     empty_min_pem4f.oem4f (.text:ti_sysbios_knl_Queue_Object__destruct__S)
                  00007920    0000001c     sysbios.aem4f : BIOS.obj (.text:ti_sysbios_knl_Queue_put__E)
                  0000793c    00000004     --HOLE-- [fill = 0]
                  00007940    0000001c                   : BIOS.obj (.text:ti_sysbios_knl_Task_enter__I)
                  0000795c    0000001c     ti.targets.arm.rtsarm.aem4f : Error.oem4f (.text:xdc_runtime_Error_raiseX__E)
                  00007978    0000001c                                 : Memory.oem4f (.text:xdc_runtime_Memory_valloc__E)
                  00007994    0000001c                                 : SysMin.oem4f (.text:xdc_runtime_SysMin_exit__E)
                  000079b0    0000001c                                 : System.oem4f (.text:xdc_runtime_System_abort__E)
                  000079cc    0000001a     empty_min_pem4f.oem4f (.text:ti_sysbios_family_arm_m3_Hwi_Handle__label__S)
                  000079e6    0000001a     empty_min_pem4f.oem4f (.text:ti_sysbios_gates_GateHwi_Handle__label__S)
                  00007a00    0000001a     empty_min_pem4f.oem4f (.text:ti_sysbios_gates_GateMutex_Handle__label__S)
                  00007a1a    0000001a     empty_min_pem4f.oem4f (.text:ti_sysbios_heaps_HeapMem_Handle__label__S)
                  00007a34    0000001a     empty_min_pem4f.oem4f (.text:ti_sysbios_knl_Swi_Handle__label__S)
                  00007a4e    0000001a     empty_min_pem4f.oem4f (.text:ti_sysbios_knl_Task_Handle__label__S)
                  00007a68    0000001a     empty_min_pem4f.oem4f (.text:xdc_runtime_System_aprintf__E)
                  00007a82    0000001a     empty_min_pem4f.oem4f (.text:xdc_runtime_System_printf__E)
                  00007a9c    00000018     Balance.obj (.text:Balance_setKd)
                  00007ab4    00000018     Balance.obj (.text:Balance_setKi)
                  00007acc    00000018     Balance.obj (.text:Balance_setKp)
                  00007ae4    00000018     Wheels.obj (.text:Left_Wheel_Speed)
                  00007afc    00000018     Wheels.obj (.text:Right_Wheel_Speed)
                  00007b14    00000018     drivers_tivaware.aem4f : UART.oem4f (.text:UART_Params_init)
                  00007b2c    00000018     rtsv7M4_T_le_v4SPD16_eabi.lib : args_main.c.obj (.text:_args_main)
                  00007b44    00000018     empty_min_pem4f.oem4f (.text:ti_sysbios_BIOS_rtsUnlock__I)
                  00007b5c    00000018     empty_min_pem4f.oem4f (.text:ti_sysbios_family_arm_lm4_Timer_Module__startupDone__F)
                  00007b74    00000018     empty_min_pem4f.oem4f (.text:ti_sysbios_family_arm_m3_Hwi_Module__startupDone__F)
                  00007b8c    00000018     sysbios.aem4f : m3_TaskSupport_asm.obj (.text:ti_sysbios_family_arm_m3_TaskSupport_swap__E)
                  00007ba4    00000004     --HOLE-- [fill = 0]
                  00007ba8    00000018                   : BIOS.obj (.text:ti_sysbios_gates_GateMutex_leave__E)
                  00007bc0    00000018                   : BIOS.obj (.text:ti_sysbios_knl_Task_sleepTimeout__I)
                  00007bd8    00000018     ti.targets.arm.rtsarm.aem4f : Error.oem4f (.text:xdc_runtime_Error_check__E)
                  00007bf0    00000018                                 : System.oem4f (.text:xdc_runtime_System_exit__E)
                  00007c08    00000018                                 : Text.oem4f (.text:xdc_runtime_Text_ropeText__E)
                  00007c20    00000016     driverlib.lib : i2c.obj (.text:I2CMasterErr)
                  00007c36    00000016     empty_min_pem4f.oem4f (.text:ti_sysbios_BIOS_exitFunc__I)
                  00007c4c    00000016     Balance.obj (.text:ti_sysbios_knl_Clock_Params_init)
                  00007c62    00000016     Wheels.obj (.text:ti_sysbios_knl_Clock_Params_init)
                  00007c78    00000016     IMUSensor.obj (.text:ti_sysbios_knl_Semaphore_Params_init)
                  00007c8e    00000016     IMUSensor.obj (.text:ti_sysbios_knl_Task_Params_init)
                  00007ca4    00000016     RAP_Robot.obj (.text:ti_sysbios_knl_Task_Params_init)
                  00007cba    00000002     --HOLE-- [fill = 0]
                  00007cbc    00000014     IMUSensor.obj (.text:IMUInterruptFx)
                  00007cd0    00000014     driverlib.lib : pwm.obj (.text:PWMClockSet)
                  00007ce4    00000014                   : sysctl.obj (.text:SysCtlPWMClockSet)
                  00007cf8    00000014                   : uart.obj (.text:UARTEnable)
                  00007d0c    00000014     rtsv7M4_T_le_v4SPD16_eabi.lib : strlen.c.obj (.text:strlen)
                  00007d20    00000014     empty_min_pem4f.oem4f (.text:ti_sysbios_family_arm_m3_Hwi_Object__get__S)
                  00007d34    00000004     --HOLE-- [fill = 0]
                  00007d38    00000014     sysbios.aem4f : BIOS.obj (.text:ti_sysbios_family_arm_m3_Hwi_switchFromBootStack__E)
                  00007d4c    00000014     empty_min_pem4f.oem4f (.text:ti_sysbios_heaps_HeapMem_Object__get__S)
                  00007d60    00000014     empty_min_pem4f.oem4f (.text:ti_sysbios_knl_Swi_Object__get__S)
                  00007d74    00000012     driverlib.lib : gpio.obj (.text:GPIOPinTypeADC)
                  00007d86    00000012                   : gpio.obj (.text:GPIOPinTypeGPIOInput)
                  00007d98    00000012                   : gpio.obj (.text:GPIOPinTypeI2C)
                  00007daa    00000012                   : gpio.obj (.text:GPIOPinTypeI2CSCL)
                  00007dbc    00000012                   : gpio.obj (.text:GPIOPinTypePWM)
                  00007dce    00000012                   : gpio.obj (.text:GPIOPinTypeQEI)
                  00007de0    00000012                   : gpio.obj (.text:GPIOPinTypeUART)
                  00007df2    00000012                   : pwm.obj (.text:PWMGenPeriodGet)
                  00007e04    00000012                   : pwm.obj (.text:PWMOutputInvert)
                  00007e16    00000012                   : pwm.obj (.text:PWMOutputState)
                  00007e28    00000012     drivers_tivaware.aem4f : RingBuf.oem4f (.text:RingBuf_construct)
                  00007e3a    00000012     rtsv7M4_T_le_v4SPD16_eabi.lib : s_copysignf.c.obj (.text:copysignf)
                  00007e4c    00000004     --HOLE-- [fill = 0]
                  00007e50    00000012     sysbios.aem4f : BIOS.obj (.text:ti_sysbios_hal_Hwi_Module_startup__E)
                  00007e62    00000012     empty_min_pem4f.oem4f (.text:xdc_runtime_Startup_exec__I)
                  00007e74    00000010     Balance.obj (.text:Balance_start)
                  00007e84    00000010     drivers_tivaware.aem4f : I2C.oem4f (.text:I2C_Params_init)
                  00007e94    00000010     IMUSensor.obj (.text:IMUSensor_Enable)
                  00007ea4    00000010     IMU.obj (.text:IMU_EnableEvents)
                  00007eb4    00000010     driverlib.lib : pwm.obj (.text:PWMGenPeriodSet)
                  00007ec4    00000010     drivers_tivaware.aem4f : PWM.oem4f (.text:PWM_Params_init)
                  00007ed4    00000010     driverlib.lib : qei.obj (.text:QEIVelocityConfigure)
                  00007ee4    00000010     drivers_tivaware.aem4f : UARTTiva.oem4f (.text:readBlockingTimeout)
                  00007ef4    00000004     --HOLE-- [fill = 0]
                  00007ef8    00000010     sysbios.aem4f : BIOS.obj (.text:ti_sysbios_BIOS_getCpuFreq__E)
                  00007f08    00000010                   : BIOS.obj (.text:ti_sysbios_BIOS_setThreadType__E)
                  00007f18    00000010                   : BIOS.obj (.text:ti_sysbios_BIOS_start__E)
                  00007f28    00000010                   : m3_TaskSupport_asm.obj (.text:ti_sysbios_family_arm_m3_TaskSupport_glue)
                  00007f38    00000010                   : BIOS.obj (.text:ti_sysbios_gates_GateMutex_Instance_finalize__E)
                  00007f48    00000010                   : BIOS.obj (.text:ti_sysbios_knl_Semaphore_Instance_finalize__E)
                  00007f58    00000010                   : BIOS.obj (.text:ti_sysbios_knl_Swi_disable__E)
                  00007f68    00000010                   : BIOS.obj (.text:ti_sysbios_knl_Task_disable__E)
                  00007f78    00000010     ti.targets.arm.rtsarm.aem4f : Gate.oem4f (.text:xdc_runtime_Gate_leaveSystem__E)
                  00007f88    00000010                                 : Memory.oem4f (.text:xdc_runtime_Memory_free__E)
                  00007f98    00000010                                 : SysMin.oem4f (.text:xdc_runtime_SysMin_ready__E)
                  00007fa8    00000010                                 : System.oem4f (.text:xdc_runtime_System_vsnprintf__E)
                  00007fb8    00000010     empty_min_pem4f.oem4f (.text:xdc_runtime_Text_visitRope__I)
                  00007fc8    0000000e     driverlib.lib : adc.obj (.text:ADCSequenceEnable)
                  00007fd6    0000000e                   : gpio.obj (.text:GPIOIntStatus)
                  00007fe4    0000000e                   : qei.obj (.text:QEIConfigure)
                  00007ff2    0000000e                   : qei.obj (.text:QEIDirectionGet)
                  00008000    0000000e                   : uart.obj (.text:UARTCharGetNonBlocking)
                  0000800e    0000000e                   : uart.obj (.text:UARTCharPutNonBlocking)
                  0000801c    0000000e     rtsv7M4_T_le_v4SPD16_eabi.lib : copy_decompress_none.c.obj (.text:decompress:none:__TI_decompress_none)
                  0000802a    00000006     driverlib.lib : gpio.obj (.text:GPIOIntClear)
                  00008030    0000000e     sysbios.aem4f : BIOS.obj (.text:ti_sysbios_knl_Queue_empty__E)
                  0000803e    0000000e     empty_min_pem4f.oem4f (.text:ti_sysbios_knl_Task_Object__get__S)
                  0000804c    0000000c     empty_min_pem4f.oem4f (.text:.bootCodeSection:ti_catalog_arm_cortexm4_tiva_ce_Boot_init__I)
                  00008058    0000000c     driverlib.lib : adc.obj (.text:ADCReferenceSet)
                  00008064    0000000c                   : gpio.obj (.text:GPIOIntEnable)
                  00008070    0000000c     IMUSensor.obj (.text:IMUSensor_getRoll)
                  0000807c    0000000c     driverlib.lib : pwm.obj (.text:PWMGenDisable)
                  00008088    0000000c                   : pwm.obj (.text:PWMGenEnable)
                  00008094    0000000c     drivers_tivaware.aem4f : RingBuf.oem4f (.text:RingBuf_peek)
                  000080a0    0000000c     driverlib.lib : uart.obj (.text:UARTFlowControlSet)
                  000080ac    0000000c     drivers_tivaware.aem4f : UARTTiva.oem4f (.text:UARTTiva_init)
                  000080b8    0000000c     rtsv7M4_T_le_v4SPD16_eabi.lib : _lock.c.obj (.text:_register_lock)
                  000080c4    0000000c                                   : _lock.c.obj (.text:_register_unlock)
                  000080d0    0000000c                                   : copy_zero_init.c.obj (.text:decompress:ZI:__TI_zero_init)
                  000080dc    00000004     --HOLE-- [fill = 0]
                  000080e0    0000000c     sysbios.aem4f : BIOS.obj (.text:ti_sysbios_family_arm_lm4_Timer_getMaxTicks__E)
                  000080ec    0000000c     empty_min_pem4f.oem4f (.text:ti_sysbios_family_arm_m3_Hwi_Params__init__S)
                  000080f8    0000000c     sysbios.aem4f : BIOS.obj (.text:ti_sysbios_family_arm_m3_Hwi_disableFxn__E)
                  00008104    00000004     --HOLE-- [fill = 0]
                  00008108    0000000c                   : BIOS.obj (.text:ti_sysbios_family_arm_m3_TaskSupport_getStackAlignment__E)
                  00008114    00000004     --HOLE-- [fill = 0]
                  00008118    0000000c                   : BIOS.obj (.text:ti_sysbios_gates_GateHwi_enter__E)
                  00008124    0000000c     empty_min_pem4f.oem4f (.text:ti_sysbios_knl_Clock_Params__init__S)
                  00008130    0000000c     Balance.obj (.text:ti_sysbios_knl_Clock_handle)
                  0000813c    0000000c     Wheels.obj (.text:ti_sysbios_knl_Clock_handle)
                  00008148    0000000c     empty_min_pem4f.oem4f (.text:ti_sysbios_knl_Queue_Object__get__S)
                  00008154    0000000c     empty_min_pem4f.oem4f (.text:ti_sysbios_knl_Semaphore_Params__init__S)
                  00008160    0000000c     IMUSensor.obj (.text:ti_sysbios_knl_Semaphore_handle)
                  0000816c    0000000c     empty_min_pem4f.oem4f (.text:ti_sysbios_knl_Task_Params__init__S)
                  00008178    0000000c     ti.targets.arm.rtsarm.aem4f : Error.oem4f (.text:xdc_runtime_Error_init__E)
                  00008184    0000000c                                 : Gate.oem4f (.text:xdc_runtime_Gate_enterSystem__E)
                  00008190    0000000c                                 : Memory.oem4f (.text:xdc_runtime_Memory_calloc__E)
                  0000819c    0000000c                                 : Memory.oem4f (.text:xdc_runtime_Memory_getMaxDefaultTypeAlign__E)
                  000081a8    0000000a     driverlib.lib : i2c.obj (.text:I2CMasterDisable)
                  000081b2    0000000a                   : i2c.obj (.text:I2CMasterEnable)
                  000081bc    0000000a     drivers_tivaware.aem4f : I2CTiva.oem4f (.text:I2CTiva_init)
                  000081c6    0000000a                            : I2C.oem4f (.text:I2C_close)
                  000081d0    0000000a                            : I2C.oem4f (.text:I2C_transfer)
                  000081da    0000000a                            : PWM.oem4f (.text:PWM_setDuty)
                  000081e4    0000000a     driverlib.lib : qei.obj (.text:QEIEnable)
                  000081ee    0000000a                   : qei.obj (.text:QEIVelocityEnable)
                  000081f8    0000000a                   : uart.obj (.text:UARTCharGet)
                  00008202    0000000a                   : uart.obj (.text:UARTCharPut)
                  0000820c    0000000a                   : uart.obj (.text:UARTIntDisable)
                  00008216    0000000a                   : uart.obj (.text:UARTIntStatus)
                  00008220    0000000a     drivers_tivaware.aem4f : UART.oem4f (.text:UART_read)
                  0000822a    0000000a                            : UART.oem4f (.text:UART_write)
                  00008234    0000000a     empty_min_pem4f.oem4f (.text:xdc_runtime_IHeap_alloc)
                  0000823e    0000000a     empty_min_pem4f.oem4f (.text:xdc_runtime_IHeap_free)
                  00008248    00000008     driverlib.lib : i2c.obj (.text:I2CMasterIntClear)
                  00008250    00000008                   : i2c.obj (.text:I2CMasterSlaveAddrSet)
                  00008258    00000008     drivers_tivaware.aem4f : I2CTiva.oem4f (.text:I2CTiva_blockingCallback)
                  00008260    00000008     driverlib.lib : uart.obj (.text:UARTIntEnable)
                  00008268    00000008                   : uart.obj (.text:UARTRxErrorGet)
                  00008270    00000008     rtsv7M4_T_le_v4SPD16_eabi.lib : errno.c.obj (.text:__aeabi_errno_addr)
                  00008278    00000008     drivers_tivaware.aem4f : UARTTiva.oem4f (.text:readSemCallback)
                  00008280    00000008     sysbios.aem4f : BIOS.obj (.text:ti_sysbios_family_arm_lm4_Timer_masterDisable__I)
                  00008288    00000008                   : BIOS.obj (.text:ti_sysbios_family_arm_m3_Hwi_doSwiRestore__I)
                  00008290    00000008                   : BIOS.obj (.text:ti_sysbios_family_arm_m3_Hwi_startup__E)
                  00008298    00000008     drivers_tivaware.aem4f : UARTTiva.oem4f (.text:writeSemCallback)
                  000082a0    00000006     driverlib.lib : gpio.obj (.text:GPIOPinWrite)
                  000082a6    00000006                   : i2c.obj (.text:I2CMasterIntDisable)
                  000082ac    00000006                   : i2c.obj (.text:I2CMasterIntEnable)
                  000082b2    00000006     drivers_tivaware.aem4f : I2CTiva.oem4f (.text:I2CTiva_control)
                  000082b8    00000006     driverlib.lib : uart.obj (.text:UARTFIFOLevelSet)
                  000082be    00000006                   : uart.obj (.text:UARTRxErrorClear)
                  000082c4    00000006     Boot.aem4f : Boot_sysctl.oem4f (.text:ti_catalog_arm_cortexm4_tiva_ce_Boot_sysCtlDelayI__I)
                  000082ca    00000006     ti.targets.arm.rtsarm.aem4f : System.oem4f (.text:xdc_runtime_System_Module_startup__E)
                  000082d0    00000006     sysbios.aem4f : BIOS.obj (.text:ti_sysbios_family_arm_m3_Hwi_doTaskRestore__I)
                  000082d6    00000002     --HOLE-- [fill = 0]
                  000082d8    00000006                   : BIOS.obj (.text:ti_sysbios_family_arm_m3_Hwi_restoreFxn__E)
                  000082de    00000002     --HOLE-- [fill = 0]
                  000082e0    00000006                   : BIOS.obj (.text:ti_sysbios_gates_GateHwi_leave__E)
                  000082e6    00000002     --HOLE-- [fill = 0]
                  000082e8    00000006                   : BIOS.obj (.text:ti_sysbios_heaps_HeapMem_isBlocking__E)
                  000082ee    00000002     --HOLE-- [fill = 0]
                  000082f0    00000006                   : BIOS.obj (.text:ti_sysbios_knl_Clock_stop__E)
                  000082f6    00000002     --HOLE-- [fill = 0]
                  000082f8    00000006                   : BIOS.obj (.text:ti_sysbios_knl_Queue_Instance_init__E)
                  000082fe    00000002     --HOLE-- [fill = 0]
                  00008300    00000006                   : BIOS.obj (.text:ti_sysbios_knl_Swi_startup__E)
                  00008306    00000002     --HOLE-- [fill = 0]
                  00008308    00000004                   : BIOS.obj (.text:ti_sysbios_gates_GateHwi_query__E)
                  0000830c    00000004     --HOLE-- [fill = 0]
                  00008310    00000004                   : BIOS.obj (.text:ti_sysbios_gates_GateMutex_query__E)
                  00008314    00000004     --HOLE-- [fill = 0]
                  00008318    00000004                   : BIOS.obj (.text:ti_sysbios_knl_Task_startup__E)
                  0000831c    00000004     --HOLE-- [fill = 0]
                  00008320    00000002                   : BIOS.obj (.text:ti_sysbios_gates_GateHwi_Instance_init__E)
                  00008322    00000006     --HOLE-- [fill = 0]
                  00008328    00000002                   : BIOS.obj (.text:ti_sysbios_knl_Clock_logTick__E)

.const     0    0000832c    00002095     
                  0000832c    00001844     empty_min_pem4f.oem4f (.const:xdc_runtime_Text_charTab__A)
                  00009b70    000000bc     empty_min_pem4f.oem4f (.const:xdc_runtime_Text_nodeTab__A)
                  00009c2c    00000090     driverlib.lib : gpio.obj (.const:g_pui32GPIOBaseAddrs)
                  00009cbc    00000054     drivers_tivaware.aem4f : GPIOTiva.oem4f (.const:.string)
                  00009d10    0000004c                            : UARTTiva.oem4f (.const)
                  00009d5c    00000048     empty_min_pem4f.oem4f (.const:.string)
                  00009da4    00000048     drivers_tivaware.aem4f : GPIOTiva.oem4f (.const:gpioBaseAddresses)
                  00009dec    0000003c     RAP_Robot_TM4C123G.obj (.const:PWM_config)
                  00009e28    0000003c     empty_min_pem4f.oem4f (.const:ti_sysbios_knl_Task_Object__PARAMS__C)
                  00009e64    00000030     RAP_Robot_TM4C123G.obj (.const:pwmTivaHWAttrs)
                  00009e94    00000030     empty_min_pem4f.oem4f (.const:ti_sysbios_family_arm_m3_Hwi_Object__PARAMS__C)
                  00009ec4    00000028     drivers_tivaware.aem4f : UARTTiva.oem4f (.const:UARTTiva_fxnTable)
                  00009eec    00000028     empty_min_pem4f.oem4f (.const:ti_sysbios_heaps_HeapMem_Module__FXNS__C)
                  00009f14    00000024     drivers_tivaware.aem4f : UART.oem4f (.const:UART_defaultParams)
                  00009f38    00000024     empty_min_pem4f.oem4f (.const:ti_sysbios_gates_GateHwi_Module__FXNS__C)
                  00009f5c    00000024     empty_min_pem4f.oem4f (.const:ti_sysbios_gates_GateMutex_Module__FXNS__C)
                  00009f80    00000024     empty_min_pem4f.oem4f (.const:ti_sysbios_heaps_HeapMem_Object__PARAMS__C)
                  00009fa4    00000024     empty_min_pem4f.oem4f (.const:ti_sysbios_knl_Clock_Object__PARAMS__C)
                  00009fc8    00000024     empty_min_pem4f.oem4f (.const:ti_sysbios_knl_Semaphore_Object__PARAMS__C)
                  00009fec    00000020     drivers_tivaware.aem4f : PWMTiva.oem4f (.const)
                  0000a00c    00000020     empty_min_pem4f.oem4f (.const:ti_sysbios_family_arm_m3_Hwi_Object__DESC__C)
                  0000a02c    00000020     empty_min_pem4f.oem4f (.const:ti_sysbios_gates_GateHwi_Object__DESC__C)
                  0000a04c    00000020     empty_min_pem4f.oem4f (.const:ti_sysbios_gates_GateMutex_Object__DESC__C)
                  0000a06c    00000020     empty_min_pem4f.oem4f (.const:ti_sysbios_heaps_HeapMem_Object__DESC__C)
                  0000a08c    00000020     empty_min_pem4f.oem4f (.const:ti_sysbios_knl_Clock_Object__DESC__C)
                  0000a0ac    00000020     empty_min_pem4f.oem4f (.const:ti_sysbios_knl_Queue_Object__DESC__C)
                  0000a0cc    00000020     empty_min_pem4f.oem4f (.const:ti_sysbios_knl_Semaphore_Object__DESC__C)
                  0000a0ec    00000020     empty_min_pem4f.oem4f (.const:ti_sysbios_knl_Task_Object__DESC__C)
                  0000a10c    00000020     empty_min_pem4f.oem4f (.const:xdc_runtime_Startup_sfxnTab__A)
                  0000a12c    0000001c     drivers_tivaware.aem4f : I2CTiva.oem4f (.const)
                  0000a148    00000018     rtsv7M4_T_le_v4SPD16_eabi.lib : e_powf.c.obj (.const:$O1$$)
                  0000a160    00000018     RAP_Robot_TM4C123G.obj (.const:I2C_config)
                  0000a178    00000018     RAP_Robot_TM4C123G.obj (.const:UART_config)
                  0000a190    00000018     empty_min_pem4f.oem4f (.const:ti_sysbios_gates_GateHwi_Object__PARAMS__C)
                  0000a1a8    00000018     empty_min_pem4f.oem4f (.const:ti_sysbios_gates_GateMutex_Object__PARAMS__C)
                  0000a1c0    00000018     empty_min_pem4f.oem4f (.const:ti_sysbios_knl_Queue_Object__PARAMS__C)
                  0000a1d8    00000018     RAP_Robot_TM4C123G.obj (.const:uartTivaHWAttrs)
                  0000a1f0    00000014     RAP_Robot_TM4C123G.obj (.const:GPIOTiva_config)
                  0000a204    00000014     empty_min_pem4f.oem4f (.const:xdc_runtime_Startup_firstFxns__A)
                  0000a218    00000010     drivers_tivaware.aem4f : I2C.oem4f (.const)
                  0000a228    00000010     IMU.obj (.const:g_fIMUAccelFactors)
                  0000a238    00000010     empty_min_pem4f.oem4f (.const:xdc_runtime_Startup_sfxnRts__A)
                  0000a248    0000000c     drivers_tivaware.aem4f : PWM.oem4f (.const)
                  0000a254    0000000c     RAP_Robot_TM4C123G.obj (.const:i2cTivaHWAttrs)
                  0000a260    00000008     empty_min_pem4f.oem4f (.const:ti_sysbios_family_arm_m3_Hwi_excHookFuncs__A)
                  0000a268    00000008     empty_min_pem4f.oem4f (.const:ti_sysbios_knl_Idle_funcList__C)
                  0000a270    00000008     empty_min_pem4f.oem4f (.const:xdc_runtime_Startup_firstFxns__C)
                  0000a278    00000008     empty_min_pem4f.oem4f (.const:xdc_runtime_Startup_lastFxns__C)
                  0000a280    00000004     empty_min_pem4f.oem4f (.const:ti_catalog_arm_cortexm4_tiva_ce_Boot_A_mustUseEnhancedClockMode__C)
                  0000a284    00000004     empty_min_pem4f.oem4f (.const:ti_catalog_arm_cortexm4_tiva_ce_Boot_Module__diagsEnabled__C)
                  0000a288    00000004     empty_min_pem4f.oem4f (.const:ti_catalog_arm_cortexm4_tiva_ce_Boot_Module__diagsIncluded__C)
                  0000a28c    00000004     empty_min_pem4f.oem4f (.const:ti_catalog_arm_cortexm4_tiva_ce_Boot_Module__diagsMask__C)
                  0000a290    00000004     empty_min_pem4f.oem4f (.const:ti_sysbios_family_arm_lm4_Timer_enableFunc__C)
                  0000a294    00000004     empty_min_pem4f.oem4f (.const:ti_sysbios_family_arm_lm4_Timer_numTimerDevices__C)
                  0000a298    00000004     empty_min_pem4f.oem4f (.const:ti_sysbios_family_arm_lm4_Timer_startupNeeded__C)
                  0000a29c    00000004     empty_min_pem4f.oem4f (.const:ti_sysbios_family_arm_m3_Hwi_E_NMI__C)
                  0000a2a0    00000004     empty_min_pem4f.oem4f (.const:ti_sysbios_family_arm_m3_Hwi_E_alreadyDefined__C)
                  0000a2a4    00000004     empty_min_pem4f.oem4f (.const:ti_sysbios_family_arm_m3_Hwi_E_busFault__C)
                  0000a2a8    00000004     empty_min_pem4f.oem4f (.const:ti_sysbios_family_arm_m3_Hwi_E_debugMon__C)
                  0000a2ac    00000004     empty_min_pem4f.oem4f (.const:ti_sysbios_family_arm_m3_Hwi_E_hardFault__C)
                  0000a2b0    00000004     empty_min_pem4f.oem4f (.const:ti_sysbios_family_arm_m3_Hwi_E_memFault__C)
                  0000a2b4    00000004     empty_min_pem4f.oem4f (.const:ti_sysbios_family_arm_m3_Hwi_E_noIsr__C)
                  0000a2b8    00000004     empty_min_pem4f.oem4f (.const:ti_sysbios_family_arm_m3_Hwi_E_reserved__C)
                  0000a2bc    00000004     empty_min_pem4f.oem4f (.const:ti_sysbios_family_arm_m3_Hwi_E_svCall__C)
                  0000a2c0    00000004     empty_min_pem4f.oem4f (.const:ti_sysbios_family_arm_m3_Hwi_E_usageFault__C)
                  0000a2c4    00000004     empty_min_pem4f.oem4f (.const:ti_sysbios_family_arm_m3_Hwi_NUM_INTERRUPTS__C)
                  0000a2c8    00000004     empty_min_pem4f.oem4f (.const:ti_sysbios_family_arm_m3_Hwi_Object__count__C)
                  0000a2cc    00000004     empty_min_pem4f.oem4f (.const:ti_sysbios_family_arm_m3_Hwi_ccr__C)
                  0000a2d0    00000004     empty_min_pem4f.oem4f (.const:ti_sysbios_family_arm_m3_Hwi_excHandlerFunc__C)
                  0000a2d4    00000004     empty_min_pem4f.oem4f (.const:ti_sysbios_family_arm_m3_Hwi_excHookFuncs__C)
                  0000a2d8    00000004     empty_min_pem4f.oem4f (.const:ti_sysbios_family_arm_m3_Hwi_nullIsrFunc__C)
                  0000a2dc    00000004     empty_min_pem4f.oem4f (.const:ti_sysbios_family_arm_m3_Hwi_priGroup__C)
                  0000a2e0    00000004     empty_min_pem4f.oem4f (.const:ti_sysbios_family_arm_m3_TaskSupport_stackAlignment__C)
                  0000a2e4    00000004     empty_min_pem4f.oem4f (.const:ti_sysbios_gates_GateMutex_Instance_State_sem__O)
                  0000a2e8    00000004     empty_min_pem4f.oem4f (.const:ti_sysbios_heaps_HeapMem_E_memory__C)
                  0000a2ec    00000004     empty_min_pem4f.oem4f (.const:ti_sysbios_heaps_HeapMem_Module__gateObj__C)
                  0000a2f0    00000004     empty_min_pem4f.oem4f (.const:ti_sysbios_heaps_HeapMem_Object__count__C)
                  0000a2f4    00000004     empty_min_pem4f.oem4f (.const:ti_sysbios_heaps_HeapMem_reqAlign__C)
                  0000a2f8    00000004     empty_min_pem4f.oem4f (.const:ti_sysbios_knl_Clock_Module_State_clockQ__O)
                  0000a2fc    00000004     empty_min_pem4f.oem4f (.const:ti_sysbios_knl_Semaphore_Instance_State_pendQ__O)
                  0000a300    00000004     empty_min_pem4f.oem4f (.const:ti_sysbios_knl_Swi_Object__count__C)
                  0000a304    00000004     empty_min_pem4f.oem4f (.const:ti_sysbios_knl_Task_Module_State_inactiveQ__O)
                  0000a308    00000004     empty_min_pem4f.oem4f (.const:ti_sysbios_knl_Task_Object__count__C)
                  0000a30c    00000004     empty_min_pem4f.oem4f (.const:ti_sysbios_knl_Task_allBlockedFunc__C)
                  0000a310    00000004     empty_min_pem4f.oem4f (.const:ti_sysbios_knl_Task_defaultStackHeap__C)
                  0000a314    00000004     empty_min_pem4f.oem4f (.const:ti_sysbios_knl_Task_defaultStackSize__C)
                  0000a318    00000004     empty_min_pem4f.oem4f (.const:ti_sysbios_knl_Task_numConstructedTasks__C)
                  0000a31c    00000004     empty_min_pem4f.oem4f (.const:xdc_runtime_Assert_E_assertFailed__C)
                  0000a320    00000004     empty_min_pem4f.oem4f (.const:xdc_runtime_Core_A_initializedParams__C)
                  0000a324    00000004     empty_min_pem4f.oem4f (.const:xdc_runtime_Core_Module__diagsEnabled__C)
                  0000a328    00000004     empty_min_pem4f.oem4f (.const:xdc_runtime_Core_Module__diagsIncluded__C)
                  0000a32c    00000004     empty_min_pem4f.oem4f (.const:xdc_runtime_Core_Module__diagsMask__C)
                  0000a330    00000004     empty_min_pem4f.oem4f (.const:xdc_runtime_Error_E_memory__C)
                  0000a334    00000004     empty_min_pem4f.oem4f (.const:xdc_runtime_Error_Module__diagsEnabled__C)
                  0000a338    00000004     empty_min_pem4f.oem4f (.const:xdc_runtime_Error_Module__diagsIncluded__C)
                  0000a33c    00000004     empty_min_pem4f.oem4f (.const:xdc_runtime_Error_Module__diagsMask__C)
                  0000a340    00000004     empty_min_pem4f.oem4f (.const:xdc_runtime_Error_Module__loggerFxn8__C)
                  0000a344    00000004     empty_min_pem4f.oem4f (.const:xdc_runtime_Error_Module__loggerObj__C)
                  0000a348    00000004     empty_min_pem4f.oem4f (.const:xdc_runtime_Error_policyFxn__C)
                  0000a34c    00000004     empty_min_pem4f.oem4f (.const:xdc_runtime_Error_raiseHook__C)
                  0000a350    00000004     empty_min_pem4f.oem4f (.const:xdc_runtime_IGateProvider_Interface__BASE__C)
                  0000a354    00000004     empty_min_pem4f.oem4f (.const:xdc_runtime_IHeap_Interface__BASE__C)
                  0000a358    00000004     empty_min_pem4f.oem4f (.const:xdc_runtime_IModule_Interface__BASE__C)
                  0000a35c    00000004     empty_min_pem4f.oem4f (.const:xdc_runtime_Log_L_error__C)
                  0000a360    00000004     empty_min_pem4f.oem4f (.const:xdc_runtime_Memory_defaultHeapInstance__C)
                  0000a364    00000004     empty_min_pem4f.oem4f (.const:xdc_runtime_Startup_execImpl__C)
                  0000a368    00000004     empty_min_pem4f.oem4f (.const:xdc_runtime_Startup_maxPasses__C)
                  0000a36c    00000004     empty_min_pem4f.oem4f (.const:xdc_runtime_Startup_sfxnRts__C)
                  0000a370    00000004     empty_min_pem4f.oem4f (.const:xdc_runtime_Startup_sfxnTab__C)
                  0000a374    00000004     empty_min_pem4f.oem4f (.const:xdc_runtime_SysMin_bufSize__C)
                  0000a378    00000004     empty_min_pem4f.oem4f (.const:xdc_runtime_SysMin_outputFunc__C)
                  0000a37c    00000004     empty_min_pem4f.oem4f (.const:xdc_runtime_System_Module__gateObj__C)
                  0000a380    00000004     empty_min_pem4f.oem4f (.const:xdc_runtime_System_abortFxn__C)
                  0000a384    00000004     empty_min_pem4f.oem4f (.const:xdc_runtime_System_exitFxn__C)
                  0000a388    00000004     empty_min_pem4f.oem4f (.const:xdc_runtime_System_extendFxn__C)
                  0000a38c    00000004     empty_min_pem4f.oem4f (.const:xdc_runtime_System_maxAtexitHandlers__C)
                  0000a390    00000004     empty_min_pem4f.oem4f (.const:xdc_runtime_Text_charTab__C)
                  0000a394    00000004     empty_min_pem4f.oem4f (.const:xdc_runtime_Text_nameEmpty__C)
                  0000a398    00000004     empty_min_pem4f.oem4f (.const:xdc_runtime_Text_nameStatic__C)
                  0000a39c    00000004     empty_min_pem4f.oem4f (.const:xdc_runtime_Text_nameUnknown__C)
                  0000a3a0    00000004     empty_min_pem4f.oem4f (.const:xdc_runtime_Text_nodeTab__C)
                  0000a3a4    00000004     empty_min_pem4f.oem4f (.const:xdc_runtime_Text_visitRopeFxn__C)
                  0000a3a8    00000002     empty_min_pem4f.oem4f (.const:ti_catalog_arm_cortexm4_tiva_ce_Boot_Module__id__C)
                  0000a3aa    00000002     empty_min_pem4f.oem4f (.const:ti_sysbios_family_arm_m3_Hwi_Module__id__C)
                  0000a3ac    00000002     empty_min_pem4f.oem4f (.const:ti_sysbios_heaps_HeapMem_Module__id__C)
                  0000a3ae    00000002     empty_min_pem4f.oem4f (.const:xdc_runtime_Core_Module__id__C)
                  0000a3b0    00000002     empty_min_pem4f.oem4f (.const:xdc_runtime_Error_Module__loggerDefined__C)
                  0000a3b2    00000002     empty_min_pem4f.oem4f (.const:xdc_runtime_Error_maxDepth__C)
                  0000a3b4    00000002     empty_min_pem4f.oem4f (.const:xdc_runtime_Memory_Module__id__C)
                  0000a3b6    00000002     empty_min_pem4f.oem4f (.const:xdc_runtime_SysMin_flushAtExit__C)
                  0000a3b8    00000002     empty_min_pem4f.oem4f (.const:xdc_runtime_Text_charCnt__C)
                  0000a3ba    00000002     empty_min_pem4f.oem4f (.const:xdc_runtime_Text_isLoaded__C)
                  0000a3bc    00000002     empty_min_pem4f.oem4f (.const:xdc_runtime_Text_registryModsLastId__C)
                  0000a3be    00000002     empty_min_pem4f.oem4f (.const:xdc_runtime_Text_unnamedModsLastId__C)
                  0000a3c0    00000001     empty_min_pem4f.oem4f (.const:xdc_runtime_Error_policy__C)

.cinit     0    0000a3c8    000001f8     
                  0000a3c8    000001c0     (.cinit..data.load) [load image, compression = lzss]
                  0000a588    0000000c     (__TI_handler_table)
                  0000a594    00000004     --HOLE-- [fill = 0]
                  0000a598    00000008     (.cinit..bss.load) [load image, compression = zero_init]
                  0000a5a0    00000008     (.cinit..vecs.load) [load image, compression = zero_init]
                  0000a5a8    00000018     (__TI_cinit_table)

.init_array 
*          0    00000000    00000000     UNINITIALIZED

.resetVecs 
*          0    00000000    0000003c     
                  00000000    0000003c     empty_min_pem4f.oem4f (.resetVecs)

.bss       0    20000360    00001090     UNINITIALIZED
                  20000360    00000400     (.common:ti_sysbios_heaps_HeapMem_Instance_State_0_buf__A)
                  20000760    00000360     (.common:ti_sysbios_family_arm_m3_Hwi_dispatchTable)
                  20000ac0    00000200     (.common:task0Stack)
                  20000cc0    00000120     rtsv7M4_T_le_v4SPD16_eabi.lib : trgmsg.c.obj (.bss:_CIOBUF_)
                  20000de0    00000100     (.common:IMUTask_Stack)
                  20000ee0    000000cc     (.common:uartTivaObjects)
                  20000fac    00000090     drivers_tivaware.aem4f : GPIOTiva.oem4f (.bss:gpioCallbackInfo)
                  2000103c    00000080     (.common:i2cTivaObjects)
                  200010bc    00000080     (.common:xdc_runtime_SysMin_Module_State_0_outbuf__A)
                  2000113c    00000050     (.common:IMUTaskStruct)
                  2000118c    00000050     (.common:task0Struct)
                  200011dc    00000030     (.common:balance_buffer)
                  2000120c    00000030     (.common:buffer_left)
                  2000123c    00000030     (.common:buffer_right)
                  2000126c    00000024     (.common:BalanceControlStruct)
                  20001290    00000024     (.common:Robot_IMUstate)
                  200012b4    00000024     (.common:WheelsControlStruct)
                  200012d8    00000020     (.common:pwmTivaObjects)
                  200012f8    00000020     (.common:uartTivaRingBuffer)
                  20001318    0000001c     (.common:IMUsemStruct)
                  20001334    0000001c     (.common:Robot_MotorState)
                  20001350    00000010     (.common:IMU_Accel)
                  20001360    00000010     (.common:IMU_Gyr)
                  20001370    00000010     (.common:IMU_LastAccel)
                  20001380    00000010     (.common:IMU_LastGyr)
                  20001390    0000000c     (.common:Robot_EncoderL)
                  2000139c    0000000c     (.common:Robot_EncoderR)
                  200013a8    00000008     (.common:parmbuf)
                  200013b0    00000004     (.common:BalanceControl_Handle)
                  200013b4    00000004     (.common:IMUsemHandle)
                  200013b8    00000004     (.common:Pitch)
                  200013bc    00000004     (.common:Racc)
                  200013c0    00000004     (.common:Robot_ENCL)
                  200013c4    00000004     (.common:Robot_ENCR)
                  200013c8    00000004     (.common:Robot_IMU)
                  200013cc    00000004     (.common:Robot_Motor)
                  200013d0    00000004     (.common:Robot_uart)
                  200013d4    00000004     (.common:Roll)
                  200013d8    00000004     (.common:WheelsControl_Handle)
                  200013dc    00000004     (.common:Yaw)
                  200013e0    00000004     (.common:balance_pid)
                  200013e4    00000004     (.common:gpioInterruptVectors)
                  200013e8    00000004     (.common:pid_left)
                  200013ec    00000004     (.common:pid_right)

.data      0    200013f0    0000040a     UNINITIALIZED
                  200013f0    00000080     empty_min_pem4f.oem4f (.data:ti_sysbios_knl_Swi_Module_State_0_readyQ__A)
                  20001470    00000080     empty_min_pem4f.oem4f (.data:ti_sysbios_knl_Task_Module_State_0_readyQ__A)
                  200014f0    00000044     empty_min_pem4f.oem4f (.data:ti_sysbios_knl_Task_Module__state__V)
                  20001534    00000040     empty_min_pem4f.oem4f (.data:ti_sysbios_family_arm_lm4_Timer_Object__table__V)
                  20001574    00000038     empty_min_pem4f.oem4f (.data:ti_sysbios_gates_GateMutex_Object__table__V)
                  200015ac    00000034     empty_min_pem4f.oem4f (.data:ti_sysbios_family_arm_m3_Hwi_Module__state__V)
                  200015e0    00000030     empty_min_pem4f.oem4f (.data:ti_sysbios_family_arm_lm4_Timer_Module_State_0_device__A)
                  20001610    00000030     empty_min_pem4f.oem4f (.data:ti_sysbios_knl_Swi_Object__table__V)
                  20001640    0000002c     empty_min_pem4f.oem4f (.data:ti_sysbios_knl_Clock_Module__state__V)
                  2000166c    00000024     empty_min_pem4f.oem4f (.data:ti_sysbios_BIOS_Module__state__V)
                  20001690    0000001c     empty_min_pem4f.oem4f (.data:ti_sysbios_knl_Swi_Module__state__V)
                  200016ac    00000018     drivers_tivaware.aem4f : PWMTiva.oem4f (.data)
                  200016c4    00000018     RAP_Robot_TM4C123G.obj (.data:gpioPinConfigs)
                  200016dc    00000018     empty_min_pem4f.oem4f (.data:ti_sysbios_family_arm_lm4_Timer_Module_State_0_handles__A)
                  200016f4    00000018     empty_min_pem4f.oem4f (.data:ti_sysbios_family_arm_m3_Hwi_Object__table__V)
                  2000170c    00000018     empty_min_pem4f.oem4f (.data:ti_sysbios_heaps_HeapMem_Object__table__V)
                  20001724    00000010     Wheels.obj (.data)
                  20001734    0000000c     RAP_Robot_TM4C123G.obj (.data:gpioCallbackFunctions)
                  20001740    0000000c     empty_min_pem4f.oem4f (.data:ti_sysbios_family_arm_lm4_Timer_Module__state__V)
                  2000174c    0000000c     empty_min_pem4f.oem4f (.data:xdc_runtime_SysMin_Module__state__V)
                  20001758    00000008     rtsv7M4_T_le_v4SPD16_eabi.lib : _lock.c.obj (.data:$O1$$)
                  20001760    00000008     Balance.obj (.data)
                  20001768    00000008     empty_min_pem4f.oem4f (.data:ti_sysbios_family_arm_m3_Hwi_Module__root__V)
                  20001770    00000008     empty_min_pem4f.oem4f (.data:ti_sysbios_gates_GateHwi_Module__root__V)
                  20001778    00000008     empty_min_pem4f.oem4f (.data:ti_sysbios_gates_GateMutex_Module__root__V)
                  20001780    00000008     empty_min_pem4f.oem4f (.data:ti_sysbios_heaps_HeapMem_Module__root__V)
                  20001788    00000008     empty_min_pem4f.oem4f (.data:ti_sysbios_knl_Clock_Module__root__V)
                  20001790    00000008     empty_min_pem4f.oem4f (.data:ti_sysbios_knl_Queue_Module__root__V)
                  20001798    00000008     empty_min_pem4f.oem4f (.data:ti_sysbios_knl_Semaphore_Module__root__V)
                  200017a0    00000008     empty_min_pem4f.oem4f (.data:ti_sysbios_knl_Task_Module__root__V)
                  200017a8    00000008     empty_min_pem4f.oem4f (.data:xdc_runtime_Registry_Module__state__V)
                  200017b0    00000008     empty_min_pem4f.oem4f (.data:xdc_runtime_Startup_Module__state__V)
                  200017b8    00000008     empty_min_pem4f.oem4f (.data:xdc_runtime_System_Module_State_0_atexitHandlers__A)
                  200017c0    00000008     empty_min_pem4f.oem4f (.data:xdc_runtime_System_Module__state__V)
                  200017c8    00000005     drivers_tivaware.aem4f : GPIOTiva.oem4f (.data)
                  200017cd    00000001     --HOLE--
                  200017ce    00000002     empty_min_pem4f.oem4f (.data:ti_sysbios_family_arm_m3_Hwi_Module_State_0_excActive__A)
                  200017d0    00000004     drivers_tivaware.aem4f : I2C.oem4f (.data)
                  200017d4    00000004                            : PWM.oem4f (.data)
                  200017d8    00000004                            : UART.oem4f (.data)
                  200017dc    00000004     rtsv7M4_T_le_v4SPD16_eabi.lib : errno.c.obj (.data)
                  200017e0    00000004                                   : stkdepth_vars.c.obj (.data)
                  200017e4    00000004     empty_min_pem4f.oem4f (.data:ti_sysbios_family_arm_m3_Hwi_Module_State_0_excContext__A)
                  200017e8    00000004     empty_min_pem4f.oem4f (.data:ti_sysbios_family_arm_m3_Hwi_Module_State_0_excStack__A)
                  200017ec    00000004     empty_min_pem4f.oem4f (.data:ti_sysbios_gates_GateHwi_Object__table__V)
                  200017f0    00000004     empty_min_pem4f.oem4f (.data:ti_sysbios_knl_Task_Module_State_0_idleTask__A)
                  200017f4    00000004     empty_min_pem4f.oem4f (.data:xdc_runtime_Memory_Module__state__V)
                  200017f8    00000002     empty_min_pem4f.oem4f (.data:xdc_runtime_Error_Module__state__V)

.stack     0    20001800    00000300     UNINITIALIZED
                  20001800    00000300     --HOLE--

.bootVecs 
*          0    00000000    00000008     DSECT
                  00000000    00000008     boot.aem4f : boot.oem4f (.bootVecs)

.vecs      0    20000000    00000360     UNINITIALIZED
                  20000000    00000360     empty_min_pem4f.oem4f (.vecs)

xdc.meta   0    00000000    000000f6     COPY SECTION
                  00000000    000000f6     empty_min_pem4f.oem4f (xdc.meta)

MODULE SUMMARY

       Module                       code    ro data   rw data
       ------                       ----    -------   -------
    ./
       RAP_Robot.obj                262     0         700    
    +--+----------------------------+-------+---------+---------+
       Total:                       262     0         700    
                                                             
    ./Robot/
       IMUSensor.obj                968     0         448    
       Wheels.obj                   470     0         160    
    +--+----------------------------+-------+---------+---------+
       Total:                       1438    0         608    
                                                             
    ./Robot/Control/
       Balance.obj                  414     0         100    
       PID.obj                      318     0         0      
    +--+----------------------------+-------+---------+---------+
       Total:                       732     0         100    
                                                             
    ./Robot/Drivers/RAP_Drivers/
       IMU.obj                      1234    16        0      
       MotorDriver.obj              834     0         0      
       Encoder.obj                  464     0         0      
    +--+----------------------------+-------+---------+---------+
       Total:                       2532    16        0      
                                                             
    ./Robot/Drivers/Tools/
       UART_tools.obj               336     0         0      
    +--+----------------------------+-------+---------+---------+
       Total:                       336     0         0      
                                                             
    ./Robot/RAP_Robot_Board_Hw/
       RAP_Robot_TM4C123G.obj       296     212       432    
       Robot_Hw_Ctl.obj             508     0         0      
    +--+----------------------------+-------+---------+---------+
       Total:                       804     212       432    
                                                             
    /home/josepablocb/Workspace/VoltaRobotics/Tests/RAP_Robot/Debug/configPkg/package/cfg/
       empty_min_pem4f.oem4f        1884    7609      3796   
    +--+----------------------------+-------+---------+---------+
       Total:                       1884    7609      3796   
                                                             
    /home/josepablocb/Workspace/VoltaRobotics/Tests/RAP_Robot/src/sysbios/sysbios.aem4f
       BIOS.obj                     8950    0         0      
       m3_Hwi_asm.obj               314     0         0      
       m3_TaskSupport_asm.obj       180     0         0      
       m3_Hwi_asm_switch.obj        118     0         0      
    +--+----------------------------+-------+---------+---------+
       Total:                       9562    0         0      
                                                             
    /home/josepablocb/ti/ccsv7/tools/compiler/ti-cgt-arm_18.1.0.LTS/lib/rtsv7M4_T_le_v4SPD16_eabi.lib
       e_powf.c.obj                 1408    24        0      
       fd_add_t2.asm.obj            438     0         0      
       e_acosf.c.obj                404     0         0      
       trgmsg.c.obj                 108     0         288    
       fd_div_t2.asm.obj            310     0         0      
       fd_mul_t2.asm.obj            252     0         0      
       s_scalbnf.c.obj              208     0         0      
       memcpy_t2.asm.obj            156     0         0      
[...]
000082ad  I2CMasterIntEnable                                                
000082b3  I2CTiva_control                                                   
000082b9  UARTFIFOLevelSet                                                  
000082bf  UARTRxErrorClear                                                  
000082c5  ti_catalog_arm_cortexm4_tiva_ce_Boot_sysCtlDelayI__I              
000082cb  xdc_runtime_System_Module_startup__E                              
000082d1  ti_sysbios_family_arm_m3_Hwi_doTaskRestore__I                     
000082d9  ti_sysbios_family_arm_m3_Hwi_restoreFxn__E                        
000082d9  ti_sysbios_hal_Hwi_HwiProxy_restore__E                            
000082e1  ti_sysbios_gates_GateHwi_leave__E                                 
000082e9  ti_sysbios_heaps_HeapMem_isBlocking__E                            
000082f1  ti_sysbios_knl_Clock_stop__E                                      
000082f9  ti_sysbios_knl_Queue_Instance_init__E                             
00008301  ti_sysbios_knl_Swi_startup__E                                     
00008309  ti_sysbios_gates_GateHwi_query__E                                 
00008309  xdc_runtime_Main_Module_GateProxy_query__E                        
00008309  xdc_runtime_System_Module_GateProxy_query__E                      
00008311  ti_sysbios_BIOS_RtsGateProxy_query__E                             
00008311  ti_sysbios_gates_GateMutex_query__E                               
00008311  ti_sysbios_heaps_HeapMem_Module_GateProxy_query__E                
00008319  ti_sysbios_knl_Task_startup__E                                    
00008321  ti_sysbios_gates_GateHwi_Instance_init__E                         
00008329  ti_sysbios_knl_Clock_logTick__E                                   
0000832c  xdc_runtime_Text_charTab__A                                       
00009b70  xdc_runtime_Text_nodeTab__A                                       
00009dec  PWM_config                                                        
00009e28  ti_sysbios_knl_Task_Object__PARAMS__C                             
00009e64  pwmTivaHWAttrs                                                    
00009e94  ti_sysbios_family_arm_m3_Hwi_Object__PARAMS__C                    
00009ec4  UARTTiva_fxnTable                                                 
00009eec  ti_sysbios_heaps_HeapMem_Module__FXNS__C                          
00009f14  UART_defaultParams                                                
00009f38  ti_sysbios_gates_GateHwi_Module__FXNS__C                          
00009f5c  ti_sysbios_gates_GateMutex_Module__FXNS__C                        
00009f80  ti_sysbios_heaps_HeapMem_Object__PARAMS__C                        
00009fa4  ti_sysbios_knl_Clock_Object__PARAMS__C                            
00009fc8  ti_sysbios_knl_Semaphore_Object__PARAMS__C                        
00009fec  PWMTiva_fxnTable                                                  
0000a008  PWMTiva_MAX_PRESCALAR                                             
0000a00a  PWMTiva_MAX_MATCH_VALUE                                           
0000a00c  ti_sysbios_family_arm_m3_Hwi_Object__DESC__C                      
0000a02c  ti_sysbios_gates_GateHwi_Object__DESC__C                          
0000a04c  ti_sysbios_gates_GateMutex_Object__DESC__C                        
0000a06c  ti_sysbios_heaps_HeapMem_Object__DESC__C                          
0000a08c  ti_sysbios_knl_Clock_Object__DESC__C                              
0000a0ac  ti_sysbios_knl_Queue_Object__DESC__C                              
0000a0cc  ti_sysbios_knl_Semaphore_Object__DESC__C                          
0000a0ec  ti_sysbios_knl_Task_Object__DESC__C                               
0000a10c  xdc_runtime_Startup_sfxnTab__A                                    
0000a12c  I2CTiva_fxnTable                                                  
0000a160  I2C_config                                                        
0000a178  UART_config                                                       
0000a190  ti_sysbios_gates_GateHwi_Object__PARAMS__C                        
0000a1a8  ti_sysbios_gates_GateMutex_Object__PARAMS__C                      
0000a1c0  ti_sysbios_knl_Queue_Object__PARAMS__C                            
0000a1d8  uartTivaHWAttrs                                                   
0000a1f0  GPIOTiva_config                                                   
0000a204  xdc_runtime_Startup_firstFxns__A                                  
0000a218  I2C_defaultParams                                                 
0000a238  xdc_runtime_Startup_sfxnRts__A                                    
0000a248  PWM_defaultParams                                                 
0000a254  i2cTivaHWAttrs                                                    
0000a260  ti_sysbios_family_arm_m3_Hwi_excHookFuncs__A                      
0000a268  ti_sysbios_knl_Idle_funcList__C                                   
0000a270  xdc_runtime_Startup_firstFxns__C                                  
0000a278  xdc_runtime_Startup_lastFxns__C                                   
0000a280  ti_catalog_arm_cortexm4_tiva_ce_Boot_A_mustUseEnhancedClockMode__C
0000a284  ti_catalog_arm_cortexm4_tiva_ce_Boot_Module__diagsEnabled__C      
0000a288  ti_catalog_arm_cortexm4_tiva_ce_Boot_Module__diagsIncluded__C     
0000a28c  ti_catalog_arm_cortexm4_tiva_ce_Boot_Module__diagsMask__C         
0000a290  ti_sysbios_family_arm_lm4_Timer_enableFunc__C                     
0000a294  ti_sysbios_family_arm_lm4_Timer_numTimerDevices__C                
0000a298  ti_sysbios_family_arm_lm4_Timer_startupNeeded__C                  
0000a29c  ti_sysbios_family_arm_m3_Hwi_E_NMI__C                             
0000a2a0  ti_sysbios_family_arm_m3_Hwi_E_alreadyDefined__C                  
0000a2a4  ti_sysbios_family_arm_m3_Hwi_E_busFault__C                        
0000a2a8  ti_sysbios_family_arm_m3_Hwi_E_debugMon__C                        
0000a2ac  ti_sysbios_family_arm_m3_Hwi_E_hardFault__C                       
0000a2b0  ti_sysbios_family_arm_m3_Hwi_E_memFault__C                        
0000a2b4  ti_sysbios_family_arm_m3_Hwi_E_noIsr__C                           
0000a2b8  ti_sysbios_family_arm_m3_Hwi_E_reserved__C                        
0000a2bc  ti_sysbios_family_arm_m3_Hwi_E_svCall__C                          
0000a2c0  ti_sysbios_family_arm_m3_Hwi_E_usageFault__C                      
0000a2c4  ti_sysbios_family_arm_m3_Hwi_NUM_INTERRUPTS__C                    
0000a2c8  ti_sysbios_family_arm_m3_Hwi_Object__count__C                     
0000a2cc  ti_sysbios_family_arm_m3_Hwi_ccr__C                               
0000a2d0  ti_sysbios_family_arm_m3_Hwi_excHandlerFunc__C                    
0000a2d4  ti_sysbios_family_arm_m3_Hwi_excHookFuncs__C                      
0000a2d8  ti_sysbios_family_arm_m3_Hwi_nullIsrFunc__C                       
0000a2dc  ti_sysbios_family_arm_m3_Hwi_priGroup__C                          
0000a2e0  ti_sysbios_family_arm_m3_TaskSupport_stackAlignment__C            
0000a2e4  ti_sysbios_gates_GateMutex_Instance_State_sem__O                  
0000a2e8  ti_sysbios_heaps_HeapMem_E_memory__C                              
0000a2ec  ti_sysbios_heaps_HeapMem_Module__gateObj__C                       
0000a2f0  ti_sysbios_heaps_HeapMem_Object__count__C                         
0000a2f4  ti_sysbios_heaps_HeapMem_reqAlign__C                              
0000a2f8  ti_sysbios_knl_Clock_Module_State_clockQ__O                       
0000a2fc  ti_sysbios_knl_Semaphore_Instance_State_pendQ__O                  
0000a300  ti_sysbios_knl_Swi_Object__count__C                               
0000a304  ti_sysbios_knl_Task_Module_State_inactiveQ__O                     
0000a308  ti_sysbios_knl_Task_Object__count__C                              
0000a30c  ti_sysbios_knl_Task_allBlockedFunc__C                             
0000a310  ti_sysbios_knl_Task_defaultStackHeap__C                           
0000a314  ti_sysbios_knl_Task_defaultStackSize__C                           
0000a318  ti_sysbios_knl_Task_numConstructedTasks__C                        
0000a31c  xdc_runtime_Assert_E_assertFailed__C                              
0000a320  xdc_runtime_Core_A_initializedParams__C                           
0000a324  xdc_runtime_Core_Module__diagsEnabled__C                          
0000a328  xdc_runtime_Core_Module__diagsIncluded__C                         
0000a32c  xdc_runtime_Core_Module__diagsMask__C                             
0000a330  xdc_runtime_Error_E_memory__C                                     
0000a334  xdc_runtime_Error_Module__diagsEnabled__C                         
0000a338  xdc_runtime_Error_Module__diagsIncluded__C                        
0000a33c  xdc_runtime_Error_Module__diagsMask__C                            
0000a340  xdc_runtime_Error_Module__loggerFxn8__C                           
0000a344  xdc_runtime_Error_Module__loggerObj__C                            
0000a348  xdc_runtime_Error_policyFxn__C                                    
0000a34c  xdc_runtime_Error_raiseHook__C                                    
0000a350  xdc_runtime_IGateProvider_Interface__BASE__C                      
0000a354  xdc_runtime_IHeap_Interface__BASE__C                              
0000a358  xdc_runtime_IModule_Interface__BASE__C                            
0000a35c  xdc_runtime_Log_L_error__C                                        
0000a360  xdc_runtime_Memory_defaultHeapInstance__C                         
0000a364  xdc_runtime_Startup_execImpl__C                                   
0000a368  xdc_runtime_Startup_maxPasses__C                                  
0000a36c  xdc_runtime_Startup_sfxnRts__C                                    
0000a370  xdc_runtime_Startup_sfxnTab__C                                    
0000a374  xdc_runtime_SysMin_bufSize__C                                     
0000a378  xdc_runtime_SysMin_outputFunc__C                                  
0000a37c  xdc_runtime_System_Module__gateObj__C                             
0000a380  xdc_runtime_System_abortFxn__C                                    
0000a384  xdc_runtime_System_exitFxn__C                                     
0000a388  xdc_runtime_System_extendFxn__C                                   
0000a38c  xdc_runtime_System_maxAtexitHandlers__C                           
0000a390  xdc_runtime_Text_charTab__C                                       
0000a394  xdc_runtime_Text_nameEmpty__C                                     
0000a398  xdc_runtime_Text_nameStatic__C                                    
0000a39c  xdc_runtime_Text_nameUnknown__C                                   
0000a3a0  xdc_runtime_Text_nodeTab__C                                       
0000a3a4  xdc_runtime_Text_visitRopeFxn__C                                  
0000a3a8  ti_catalog_arm_cortexm4_tiva_ce_Boot_Module__id__C                
0000a3aa  ti_sysbios_family_arm_m3_Hwi_Module__id__C                        
0000a3ac  ti_sysbios_heaps_HeapMem_Module__id__C                            
0000a3ae  xdc_runtime_Core_Module__id__C                                    
0000a3b0  xdc_runtime_Error_Module__loggerDefined__C                        
0000a3b2  xdc_runtime_Error_maxDepth__C                                     
0000a3b4  xdc_runtime_Memory_Module__id__C                                  
0000a3b6  xdc_runtime_SysMin_flushAtExit__C                                 
0000a3b8  xdc_runtime_Text_charCnt__C                                       
0000a3ba  xdc_runtime_Text_isLoaded__C                                      
0000a3bc  xdc_runtime_Text_registryModsLastId__C                            
0000a3be  xdc_runtime_Text_unnamedModsLastId__C                             
0000a3c0  xdc_runtime_Error_policy__C                                       
0000a3c8  __TI_static_base__                                                
0000a588  __TI_Handler_Table_Base                                           
0000a594  __TI_Handler_Table_Limit                                          
0000a5a8  __TI_CINIT_Base                                                   
0000a5c0  __TI_CINIT_Limit                                                  
20000000  ti_sysbios_family_arm_m3_Hwi_ramVectors                           
20000360  ti_sysbios_heaps_HeapMem_Instance_State_0_buf__A                  
20000760  ti_sysbios_family_arm_m3_Hwi_dispatchTable                        
20000ac0  task0Stack                                                        
20000cc0  __CIOBUF_                                                         
20000de0  IMUTask_Stack                                                     
20000ee0  uartTivaObjects                                                   
2000103c  i2cTivaObjects                                                    
200010bc  xdc_runtime_SysMin_Module_State_0_outbuf__A                       
2000113c  IMUTaskStruct                                                     
2000118c  task0Struct                                                       
200011dc  balance_buffer                                                    
2000120c  buffer_left                                                       
2000123c  buffer_right                                                      
2000126c  BalanceControlStruct                                              
20001290  Robot_IMUstate                                                    
200012b4  WheelsControlStruct                                               
200012d8  pwmTivaObjects                                                    
200012f8  uartTivaRingBuffer                                                
20001318  IMUsemStruct                                                      
20001334  Robot_MotorState                                                  
20001350  IMU_Accel                                                         
20001360  IMU_Gyr                                                           
20001370  IMU_LastAccel                                                     
20001380  IMU_LastGyr                                                       
20001390  Robot_EncoderL                                                    
2000139c  Robot_EncoderR                                                    
200013a8  parmbuf                                                           
200013b0  BalanceControl_Handle                                             
200013b4  IMUsemHandle                                                      
200013b8  Pitch                                                             
200013bc  Racc                                                              
200013c0  Robot_ENCL                                                        
200013c4  Robot_ENCR                                                        
200013c8  Robot_IMU                                                         
200013cc  Robot_Motor                                                       
200013d0  Robot_uart                                                        
200013d4  Roll                                                              
200013d8  WheelsControl_Handle                                              
200013dc  Yaw                                                               
200013e0  balance_pid                                                       
200013e8  pid_left                                                          
200013ec  pid_right                                                         
200013f0  ti_sysbios_knl_Swi_Module_State_0_readyQ__A                       
20001470  ti_sysbios_knl_Task_Module_State_0_readyQ__A                      
200014f0  ti_sysbios_knl_Task_Module__state__V                              
20001534  ti_sysbios_family_arm_lm4_Timer_Object__table__V                  
20001574  ti_sysbios_gates_GateMutex_Object__table__V                       
200015ac  ti_sysbios_family_arm_m3_Hwi_Module__state__V                     
200015e0  ti_sysbios_family_arm_lm4_Timer_Module_State_0_device__A          
20001610  ti_sysbios_knl_Swi_Object__table__V                               
20001640  ti_sysbios_knl_Clock_Module__state__V                             
2000166c  ti_sysbios_BIOS_Module__state__V                                  
20001690  ti_sysbios_knl_Swi_Module__state__V                               
200016c4  gpioPinConfigs                                                    
200016dc  ti_sysbios_family_arm_lm4_Timer_Module_State_0_handles__A         
200016f4  ti_sysbios_family_arm_m3_Hwi_Object__table__V                     
2000170c  ti_sysbios_heaps_HeapMem_Object__table__V                         
20001724  input_L                                                           
20001728  input_R                                                           
2000172c  output_L                                                          
20001730  output_R                                                          
20001734  gpioCallbackFunctions                                             
20001740  ti_sysbios_family_arm_lm4_Timer_Module__state__V                  
2000174c  xdc_runtime_SysMin_Module__state__V                               
20001758  _lock                                                             
2000175c  _unlock                                                           
20001760  input                                                             
20001764  output                                                            
20001768  ti_sysbios_family_arm_m3_Hwi_Module__root__V                      
20001770  ti_sysbios_gates_GateHwi_Module__root__V                          
20001778  ti_sysbios_gates_GateMutex_Module__root__V                        
20001780  ti_sysbios_heaps_HeapMem_Module__root__V                          
20001788  ti_sysbios_knl_Clock_Module__root__V                              
20001790  ti_sysbios_knl_Queue_Module__root__V                              
20001798  ti_sysbios_knl_Semaphore_Module__root__V                          
200017a0  ti_sysbios_knl_Task_Module__root__V                               
200017a8  xdc_runtime_Registry_Module__state__V                             
200017b0  xdc_runtime_Startup_Module__state__V                              
200017b8  xdc_runtime_System_Module_State_0_atexitHandlers__A               
200017c0  xdc_runtime_System_Module__state__V                               
200017ce  ti_sysbios_family_arm_m3_Hwi_Module_State_0_excActive__A          
200017dc  errno                                                             
200017e0  main_func_sp                                                      
200017e4  ti_sysbios_family_arm_m3_Hwi_Module_State_0_excContext__A         
200017e8  ti_sysbios_family_arm_m3_Hwi_Module_State_0_excStack__A           
200017ec  ti_sysbios_gates_GateHwi_Object__table__V                         
200017f0  ti_sysbios_knl_Task_Module_State_0_idleTask__A                    
200017f4  xdc_runtime_Memory_Module__state__V                               
200017f8  xdc_runtime_Error_Module__state__V                                
20001800  __stack                                                           
20001b00  __STACK_END                                                       
e000e000  ti_sysbios_family_arm_m3_Hwi_nvic                                 
ffffffff  __TI_pprof_out_hndl                                               
ffffffff  __TI_prof_data_size                                               
ffffffff  __TI_prof_data_start                                              
ffffffff  __binit__                                                         
ffffffff  __c_args__                                                        
ffffffff  binit                                                             
UNDEFED   SHT$$INIT_ARRAY$$Base                                             
UNDEFED   SHT$$INIT_ARRAY$$Limit                                            

[727 symbols]
